Java HotSpot(TM) 64-Bit Server VM (25.481-b10) for windows-amd64 JRE (1.8.0_481-b10), built on Dec 18 2025 12:18:00 by "java_re" with MS VC++ 17.6 (VS2022)
Memory: 4k page, physical 16474168k(4650932k free), swap 28532792k(13767440k free)
CommandLine flags: -XX:+AlwaysPreTouch -XX:+CMSClassUnloadingEnabled -XX:+CMSEdenChunksRecordAlways -XX:CMSInitiatingOccupancyFraction=75 -XX:+CMSParallelInitialMarkEnabled -XX:+CMSParallelRemarkEnabled -XX:CMSWaitDuration=10000 -XX:CompileCommandFile=C:\Cassandra\Node3\apache-cassandra-3.11.11\conf\hotspot_compiler -XX:GCLogFileSize=10485760 -XX:+HeapDumpOnOutOfMemoryError -XX:InitialHeapSize=536870912 -XX:InitialTenuringThreshold=1 -XX:MaxHeapSize=536870912 -XX:MaxNewSize=1073741824 -XX:MaxTenuringThreshold=1 -XX:NewSize=1073741824 -XX:NumberOfGCLogFiles=10 -XX:OldPLABSize=16 -XX:OnOutOfMemoryError=taskkill /F /PID %p -XX:+PerfDisableSharedMem -XX:+PrintGC -XX:+PrintGCApplicationStoppedTime -XX:+PrintGCDateStamps -XX:+PrintGCDetails -XX:+PrintGCTimeStamps -XX:+PrintHeapAtGC -XX:+PrintPromotionFailure -XX:+PrintTenuringDistribution -XX:+ResizeTLAB -XX:StringTableSize=1000003 -XX:SurvivorRatio=8 -XX:ThreadPriorityPolicy=42 -XX:ThreadStackSize=256 -XX:-UseBiasedLocking -XX:+UseCMSInitiatingOccupancyOnly -XX:+UseCompressedClassPointers -XX:+UseCompressedOops -XX:+UseConcMarkSweepGC -XX:+UseCondCardMark -XX:+UseGCLogFileRotation -XX:-UseLargePagesIndividualAllocation -XX:-UseNUMA -XX:+UseParNewGC -XX:+UseTLAB -XX:+UseThreadPriorities 
2026-04-19T13:23:27.683+0530: 0.146: Total time for which application threads were stopped: 0.0000828 seconds, Stopping threads took: 0.0000279 seconds
2026-04-19T13:23:27.813+0530: 0.276: Total time for which application threads were stopped: 0.0000995 seconds, Stopping threads took: 0.0000102 seconds
2026-04-19T13:23:27.818+0530: 0.281: Total time for which application threads were stopped: 0.0001131 seconds, Stopping threads took: 0.0000147 seconds
2026-04-19T13:23:27.850+0530: 0.313: Total time for which application threads were stopped: 0.0000998 seconds, Stopping threads took: 0.0000260 seconds
2026-04-19T13:23:28.043+0530: 0.506: Total time for which application threads were stopped: 0.0001429 seconds, Stopping threads took: 0.0000170 seconds
2026-04-19T13:23:28.044+0530: 0.507: Total time for which application threads were stopped: 0.0000942 seconds, Stopping threads took: 0.0000141 seconds
2026-04-19T13:23:28.383+0530: 0.847: Total time for which application threads were stopped: 0.0001963 seconds, Stopping threads took: 0.0000108 seconds
2026-04-19T13:23:28.388+0530: 0.852: Total time for which application threads were stopped: 0.0000960 seconds, Stopping threads took: 0.0000080 seconds
2026-04-19T13:23:28.398+0530: 0.861: Total time for which application threads were stopped: 0.0001130 seconds, Stopping threads took: 0.0000268 seconds
2026-04-19T13:23:28.400+0530: 0.863: Total time for which application threads were stopped: 0.0001141 seconds, Stopping threads took: 0.0000327 seconds
2026-04-19T13:23:28.403+0530: 0.866: Total time for which application threads were stopped: 0.0000935 seconds, Stopping threads took: 0.0000271 seconds
2026-04-19T13:23:28.461+0530: 0.924: Total time for which application threads were stopped: 0.0001270 seconds, Stopping threads took: 0.0000533 seconds
2026-04-19T13:23:28.462+0530: 0.925: Total time for which application threads were stopped: 0.0001524 seconds, Stopping threads took: 0.0000234 seconds
2026-04-19T13:23:28.490+0530: 0.953: Total time for which application threads were stopped: 0.0000856 seconds, Stopping threads took: 0.0000310 seconds
2026-04-19T13:23:28.499+0530: 0.963: Total time for which application threads were stopped: 0.0000663 seconds, Stopping threads took: 0.0000141 seconds
2026-04-19T13:23:28.511+0530: 0.974: Total time for which application threads were stopped: 0.0000604 seconds, Stopping threads took: 0.0000151 seconds
2026-04-19T13:23:28.521+0530: 0.984: Total time for which application threads were stopped: 0.0002325 seconds, Stopping threads took: 0.0001036 seconds
2026-04-19T13:23:28.521+0530: 0.985: Total time for which application threads were stopped: 0.0001329 seconds, Stopping threads took: 0.0000118 seconds
2026-04-19T13:23:28.532+0530: 0.996: Total time for which application threads were stopped: 0.0000956 seconds, Stopping threads took: 0.0000210 seconds
2026-04-19T13:23:28.549+0530: 1.013: Total time for which application threads were stopped: 0.0000457 seconds, Stopping threads took: 0.0000105 seconds
2026-04-19T13:23:28.555+0530: 1.019: Total time for which application threads were stopped: 0.0000607 seconds, Stopping threads took: 0.0000162 seconds
2026-04-19T13:23:28.575+0530: 1.038: Total time for which application threads were stopped: 0.0000787 seconds, Stopping threads took: 0.0000089 seconds
2026-04-19T13:23:28.612+0530: 1.075: Total time for which application threads were stopped: 0.0000689 seconds, Stopping threads took: 0.0000167 seconds
2026-04-19T13:23:28.626+0530: 1.090: Total time for which application threads were stopped: 0.0000725 seconds, Stopping threads took: 0.0000129 seconds
2026-04-19T13:23:28.639+0530: 1.103: Total time for which application threads were stopped: 0.0000613 seconds, Stopping threads took: 0.0000083 seconds
2026-04-19T13:23:28.660+0530: 1.123: Total time for which application threads were stopped: 0.0000647 seconds, Stopping threads took: 0.0000124 seconds
2026-04-19T13:23:28.674+0530: 1.137: Total time for which application threads were stopped: 0.0001648 seconds, Stopping threads took: 0.0001057 seconds
2026-04-19T13:23:28.701+0530: 1.164: Total time for which application threads were stopped: 0.0000676 seconds, Stopping threads took: 0.0000079 seconds
2026-04-19T13:23:28.712+0530: 1.175: Total time for which application threads were stopped: 0.0001715 seconds, Stopping threads took: 0.0000111 seconds
2026-04-19T13:23:28.721+0530: 1.184: Total time for which application threads were stopped: 0.0000796 seconds, Stopping threads took: 0.0000225 seconds
2026-04-19T13:23:28.859+0530: 1.323: Total time for which application threads were stopped: 0.0000746 seconds, Stopping threads took: 0.0000178 seconds
2026-04-19T13:23:28.861+0530: 1.324: Total time for which application threads were stopped: 0.0001816 seconds, Stopping threads took: 0.0000200 seconds
2026-04-19T13:23:28.908+0530: 1.372: Total time for which application threads were stopped: 0.0000907 seconds, Stopping threads took: 0.0000169 seconds
{Heap before GC invocations=0 (full 0):
 par new generation   total 471808K, used 419392K [0x00000000e0000000, 0x00000000ffff0000, 0x00000000ffff0000)
  eden space 419392K, 100% used [0x00000000e0000000, 0x00000000f9990000, 0x00000000f9990000)
  from space 52416K,   0% used [0x00000000f9990000, 0x00000000f9990000, 0x00000000fccc0000)
  to   space 52416K,   0% used [0x00000000fccc0000, 0x00000000fccc0000, 0x00000000ffff0000)
 concurrent mark-sweep generation total 64K, used 0K [0x00000000ffff0000, 0x0000000100000000, 0x0000000100000000)
 Metaspace       used 26686K, capacity 27120K, committed 27272K, reserved 1073152K
  class space    used 3171K, capacity 3302K, committed 3324K, reserved 1048576K
2026-04-19T13:23:29.065+0530: 1.528: [GC (Allocation Failure) 2026-04-19T13:23:29.065+0530: 1.528: [ParNew
Desired survivor size 26836992 bytes, new threshold 1 (max 1)
- age   1:   33468712 bytes,   33468712 total
: 419392K->32834K(471808K), 0.0158705 secs] 419392K->32834K(471872K), 0.0159539 secs] [Times: user=0.17 sys=0.09, real=0.02 secs] 
Heap after GC invocations=1 (full 0):
 par new generation   total 471808K, used 32834K [0x00000000e0000000, 0x00000000ffff0000, 0x00000000ffff0000)
  eden space 419392K,   0% used [0x00000000e0000000, 0x00000000e0000000, 0x00000000f9990000)
  from space 52416K,  62% used [0x00000000fccc0000, 0x00000000fecd0858, 0x00000000ffff0000)
  to   space 52416K,   0% used [0x00000000f9990000, 0x00000000f9990000, 0x00000000fccc0000)
 concurrent mark-sweep generation total 64K, used 0K [0x00000000ffff0000, 0x0000000100000000, 0x0000000100000000)
 Metaspace       used 26686K, capacity 27120K, committed 27272K, reserved 1073152K
  class space    used 3171K, capacity 3302K, committed 3324K, reserved 1048576K
}
2026-04-19T13:23:29.081+0530: 1.544: Total time for which application threads were stopped: 0.0161117 seconds, Stopping threads took: 0.0000406 seconds
2026-04-19T13:23:29.081+0530: 1.544: [GC (CMS Initial Mark) [1 CMS-initial-mark: 0K(64K)] 40382K(471872K), 0.0035223 secs] [Times: user=0.00 sys=0.00, real=0.00 secs] 
2026-04-19T13:23:29.084+0530: 1.548: Total time for which application threads were stopped: 0.0036070 seconds, Stopping threads took: 0.0000377 seconds
2026-04-19T13:23:29.085+0530: 1.548: [CMS-concurrent-mark-start]
2026-04-19T13:23:29.085+0530: 1.548: [CMS-concurrent-mark: 0.000/0.000 secs] [Times: user=0.00 sys=0.00, real=0.00 secs] 
2026-04-19T13:23:29.085+0530: 1.548: [CMS-concurrent-preclean-start]
2026-04-19T13:23:29.085+0530: 1.549: [CMS-concurrent-preclean: 0.000/0.000 secs] [Times: user=0.00 sys=0.00, real=0.00 secs] 
2026-04-19T13:23:29.085+0530: 1.549: [CMS-concurrent-abortable-preclean-start]
2026-04-19T13:23:29.111+0530: 1.575: Total time for which application threads were stopped: 0.0000863 seconds, Stopping threads took: 0.0000205 seconds
2026-04-19T13:23:29.114+0530: 1.577: Total time for which application threads were stopped: 0.0002302 seconds, Stopping threads took: 0.0000138 seconds
2026-04-19T13:23:29.125+0530: 1.589: Total time for which application threads were stopped: 0.0000708 seconds, Stopping threads took: 0.0000149 seconds
2026-04-19T13:23:29.149+0530: 1.612: Total time for which application threads were stopped: 0.0001294 seconds, Stopping threads took: 0.0000468 seconds
2026-04-19T13:23:29.161+0530: 1.625: Total time for which application threads were stopped: 0.0000753 seconds, Stopping threads took: 0.0000106 seconds
2026-04-19T13:23:29.190+0530: 1.654: Total time for which application threads were stopped: 0.0001038 seconds, Stopping threads took: 0.0000274 seconds
2026-04-19T13:23:29.220+0530: 1.683: Total time for which application threads were stopped: 0.0000990 seconds, Stopping threads took: 0.0000214 seconds
2026-04-19T13:23:29.235+0530: 1.698: Total time for which application threads were stopped: 0.0000755 seconds, Stopping threads took: 0.0000131 seconds
2026-04-19T13:23:29.244+0530: 1.708: Total time for which application threads were stopped: 0.0000476 seconds, Stopping threads took: 0.0000075 seconds
2026-04-19T13:23:29.268+0530: 1.731: Total time for which application threads were stopped: 0.0000557 seconds, Stopping threads took: 0.0000127 seconds
2026-04-19T13:23:29.280+0530: 1.743: Total time for which application threads were stopped: 0.0000658 seconds, Stopping threads took: 0.0000151 seconds
2026-04-19T13:23:29.302+0530: 1.765: Total time for which application threads were stopped: 0.0000732 seconds, Stopping threads took: 0.0000099 seconds
2026-04-19T13:23:29.313+0530: 1.776: Total time for which application threads were stopped: 0.0000573 seconds, Stopping threads took: 0.0000132 seconds
2026-04-19T13:23:29.333+0530: 1.797: Total time for which application threads were stopped: 0.0000885 seconds, Stopping threads took: 0.0000175 seconds
2026-04-19T13:23:29.357+0530: 1.820: Total time for which application threads were stopped: 0.0000876 seconds, Stopping threads took: 0.0000197 seconds
2026-04-19T13:23:29.417+0530: 1.880: Total time for which application threads were stopped: 0.0001632 seconds, Stopping threads took: 0.0000592 seconds
2026-04-19T13:23:29.470+0530: 1.933: Total time for which application threads were stopped: 0.0001105 seconds, Stopping threads took: 0.0000261 seconds
2026-04-19T13:23:29.494+0530: 1.957: Total time for which application threads were stopped: 0.0000869 seconds, Stopping threads took: 0.0000197 seconds
2026-04-19T13:23:29.516+0530: 1.979: Total time for which application threads were stopped: 0.0000849 seconds, Stopping threads took: 0.0000202 seconds
2026-04-19T13:23:29.533+0530: 1.996: Total time for which application threads were stopped: 0.0000879 seconds, Stopping threads took: 0.0000222 seconds
2026-04-19T13:23:29.557+0530: 2.020: Total time for which application threads were stopped: 0.0001176 seconds, Stopping threads took: 0.0000251 seconds
2026-04-19T13:23:29.652+0530: 2.116: Total time for which application threads were stopped: 0.0001195 seconds, Stopping threads took: 0.0000179 seconds
2026-04-19T13:23:29.679+0530: 2.143: Total time for which application threads were stopped: 0.0003109 seconds, Stopping threads took: 0.0000204 seconds
2026-04-19T13:23:29.683+0530: 2.147: Total time for which application threads were stopped: 0.0000847 seconds, Stopping threads took: 0.0000156 seconds
2026-04-19T13:23:29.683+0530: 2.147: [CMS-concurrent-abortable-preclean: 0.498/0.598 secs] [Times: user=1.97 sys=0.38, real=0.60 secs] 
2026-04-19T13:23:29.684+0530: 2.147: [GC (CMS Final Remark) [YG occupancy: 249605 K (471808 K)]2026-04-19T13:23:29.684+0530: 2.147: [Rescan (parallel) , 0.0093587 secs]2026-04-19T13:23:29.693+0530: 2.156: [weak refs processing, 0.0000142 secs]2026-04-19T13:23:29.693+0530: 2.156: [class unloading, 0.0021607 secs]2026-04-19T13:23:29.695+0530: 2.159: [scrub symbol table, 0.0013307 secs]2026-04-19T13:23:29.696+0530: 2.160: [scrub string table, 0.0008676 secs][1 CMS-remark: 0K(64K)] 249605K(471872K), 0.0142563 secs] [Times: user=0.00 sys=0.00, real=0.01 secs] 
2026-04-19T13:23:29.698+0530: 2.161: Total time for which application threads were stopped: 0.0144267 seconds, Stopping threads took: 0.0001196 seconds
2026-04-19T13:23:29.698+0530: 2.161: [CMS-concurrent-sweep-start]
2026-04-19T13:23:29.698+0530: 2.161: [CMS-concurrent-sweep: 0.000/0.000 secs] [Times: user=0.00 sys=0.00, real=0.00 secs] 
2026-04-19T13:23:29.698+0530: 2.161: [CMS-concurrent-reset-start]
2026-04-19T13:23:29.698+0530: 2.161: [CMS-concurrent-reset: 0.000/0.000 secs] [Times: user=0.00 sys=0.00, real=0.00 secs] 
2026-04-19T13:23:29.842+0530: 2.305: Total time for which application threads were stopped: 0.0001381 seconds, Stopping threads took: 0.0000355 seconds
2026-04-19T13:23:29.878+0530: 2.342: Total time for which application threads were stopped: 0.0001126 seconds, Stopping threads took: 0.0000212 seconds
2026-04-19T13:23:29.992+0530: 2.456: Total time for which application threads were stopped: 0.0001215 seconds, Stopping threads took: 0.0000223 seconds
{Heap before GC invocations=1 (full 1):
 par new generation   total 471808K, used 452226K [0x00000000e0000000, 0x00000000ffff0000, 0x00000000ffff0000)
  eden space 419392K, 100% used [0x00000000e0000000, 0x00000000f9990000, 0x00000000f9990000)
  from space 52416K,  62% used [0x00000000fccc0000, 0x00000000fecd0858, 0x00000000ffff0000)
  to   space 52416K,   0% used [0x00000000f9990000, 0x00000000f9990000, 0x00000000fccc0000)
 concurrent mark-sweep generation total 64K, used 0K [0x00000000ffff0000, 0x0000000100000000, 0x0000000100000000)
 Metaspace       used 36180K, capacity 37114K, committed 37420K, reserved 1081344K
  class space    used 5078K, capacity 5343K, committed 5460K, reserved 1048576K
2026-04-19T13:23:30.008+0530: 2.471: [GC (Allocation Failure) 2026-04-19T13:23:30.008+0530: 2.471: [ParNew (0: promotion failure size = 5)  (1: promotion failure size = 47)  (2: promotion failure size = 5)  (3: promotion failure size = 6)  (4: promotion failure size = 3)  (5: promotion failure size = 5)  (6: promotion failure size = 4)  (7: promotion failure size = 4)  (8: promotion failure size = 3)  (9: promotion failure size = 3)  (10: promotion failure size = 3)  (11: promotion failure size = 3)  (12: promotion failure size = 3)  (13: promotion failure size = 4)  (14: promotion failure size = 7)  (15: promotion failure size = 4)  (16: promotion failure size = 13)  (17: promotion failure size = 4)  (promotion failed): 452226K->452824K(471808K), 0.0319400 secs]2026-04-19T13:23:30.040+0530: 2.503: [CMS: 26K->63K(64K), 0.0435090 secs] 452226K->28750K(471872K), [Metaspace: 36180K->36180K(1081344K)], 0.0755535 secs] [Times: user=0.20 sys=0.06, real=0.08 secs] 
Heap after GC invocations=2 (full 2):
 par new generation   total 471808K, used 28686K [0x00000000e0000000, 0x00000000ffff0000, 0x00000000ffff0000)
  eden space 419392K,   6% used [0x00000000e0000000, 0x00000000e1c03978, 0x00000000f9990000)
  from space 52416K,   0% used [0x00000000f9990000, 0x00000000f9990000, 0x00000000fccc0000)
  to   space 52416K,   0% used [0x00000000fccc0000, 0x00000000fccc0000, 0x00000000ffff0000)
 concurrent mark-sweep generation total 64K, used 63K [0x00000000ffff0000, 0x0000000100000000, 0x0000000100000000)
 Metaspace       used 36179K, capacity 37108K, committed 37420K, reserved 1081344K
  class space    used 5078K, capacity 5342K, committed 5460K, reserved 1048576K
}
2026-04-19T13:23:30.083+0530: 2.547: Total time for which application threads were stopped: 0.0757459 seconds, Stopping threads took: 0.0000586 seconds
2026-04-19T13:23:30.085+0530: 2.549: [GC (CMS Initial Mark) [1 CMS-initial-mark: 63K(64K)] 58177K(471872K), 0.0056895 secs] [Times: user=0.00 sys=0.02, real=0.01 secs] 
2026-04-19T13:23:30.091+0530: 2.555: Total time for which application threads were stopped: 0.0062334 seconds, Stopping threads took: 0.0004459 seconds
2026-04-19T13:23:30.091+0530: 2.555: [CMS-concurrent-mark-start]
2026-04-19T13:23:30.092+0530: 2.555: [CMS-concurrent-mark: 0.001/0.001 secs] [Times: user=0.00 sys=0.00, real=0.00 secs] 
2026-04-19T13:23:30.092+0530: 2.555: [CMS-concurrent-preclean-start]
2026-04-19T13:23:30.092+0530: 2.556: [CMS-concurrent-preclean: 0.000/0.000 secs] [Times: user=0.00 sys=0.00, real=0.00 secs] 
2026-04-19T13:23:30.092+0530: 2.556: [CMS-concurrent-abortable-preclean-start]
2026-04-19T13:23:30.092+0530: 2.556: [CMS-concurrent-abortable-preclean: 0.000/0.000 secs] [Times: user=0.00 sys=0.00, real=0.00 secs] 
2026-04-19T13:23:30.092+0530: 2.556: [GC (CMS Final Remark) [YG occupancy: 58925 K (471808 K)]2026-04-19T13:23:30.092+0530: 2.556: [Rescan (parallel) , 0.0084146 secs]2026-04-19T13:23:30.101+0530: 2.564: [weak refs processing, 0.0000253 secs]2026-04-19T13:23:30.101+0530: 2.564: [class unloading, 0.0023596 secs]2026-04-19T13:23:30.103+0530: 2.567: [scrub symbol table, 0.0013661 secs]2026-04-19T13:23:30.105+0530: 2.568: [scrub string table, 0.0009078 secs][1 CMS-remark: 63K(64K)] 58989K(471872K), 0.0135799 secs] [Times: user=0.02 sys=0.00, real=0.01 secs] 
2026-04-19T13:23:30.106+0530: 2.570: Total time for which application threads were stopped: 0.0138262 seconds, Stopping threads took: 0.0001480 seconds
2026-04-19T13:23:30.106+0530: 2.570: [CMS-concurrent-sweep-start]
2026-04-19T13:23:30.106+0530: 2.570: [CMS-concurrent-sweep: 0.000/0.000 secs] [Times: user=0.00 sys=0.00, real=0.00 secs] 
2026-04-19T13:23:30.106+0530: 2.570: [CMS-concurrent-reset-start]
2026-04-19T13:23:30.106+0530: 2.570: [CMS-concurrent-reset: 0.000/0.000 secs] [Times: user=0.00 sys=0.00, real=0.00 secs] 
2026-04-19T13:23:30.141+0530: 2.605: Total time for which application threads were stopped: 0.0002679 seconds, Stopping threads took: 0.0000519 seconds
2026-04-19T13:23:30.196+0530: 2.660: Total time for which application threads were stopped: 0.0001921 seconds, Stopping threads took: 0.0000282 seconds
2026-04-19T13:23:30.262+0530: 2.725: Total time for which application threads were stopped: 0.0002246 seconds, Stopping threads took: 0.0000364 seconds
2026-04-19T13:23:30.299+0530: 2.762: Total time for which application threads were stopped: 0.0007129 seconds, Stopping threads took: 0.0000650 seconds
2026-04-19T13:23:30.470+0530: 2.934: Total time for which application threads were stopped: 0.0006769 seconds, Stopping threads took: 0.0000415 seconds
2026-04-19T13:23:30.478+0530: 2.942: Total time for which application threads were stopped: 0.0001721 seconds, Stopping threads took: 0.0000303 seconds
2026-04-19T13:23:30.482+0530: 2.945: Total time for which application threads were stopped: 0.0004253 seconds, Stopping threads took: 0.0000344 seconds
2026-04-19T13:23:30.498+0530: 2.962: Total time for which application threads were stopped: 0.0005011 seconds, Stopping threads took: 0.0000222 seconds
2026-04-19T13:23:31.499+0530: 3.962: Total time for which application threads were stopped: 0.0004156 seconds, Stopping threads took: 0.0002954 seconds
2026-04-19T13:23:31.548+0530: 4.011: Total time for which application threads were stopped: 0.0002618 seconds, Stopping threads took: 0.0001213 seconds
2026-04-19T13:23:32.548+0530: 5.011: Total time for which application threads were stopped: 0.0003485 seconds, Stopping threads took: 0.0000562 seconds
2026-04-19T13:23:34.549+0530: 7.012: Total time for which application threads were stopped: 0.0003180 seconds, Stopping threads took: 0.0000584 seconds
2026-04-19T13:23:36.549+0530: 9.013: Total time for which application threads were stopped: 0.0003177 seconds, Stopping threads took: 0.0000723 seconds
2026-04-19T13:23:39.657+0530: 12.120: Total time for which application threads were stopped: 0.0006853 seconds, Stopping threads took: 0.0000535 seconds
2026-04-19T13:23:39.680+0530: 12.143: Total time for which application threads were stopped: 0.0009355 seconds, Stopping threads took: 0.0001741 seconds
2026-04-19T13:23:40.113+0530: 12.576: [GC (CMS Initial Mark) [1 CMS-initial-mark: 63K(64K)] 307608K(471872K), 0.0115155 secs] [Times: user=0.02 sys=0.00, real=0.01 secs] 
2026-04-19T13:23:40.124+0530: 12.587: Total time for which application threads were stopped: 0.0117890 seconds, Stopping threads took: 0.0000456 seconds
2026-04-19T13:23:40.125+0530: 12.587: [CMS-concurrent-mark-start]
2026-04-19T13:23:40.125+0530: 12.588: [CMS-concurrent-mark: 0.000/0.000 secs] [Times: user=0.00 sys=0.00, real=0.00 secs] 
2026-04-19T13:23:40.125+0530: 12.588: [CMS-concurrent-preclean-start]
2026-04-19T13:23:40.125+0530: 12.588: [CMS-concurrent-preclean: 0.000/0.000 secs] [Times: user=0.00 sys=0.00, real=0.00 secs] 
2026-04-19T13:23:40.125+0530: 12.588: [CMS-concurrent-abortable-preclean-start]
2026-04-19T13:23:40.125+0530: 12.588: [CMS-concurrent-abortable-preclean: 0.000/0.000 secs] [Times: user=0.00 sys=0.00, real=0.00 secs] 
2026-04-19T13:23:40.126+0530: 12.589: [GC (CMS Final Remark) [YG occupancy: 307544 K (471808 K)]2026-04-19T13:23:40.126+0530: 12.589: [Rescan (parallel) , 0.0188928 secs]2026-04-19T13:23:40.144+0530: 12.608: [weak refs processing, 0.0000278 secs]2026-04-19T13:23:40.144+0530: 12.608: [class unloading, 0.0075209 secs]2026-04-19T13:23:40.152+0530: 12.615: [scrub symbol table, 0.0044251 secs]2026-04-19T13:23:40.156+0530: 12.620: [scrub string table, 0.0018298 secs][1 CMS-remark: 63K(64K)] 307608K(471872K), 0.0342686 secs] [Times: user=0.08 sys=0.02, real=0.03 secs] 
2026-04-19T13:23:40.160+0530: 12.623: Total time for which application threads were stopped: 0.0345050 seconds, Stopping threads took: 0.0000307 seconds
2026-04-19T13:23:40.160+0530: 12.623: [CMS-concurrent-sweep-start]
2026-04-19T13:23:40.160+0530: 12.623: [CMS-concurrent-sweep: 0.000/0.000 secs] [Times: user=0.00 sys=0.00, real=0.00 secs] 
2026-04-19T13:23:40.160+0530: 12.623: [CMS-concurrent-reset-start]
2026-04-19T13:23:40.160+0530: 12.623: [CMS-concurrent-reset: 0.000/0.000 secs] [Times: user=0.00 sys=0.00, real=0.00 secs] 
2026-04-19T13:23:40.192+0530: 12.656: Total time for which application threads were stopped: 0.0008857 seconds, Stopping threads took: 0.0000288 seconds
2026-04-19T13:23:41.205+0530: 13.669: Total time for which application threads were stopped: 0.0002320 seconds, Stopping threads took: 0.0000624 seconds
2026-04-19T13:23:41.586+0530: 14.049: Total time for which application threads were stopped: 0.0009507 seconds, Stopping threads took: 0.0000326 seconds
2026-04-19T13:23:42.601+0530: 15.064: Total time for which application threads were stopped: 0.0004550 seconds, Stopping threads took: 0.0002867 seconds
2026-04-19T13:23:45.618+0530: 18.082: Total time for which application threads were stopped: 0.0005742 seconds, Stopping threads took: 0.0002501 seconds
2026-04-19T13:23:46.632+0530: 19.096: Total time for which application threads were stopped: 0.0006945 seconds, Stopping threads took: 0.0003295 seconds
2026-04-19T13:23:47.645+0530: 20.109: Total time for which application threads were stopped: 0.0005909 seconds, Stopping threads took: 0.0002763 seconds
2026-04-19T13:23:48.653+0530: 21.117: Total time for which application threads were stopped: 0.0006737 seconds, Stopping threads took: 0.0003822 seconds
2026-04-19T13:23:49.666+0530: 22.129: Total time for which application threads were stopped: 0.0006009 seconds, Stopping threads took: 0.0003034 seconds
2026-04-19T13:23:50.167+0530: 22.630: [GC (CMS Initial Mark) [1 CMS-initial-mark: 56K(64K)] 310082K(471872K), 0.0120185 secs] [Times: user=0.02 sys=0.00, real=0.01 secs] 
2026-04-19T13:23:50.179+0530: 22.642: Total time for which application threads were stopped: 0.0124143 seconds, Stopping threads took: 0.0000547 seconds
2026-04-19T13:23:50.179+0530: 22.643: [CMS-concurrent-mark-start]
2026-04-19T13:23:50.180+0530: 22.643: [CMS-concurrent-mark: 0.000/0.000 secs] [Times: user=0.00 sys=0.00, real=0.00 secs] 
2026-04-19T13:23:50.180+0530: 22.643: [CMS-concurrent-preclean-start]
2026-04-19T13:23:50.180+0530: 22.643: [CMS-concurrent-preclean: 0.000/0.000 secs] [Times: user=0.00 sys=0.00, real=0.00 secs] 
2026-04-19T13:23:50.180+0530: 22.643: [CMS-concurrent-abortable-preclean-start]
2026-04-19T13:23:50.180+0530: 22.643: [CMS-concurrent-abortable-preclean: 0.000/0.000 secs] [Times: user=0.00 sys=0.00, real=0.00 secs] 
2026-04-19T13:23:50.180+0530: 22.644: [GC (CMS Final Remark) [YG occupancy: 310025 K (471808 K)]2026-04-19T13:23:50.180+0530: 22.644: [Rescan (parallel) , 0.0187703 secs]2026-04-19T13:23:50.199+0530: 22.662: [weak refs processing, 0.0000244 secs]2026-04-19T13:23:50.199+0530: 22.662: [class unloading, 0.0070374 secs]2026-04-19T13:23:50.206+0530: 22.670: [scrub symbol table, 0.0040198 secs]2026-04-19T13:23:50.210+0530: 22.674: [scrub string table, 0.0017487 secs][1 CMS-remark: 56K(64K)] 310082K(471872K), 0.0329445 secs] [Times: user=0.14 sys=0.03, real=0.03 secs] 
2026-04-19T13:23:50.213+0530: 22.677: Total time for which application threads were stopped: 0.0332378 seconds, Stopping threads took: 0.0000311 seconds
2026-04-19T13:23:50.213+0530: 22.677: [CMS-concurrent-sweep-start]
2026-04-19T13:23:50.213+0530: 22.677: [CMS-concurrent-sweep: 0.000/0.000 secs] [Times: user=0.00 sys=0.00, real=0.00 secs] 
2026-04-19T13:23:50.213+0530: 22.677: [CMS-concurrent-reset-start]
2026-04-19T13:23:50.213+0530: 22.677: [CMS-concurrent-reset: 0.000/0.000 secs] [Times: user=0.00 sys=0.00, real=0.00 secs] 
2026-04-19T13:23:51.224+0530: 23.687: Total time for which application threads were stopped: 0.0003131 seconds, Stopping threads took: 0.0000758 seconds
2026-04-19T13:23:53.245+0530: 25.709: Total time for which application threads were stopped: 0.0002323 seconds, Stopping threads took: 0.0000771 seconds
2026-04-19T13:23:54.256+0530: 26.719: Total time for which application threads were stopped: 0.0005278 seconds, Stopping threads took: 0.0002542 seconds
2026-04-19T13:23:56.283+0530: 28.747: Total time for which application threads were stopped: 0.0003679 seconds, Stopping threads took: 0.0000821 seconds
2026-04-19T13:23:59.311+0530: 31.774: Total time for which application threads were stopped: 0.0001580 seconds, Stopping threads took: 0.0000384 seconds
2026-04-19T13:24:00.214+0530: 32.677: [GC (CMS Initial Mark) [1 CMS-initial-mark: 56K(64K)] 310781K(471872K), 0.0074593 secs] [Times: user=0.01 sys=0.00, real=0.01 secs] 
2026-04-19T13:24:00.221+0530: 32.685: Total time for which application threads were stopped: 0.0076371 seconds, Stopping threads took: 0.0000308 seconds
2026-04-19T13:24:00.221+0530: 32.685: [CMS-concurrent-mark-start]
2026-04-19T13:24:00.222+0530: 32.685: [CMS-concurrent-mark: 0.000/0.000 secs] [Times: user=0.00 sys=0.00, real=0.00 secs] 
2026-04-19T13:24:00.222+0530: 32.685: [CMS-concurrent-preclean-start]
2026-04-19T13:24:00.222+0530: 32.685: [CMS-concurrent-preclean: 0.000/0.000 secs] [Times: user=0.00 sys=0.00, real=0.00 secs] 
2026-04-19T13:24:00.222+0530: 32.685: [CMS-concurrent-abortable-preclean-start]
2026-04-19T13:24:00.222+0530: 32.685: [CMS-concurrent-abortable-preclean: 0.000/0.000 secs] [Times: user=0.00 sys=0.00, real=0.00 secs] 
2026-04-19T13:24:00.222+0530: 32.686: [GC (CMS Final Remark) [YG occupancy: 310724 K (471808 K)]2026-04-19T13:24:00.222+0530: 32.686: [Rescan (parallel) , 0.0105278 secs]2026-04-19T13:24:00.233+0530: 32.696: [weak refs processing, 0.0000248 secs]2026-04-19T13:24:00.233+0530: 32.696: [class unloading, 0.0039173 secs]2026-04-19T13:24:00.237+0530: 32.700: [scrub symbol table, 0.0016458 secs]2026-04-19T13:24:00.239+0530: 32.702: [scrub string table, 0.0009162 secs][1 CMS-remark: 56K(64K)] 310781K(471872K), 0.0177966 secs] [Times: user=0.08 sys=0.00, real=0.02 secs] 
2026-04-19T13:24:00.240+0530: 32.704: Total time for which application threads were stopped: 0.0179802 seconds, Stopping threads took: 0.0000201 seconds
2026-04-19T13:24:00.240+0530: 32.704: [CMS-concurrent-sweep-start]
2026-04-19T13:24:00.241+0530: 32.704: [CMS-concurrent-sweep: 0.000/0.000 secs] [Times: user=0.00 sys=0.00, real=0.00 secs] 
2026-04-19T13:24:00.241+0530: 32.704: [CMS-concurrent-reset-start]
2026-04-19T13:24:00.241+0530: 32.704: [CMS-concurrent-reset: 0.000/0.000 secs] [Times: user=0.00 sys=0.00, real=0.00 secs] 
2026-04-19T13:24:01.240+0530: 33.703: Total time for which application threads were stopped: 0.0003199 seconds, Stopping threads took: 0.0000631 seconds
2026-04-19T13:24:02.241+0530: 34.704: Total time for which application threads were stopped: 0.0001361 seconds, Stopping threads took: 0.0000272 seconds
2026-04-19T13:24:05.253+0530: 37.716: Total time for which application threads were stopped: 0.0001735 seconds, Stopping threads took: 0.0000790 seconds
2026-04-19T13:24:06.255+0530: 38.718: Total time for which application threads were stopped: 0.0004150 seconds, Stopping threads took: 0.0000957 seconds
2026-04-19T13:24:07.266+0530: 39.729: Total time for which application threads were stopped: 0.0002488 seconds, Stopping threads took: 0.0000703 seconds
2026-04-19T13:24:08.271+0530: 40.734: Total time for which application threads were stopped: 0.0003508 seconds, Stopping threads took: 0.0000834 seconds
2026-04-19T13:24:10.253+0530: 42.716: [GC (CMS Initial Mark) [1 CMS-initial-mark: 56K(64K)] 323910K(471872K), 0.0150073 secs] [Times: user=0.03 sys=0.00, real=0.01 secs] 
2026-04-19T13:24:10.268+0530: 42.731: Total time for which application threads were stopped: 0.0152959 seconds, Stopping threads took: 0.0000400 seconds
2026-04-19T13:24:10.268+0530: 42.731: [CMS-concurrent-mark-start]
2026-04-19T13:24:10.269+0530: 42.732: [CMS-concurrent-mark: 0.000/0.000 secs] [Times: user=0.00 sys=0.00, real=0.00 secs] 
2026-04-19T13:24:10.269+0530: 42.732: [CMS-concurrent-preclean-start]
2026-04-19T13:24:10.269+0530: 42.732: [CMS-concurrent-preclean: 0.000/0.000 secs] [Times: user=0.00 sys=0.00, real=0.00 secs] 
2026-04-19T13:24:10.269+0530: 42.732: [CMS-concurrent-abortable-preclean-start]
2026-04-19T13:24:10.269+0530: 42.732: [CMS-concurrent-abortable-preclean: 0.000/0.000 secs] [Times: user=0.00 sys=0.00, real=0.00 secs] 
2026-04-19T13:24:10.269+0530: 42.733: [GC (CMS Final Remark) [YG occupancy: 323853 K (471808 K)]2026-04-19T13:24:10.269+0530: 42.733: [Rescan (parallel) , 0.0166473 secs]2026-04-19T13:24:10.286+0530: 42.749: [weak refs processing, 0.0000287 secs]2026-04-19T13:24:10.286+0530: 42.749: [class unloading, 0.0063492 secs]2026-04-19T13:24:10.293+0530: 42.756: [scrub symbol table, 0.0040614 secs]2026-04-19T13:24:10.297+0530: 42.760: [scrub string table, 0.0017077 secs][1 CMS-remark: 56K(64K)] 323910K(471872K), 0.0302416 secs] [Times: user=0.23 sys=0.00, real=0.03 secs] 
2026-04-19T13:24:10.300+0530: 42.763: Total time for which application threads were stopped: 0.0304758 seconds, Stopping threads took: 0.0000294 seconds
2026-04-19T13:24:10.300+0530: 42.763: [CMS-concurrent-sweep-start]
2026-04-19T13:24:10.300+0530: 42.763: [CMS-concurrent-sweep: 0.000/0.000 secs] [Times: user=0.00 sys=0.00, real=0.00 secs] 
2026-04-19T13:24:10.300+0530: 42.763: [CMS-concurrent-reset-start]
2026-04-19T13:24:10.300+0530: 42.763: [CMS-concurrent-reset: 0.000/0.000 secs] [Times: user=0.00 sys=0.00, real=0.00 secs] 
2026-04-19T13:24:11.308+0530: 43.771: Total time for which application threads were stopped: 0.0002227 seconds, Stopping threads took: 0.0000442 seconds
2026-04-19T13:24:12.321+0530: 44.784: Total time for which application threads were stopped: 0.0001595 seconds, Stopping threads took: 0.0000587 seconds
2026-04-19T13:24:15.341+0530: 47.805: Total time for which application threads were stopped: 0.0004635 seconds, Stopping threads took: 0.0002310 seconds
2026-04-19T13:24:17.369+0530: 49.832: Total time for which application threads were stopped: 0.0003475 seconds, Stopping threads took: 0.0000941 seconds
2026-04-19T13:24:18.381+0530: 50.844: Total time for which application threads were stopped: 0.0004647 seconds, Stopping threads took: 0.0001247 seconds
2026-04-19T13:24:20.302+0530: 52.765: [GC (CMS Initial Mark) [1 CMS-initial-mark: 56K(64K)] 323910K(471872K), 0.0101894 secs] [Times: user=0.05 sys=0.00, real=0.01 secs] 
2026-04-19T13:24:20.312+0530: 52.776: Total time for which application threads were stopped: 0.0106553 seconds, Stopping threads took: 0.0000759 seconds
2026-04-19T13:24:20.312+0530: 52.776: [CMS-concurrent-mark-start]
2026-04-19T13:24:20.312+0530: 52.776: [CMS-concurrent-mark: 0.000/0.000 secs] [Times: user=0.00 sys=0.00, real=0.00 secs] 
2026-04-19T13:24:20.312+0530: 52.776: [CMS-concurrent-preclean-start]
2026-04-19T13:24:20.313+0530: 52.777: [CMS-concurrent-preclean: 0.001/0.001 secs] [Times: user=0.00 sys=0.00, real=0.00 secs] 
2026-04-19T13:24:20.313+0530: 52.777: [CMS-concurrent-abortable-preclean-start]
2026-04-19T13:24:20.313+0530: 52.777: [CMS-concurrent-abortable-preclean: 0.000/0.000 secs] [Times: user=0.00 sys=0.00, real=0.00 secs] 
2026-04-19T13:24:20.313+0530: 52.777: [GC (CMS Final Remark) [YG occupancy: 323853 K (471808 K)]2026-04-19T13:24:20.313+0530: 52.777: [Rescan (parallel) , 0.0191463 secs]2026-04-19T13:24:20.333+0530: 52.796: [weak refs processing, 0.0000302 secs]2026-04-19T13:24:20.333+0530: 52.796: [class unloading, 0.0053478 secs]2026-04-19T13:24:20.338+0530: 52.801: [scrub symbol table, 0.0044377 secs]2026-04-19T13:24:20.343+0530: 52.806: [scrub string table, 0.0017217 secs][1 CMS-remark: 56K(64K)] 323910K(471872K), 0.0322494 secs] [Times: user=0.02 sys=0.00, real=0.03 secs] 
2026-04-19T13:24:20.346+0530: 52.809: Total time for which application threads were stopped: 0.0325566 seconds, Stopping threads took: 0.0000202 seconds
2026-04-19T13:24:20.346+0530: 52.810: [CMS-concurrent-sweep-start]
2026-04-19T13:24:20.346+0530: 52.810: [CMS-concurrent-sweep: 0.000/0.000 secs] [Times: user=0.00 sys=0.00, real=0.00 secs] 
2026-04-19T13:24:20.347+0530: 52.810: [CMS-concurrent-reset-start]
2026-04-19T13:24:20.347+0530: 52.810: [CMS-concurrent-reset: 0.000/0.000 secs] [Times: user=0.00 sys=0.00, real=0.00 secs] 
2026-04-19T13:24:21.360+0530: 53.823: Total time for which application threads were stopped: 0.0004518 seconds, Stopping threads took: 0.0000989 seconds
2026-04-19T13:24:24.385+0530: 56.848: Total time for which application threads were stopped: 0.0003517 seconds, Stopping threads took: 0.0000855 seconds
2026-04-19T13:24:25.400+0530: 57.863: Total time for which application threads were stopped: 0.0003949 seconds, Stopping threads took: 0.0001012 seconds
2026-04-19T13:24:26.414+0530: 58.877: Total time for which application threads were stopped: 0.0003810 seconds, Stopping threads took: 0.0000927 seconds
2026-04-19T13:24:28.442+0530: 60.905: Total time for which application threads were stopped: 0.0006760 seconds, Stopping threads took: 0.0001545 seconds
2026-04-19T13:24:30.358+0530: 62.821: [GC (CMS Initial Mark) [1 CMS-initial-mark: 56K(64K)] 335792K(471872K), 0.0094105 secs] [Times: user=0.00 sys=0.00, real=0.01 secs] 
2026-04-19T13:24:30.368+0530: 62.831: Total time for which application threads were stopped: 0.0096091 seconds, Stopping threads took: 0.0000346 seconds
2026-04-19T13:24:30.368+0530: 62.831: [CMS-concurrent-mark-start]
2026-04-19T13:24:30.369+0530: 62.832: [CMS-concurrent-mark: 0.001/0.001 secs] [Times: user=0.00 sys=0.00, real=0.00 secs] 
2026-04-19T13:24:30.369+0530: 62.832: [CMS-concurrent-preclean-start]
2026-04-19T13:24:30.369+0530: 62.832: [CMS-concurrent-preclean: 0.001/0.001 secs] [Times: user=0.00 sys=0.00, real=0.00 secs] 
2026-04-19T13:24:30.369+0530: 62.832: [CMS-concurrent-abortable-preclean-start]
2026-04-19T13:24:30.369+0530: 62.832: [CMS-concurrent-abortable-preclean: 0.000/0.000 secs] [Times: user=0.00 sys=0.00, real=0.00 secs] 
2026-04-19T13:24:30.370+0530: 62.833: [GC (CMS Final Remark) [YG occupancy: 335736 K (471808 K)]2026-04-19T13:24:30.370+0530: 62.833: [Rescan (parallel) , 0.0197982 secs]2026-04-19T13:24:30.389+0530: 62.853: [weak refs processing, 0.0000517 secs]2026-04-19T13:24:30.389+0530: 62.853: [class unloading, 0.0072842 secs]2026-04-19T13:24:30.396+0530: 62.860: [scrub symbol table, 0.0039423 secs]2026-04-19T13:24:30.400+0530: 62.864: [scrub string table, 0.0016726 secs][1 CMS-remark: 56K(64K)] 335792K(471872K), 0.0340155 secs] [Times: user=0.11 sys=0.02, real=0.03 secs] 
2026-04-19T13:24:30.403+0530: 62.867: Total time for which application threads were stopped: 0.0341929 seconds, Stopping threads took: 0.0000309 seconds
2026-04-19T13:24:30.403+0530: 62.867: [CMS-concurrent-sweep-start]
2026-04-19T13:24:30.403+0530: 62.867: [CMS-concurrent-sweep: 0.000/0.000 secs] [Times: user=0.00 sys=0.00, real=0.00 secs] 
2026-04-19T13:24:30.403+0530: 62.867: [CMS-concurrent-reset-start]
2026-04-19T13:24:30.403+0530: 62.867: [CMS-concurrent-reset: 0.000/0.000 secs] [Times: user=0.00 sys=0.00, real=0.00 secs] 
2026-04-19T13:24:34.445+0530: 66.908: Total time for which application threads were stopped: 0.0000892 seconds, Stopping threads took: 0.0000252 seconds
2026-04-19T13:24:35.459+0530: 67.922: Total time for which application threads were stopped: 0.0003691 seconds, Stopping threads took: 0.0002202 seconds
2026-04-19T13:24:36.474+0530: 68.937: Total time for which application threads were stopped: 0.0001637 seconds, Stopping threads took: 0.0000556 seconds
2026-04-19T13:24:40.413+0530: 72.877: [GC (CMS Initial Mark) [1 CMS-initial-mark: 56K(64K)] 335792K(471872K), 0.0107792 secs] [Times: user=0.27 sys=0.00, real=0.01 secs] 
2026-04-19T13:24:40.424+0530: 72.888: Total time for which application threads were stopped: 0.0109489 seconds, Stopping threads took: 0.0000259 seconds
2026-04-19T13:24:40.424+0530: 72.888: [CMS-concurrent-mark-start]
2026-04-19T13:24:40.424+0530: 72.888: [CMS-concurrent-mark: 0.000/0.000 secs] [Times: user=0.00 sys=0.00, real=0.00 secs] 
2026-04-19T13:24:40.424+0530: 72.888: [CMS-concurrent-preclean-start]
2026-04-19T13:24:40.424+0530: 72.888: [CMS-concurrent-preclean: 0.000/0.000 secs] [Times: user=0.00 sys=0.00, real=0.00 secs] 
2026-04-19T13:24:40.424+0530: 72.888: [CMS-concurrent-abortable-preclean-start]
2026-04-19T13:24:40.424+0530: 72.888: [CMS-concurrent-abortable-preclean: 0.000/0.000 secs] [Times: user=0.00 sys=0.00, real=0.00 secs] 
2026-04-19T13:24:40.425+0530: 72.888: [GC (CMS Final Remark) [YG occupancy: 335736 K (471808 K)]2026-04-19T13:24:40.425+0530: 72.888: [Rescan (parallel) , 0.0199043 secs]2026-04-19T13:24:40.445+0530: 72.908: [weak refs processing, 0.0000225 secs]2026-04-19T13:24:40.445+0530: 72.908: [class unloading, 0.0056521 secs]2026-04-19T13:24:40.451+0530: 72.914: [scrub symbol table, 0.0056699 secs]2026-04-19T13:24:40.456+0530: 72.920: [scrub string table, 0.0019224 secs][1 CMS-remark: 56K(64K)] 335792K(471872K), 0.0347197 secs] [Times: user=0.25 sys=0.00, real=0.04 secs] 
2026-04-19T13:24:40.460+0530: 72.923: Total time for which application threads were stopped: 0.0348760 seconds, Stopping threads took: 0.0000218 seconds
2026-04-19T13:24:40.460+0530: 72.923: [CMS-concurrent-sweep-start]
2026-04-19T13:24:40.460+0530: 72.923: [CMS-concurrent-sweep: 0.000/0.000 secs] [Times: user=0.00 sys=0.00, real=0.00 secs] 
2026-04-19T13:24:40.460+0530: 72.923: [CMS-concurrent-reset-start]
2026-04-19T13:24:40.460+0530: 72.923: [CMS-concurrent-reset: 0.000/0.000 secs] [Times: user=0.00 sys=0.00, real=0.00 secs] 
2026-04-19T13:24:41.472+0530: 73.936: Total time for which application threads were stopped: 0.0002616 seconds, Stopping threads took: 0.0000794 seconds
2026-04-19T13:24:42.482+0530: 74.945: Total time for which application threads were stopped: 0.0002542 seconds, Stopping threads took: 0.0000828 seconds
2026-04-19T13:24:45.516+0530: 77.979: Total time for which application threads were stopped: 0.0002052 seconds, Stopping threads took: 0.0000571 seconds
2026-04-19T13:24:46.528+0530: 78.991: Total time for which application threads were stopped: 0.0002970 seconds, Stopping threads took: 0.0000945 seconds
2026-04-19T13:24:47.538+0530: 80.001: Total time for which application threads were stopped: 0.0004790 seconds, Stopping threads took: 0.0002773 seconds
2026-04-19T13:24:50.465+0530: 82.929: [GC (CMS Initial Mark) [1 CMS-initial-mark: 56K(64K)] 335792K(471872K), 0.0150942 secs] [Times: user=0.02 sys=0.00, real=0.02 secs] 
2026-04-19T13:24:50.480+0530: 82.944: Total time for which application threads were stopped: 0.0154284 seconds, Stopping threads took: 0.0000680 seconds
2026-04-19T13:24:50.480+0530: 82.944: [CMS-concurrent-mark-start]
2026-04-19T13:24:50.481+0530: 82.944: [CMS-concurrent-mark: 0.001/0.001 secs] [Times: user=0.00 sys=0.00, real=0.00 secs] 
2026-04-19T13:24:50.481+0530: 82.944: [CMS-concurrent-preclean-start]
2026-04-19T13:24:50.481+0530: 82.945: [CMS-concurrent-preclean: 0.000/0.000 secs] [Times: user=0.00 sys=0.00, real=0.00 secs] 
2026-04-19T13:24:50.481+0530: 82.945: [CMS-concurrent-abortable-preclean-start]
2026-04-19T13:24:50.481+0530: 82.945: [CMS-concurrent-abortable-preclean: 0.000/0.000 secs] [Times: user=0.00 sys=0.00, real=0.00 secs] 
2026-04-19T13:24:50.482+0530: 82.945: [GC (CMS Final Remark) [YG occupancy: 335736 K (471808 K)]2026-04-19T13:24:50.482+0530: 82.945: [Rescan (parallel) , 0.0170721 secs]2026-04-19T13:24:50.499+0530: 82.962: [weak refs processing, 0.0000488 secs]2026-04-19T13:24:50.499+0530: 82.962: [class unloading, 0.0070295 secs]2026-04-19T13:24:50.506+0530: 82.969: [scrub symbol table, 0.0040736 secs]2026-04-19T13:24:50.510+0530: 82.973: [scrub string table, 0.0017820 secs][1 CMS-remark: 56K(64K)] 335792K(471872K), 0.0313899 secs] [Times: user=0.03 sys=0.00, real=0.03 secs] 
2026-04-19T13:24:50.513+0530: 82.976: Total time for which application threads were stopped: 0.0315804 seconds, Stopping threads took: 0.0000558 seconds
2026-04-19T13:24:50.514+0530: 82.977: [CMS-concurrent-sweep-start]
2026-04-19T13:24:50.514+0530: 82.977: [CMS-concurrent-sweep: 0.000/0.000 secs] [Times: user=0.00 sys=0.00, real=0.00 secs] 
2026-04-19T13:24:50.514+0530: 82.977: [CMS-concurrent-reset-start]
2026-04-19T13:24:50.514+0530: 82.977: [CMS-concurrent-reset: 0.000/0.000 secs] [Times: user=0.00 sys=0.00, real=0.00 secs] 
2026-04-19T13:24:51.514+0530: 83.977: Total time for which application threads were stopped: 0.0003724 seconds, Stopping threads took: 0.0000881 seconds
2026-04-19T13:24:53.531+0530: 85.994: Total time for which application threads were stopped: 0.0001416 seconds, Stopping threads took: 0.0000771 seconds
2026-04-19T13:24:54.536+0530: 87.000: Total time for which application threads were stopped: 0.0005568 seconds, Stopping threads took: 0.0003373 seconds
2026-04-19T13:24:56.561+0530: 89.024: Total time for which application threads were stopped: 0.0002597 seconds, Stopping threads took: 0.0000654 seconds
2026-04-19T13:24:59.589+0530: 92.053: Total time for which application threads were stopped: 0.0002508 seconds, Stopping threads took: 0.0000728 seconds
2026-04-19T13:25:00.527+0530: 92.991: [GC (CMS Initial Mark) [1 CMS-initial-mark: 56K(64K)] 338657K(471872K), 0.0148120 secs] [Times: user=0.02 sys=0.00, real=0.02 secs] 
2026-04-19T13:25:00.542+0530: 93.005: Total time for which application threads were stopped: 0.0151180 seconds, Stopping threads took: 0.0000640 seconds
2026-04-19T13:25:00.542+0530: 93.006: [CMS-concurrent-mark-start]
2026-04-19T13:25:00.542+0530: 93.006: [CMS-concurrent-mark: 0.000/0.000 secs] [Times: user=0.00 sys=0.00, real=0.00 secs] 
2026-04-19T13:25:00.542+0530: 93.006: [CMS-concurrent-preclean-start]
2026-04-19T13:25:00.543+0530: 93.006: [CMS-concurrent-preclean: 0.001/0.001 secs] [Times: user=0.00 sys=0.00, real=0.00 secs] 
2026-04-19T13:25:00.543+0530: 93.006: [CMS-concurrent-abortable-preclean-start]
2026-04-19T13:25:00.543+0530: 93.007: [CMS-concurrent-abortable-preclean: 0.000/0.000 secs] [Times: user=0.00 sys=0.00, real=0.00 secs] 
2026-04-19T13:25:00.544+0530: 93.007: [GC (CMS Final Remark) [YG occupancy: 338600 K (471808 K)]2026-04-19T13:25:00.544+0530: 93.007: [Rescan (parallel) , 0.0323483 secs]2026-04-19T13:25:00.576+0530: 93.039: [weak refs processing, 0.0000606 secs]2026-04-19T13:25:00.576+0530: 93.040: [class unloading, 0.0099950 secs]2026-04-19T13:25:00.586+0530: 93.050: [scrub symbol table, 0.0046850 secs]2026-04-19T13:25:00.591+0530: 93.054: [scrub string table, 0.0018662 secs][1 CMS-remark: 56K(64K)] 338657K(471872K), 0.0504643 secs] [Times: user=0.17 sys=0.00, real=0.05 secs] 
2026-04-19T13:25:00.594+0530: 93.057: Total time for which application threads were stopped: 0.0507078 seconds, Stopping threads took: 0.0000548 seconds
2026-04-19T13:25:00.594+0530: 93.058: [CMS-concurrent-sweep-start]
2026-04-19T13:25:00.594+0530: 93.058: [CMS-concurrent-sweep: 0.000/0.000 secs] [Times: user=0.00 sys=0.00, real=0.00 secs] 
2026-04-19T13:25:00.594+0530: 93.058: [CMS-concurrent-reset-start]
2026-04-19T13:25:00.594+0530: 93.058: [CMS-concurrent-reset: 0.000/0.000 secs] [Times: user=0.00 sys=0.00, real=0.00 secs] 
2026-04-19T13:25:06.633+0530: 99.096: Total time for which application threads were stopped: 0.0002369 seconds, Stopping threads took: 0.0000811 seconds
2026-04-19T13:25:08.644+0530: 101.108: Total time for which application threads were stopped: 0.0004572 seconds, Stopping threads took: 0.0002728 seconds
2026-04-19T13:25:10.605+0530: 103.068: [GC (CMS Initial Mark) [1 CMS-initial-mark: 56K(64K)] 340755K(471872K), 0.0174099 secs] [Times: user=0.01 sys=0.00, real=0.02 secs] 
2026-04-19T13:25:10.622+0530: 103.086: Total time for which application threads were stopped: 0.0178037 seconds, Stopping threads took: 0.0000920 seconds
2026-04-19T13:25:10.622+0530: 103.086: [CMS-concurrent-mark-start]
2026-04-19T13:25:10.622+0530: 103.086: [CMS-concurrent-mark: 0.000/0.000 secs] [Times: user=0.00 sys=0.00, real=0.00 secs] 
2026-04-19T13:25:10.622+0530: 103.086: [CMS-concurrent-preclean-start]
2026-04-19T13:25:10.623+0530: 103.087: [CMS-concurrent-preclean: 0.000/0.000 secs] [Times: user=0.00 sys=0.00, real=0.00 secs] 
2026-04-19T13:25:10.623+0530: 103.087: [CMS-concurrent-abortable-preclean-start]
2026-04-19T13:25:10.623+0530: 103.087: [CMS-concurrent-abortable-preclean: 0.000/0.000 secs] [Times: user=0.00 sys=0.00, real=0.00 secs] 
2026-04-19T13:25:10.623+0530: 103.087: [GC (CMS Final Remark) [YG occupancy: 340698 K (471808 K)]2026-04-19T13:25:10.623+0530: 103.087: [Rescan (parallel) , 0.0288342 secs]2026-04-19T13:25:10.652+0530: 103.116: [weak refs processing, 0.0000533 secs]2026-04-19T13:25:10.653+0530: 103.116: [class unloading, 0.0097363 secs]2026-04-19T13:25:10.662+0530: 103.126: [scrub symbol table, 0.0055260 secs]2026-04-19T13:25:10.668+0530: 103.131: [scrub string table, 0.0019352 secs][1 CMS-remark: 56K(64K)] 340755K(471872K), 0.0476018 secs] [Times: user=0.20 sys=0.00, real=0.05 secs] 
2026-04-19T13:25:10.671+0530: 103.135: Total time for which application threads were stopped: 0.0477843 seconds, Stopping threads took: 0.0000318 seconds
2026-04-19T13:25:10.672+0530: 103.135: [CMS-concurrent-sweep-start]
2026-04-19T13:25:10.672+0530: 103.135: [CMS-concurrent-sweep: 0.000/0.000 secs] [Times: user=0.00 sys=0.00, real=0.00 secs] 
2026-04-19T13:25:10.672+0530: 103.135: [CMS-concurrent-reset-start]
2026-04-19T13:25:10.672+0530: 103.135: [CMS-concurrent-reset: 0.000/0.000 secs] [Times: user=0.00 sys=0.00, real=0.00 secs] 
2026-04-19T13:25:11.680+0530: 104.144: Total time for which application threads were stopped: 0.0004919 seconds, Stopping threads took: 0.0003020 seconds
2026-04-19T13:25:20.672+0530: 113.136: [GC (CMS Initial Mark) [1 CMS-initial-mark: 56K(64K)] 341025K(471872K), 0.0185518 secs] [Times: user=0.03 sys=0.00, real=0.02 secs] 
2026-04-19T13:25:20.691+0530: 113.154: Total time for which application threads were stopped: 0.0192054 seconds, Stopping threads took: 0.0002942 seconds
2026-04-19T13:25:20.691+0530: 113.154: [CMS-concurrent-mark-start]
2026-04-19T13:25:20.691+0530: 113.155: [CMS-concurrent-mark: 0.000/0.000 secs] [Times: user=0.00 sys=0.00, real=0.00 secs] 
2026-04-19T13:25:20.691+0530: 113.155: [CMS-concurrent-preclean-start]
2026-04-19T13:25:20.692+0530: 113.155: [CMS-concurrent-preclean: 0.001/0.001 secs] [Times: user=0.00 sys=0.00, real=0.00 secs] 
2026-04-19T13:25:20.692+0530: 113.155: [CMS-concurrent-abortable-preclean-start]
2026-04-19T13:25:20.692+0530: 113.155: [CMS-concurrent-abortable-preclean: 0.000/0.000 secs] [Times: user=0.00 sys=0.00, real=0.00 secs] 
2026-04-19T13:25:20.692+0530: 113.156: [GC (CMS Final Remark) [YG occupancy: 340969 K (471808 K)]2026-04-19T13:25:20.692+0530: 113.156: [Rescan (parallel) , 0.0270574 secs]2026-04-19T13:25:20.719+0530: 113.183: [weak refs processing, 0.0000411 secs]2026-04-19T13:25:20.719+0530: 113.183: [class unloading, 0.0097980 secs]2026-04-19T13:25:20.729+0530: 113.193: [scrub symbol table, 0.0050856 secs]2026-04-19T13:25:20.734+0530: 113.198: [scrub string table, 0.0019356 secs][1 CMS-remark: 56K(64K)] 341025K(471872K), 0.0454241 secs] [Times: user=0.28 sys=0.02, real=0.05 secs] 
2026-04-19T13:25:20.738+0530: 113.201: Total time for which application threads were stopped: 0.0456145 seconds, Stopping threads took: 0.0000305 seconds
2026-04-19T13:25:20.738+0530: 113.201: [CMS-concurrent-sweep-start]
2026-04-19T13:25:20.738+0530: 113.201: [CMS-concurrent-sweep: 0.000/0.000 secs] [Times: user=0.00 sys=0.00, real=0.00 secs] 
2026-04-19T13:25:20.738+0530: 113.201: [CMS-concurrent-reset-start]
2026-04-19T13:25:20.738+0530: 113.201: [CMS-concurrent-reset: 0.000/0.000 secs] [Times: user=0.00 sys=0.00, real=0.00 secs] 
2026-04-19T13:25:25.772+0530: 118.236: Total time for which application threads were stopped: 0.0003119 seconds, Stopping threads took: 0.0000891 seconds
2026-04-19T13:25:26.788+0530: 119.251: Total time for which application threads were stopped: 0.0002521 seconds, Stopping threads took: 0.0000775 seconds
2026-04-19T13:25:27.802+0530: 120.265: Total time for which application threads were stopped: 0.0002286 seconds, Stopping threads took: 0.0000694 seconds
2026-04-19T13:25:29.820+0530: 122.283: Total time for which application threads were stopped: 0.0002617 seconds, Stopping threads took: 0.0000859 seconds
2026-04-19T13:25:30.741+0530: 123.204: [GC (CMS Initial Mark) [1 CMS-initial-mark: 56K(64K)] 341025K(471872K), 0.0184857 secs] [Times: user=0.28 sys=0.00, real=0.02 secs] 
2026-04-19T13:25:30.759+0530: 123.223: Total time for which application threads were stopped: 0.0188710 seconds, Stopping threads took: 0.0000724 seconds
2026-04-19T13:25:30.759+0530: 123.223: [CMS-concurrent-mark-start]
2026-04-19T13:25:30.760+0530: 123.223: [CMS-concurrent-mark: 0.000/0.000 secs] [Times: user=0.00 sys=0.00, real=0.00 secs] 
2026-04-19T13:25:30.760+0530: 123.224: [CMS-concurrent-preclean-start]
2026-04-19T13:25:30.760+0530: 123.224: [CMS-concurrent-preclean: 0.001/0.001 secs] [Times: user=0.00 sys=0.00, real=0.00 secs] 
2026-04-19T13:25:30.760+0530: 123.224: [CMS-concurrent-abortable-preclean-start]
2026-04-19T13:25:30.760+0530: 123.224: [CMS-concurrent-abortable-preclean: 0.000/0.000 secs] [Times: user=0.00 sys=0.00, real=0.00 secs] 
2026-04-19T13:25:30.761+0530: 123.225: [GC (CMS Final Remark) [YG occupancy: 340969 K (471808 K)]2026-04-19T13:25:30.761+0530: 123.225: [Rescan (parallel) , 0.0279014 secs]2026-04-19T13:25:30.789+0530: 123.253: [weak refs processing, 0.0000622 secs]2026-04-19T13:25:30.789+0530: 123.253: [class unloading, 0.0093458 secs]2026-04-19T13:25:30.798+0530: 123.262: [scrub symbol table, 0.0043868 secs]2026-04-19T13:25:30.803+0530: 123.266: [scrub string table, 0.0018350 secs][1 CMS-remark: 56K(64K)] 341025K(471872K), 0.0450325 secs] [Times: user=0.14 sys=0.00, real=0.05 secs] 
2026-04-19T13:25:30.806+0530: 123.270: Total time for which application threads were stopped: 0.0452589 seconds, Stopping threads took: 0.0000447 seconds
2026-04-19T13:25:30.806+0530: 123.270: [CMS-concurrent-sweep-start]
2026-04-19T13:25:30.806+0530: 123.270: [CMS-concurrent-sweep: 0.000/0.000 secs] [Times: user=0.00 sys=0.00, real=0.00 secs] 
2026-04-19T13:25:30.806+0530: 123.270: [CMS-concurrent-reset-start]
2026-04-19T13:25:30.806+0530: 123.270: [CMS-concurrent-reset: 0.000/0.000 secs] [Times: user=0.00 sys=0.00, real=0.00 secs] 
2026-04-19T13:25:37.882+0530: 130.346: Total time for which application threads were stopped: 0.0001874 seconds, Stopping threads took: 0.0000647 seconds
2026-04-19T13:25:40.815+0530: 133.278: [GC (CMS Initial Mark) [1 CMS-initial-mark: 56K(64K)] 341025K(471872K), 0.0161526 secs] [Times: user=0.03 sys=0.00, real=0.02 secs] 
2026-04-19T13:25:40.831+0530: 133.295: Total time for which application threads were stopped: 0.0165064 seconds, Stopping threads took: 0.0000737 seconds
2026-04-19T13:25:40.832+0530: 133.295: [CMS-concurrent-mark-start]
2026-04-19T13:25:40.832+0530: 133.296: [CMS-concurrent-mark: 0.000/0.000 secs] [Times: user=0.00 sys=0.00, real=0.00 secs] 
2026-04-19T13:25:40.832+0530: 133.296: [CMS-concurrent-preclean-start]
2026-04-19T13:25:40.833+0530: 133.296: [CMS-concurrent-preclean: 0.001/0.001 secs] [Times: user=0.00 sys=0.00, real=0.00 secs] 
2026-04-19T13:25:40.833+0530: 133.296: [CMS-concurrent-abortable-preclean-start]
2026-04-19T13:25:40.833+0530: 133.296: [CMS-concurrent-abortable-preclean: 0.000/0.000 secs] [Times: user=0.00 sys=0.00, real=0.00 secs] 
2026-04-19T13:25:40.833+0530: 133.297: [GC (CMS Final Remark) [YG occupancy: 340969 K (471808 K)]2026-04-19T13:25:40.833+0530: 133.297: [Rescan (parallel) , 0.0169768 secs]2026-04-19T13:25:40.851+0530: 133.314: [weak refs processing, 0.0000282 secs]2026-04-19T13:25:40.851+0530: 133.314: [class unloading, 0.0064223 secs]2026-04-19T13:25:40.857+0530: 133.320: [scrub symbol table, 0.0040036 secs]2026-04-19T13:25:40.861+0530: 133.324: [scrub string table, 0.0018264 secs][1 CMS-remark: 56K(64K)] 341025K(471872K), 0.0306391 secs] [Times: user=0.30 sys=0.00, real=0.03 secs] 
2026-04-19T13:25:40.864+0530: 133.327: Total time for which application threads were stopped: 0.0308450 seconds, Stopping threads took: 0.0000226 seconds
2026-04-19T13:25:40.864+0530: 133.327: [CMS-concurrent-sweep-start]
2026-04-19T13:25:40.864+0530: 133.327: [CMS-concurrent-sweep: 0.000/0.000 secs] [Times: user=0.00 sys=0.00, real=0.00 secs] 
2026-04-19T13:25:40.864+0530: 133.327: [CMS-concurrent-reset-start]
2026-04-19T13:25:40.864+0530: 133.327: [CMS-concurrent-reset: 0.000/0.000 secs] [Times: user=0.00 sys=0.00, real=0.00 secs] 
2026-04-19T13:25:41.870+0530: 134.333: Total time for which application threads were stopped: 0.0001901 seconds, Stopping threads took: 0.0000642 seconds
2026-04-19T13:25:50.865+0530: 143.328: [GC (CMS Initial Mark) [1 CMS-initial-mark: 56K(64K)] 341296K(471872K), 0.0117228 secs] [Times: user=0.28 sys=0.00, real=0.01 secs] 
2026-04-19T13:25:50.877+0530: 143.340: Total time for which application threads were stopped: 0.0119826 seconds, Stopping threads took: 0.0000425 seconds
2026-04-19T13:25:50.877+0530: 143.340: [CMS-concurrent-mark-start]
2026-04-19T13:25:50.877+0530: 143.341: [CMS-concurrent-mark: 0.000/0.000 secs] [Times: user=0.00 sys=0.00, real=0.00 secs] 
2026-04-19T13:25:50.877+0530: 143.341: [CMS-concurrent-preclean-start]
2026-04-19T13:25:50.878+0530: 143.342: [CMS-concurrent-preclean: 0.001/0.001 secs] [Times: user=0.00 sys=0.00, real=0.00 secs] 
2026-04-19T13:25:50.878+0530: 143.342: [CMS-concurrent-abortable-preclean-start]
2026-04-19T13:25:50.878+0530: 143.342: [CMS-concurrent-abortable-preclean: 0.000/0.000 secs] [Times: user=0.00 sys=0.00, real=0.00 secs] 
2026-04-19T13:25:50.878+0530: 143.342: [GC (CMS Final Remark) [YG occupancy: 341239 K (471808 K)]2026-04-19T13:25:50.878+0530: 143.342: [Rescan (parallel) , 0.0193029 secs]2026-04-19T13:25:50.898+0530: 143.361: [weak refs processing, 0.0000375 secs]2026-04-19T13:25:50.898+0530: 143.361: [class unloading, 0.0066848 secs]2026-04-19T13:25:50.905+0530: 143.368: [scrub symbol table, 0.0037804 secs]2026-04-19T13:25:50.909+0530: 143.372: [scrub string table, 0.0017021 secs][1 CMS-remark: 56K(64K)] 341296K(471872K), 0.0329387 secs] [Times: user=0.30 sys=0.00, real=0.03 secs] 
2026-04-19T13:25:50.912+0530: 143.375: Total time for which application threads were stopped: 0.0331248 seconds, Stopping threads took: 0.0000283 seconds
2026-04-19T13:25:50.912+0530: 143.375: [CMS-concurrent-sweep-start]
2026-04-19T13:25:50.912+0530: 143.375: [CMS-concurrent-sweep: 0.000/0.000 secs] [Times: user=0.00 sys=0.00, real=0.00 secs] 
2026-04-19T13:25:50.912+0530: 143.375: [CMS-concurrent-reset-start]
2026-04-19T13:25:50.912+0530: 143.375: [CMS-concurrent-reset: 0.000/0.000 secs] [Times: user=0.00 sys=0.00, real=0.00 secs] 
2026-04-19T13:25:51.925+0530: 144.388: Total time for which application threads were stopped: 0.0001015 seconds, Stopping threads took: 0.0000368 seconds
2026-04-19T13:25:53.932+0530: 146.395: Total time for which application threads were stopped: 0.0001860 seconds, Stopping threads took: 0.0000783 seconds
2026-04-19T13:25:57.960+0530: 150.423: Total time for which application threads were stopped: 0.0001827 seconds, Stopping threads took: 0.0000585 seconds
2026-04-19T13:26:00.923+0530: 153.387: [GC (CMS Initial Mark) [1 CMS-initial-mark: 56K(64K)] 341296K(471872K), 0.0186581 secs] [Times: user=0.02 sys=0.00, real=0.02 secs] 
2026-04-19T13:26:00.942+0530: 153.405: Total time for which application threads were stopped: 0.0189011 seconds, Stopping threads took: 0.0000392 seconds
2026-04-19T13:26:00.942+0530: 153.406: [CMS-concurrent-mark-start]
2026-04-19T13:26:00.943+0530: 153.406: [CMS-concurrent-mark: 0.001/0.001 secs] [Times: user=0.00 sys=0.00, real=0.00 secs] 
2026-04-19T13:26:00.943+0530: 153.406: [CMS-concurrent-preclean-start]
2026-04-19T13:26:00.943+0530: 153.407: [CMS-concurrent-preclean: 0.000/0.000 secs] [Times: user=0.00 sys=0.00, real=0.00 secs] 
2026-04-19T13:26:00.943+0530: 153.407: [CMS-concurrent-abortable-preclean-start]
2026-04-19T13:26:00.944+0530: 153.407: [CMS-concurrent-abortable-preclean: 0.000/0.000 secs] [Times: user=0.00 sys=0.00, real=0.00 secs] 
2026-04-19T13:26:00.944+0530: 153.407: [GC (CMS Final Remark) [YG occupancy: 341239 K (471808 K)]2026-04-19T13:26:00.944+0530: 153.407: [Rescan (parallel) , 0.0266482 secs]2026-04-19T13:26:00.970+0530: 153.434: [weak refs processing, 0.0000191 secs]2026-04-19T13:26:00.970+0530: 153.434: [class unloading, 0.0065703 secs]2026-04-19T13:26:00.977+0530: 153.440: [scrub symbol table, 0.0049815 secs]2026-04-19T13:26:00.982+0530: 153.445: [scrub string table, 0.0024006 secs][1 CMS-remark: 56K(64K)] 341296K(471872K), 0.0423280 secs] [Times: user=0.30 sys=0.00, real=0.04 secs] 
2026-04-19T13:26:00.986+0530: 153.449: Total time for which application threads were stopped: 0.0425224 seconds, Stopping threads took: 0.0000320 seconds
2026-04-19T13:26:00.986+0530: 153.450: [CMS-concurrent-sweep-start]
2026-04-19T13:26:00.986+0530: 153.450: [CMS-concurrent-sweep: 0.000/0.000 secs] [Times: user=0.00 sys=0.00, real=0.00 secs] 
2026-04-19T13:26:00.986+0530: 153.450: [CMS-concurrent-reset-start]
2026-04-19T13:26:00.986+0530: 153.450: [CMS-concurrent-reset: 0.000/0.000 secs] [Times: user=0.00 sys=0.00, real=0.00 secs] 
2026-04-19T13:26:08.042+0530: 160.505: Total time for which application threads were stopped: 0.0004817 seconds, Stopping threads took: 0.0002933 seconds
2026-04-19T13:26:10.987+0530: 163.450: [GC (CMS Initial Mark) [1 CMS-initial-mark: 56K(64K)] 341567K(471872K), 0.0153579 secs] [Times: user=0.06 sys=0.00, real=0.02 secs] 
2026-04-19T13:26:11.002+0530: 163.466: Total time for which application threads were stopped: 0.0156767 seconds, Stopping threads took: 0.0000780 seconds
2026-04-19T13:26:11.002+0530: 163.466: [CMS-concurrent-mark-start]
2026-04-19T13:26:11.003+0530: 163.467: [CMS-concurrent-mark: 0.001/0.001 secs] [Times: user=0.00 sys=0.00, real=0.00 secs] 
2026-04-19T13:26:11.003+0530: 163.467: [CMS-concurrent-preclean-start]
2026-04-19T13:26:11.004+0530: 163.467: [CMS-concurrent-preclean: 0.001/0.001 secs] [Times: user=0.00 sys=0.00, real=0.00 secs] 
2026-04-19T13:26:11.004+0530: 163.467: [CMS-concurrent-abortable-preclean-start]
2026-04-19T13:26:11.004+0530: 163.467: [CMS-concurrent-abortable-preclean: 0.000/0.000 secs] [Times: user=0.00 sys=0.00, real=0.00 secs] 
2026-04-19T13:26:11.004+0530: 163.468: [GC (CMS Final Remark) [YG occupancy: 341510 K (471808 K)]2026-04-19T13:26:11.004+0530: 163.468: [Rescan (parallel) , 0.0298817 secs]2026-04-19T13:26:11.034+0530: 163.498: [weak refs processing, 0.0000648 secs]2026-04-19T13:26:11.034+0530: 163.498: [class unloading, 0.0106525 secs]2026-04-19T13:26:11.045+0530: 163.509: [scrub symbol table, 0.0046945 secs]2026-04-19T13:26:11.050+0530: 163.513: [scrub string table, 0.0018860 secs][1 CMS-remark: 56K(64K)] 341567K(471872K), 0.0487479 secs] [Times: user=0.30 sys=0.00, real=0.05 secs] 
2026-04-19T13:26:11.053+0530: 163.517: Total time for which application threads were stopped: 0.0489610 seconds, Stopping threads took: 0.0000397 seconds
2026-04-19T13:26:11.054+0530: 163.517: [CMS-concurrent-sweep-start]
2026-04-19T13:26:11.054+0530: 163.517: [CMS-concurrent-sweep: 0.000/0.000 secs] [Times: user=0.00 sys=0.00, real=0.00 secs] 
2026-04-19T13:26:11.054+0530: 163.517: [CMS-concurrent-reset-start]
2026-04-19T13:26:11.054+0530: 163.517: [CMS-concurrent-reset: 0.000/0.000 secs] [Times: user=0.00 sys=0.00, real=0.00 secs] 
2026-04-19T13:26:12.062+0530: 164.525: Total time for which application threads were stopped: 0.0002479 seconds, Stopping threads took: 0.0000758 seconds
2026-04-19T13:26:18.119+0530: 170.582: Total time for which application threads were stopped: 0.0001543 seconds, Stopping threads took: 0.0000475 seconds
2026-04-19T13:26:21.069+0530: 173.532: [GC (CMS Initial Mark) [1 CMS-initial-mark: 56K(64K)] 341567K(471872K), 0.0150296 secs] [Times: user=0.25 sys=0.00, real=0.01 secs] 
2026-04-19T13:26:21.083+0530: 173.547: Total time for which application threads were stopped: 0.0153380 seconds, Stopping threads took: 0.0000612 seconds
2026-04-19T13:26:21.083+0530: 173.547: [CMS-concurrent-mark-start]
2026-04-19T13:26:21.084+0530: 173.547: [CMS-concurrent-mark: 0.000/0.000 secs] [Times: user=0.00 sys=0.00, real=0.00 secs] 
2026-04-19T13:26:21.084+0530: 173.548: [CMS-concurrent-preclean-start]
2026-04-19T13:26:21.084+0530: 173.548: [CMS-concurrent-preclean: 0.000/0.000 secs] [Times: user=0.00 sys=0.00, real=0.00 secs] 
2026-04-19T13:26:21.084+0530: 173.548: [CMS-concurrent-abortable-preclean-start]
2026-04-19T13:26:21.084+0530: 173.548: [CMS-concurrent-abortable-preclean: 0.000/0.000 secs] [Times: user=0.00 sys=0.00, real=0.00 secs] 
2026-04-19T13:26:21.085+0530: 173.548: [GC (CMS Final Remark) [YG occupancy: 341510 K (471808 K)]2026-04-19T13:26:21.085+0530: 173.548: [Rescan (parallel) , 0.0328239 secs]2026-04-19T13:26:21.118+0530: 173.581: [weak refs processing, 0.0000492 secs]2026-04-19T13:26:21.118+0530: 173.581: [class unloading, 0.0095700 secs]2026-04-19T13:26:21.128+0530: 173.591: [scrub symbol table, 0.0047561 secs]2026-04-19T13:26:21.132+0530: 173.596: [scrub string table, 0.0017924 secs][1 CMS-remark: 56K(64K)] 341567K(471872K), 0.0505395 secs] [Times: user=0.28 sys=0.00, real=0.05 secs] 
2026-04-19T13:26:21.136+0530: 173.599: Total time for which application threads were stopped: 0.0507071 seconds, Stopping threads took: 0.0000298 seconds
2026-04-19T13:26:21.136+0530: 173.599: [CMS-concurrent-sweep-start]
2026-04-19T13:26:21.136+0530: 173.599: [CMS-concurrent-sweep: 0.000/0.000 secs] [Times: user=0.00 sys=0.00, real=0.00 secs] 
2026-04-19T13:26:21.136+0530: 173.599: [CMS-concurrent-reset-start]
2026-04-19T13:26:21.136+0530: 173.599: [CMS-concurrent-reset: 0.000/0.000 secs] [Times: user=0.00 sys=0.00, real=0.00 secs] 
2026-04-19T13:26:27.188+0530: 179.651: Total time for which application threads were stopped: 0.0001473 seconds, Stopping threads took: 0.0000480 seconds
2026-04-19T13:26:29.195+0530: 181.659: Total time for which application threads were stopped: 0.0001700 seconds, Stopping threads took: 0.0000523 seconds
2026-04-19T13:26:31.140+0530: 183.604: [GC (CMS Initial Mark) [1 CMS-initial-mark: 56K(64K)] 341837K(471872K), 0.0153812 secs] [Times: user=0.02 sys=0.00, real=0.01 secs] 
2026-04-19T13:26:31.155+0530: 183.619: Total time for which application threads were stopped: 0.0156514 seconds, Stopping threads took: 0.0000470 seconds
2026-04-19T13:26:31.156+0530: 183.619: [CMS-concurrent-mark-start]
2026-04-19T13:26:31.156+0530: 183.620: [CMS-concurrent-mark: 0.001/0.001 secs] [Times: user=0.00 sys=0.00, real=0.00 secs] 
2026-04-19T13:26:31.156+0530: 183.620: [CMS-concurrent-preclean-start]
2026-04-19T13:26:31.157+0530: 183.620: [CMS-concurrent-preclean: 0.001/0.001 secs] [Times: user=0.00 sys=0.00, real=0.00 secs] 
2026-04-19T13:26:31.157+0530: 183.620: [CMS-concurrent-abortable-preclean-start]
2026-04-19T13:26:31.157+0530: 183.620: [CMS-concurrent-abortable-preclean: 0.000/0.000 secs] [Times: user=0.00 sys=0.00, real=0.00 secs] 
2026-04-19T13:26:31.157+0530: 183.621: [GC (CMS Final Remark) [YG occupancy: 341781 K (471808 K)]2026-04-19T13:26:31.157+0530: 183.621: [Rescan (parallel) , 0.0144012 secs]2026-04-19T13:26:31.171+0530: 183.635: [weak refs processing, 0.0000221 secs]2026-04-19T13:26:31.171+0530: 183.635: [class unloading, 0.0072975 secs]2026-04-19T13:26:31.179+0530: 183.642: [scrub symbol table, 0.0061014 secs]2026-04-19T13:26:31.185+0530: 183.649: [scrub string table, 0.0023856 secs][1 CMS-remark: 56K(64K)] 341837K(471872K), 0.0317684 secs] [Times: user=0.09 sys=0.00, real=0.03 secs] 
2026-04-19T13:26:31.189+0530: 183.652: Total time for which application threads were stopped: 0.0319309 seconds, Stopping threads took: 0.0000225 seconds
2026-04-19T13:26:31.189+0530: 183.652: [CMS-concurrent-sweep-start]
2026-04-19T13:26:31.189+0530: 183.653: [CMS-concurrent-sweep: 0.000/0.000 secs] [Times: user=0.00 sys=0.00, real=0.00 secs] 
2026-04-19T13:26:31.189+0530: 183.653: [CMS-concurrent-reset-start]
2026-04-19T13:26:31.189+0530: 183.653: [CMS-concurrent-reset: 0.000/0.000 secs] [Times: user=0.00 sys=0.00, real=0.00 secs] 
2026-04-19T13:26:32.204+0530: 184.667: Total time for which application threads were stopped: 0.0003008 seconds, Stopping threads took: 0.0001502 seconds
2026-04-19T13:26:41.192+0530: 193.656: [GC (CMS Initial Mark) [1 CMS-initial-mark: 56K(64K)] 342536K(471872K), 0.0141089 secs] [Times: user=0.27 sys=0.02, real=0.01 secs] 
2026-04-19T13:26:41.206+0530: 193.670: Total time for which application threads were stopped: 0.0144473 seconds, Stopping threads took: 0.0000596 seconds
2026-04-19T13:26:41.206+0530: 193.670: [CMS-concurrent-mark-start]
2026-04-19T13:26:41.207+0530: 193.670: [CMS-concurrent-mark: 0.000/0.000 secs] [Times: user=0.00 sys=0.00, real=0.00 secs] 
2026-04-19T13:26:41.207+0530: 193.670: [CMS-concurrent-preclean-start]
2026-04-19T13:26:41.207+0530: 193.670: [CMS-concurrent-preclean: 0.000/0.000 secs] [Times: user=0.00 sys=0.00, real=0.00 secs] 
2026-04-19T13:26:41.207+0530: 193.670: [CMS-concurrent-abortable-preclean-start]
2026-04-19T13:26:41.207+0530: 193.670: [CMS-concurrent-abortable-preclean: 0.000/0.000 secs] [Times: user=0.00 sys=0.00, real=0.00 secs] 
2026-04-19T13:26:41.207+0530: 193.671: [GC (CMS Final Remark) [YG occupancy: 342480 K (471808 K)]2026-04-19T13:26:41.207+0530: 193.671: [Rescan (parallel) , 0.0173084 secs]2026-04-19T13:26:41.225+0530: 193.688: [weak refs processing, 0.0000494 secs]2026-04-19T13:26:41.225+0530: 193.688: [class unloading, 0.0073641 secs]2026-04-19T13:26:41.232+0530: 193.696: [scrub symbol table, 0.0041148 secs]2026-04-19T13:26:41.236+0530: 193.700: [scrub string table, 0.0017925 secs][1 CMS-remark: 56K(64K)] 342536K(471872K), 0.0320543 secs] [Times: user=0.28 sys=0.00, real=0.03 secs] 
2026-04-19T13:26:41.239+0530: 193.703: Total time for which application threads were stopped: 0.0322017 seconds, Stopping threads took: 0.0000168 seconds
2026-04-19T13:26:41.240+0530: 193.703: [CMS-concurrent-sweep-start]
2026-04-19T13:26:41.240+0530: 193.703: [CMS-concurrent-sweep: 0.000/0.000 secs] [Times: user=0.00 sys=0.00, real=0.00 secs] 
2026-04-19T13:26:41.240+0530: 193.703: [CMS-concurrent-reset-start]
2026-04-19T13:26:41.240+0530: 193.703: [CMS-concurrent-reset: 0.000/0.000 secs] [Times: user=0.00 sys=0.00, real=0.00 secs] 
2026-04-19T13:26:42.240+0530: 194.703: Total time for which application threads were stopped: 0.0002361 seconds, Stopping threads took: 0.0000651 seconds
2026-04-19T13:26:44.268+0530: 196.731: Total time for which application threads were stopped: 0.0003129 seconds, Stopping threads took: 0.0001035 seconds
2026-04-19T13:26:51.254+0530: 203.717: [GC (CMS Initial Mark) [1 CMS-initial-mark: 55K(64K)] 342806K(471872K), 0.0133500 secs] [Times: user=0.08 sys=0.00, real=0.01 secs] 
2026-04-19T13:26:51.267+0530: 203.731: Total time for which application threads were stopped: 0.0136354 seconds, Stopping threads took: 0.0000644 seconds
2026-04-19T13:26:51.267+0530: 203.731: [CMS-concurrent-mark-start]
2026-04-19T13:26:51.268+0530: 203.731: [CMS-concurrent-mark: 0.000/0.000 secs] [Times: user=0.00 sys=0.00, real=0.00 secs] 
2026-04-19T13:26:51.268+0530: 203.731: [CMS-concurrent-preclean-start]
2026-04-19T13:26:51.268+0530: 203.731: [CMS-concurrent-preclean: 0.000/0.000 secs] [Times: user=0.00 sys=0.00, real=0.00 secs] 
2026-04-19T13:26:51.268+0530: 203.731: [CMS-concurrent-abortable-preclean-start]
2026-04-19T13:26:51.268+0530: 203.731: [CMS-concurrent-abortable-preclean: 0.000/0.000 secs] [Times: user=0.00 sys=0.00, real=0.00 secs] 
2026-04-19T13:26:51.268+0530: 203.732: [GC (CMS Final Remark) [YG occupancy: 342750 K (471808 K)]2026-04-19T13:26:51.268+0530: 203.732: [Rescan (parallel) , 0.0192003 secs]2026-04-19T13:26:51.288+0530: 203.751: [weak refs processing, 0.0000307 secs]2026-04-19T13:26:51.288+0530: 203.751: [class unloading, 0.0065061 secs]2026-04-19T13:26:51.294+0530: 203.757: [scrub symbol table, 0.0040291 secs]2026-04-19T13:26:51.298+0530: 203.762: [scrub string table, 0.0017508 secs][1 CMS-remark: 55K(64K)] 342806K(471872K), 0.0329383 secs] [Times: user=0.30 sys=0.00, real=0.03 secs] 
2026-04-19T13:26:51.301+0530: 203.765: Total time for which application threads were stopped: 0.0331042 seconds, Stopping threads took: 0.0000253 seconds
2026-04-19T13:26:51.302+0530: 203.765: [CMS-concurrent-sweep-start]
2026-04-19T13:26:51.302+0530: 203.765: [CMS-concurrent-sweep: 0.000/0.000 secs] [Times: user=0.00 sys=0.00, real=0.00 secs] 
2026-04-19T13:26:51.302+0530: 203.765: [CMS-concurrent-reset-start]
2026-04-19T13:26:51.302+0530: 203.765: [CMS-concurrent-reset: 0.000/0.000 secs] [Times: user=0.00 sys=0.00, real=0.00 secs] 
2026-04-19T13:27:01.316+0530: 213.779: [GC (CMS Initial Mark) [1 CMS-initial-mark: 55K(64K)] 342805K(471872K), 0.0144698 secs] [Times: user=0.27 sys=0.00, real=0.02 secs] 
2026-04-19T13:27:01.331+0530: 213.794: Total time for which application threads were stopped: 0.0148857 seconds, Stopping threads took: 0.0000784 seconds
2026-04-19T13:27:01.331+0530: 213.794: [CMS-concurrent-mark-start]
2026-04-19T13:27:01.332+0530: 213.795: [CMS-concurrent-mark: 0.001/0.001 secs] [Times: user=0.00 sys=0.00, real=0.00 secs] 
2026-04-19T13:27:01.332+0530: 213.795: [CMS-concurrent-preclean-start]
2026-04-19T13:27:01.332+0530: 213.795: [CMS-concurrent-preclean: 0.001/0.001 secs] [Times: user=0.00 sys=0.00, real=0.00 secs] 
2026-04-19T13:27:01.333+0530: 213.796: [CMS-concurrent-abortable-preclean-start]
2026-04-19T13:27:01.333+0530: 213.796: [CMS-concurrent-abortable-preclean: 0.000/0.000 secs] [Times: user=0.00 sys=0.00, real=0.00 secs] 
2026-04-19T13:27:01.333+0530: 213.796: [GC (CMS Final Remark) [YG occupancy: 342750 K (471808 K)]2026-04-19T13:27:01.333+0530: 213.796: [Rescan (parallel) , 0.0318624 secs]2026-04-19T13:27:01.365+0530: 213.828: [weak refs processing, 0.0000636 secs]2026-04-19T13:27:01.365+0530: 213.828: [class unloading, 0.0104892 secs]2026-04-19T13:27:01.376+0530: 213.839: [scrub symbol table, 0.0045544 secs]2026-04-19T13:27:01.380+0530: 213.843: [scrub string table, 0.0017952 secs][1 CMS-remark: 55K(64K)] 342805K(471872K), 0.0502698 secs] [Times: user=0.28 sys=0.00, real=0.05 secs] 
2026-04-19T13:27:01.383+0530: 213.846: Total time for which application threads were stopped: 0.0505018 seconds, Stopping threads took: 0.0000388 seconds
2026-04-19T13:27:01.383+0530: 213.846: [CMS-concurrent-sweep-start]
2026-04-19T13:27:01.384+0530: 213.846: [CMS-concurrent-sweep: 0.000/0.000 secs] [Times: user=0.00 sys=0.00, real=0.00 secs] 
2026-04-19T13:27:01.384+0530: 213.846: [CMS-concurrent-reset-start]
2026-04-19T13:27:01.384+0530: 213.846: [CMS-concurrent-reset: 0.000/0.000 secs] [Times: user=0.00 sys=0.00, real=0.00 secs] 
2026-04-19T13:27:02.395+0530: 214.858: Total time for which application threads were stopped: 0.0001401 seconds, Stopping threads took: 0.0000741 seconds
2026-04-19T13:27:11.392+0530: 223.855: [GC (CMS Initial Mark) [1 CMS-initial-mark: 55K(64K)] 343076K(471872K), 0.0161877 secs] [Times: user=0.03 sys=0.00, real=0.02 secs] 
2026-04-19T13:27:11.408+0530: 223.871: Total time for which application threads were stopped: 0.0164908 seconds, Stopping threads took: 0.0000615 seconds
2026-04-19T13:27:11.408+0530: 223.871: [CMS-concurrent-mark-start]
2026-04-19T13:27:11.408+0530: 223.872: [CMS-concurrent-mark: 0.000/0.000 secs] [Times: user=0.00 sys=0.00, real=0.00 secs] 
2026-04-19T13:27:11.408+0530: 223.872: [CMS-concurrent-preclean-start]
2026-04-19T13:27:11.409+0530: 223.872: [CMS-concurrent-preclean: 0.001/0.001 secs] [Times: user=0.00 sys=0.00, real=0.00 secs] 
2026-04-19T13:27:11.409+0530: 223.872: [CMS-concurrent-abortable-preclean-start]
2026-04-19T13:27:11.409+0530: 223.872: [CMS-concurrent-abortable-preclean: 0.000/0.000 secs] [Times: user=0.00 sys=0.00, real=0.00 secs] 
2026-04-19T13:27:11.409+0530: 223.873: [GC (CMS Final Remark) [YG occupancy: 343021 K (471808 K)]2026-04-19T13:27:11.409+0530: 223.873: [Rescan (parallel) , 0.0296286 secs]2026-04-19T13:27:11.439+0530: 223.902: [weak refs processing, 0.0000334 secs]2026-04-19T13:27:11.439+0530: 223.902: [class unloading, 0.0097453 secs]2026-04-19T13:27:11.449+0530: 223.912: [scrub symbol table, 0.0052559 secs]2026-04-19T13:27:11.454+0530: 223.918: [scrub string table, 0.0019070 secs][1 CMS-remark: 55K(64K)] 343076K(471872K), 0.0481369 secs] [Times: user=0.30 sys=0.00, real=0.05 secs] 
2026-04-19T13:27:11.458+0530: 223.921: Total time for which application threads were stopped: 0.0483581 seconds, Stopping threads took: 0.0000397 seconds
2026-04-19T13:27:11.458+0530: 223.921: [CMS-concurrent-sweep-start]
2026-04-19T13:27:11.458+0530: 223.921: [CMS-concurrent-sweep: 0.000/0.000 secs] [Times: user=0.00 sys=0.00, real=0.00 secs] 
2026-04-19T13:27:11.458+0530: 223.921: [CMS-concurrent-reset-start]
2026-04-19T13:27:11.458+0530: 223.921: [CMS-concurrent-reset: 0.000/0.000 secs] [Times: user=0.00 sys=0.00, real=0.00 secs] 
2026-04-19T13:27:20.536+0530: 232.999: Total time for which application threads were stopped: 0.0002231 seconds, Stopping threads took: 0.0000699 seconds
2026-04-19T13:27:21.471+0530: 233.935: [GC (CMS Initial Mark) [1 CMS-initial-mark: 55K(64K)] 343347K(471872K), 0.0130078 secs] [Times: user=0.05 sys=0.00, real=0.01 secs] 
2026-04-19T13:27:21.484+0530: 233.948: Total time for which application threads were stopped: 0.0132248 seconds, Stopping threads took: 0.0000389 seconds
2026-04-19T13:27:21.484+0530: 233.948: [CMS-concurrent-mark-start]
2026-04-19T13:27:21.484+0530: 233.948: [CMS-concurrent-mark: 0.000/0.000 secs] [Times: user=0.00 sys=0.00, real=0.00 secs] 
2026-04-19T13:27:21.484+0530: 233.948: [CMS-concurrent-preclean-start]
2026-04-19T13:27:21.485+0530: 233.948: [CMS-concurrent-preclean: 0.000/0.000 secs] [Times: user=0.00 sys=0.00, real=0.00 secs] 
2026-04-19T13:27:21.485+0530: 233.948: [CMS-concurrent-abortable-preclean-start]
2026-04-19T13:27:21.485+0530: 233.948: [CMS-concurrent-abortable-preclean: 0.000/0.000 secs] [Times: user=0.00 sys=0.00, real=0.00 secs] 
2026-04-19T13:27:21.485+0530: 233.948: [GC (CMS Final Remark) [YG occupancy: 343291 K (471808 K)]2026-04-19T13:27:21.485+0530: 233.948: [Rescan (parallel) , 0.0191432 secs]2026-04-19T13:27:21.504+0530: 233.968: [weak refs processing, 0.0000296 secs]2026-04-19T13:27:21.504+0530: 233.968: [class unloading, 0.0071334 secs]2026-04-19T13:27:21.511+0530: 233.975: [scrub symbol table, 0.0044814 secs]2026-04-19T13:27:21.516+0530: 233.979: [scrub string table, 0.0017853 secs][1 CMS-remark: 55K(64K)] 343347K(471872K), 0.0340763 secs] [Times: user=0.14 sys=0.00, real=0.04 secs] 
2026-04-19T13:27:21.520+0530: 233.983: Total time for which application threads were stopped: 0.0342187 seconds, Stopping threads took: 0.0000153 seconds
2026-04-19T13:27:21.520+0530: 233.983: [CMS-concurrent-sweep-start]
2026-04-19T13:27:21.520+0530: 233.983: [CMS-concurrent-sweep: 0.000/0.000 secs] [Times: user=0.00 sys=0.00, real=0.00 secs] 
2026-04-19T13:27:21.520+0530: 233.983: [CMS-concurrent-reset-start]
2026-04-19T13:27:21.520+0530: 233.983: [CMS-concurrent-reset: 0.000/0.000 secs] [Times: user=0.00 sys=0.00, real=0.00 secs] 
2026-04-19T13:27:22.533+0530: 234.996: Total time for which application threads were stopped: 0.0002682 seconds, Stopping threads took: 0.0000822 seconds
2026-04-19T13:27:26.578+0530: 239.042: Total time for which application threads were stopped: 0.0004897 seconds, Stopping threads took: 0.0002933 seconds
2026-04-19T13:27:31.532+0530: 243.995: [GC (CMS Initial Mark) [1 CMS-initial-mark: 55K(64K)] 344746K(471872K), 0.0136150 secs] [Times: user=0.02 sys=0.00, real=0.01 secs] 
2026-04-19T13:27:31.546+0530: 244.009: Total time for which application threads were stopped: 0.0139641 seconds, Stopping threads took: 0.0000741 seconds
2026-04-19T13:27:31.546+0530: 244.009: [CMS-concurrent-mark-start]
2026-04-19T13:27:31.546+0530: 244.009: [CMS-concurrent-mark: 0.000/0.000 secs] [Times: user=0.00 sys=0.00, real=0.00 secs] 
2026-04-19T13:27:31.546+0530: 244.009: [CMS-concurrent-preclean-start]
2026-04-19T13:27:31.546+0530: 244.009: [CMS-concurrent-preclean: 0.000/0.000 secs] [Times: user=0.00 sys=0.00, real=0.00 secs] 
2026-04-19T13:27:31.546+0530: 244.009: [CMS-concurrent-abortable-preclean-start]
2026-04-19T13:27:31.546+0530: 244.009: [CMS-concurrent-abortable-preclean: 0.000/0.000 secs] [Times: user=0.00 sys=0.00, real=0.00 secs] 
2026-04-19T13:27:31.547+0530: 244.010: [GC (CMS Final Remark) [YG occupancy: 344691 K (471808 K)]2026-04-19T13:27:31.547+0530: 244.010: [Rescan (parallel) , 0.0162862 secs]2026-04-19T13:27:31.563+0530: 244.026: [weak refs processing, 0.0000353 secs]2026-04-19T13:27:31.563+0530: 244.026: [class unloading, 0.0083752 secs]2026-04-19T13:27:31.572+0530: 244.035: [scrub symbol table, 0.0042113 secs]2026-04-19T13:27:31.576+0530: 244.039: [scrub string table, 0.0018575 secs][1 CMS-remark: 55K(64K)] 344746K(471872K), 0.0322452 secs] [Times: user=0.16 sys=0.00, real=0.03 secs] 
2026-04-19T13:27:31.579+0530: 244.042: Total time for which application threads were stopped: 0.0324339 seconds, Stopping threads took: 0.0000268 seconds
2026-04-19T13:27:31.579+0530: 244.042: [CMS-concurrent-sweep-start]
2026-04-19T13:27:31.579+0530: 244.042: [CMS-concurrent-sweep: 0.000/0.000 secs] [Times: user=0.00 sys=0.00, real=0.00 secs] 
2026-04-19T13:27:31.579+0530: 244.042: [CMS-concurrent-reset-start]
2026-04-19T13:27:31.579+0530: 244.042: [CMS-concurrent-reset: 0.000/0.000 secs] [Times: user=0.00 sys=0.00, real=0.00 secs] 
2026-04-19T13:27:32.590+0530: 245.054: Total time for which application threads were stopped: 0.0002837 seconds, Stopping threads took: 0.0000774 seconds
2026-04-19T13:27:40.686+0530: 253.150: Total time for which application threads were stopped: 0.0001405 seconds, Stopping threads took: 0.0000435 seconds
2026-04-19T13:27:41.593+0530: 254.057: [GC (CMS Initial Mark) [1 CMS-initial-mark: 55K(64K)] 344746K(471872K), 0.0140125 secs] [Times: user=0.02 sys=0.00, real=0.01 secs] 
2026-04-19T13:27:41.607+0530: 254.071: Total time for which application threads were stopped: 0.0143589 seconds, Stopping threads took: 0.0000754 seconds
2026-04-19T13:27:41.607+0530: 254.071: [CMS-concurrent-mark-start]
2026-04-19T13:27:41.608+0530: 254.071: [CMS-concurrent-mark: 0.000/0.000 secs] [Times: user=0.00 sys=0.00, real=0.00 secs] 
2026-04-19T13:27:41.608+0530: 254.071: [CMS-concurrent-preclean-start]
2026-04-19T13:27:41.608+0530: 254.072: [CMS-concurrent-preclean: 0.000/0.000 secs] [Times: user=0.00 sys=0.00, real=0.00 secs] 
2026-04-19T13:27:41.608+0530: 254.072: [CMS-concurrent-abortable-preclean-start]
2026-04-19T13:27:41.608+0530: 254.072: [CMS-concurrent-abortable-preclean: 0.000/0.000 secs] [Times: user=0.00 sys=0.00, real=0.00 secs] 
2026-04-19T13:27:41.608+0530: 254.072: [GC (CMS Final Remark) [YG occupancy: 344691 K (471808 K)]2026-04-19T13:27:41.608+0530: 254.072: [Rescan (parallel) , 0.0335943 secs]2026-04-19T13:27:41.642+0530: 254.106: [weak refs processing, 0.0000573 secs]2026-04-19T13:27:41.642+0530: 254.106: [class unloading, 0.0102149 secs]2026-04-19T13:27:41.652+0530: 254.116: [scrub symbol table, 0.0046944 secs]2026-04-19T13:27:41.657+0530: 254.121: [scrub string table, 0.0018762 secs][1 CMS-remark: 55K(64K)] 344746K(471872K), 0.0521021 secs] [Times: user=0.19 sys=0.00, real=0.05 secs] 
2026-04-19T13:27:41.660+0530: 254.124: Total time for which application threads were stopped: 0.0522655 seconds, Stopping threads took: 0.0000243 seconds
2026-04-19T13:27:41.661+0530: 254.124: [CMS-concurrent-sweep-start]
2026-04-19T13:27:41.661+0530: 254.124: [CMS-concurrent-sweep: 0.000/0.000 secs] [Times: user=0.00 sys=0.00, real=0.00 secs] 
2026-04-19T13:27:41.661+0530: 254.124: [CMS-concurrent-reset-start]
2026-04-19T13:27:41.661+0530: 254.124: [CMS-concurrent-reset: 0.000/0.000 secs] [Times: user=0.00 sys=0.00, real=0.00 secs] 
2026-04-19T13:27:46.716+0530: 259.178: Total time for which application threads were stopped: 0.0001805 seconds, Stopping threads took: 0.0000581 seconds
2026-04-19T13:27:47.726+0530: 260.189: Total time for which application threads were stopped: 0.0002556 seconds, Stopping threads took: 0.0000920 seconds
2026-04-19T13:27:51.675+0530: 264.138: [GC (CMS Initial Mark) [1 CMS-initial-mark: 55K(64K)] 344746K(471872K), 0.0100516 secs] [Times: user=0.03 sys=0.00, real=0.01 secs] 
2026-04-19T13:27:51.685+0530: 264.148: Total time for which application threads were stopped: 0.0103569 seconds, Stopping threads took: 0.0000482 seconds
2026-04-19T13:27:51.685+0530: 264.148: [CMS-concurrent-mark-start]
2026-04-19T13:27:51.686+0530: 264.149: [CMS-concurrent-mark: 0.001/0.001 secs] [Times: user=0.00 sys=0.00, real=0.00 secs] 
2026-04-19T13:27:51.686+0530: 264.149: [CMS-concurrent-preclean-start]
2026-04-19T13:27:51.686+0530: 264.149: [CMS-concurrent-preclean: 0.000/0.000 secs] [Times: user=0.00 sys=0.00, real=0.00 secs] 
2026-04-19T13:27:51.686+0530: 264.149: [CMS-concurrent-abortable-preclean-start]
2026-04-19T13:27:51.686+0530: 264.149: [CMS-concurrent-abortable-preclean: 0.000/0.000 secs] [Times: user=0.00 sys=0.00, real=0.00 secs] 
2026-04-19T13:27:51.686+0530: 264.150: [GC (CMS Final Remark) [YG occupancy: 344691 K (471808 K)]2026-04-19T13:27:51.686+0530: 264.150: [Rescan (parallel) , 0.0196541 secs]2026-04-19T13:27:51.706+0530: 264.169: [weak refs processing, 0.0000167 secs]2026-04-19T13:27:51.706+0530: 264.169: [class unloading, 0.0062125 secs]2026-04-19T13:27:51.713+0530: 264.176: [scrub symbol table, 0.0047481 secs]2026-04-19T13:27:51.717+0530: 264.180: [scrub string table, 0.0018411 secs][1 CMS-remark: 55K(64K)] 344746K(471872K), 0.0340301 secs] [Times: user=0.11 sys=0.00, real=0.03 secs] 
2026-04-19T13:27:51.721+0530: 264.184: Total time for which application threads were stopped: 0.0342026 seconds, Stopping threads took: 0.0000209 seconds
2026-04-19T13:27:51.721+0530: 264.184: [CMS-concurrent-sweep-start]
2026-04-19T13:27:51.721+0530: 264.184: [CMS-concurrent-sweep: 0.000/0.000 secs] [Times: user=0.00 sys=0.00, real=0.00 secs] 
2026-04-19T13:27:51.721+0530: 264.184: [CMS-concurrent-reset-start]
2026-04-19T13:27:51.721+0530: 264.184: [CMS-concurrent-reset: 0.000/0.000 secs] [Times: user=0.00 sys=0.00, real=0.00 secs] 
2026-04-19T13:27:59.783+0530: 272.246: Total time for which application threads were stopped: 0.0001808 seconds, Stopping threads took: 0.0000638 seconds
2026-04-19T13:28:01.731+0530: 274.195: [GC (CMS Initial Mark) [1 CMS-initial-mark: 55K(64K)] 353404K(471872K), 0.0147285 secs] [Times: user=0.02 sys=0.00, real=0.02 secs] 
2026-04-19T13:28:01.746+0530: 274.210: Total time for which application threads were stopped: 0.0150661 seconds, Stopping threads took: 0.0000768 seconds
2026-04-19T13:28:01.746+0530: 274.210: [CMS-concurrent-mark-start]
2026-04-19T13:28:01.746+0530: 274.210: [CMS-concurrent-mark: 0.000/0.000 secs] [Times: user=0.00 sys=0.00, real=0.00 secs] 
2026-04-19T13:28:01.746+0530: 274.210: [CMS-concurrent-preclean-start]
2026-04-19T13:28:01.747+0530: 274.211: [CMS-concurrent-preclean: 0.001/0.001 secs] [Times: user=0.00 sys=0.00, real=0.00 secs] 
2026-04-19T13:28:01.747+0530: 274.211: [CMS-concurrent-abortable-preclean-start]
2026-04-19T13:28:01.747+0530: 274.211: [CMS-concurrent-abortable-preclean: 0.000/0.000 secs] [Times: user=0.00 sys=0.00, real=0.00 secs] 
2026-04-19T13:28:01.748+0530: 274.211: [GC (CMS Final Remark) [YG occupancy: 353349 K (471808 K)]2026-04-19T13:28:01.748+0530: 274.211: [Rescan (parallel) , 0.0315923 secs]2026-04-19T13:28:01.779+0530: 274.243: [weak refs processing, 0.0000632 secs]2026-04-19T13:28:01.779+0530: 274.243: [class unloading, 0.0105834 secs]2026-04-19T13:28:01.790+0530: 274.254: [scrub symbol table, 0.0045569 secs]2026-04-19T13:28:01.794+0530: 274.258: [scrub string table, 0.0018550 secs][1 CMS-remark: 55K(64K)] 353404K(471872K), 0.0502599 secs] [Times: user=0.16 sys=0.00, real=0.05 secs] 
2026-04-19T13:28:01.798+0530: 274.261: Total time for which application threads were stopped: 0.0504715 seconds, Stopping threads took: 0.0000423 seconds
2026-04-19T13:28:01.798+0530: 274.262: [CMS-concurrent-sweep-start]
2026-04-19T13:28:01.798+0530: 274.262: [CMS-concurrent-sweep: 0.000/0.000 secs] [Times: user=0.00 sys=0.00, real=0.00 secs] 
2026-04-19T13:28:01.798+0530: 274.262: [CMS-concurrent-reset-start]
2026-04-19T13:28:01.798+0530: 274.262: [CMS-concurrent-reset: 0.000/0.000 secs] [Times: user=0.00 sys=0.00, real=0.00 secs] 
2026-04-19T13:28:11.804+0530: 284.267: [GC (CMS Initial Mark) [1 CMS-initial-mark: 55K(64K)] 354103K(471872K), 0.0189521 secs] [Times: user=0.28 sys=0.00, real=0.02 secs] 
2026-04-19T13:28:11.823+0530: 284.286: Total time for which application threads were stopped: 0.0192471 seconds, Stopping threads took: 0.0000577 seconds
2026-04-19T13:28:11.823+0530: 284.286: [CMS-concurrent-mark-start]
2026-04-19T13:28:11.824+0530: 284.287: [CMS-concurrent-mark: 0.000/0.000 secs] [Times: user=0.00 sys=0.00, real=0.00 secs] 
2026-04-19T13:28:11.824+0530: 284.287: [CMS-concurrent-preclean-start]
2026-04-19T13:28:11.824+0530: 284.287: [CMS-concurrent-preclean: 0.000/0.000 secs] [Times: user=0.01 sys=0.00, real=0.00 secs] 
2026-04-19T13:28:11.824+0530: 284.287: [CMS-concurrent-abortable-preclean-start]
2026-04-19T13:28:11.824+0530: 284.287: [CMS-concurrent-abortable-preclean: 0.000/0.000 secs] [Times: user=0.00 sys=0.00, real=0.00 secs] 
2026-04-19T13:28:11.824+0530: 284.287: [GC (CMS Final Remark) [YG occupancy: 354048 K (471808 K)]2026-04-19T13:28:11.824+0530: 284.288: [Rescan (parallel) , 0.0278766 secs]2026-04-19T13:28:11.852+0530: 284.315: [weak refs processing, 0.0000561 secs]2026-04-19T13:28:11.852+0530: 284.316: [class unloading, 0.0094648 secs]2026-04-19T13:28:11.862+0530: 284.325: [scrub symbol table, 0.0043102 secs]2026-04-19T13:28:11.866+0530: 284.329: [scrub string table, 0.0018052 secs][1 CMS-remark: 55K(64K)] 354103K(471872K), 0.0451253 secs] [Times: user=0.02 sys=0.00, real=0.05 secs] 
2026-04-19T13:28:11.870+0530: 284.333: Total time for which application threads were stopped: 0.0454412 seconds, Stopping threads took: 0.0001338 seconds
2026-04-19T13:28:11.870+0530: 284.333: [CMS-concurrent-sweep-start]
2026-04-19T13:28:11.870+0530: 284.333: [CMS-concurrent-sweep: 0.000/0.000 secs] [Times: user=0.00 sys=0.00, real=0.00 secs] 
2026-04-19T13:28:11.870+0530: 284.333: [CMS-concurrent-reset-start]
2026-04-19T13:28:11.870+0530: 284.333: [CMS-concurrent-reset: 0.000/0.000 secs] [Times: user=0.00 sys=0.00, real=0.00 secs] 
2026-04-19T13:28:18.936+0530: 291.399: Total time for which application threads were stopped: 0.0001028 seconds, Stopping threads took: 0.0000371 seconds
2026-04-19T13:28:21.873+0530: 294.337: [GC (CMS Initial Mark) [1 CMS-initial-mark: 55K(64K)] 354103K(471872K), 0.0129097 secs] [Times: user=0.00 sys=0.00, real=0.01 secs] 
2026-04-19T13:28:21.886+0530: 294.350: Total time for which application threads were stopped: 0.0130996 seconds, Stopping threads took: 0.0000309 seconds
2026-04-19T13:28:21.886+0530: 294.350: [CMS-concurrent-mark-start]
2026-04-19T13:28:21.887+0530: 294.350: [CMS-concurrent-mark: 0.000/0.000 secs] [Times: user=0.00 sys=0.00, real=0.00 secs] 
2026-04-19T13:28:21.887+0530: 294.350: [CMS-concurrent-preclean-start]
2026-04-19T13:28:21.887+0530: 294.351: [CMS-concurrent-preclean: 0.001/0.001 secs] [Times: user=0.00 sys=0.00, real=0.00 secs] 
2026-04-19T13:28:21.887+0530: 294.351: [CMS-concurrent-abortable-preclean-start]
2026-04-19T13:28:21.887+0530: 294.351: [CMS-concurrent-abortable-preclean: 0.000/0.000 secs] [Times: user=0.00 sys=0.00, real=0.00 secs] 
2026-04-19T13:28:21.887+0530: 294.351: [GC (CMS Final Remark) [YG occupancy: 354048 K (471808 K)]2026-04-19T13:28:21.887+0530: 294.351: [Rescan (parallel) , 0.0169058 secs]2026-04-19T13:28:21.904+0530: 294.368: [weak refs processing, 0.0000178 secs]2026-04-19T13:28:21.904+0530: 294.368: [class unloading, 0.0059229 secs]2026-04-19T13:28:21.910+0530: 294.374: [scrub symbol table, 0.0042904 secs]2026-04-19T13:28:21.914+0530: 294.378: [scrub string table, 0.0018741 secs][1 CMS-remark: 55K(64K)] 354103K(471872K), 0.0304968 secs] [Times: user=0.00 sys=0.00, real=0.03 secs] 
2026-04-19T13:28:21.918+0530: 294.381: Total time for which application threads were stopped: 0.0306762 seconds, Stopping threads took: 0.0000228 seconds
2026-04-19T13:28:21.918+0530: 294.382: [CMS-concurrent-sweep-start]
2026-04-19T13:28:21.918+0530: 294.382: [CMS-concurrent-sweep: 0.000/0.000 secs] [Times: user=0.00 sys=0.00, real=0.00 secs] 
2026-04-19T13:28:21.918+0530: 294.382: [CMS-concurrent-reset-start]
2026-04-19T13:28:21.918+0530: 294.382: [CMS-concurrent-reset: 0.000/0.000 secs] [Times: user=0.00 sys=0.00, real=0.00 secs] 
2026-04-19T13:28:22.923+0530: 295.386: Total time for which application threads were stopped: 0.0001618 seconds, Stopping threads took: 0.0000400 seconds
2026-04-19T13:28:29.993+0530: 302.456: Total time for which application threads were stopped: 0.0000943 seconds, Stopping threads took: 0.0000267 seconds
2026-04-19T13:28:31.930+0530: 304.394: [GC (CMS Initial Mark) [1 CMS-initial-mark: 55K(64K)] 354103K(471872K), 0.0134754 secs] [Times: user=0.28 sys=0.00, real=0.01 secs] 
2026-04-19T13:28:31.944+0530: 304.407: Total time for which application threads were stopped: 0.0136831 seconds, Stopping threads took: 0.0000334 seconds
2026-04-19T13:28:31.944+0530: 304.407: [CMS-concurrent-mark-start]
2026-04-19T13:28:31.945+0530: 304.408: [CMS-concurrent-mark: 0.000/0.000 secs] [Times: user=0.00 sys=0.00, real=0.00 secs] 
2026-04-19T13:28:31.945+0530: 304.408: [CMS-concurrent-preclean-start]
2026-04-19T13:28:31.945+0530: 304.408: [CMS-concurrent-preclean: 0.000/0.000 secs] [Times: user=0.00 sys=0.00, real=0.00 secs] 
2026-04-19T13:28:31.945+0530: 304.408: [CMS-concurrent-abortable-preclean-start]
2026-04-19T13:28:31.945+0530: 304.408: [CMS-concurrent-abortable-preclean: 0.000/0.000 secs] [Times: user=0.00 sys=0.00, real=0.00 secs] 
2026-04-19T13:28:31.945+0530: 304.408: [GC (CMS Final Remark) [YG occupancy: 354048 K (471808 K)]2026-04-19T13:28:31.945+0530: 304.409: [Rescan (parallel) , 0.0173686 secs]2026-04-19T13:28:31.963+0530: 304.426: [weak refs processing, 0.0000172 secs]2026-04-19T13:28:31.963+0530: 304.426: [class unloading, 0.0047260 secs]2026-04-19T13:28:31.967+0530: 304.431: [scrub symbol table, 0.0020425 secs]2026-04-19T13:28:31.969+0530: 304.433: [scrub string table, 0.0016236 secs][1 CMS-remark: 55K(64K)] 354103K(471872K), 0.0267699 secs] [Times: user=0.28 sys=0.00, real=0.03 secs] 
2026-04-19T13:28:31.972+0530: 304.435: Total time for which application threads were stopped: 0.0269449 seconds, Stopping threads took: 0.0000197 seconds
2026-04-19T13:28:31.972+0530: 304.435: [CMS-concurrent-sweep-start]
2026-04-19T13:28:31.972+0530: 304.436: [CMS-concurrent-sweep: 0.000/0.000 secs] [Times: user=0.00 sys=0.00, real=0.00 secs] 
2026-04-19T13:28:31.972+0530: 304.436: [CMS-concurrent-reset-start]
2026-04-19T13:28:31.972+0530: 304.436: [CMS-concurrent-reset: 0.000/0.000 secs] [Times: user=0.00 sys=0.00, real=0.00 secs] 
2026-04-19T13:28:34.997+0530: 307.460: Total time for which application threads were stopped: 0.0001067 seconds, Stopping threads took: 0.0000302 seconds
2026-04-19T13:28:35.998+0530: 308.461: Total time for which application threads were stopped: 0.0001258 seconds, Stopping threads took: 0.0000347 seconds
2026-04-19T13:28:40.015+0530: 312.478: Total time for which application threads were stopped: 0.0002391 seconds, Stopping threads took: 0.0000681 seconds
2026-04-19T13:28:41.986+0530: 314.449: [GC (CMS Initial Mark) [1 CMS-initial-mark: 55K(64K)] 409189K(471872K), 0.0129461 secs] [Times: user=0.02 sys=0.00, real=0.01 secs] 
2026-04-19T13:28:41.999+0530: 314.462: Total time for which application threads were stopped: 0.0131712 seconds, Stopping threads took: 0.0000376 seconds
2026-04-19T13:28:41.999+0530: 314.462: [CMS-concurrent-mark-start]
2026-04-19T13:28:41.999+0530: 314.463: [CMS-concurrent-mark: 0.000/0.000 secs] [Times: user=0.00 sys=0.00, real=0.00 secs] 
2026-04-19T13:28:42.000+0530: 314.463: [CMS-concurrent-preclean-start]
2026-04-19T13:28:42.000+0530: 314.463: [CMS-concurrent-preclean: 0.000/0.000 secs] [Times: user=0.00 sys=0.00, real=0.00 secs] 
2026-04-19T13:28:42.000+0530: 314.463: [CMS-concurrent-abortable-preclean-start]
2026-04-19T13:28:42.000+0530: 314.463: [CMS-concurrent-abortable-preclean: 0.000/0.000 secs] [Times: user=0.00 sys=0.00, real=0.00 secs] 
2026-04-19T13:28:42.000+0530: 314.463: [GC (CMS Final Remark) [YG occupancy: 409134 K (471808 K)]2026-04-19T13:28:42.000+0530: 314.464: [Rescan (parallel) , 0.0191937 secs]2026-04-19T13:28:42.019+0530: 314.483: [weak refs processing, 0.0000380 secs]2026-04-19T13:28:42.019+0530: 314.483: [class unloading, 0.0077065 secs]2026-04-19T13:28:42.027+0530: 314.491: [scrub symbol table, 0.0037814 secs]2026-04-19T13:28:42.031+0530: 314.494: [scrub string table, 0.0019471 secs][1 CMS-remark: 55K(64K)] 409189K(471872K), 0.0342240 secs] [Times: user=0.02 sys=0.00, real=0.03 secs] 
2026-04-19T13:28:42.034+0530: 314.498: Total time for which application threads were stopped: 0.0343666 seconds, Stopping threads took: 0.0000195 seconds
2026-04-19T13:28:42.034+0530: 314.498: [CMS-concurrent-sweep-start]
2026-04-19T13:28:42.034+0530: 314.498: [CMS-concurrent-sweep: 0.000/0.000 secs] [Times: user=0.00 sys=0.00, real=0.00 secs] 
2026-04-19T13:28:42.034+0530: 314.498: [CMS-concurrent-reset-start]
2026-04-19T13:28:42.034+0530: 314.498: [CMS-concurrent-reset: 0.000/0.000 secs] [Times: user=0.00 sys=0.00, real=0.00 secs] 
2026-04-19T13:28:52.037+0530: 324.500: [GC (CMS Initial Mark) [1 CMS-initial-mark: 55K(64K)] 409189K(471872K), 0.0137930 secs] [Times: user=0.25 sys=0.02, real=0.01 secs] 
2026-04-19T13:28:52.051+0530: 324.514: Total time for which application threads were stopped: 0.0141405 seconds, Stopping threads took: 0.0000729 seconds
2026-04-19T13:28:52.051+0530: 324.514: [CMS-concurrent-mark-start]
2026-04-19T13:28:52.051+0530: 324.514: [CMS-concurrent-mark: 0.000/0.000 secs] [Times: user=0.00 sys=0.00, real=0.00 secs] 
2026-04-19T13:28:52.051+0530: 324.514: [CMS-concurrent-preclean-start]
2026-04-19T13:28:52.052+0530: 324.515: [CMS-concurrent-preclean: 0.000/0.000 secs] [Times: user=0.00 sys=0.00, real=0.00 secs] 
2026-04-19T13:28:52.052+0530: 324.515: [CMS-concurrent-abortable-preclean-start]
2026-04-19T13:28:52.052+0530: 324.515: [CMS-concurrent-abortable-preclean: 0.000/0.000 secs] [Times: user=0.00 sys=0.00, real=0.00 secs] 
2026-04-19T13:28:52.052+0530: 324.515: [GC (CMS Final Remark) [YG occupancy: 409134 K (471808 K)]2026-04-19T13:28:52.052+0530: 324.515: [Rescan (parallel) , 0.0322815 secs]2026-04-19T13:28:52.085+0530: 324.548: [weak refs processing, 0.0000560 secs]2026-04-19T13:28:52.085+0530: 324.548: [class unloading, 0.0112641 secs]2026-04-19T13:28:52.096+0530: 324.559: [scrub symbol table, 0.0047009 secs]2026-04-19T13:28:52.101+0530: 324.564: [scrub string table, 0.0018925 secs][1 CMS-remark: 55K(64K)] 409189K(471872K), 0.0517850 secs] [Times: user=0.30 sys=0.00, real=0.05 secs] 
2026-04-19T13:28:52.104+0530: 324.567: Total time for which application threads were stopped: 0.0519308 seconds, Stopping threads took: 0.0000224 seconds
2026-04-19T13:28:52.105+0530: 324.568: [CMS-concurrent-sweep-start]
2026-04-19T13:28:52.105+0530: 324.568: [CMS-concurrent-sweep: 0.000/0.000 secs] [Times: user=0.00 sys=0.00, real=0.00 secs] 
2026-04-19T13:28:52.105+0530: 324.568: [CMS-concurrent-reset-start]
2026-04-19T13:28:52.105+0530: 324.568: [CMS-concurrent-reset: 0.000/0.000 secs] [Times: user=0.00 sys=0.00, real=0.00 secs] 
2026-04-19T13:29:01.143+0530: 333.607: Total time for which application threads were stopped: 0.0002381 seconds, Stopping threads took: 0.0000574 seconds
2026-04-19T13:29:02.104+0530: 334.568: [GC (CMS Initial Mark) [1 CMS-initial-mark: 55K(64K)] 421141K(471872K), 0.0110705 secs] [Times: user=0.02 sys=0.00, real=0.01 secs] 
2026-04-19T13:29:02.115+0530: 334.579: Total time for which application threads were stopped: 0.0113200 seconds, Stopping threads took: 0.0000567 seconds
2026-04-19T13:29:02.115+0530: 334.579: [CMS-concurrent-mark-start]
2026-04-19T13:29:02.115+0530: 334.579: [CMS-concurrent-mark: 0.000/0.000 secs] [Times: user=0.00 sys=0.00, real=0.00 secs] 
2026-04-19T13:29:02.115+0530: 334.579: [CMS-concurrent-preclean-start]
2026-04-19T13:29:02.116+0530: 334.580: [CMS-concurrent-preclean: 0.000/0.000 secs] [Times: user=0.00 sys=0.00, real=0.00 secs] 
2026-04-19T13:29:02.116+0530: 334.580: [CMS-concurrent-abortable-preclean-start]
2026-04-19T13:29:02.116+0530: 334.580: [CMS-concurrent-abortable-preclean: 0.000/0.000 secs] [Times: user=0.00 sys=0.00, real=0.00 secs] 
2026-04-19T13:29:02.116+0530: 334.580: [GC (CMS Final Remark) [YG occupancy: 421086 K (471808 K)]2026-04-19T13:29:02.116+0530: 334.580: [Rescan (parallel) , 0.0088158 secs]2026-04-19T13:29:02.125+0530: 334.589: [weak refs processing, 0.0000182 secs]2026-04-19T13:29:02.125+0530: 334.589: [class unloading, 0.0035764 secs]2026-04-19T13:29:02.128+0530: 334.592: [scrub symbol table, 0.0016345 secs]2026-04-19T13:29:02.130+0530: 334.594: [scrub string table, 0.0008986 secs][1 CMS-remark: 55K(64K)] 421141K(471872K), 0.0157669 secs] [Times: user=0.19 sys=0.00, real=0.02 secs] 
2026-04-19T13:29:02.132+0530: 334.595: Total time for which application threads were stopped: 0.0158642 seconds, Stopping threads took: 0.0000129 seconds
2026-04-19T13:29:02.133+0530: 334.596: [CMS-concurrent-sweep-start]
2026-04-19T13:29:02.133+0530: 334.596: [CMS-concurrent-sweep: 0.000/0.000 secs] [Times: user=0.00 sys=0.00, real=0.00 secs] 
2026-04-19T13:29:02.133+0530: 334.596: [CMS-concurrent-reset-start]
2026-04-19T13:29:02.133+0530: 334.596: [CMS-concurrent-reset: 0.000/0.000 secs] [Times: user=0.00 sys=0.00, real=0.00 secs] 
2026-04-19T13:29:12.133+0530: 344.596: [GC (CMS Initial Mark) [1 CMS-initial-mark: 55K(64K)] 421287K(471872K), 0.0156125 secs] [Times: user=0.28 sys=0.00, real=0.02 secs] 
2026-04-19T13:29:12.149+0530: 344.612: Total time for which application threads were stopped: 0.0158620 seconds, Stopping threads took: 0.0000543 seconds
2026-04-19T13:29:12.149+0530: 344.612: [CMS-concurrent-mark-start]
2026-04-19T13:29:12.149+0530: 344.612: [CMS-concurrent-mark: 0.000/0.000 secs] [Times: user=0.00 sys=0.00, real=0.00 secs] 
2026-04-19T13:29:12.149+0530: 344.612: [CMS-concurrent-preclean-start]
2026-04-19T13:29:12.149+0530: 344.613: [CMS-concurrent-preclean: 0.000/0.000 secs] [Times: user=0.00 sys=0.00, real=0.00 secs] 
2026-04-19T13:29:12.150+0530: 344.613: [CMS-concurrent-abortable-preclean-start]
2026-04-19T13:29:12.150+0530: 344.613: [CMS-concurrent-abortable-preclean: 0.000/0.000 secs] [Times: user=0.00 sys=0.00, real=0.00 secs] 
2026-04-19T13:29:12.150+0530: 344.613: [GC (CMS Final Remark) [YG occupancy: 421232 K (471808 K)]2026-04-19T13:29:12.150+0530: 344.613: [Rescan (parallel) , 0.0222845 secs]2026-04-19T13:29:12.172+0530: 344.635: [weak refs processing, 0.0000364 secs]2026-04-19T13:29:12.172+0530: 344.635: [class unloading, 0.0085464 secs]2026-04-19T13:29:12.180+0530: 344.644: [scrub symbol table, 0.0041836 secs]2026-04-19T13:29:12.184+0530: 344.648: [scrub string table, 0.0018271 secs][1 CMS-remark: 55K(64K)] 421287K(471872K), 0.0384850 secs] [Times: user=0.30 sys=0.00, real=0.04 secs] 
2026-04-19T13:29:12.188+0530: 344.651: Total time for which application threads were stopped: 0.0386785 seconds, Stopping threads took: 0.0000233 seconds
2026-04-19T13:29:12.188+0530: 344.652: [CMS-concurrent-sweep-start]
2026-04-19T13:29:12.188+0530: 344.652: [CMS-concurrent-sweep: 0.000/0.000 secs] [Times: user=0.00 sys=0.00, real=0.00 secs] 
2026-04-19T13:29:12.188+0530: 344.652: [CMS-concurrent-reset-start]
2026-04-19T13:29:12.188+0530: 344.652: [CMS-concurrent-reset: 0.000/0.000 secs] [Times: user=0.00 sys=0.00, real=0.00 secs] 
2026-04-19T13:29:22.198+0530: 354.661: [GC (CMS Initial Mark) [1 CMS-initial-mark: 55K(64K)] 421472K(471872K), 0.0093959 secs] [Times: user=0.05 sys=0.00, real=0.01 secs] 
2026-04-19T13:29:22.207+0530: 354.670: Total time for which application threads were stopped: 0.0095639 seconds, Stopping threads took: 0.0000297 seconds
2026-04-19T13:29:22.208+0530: 354.671: [CMS-concurrent-mark-start]
2026-04-19T13:29:22.208+0530: 354.671: [CMS-concurrent-mark: 0.000/0.000 secs] [Times: user=0.00 sys=0.00, real=0.00 secs] 
2026-04-19T13:29:22.208+0530: 354.671: [CMS-concurrent-preclean-start]
2026-04-19T13:29:22.208+0530: 354.671: [CMS-concurrent-preclean: 0.000/0.000 secs] [Times: user=0.00 sys=0.00, real=0.00 secs] 
2026-04-19T13:29:22.208+0530: 354.671: [CMS-concurrent-abortable-preclean-start]
2026-04-19T13:29:22.208+0530: 354.671: [CMS-concurrent-abortable-preclean: 0.000/0.000 secs] [Times: user=0.00 sys=0.00, real=0.00 secs] 
2026-04-19T13:29:22.208+0530: 354.671: [GC (CMS Final Remark) [YG occupancy: 421417 K (471808 K)]2026-04-19T13:29:22.208+0530: 354.671: [Rescan (parallel) , 0.0095731 secs]2026-04-19T13:29:22.218+0530: 354.681: [weak refs processing, 0.0000174 secs]2026-04-19T13:29:22.218+0530: 354.681: [class unloading, 0.0032483 secs]2026-04-19T13:29:22.221+0530: 354.684: [scrub symbol table, 0.0015712 secs]2026-04-19T13:29:22.222+0530: 354.686: [scrub string table, 0.0009360 secs][1 CMS-remark: 55K(64K)] 421472K(471872K), 0.0161203 secs] [Times: user=0.28 sys=0.00, real=0.02 secs] 
2026-04-19T13:29:22.224+0530: 354.687: Total time for which application threads were stopped: 0.0162013 seconds, Stopping threads took: 0.0000114 seconds
2026-04-19T13:29:22.224+0530: 354.688: [CMS-concurrent-sweep-start]
2026-04-19T13:29:22.224+0530: 354.688: [CMS-concurrent-sweep: 0.000/0.000 secs] [Times: user=0.00 sys=0.00, real=0.00 secs] 
2026-04-19T13:29:22.224+0530: 354.688: [CMS-concurrent-reset-start]
2026-04-19T13:29:22.224+0530: 354.688: [CMS-concurrent-reset: 0.000/0.000 secs] [Times: user=0.00 sys=0.00, real=0.00 secs] 
2026-04-19T13:29:30.228+0530: 362.691: Total time for which application threads were stopped: 0.0002686 seconds, Stopping threads took: 0.0000711 seconds
2026-04-19T13:29:31.243+0530: 363.706: Total time for which application threads were stopped: 0.0002406 seconds, Stopping threads took: 0.0000637 seconds
2026-04-19T13:29:32.225+0530: 364.689: [GC (CMS Initial Mark) [1 CMS-initial-mark: 55K(64K)] 421665K(471872K), 0.0169497 secs] [Times: user=0.24 sys=0.00, real=0.02 secs] 
2026-04-19T13:29:32.243+0530: 364.706: Total time for which application threads were stopped: 0.0172425 seconds, Stopping threads took: 0.0000872 seconds
2026-04-19T13:29:32.243+0530: 364.706: [CMS-concurrent-mark-start]
2026-04-19T13:29:32.243+0530: 364.706: [CMS-concurrent-mark: 0.000/0.000 secs] [Times: user=0.00 sys=0.00, real=0.00 secs] 
2026-04-19T13:29:32.243+0530: 364.706: [CMS-concurrent-preclean-start]
2026-04-19T13:29:32.243+0530: 364.706: [CMS-concurrent-preclean: 0.000/0.000 secs] [Times: user=0.00 sys=0.00, real=0.00 secs] 
2026-04-19T13:29:32.243+0530: 364.706: [CMS-concurrent-abortable-preclean-start]
2026-04-19T13:29:32.243+0530: 364.706: [CMS-concurrent-abortable-preclean: 0.000/0.000 secs] [Times: user=0.00 sys=0.00, real=0.00 secs] 
2026-04-19T13:29:32.243+0530: 364.707: [GC (CMS Final Remark) [YG occupancy: 421609 K (471808 K)]2026-04-19T13:29:32.244+0530: 364.707: [Rescan (parallel) , 0.0293800 secs]2026-04-19T13:29:32.273+0530: 364.736: [weak refs processing, 0.0000445 secs]2026-04-19T13:29:32.273+0530: 364.736: [class unloading, 0.0072767 secs]2026-04-19T13:29:32.280+0530: 364.743: [scrub symbol table, 0.0041209 secs]2026-04-19T13:29:32.284+0530: 364.747: [scrub string table, 0.0017855 secs][1 CMS-remark: 55K(64K)] 421665K(471872K), 0.0441565 secs] [Times: user=0.30 sys=0.00, real=0.04 secs] 
2026-04-19T13:29:32.287+0530: 364.751: Total time for which application threads were stopped: 0.0443086 seconds, Stopping threads took: 0.0000187 seconds
2026-04-19T13:29:32.288+0530: 364.751: [CMS-concurrent-sweep-start]
2026-04-19T13:29:32.288+0530: 364.751: [CMS-concurrent-sweep: 0.000/0.000 secs] [Times: user=0.00 sys=0.00, real=0.00 secs] 
2026-04-19T13:29:32.288+0530: 364.751: [CMS-concurrent-reset-start]
2026-04-19T13:29:32.288+0530: 364.751: [CMS-concurrent-reset: 0.000/0.000 secs] [Times: user=0.00 sys=0.00, real=0.00 secs] 
2026-04-19T13:29:33.302+0530: 365.765: Total time for which application threads were stopped: 0.0001573 seconds, Stopping threads took: 0.0000822 seconds
2026-04-19T13:29:40.356+0530: 372.819: Total time for which application threads were stopped: 0.0003836 seconds, Stopping threads took: 0.0002375 seconds
2026-04-19T13:29:42.303+0530: 374.766: [GC (CMS Initial Mark) [1 CMS-initial-mark: 55K(64K)] 421943K(471872K), 0.0146617 secs] [Times: user=0.27 sys=0.00, real=0.01 secs] 
2026-04-19T13:29:42.317+0530: 374.781: Total time for which application threads were stopped: 0.0148220 seconds, Stopping threads took: 0.0000313 seconds
2026-04-19T13:29:42.318+0530: 374.781: [CMS-concurrent-mark-start]
2026-04-19T13:29:42.318+0530: 374.781: [CMS-concurrent-mark: 0.000/0.000 secs] [Times: user=0.00 sys=0.00, real=0.00 secs] 
2026-04-19T13:29:42.318+0530: 374.781: [CMS-concurrent-preclean-start]
2026-04-19T13:29:42.319+0530: 374.782: [CMS-concurrent-preclean: 0.001/0.001 secs] [Times: user=0.00 sys=0.00, real=0.00 secs] 
2026-04-19T13:29:42.319+0530: 374.782: [CMS-concurrent-abortable-preclean-start]
2026-04-19T13:29:42.319+0530: 374.782: [CMS-concurrent-abortable-preclean: 0.000/0.000 secs] [Times: user=0.00 sys=0.00, real=0.00 secs] 
2026-04-19T13:29:42.319+0530: 374.782: [GC (CMS Final Remark) [YG occupancy: 421888 K (471808 K)]2026-04-19T13:29:42.319+0530: 374.782: [Rescan (parallel) , 0.0312756 secs]2026-04-19T13:29:42.350+0530: 374.814: [weak refs processing, 0.0000559 secs]2026-04-19T13:29:42.350+0530: 374.814: [class unloading, 0.0098678 secs]2026-04-19T13:29:42.360+0530: 374.824: [scrub symbol table, 0.0043579 secs]2026-04-19T13:29:42.364+0530: 374.828: [scrub string table, 0.0017522 secs][1 CMS-remark: 55K(64K)] 421943K(471872K), 0.0489563 secs] [Times: user=0.30 sys=0.00, real=0.05 secs] 
2026-04-19T13:29:42.368+0530: 374.831: Total time for which application threads were stopped: 0.0491328 seconds, Stopping threads took: 0.0000229 seconds
2026-04-19T13:29:42.369+0530: 374.831: [CMS-concurrent-sweep-start]
2026-04-19T13:29:42.369+0530: 374.832: [CMS-concurrent-sweep: 0.000/0.000 secs] [Times: user=0.00 sys=0.00, real=0.00 secs] 
2026-04-19T13:29:42.369+0530: 374.832: [CMS-concurrent-reset-start]
2026-04-19T13:29:42.369+0530: 374.832: [CMS-concurrent-reset: 0.000/0.000 secs] [Times: user=0.00 sys=0.00, real=0.00 secs] 
2026-04-19T13:29:44.390+0530: 376.853: Total time for which application threads were stopped: 0.0001009 seconds, Stopping threads took: 0.0000309 seconds
2026-04-19T13:29:45.394+0530: 377.857: Total time for which application threads were stopped: 0.0004703 seconds, Stopping threads took: 0.0003312 seconds
2026-04-19T13:29:47.406+0530: 379.869: Total time for which application threads were stopped: 0.0002016 seconds, Stopping threads took: 0.0000560 seconds
2026-04-19T13:29:50.435+0530: 382.898: Total time for which application threads were stopped: 0.0001413 seconds, Stopping threads took: 0.0000412 seconds
2026-04-19T13:29:52.372+0530: 384.835: [GC (CMS Initial Mark) [1 CMS-initial-mark: 55K(64K)] 422251K(471872K), 0.0104371 secs] [Times: user=0.00 sys=0.00, real=0.01 secs] 
2026-04-19T13:29:52.382+0530: 384.846: Total time for which application threads were stopped: 0.0106364 seconds, Stopping threads took: 0.0000321 seconds
2026-04-19T13:29:52.383+0530: 384.846: [CMS-concurrent-mark-start]
2026-04-19T13:29:52.383+0530: 384.846: [CMS-concurrent-mark: 0.000/0.000 secs] [Times: user=0.00 sys=0.00, real=0.00 secs] 
2026-04-19T13:29:52.383+0530: 384.846: [CMS-concurrent-preclean-start]
2026-04-19T13:29:52.383+0530: 384.847: [CMS-concurrent-preclean: 0.000/0.000 secs] [Times: user=0.00 sys=0.00, real=0.00 secs] 
2026-04-19T13:29:52.383+0530: 384.847: [CMS-concurrent-abortable-preclean-start]
2026-04-19T13:29:52.383+0530: 384.847: [CMS-concurrent-abortable-preclean: 0.000/0.000 secs] [Times: user=0.00 sys=0.00, real=0.00 secs] 
2026-04-19T13:29:52.383+0530: 384.847: [GC (CMS Final Remark) [YG occupancy: 422196 K (471808 K)]2026-04-19T13:29:52.383+0530: 384.847: [Rescan (parallel) , 0.0208350 secs]2026-04-19T13:29:52.404+0530: 384.868: [weak refs processing, 0.0000194 secs]2026-04-19T13:29:52.404+0530: 384.868: [class unloading, 0.0052638 secs]2026-04-19T13:29:52.410+0530: 384.873: [scrub symbol table, 0.0047194 secs]2026-04-19T13:29:52.414+0530: 384.878: [scrub string table, 0.0017766 secs][1 CMS-remark: 55K(64K)] 422251K(471872K), 0.0342422 secs] [Times: user=0.26 sys=0.00, real=0.04 secs] 
2026-04-19T13:29:52.418+0530: 384.881: Total time for which application threads were stopped: 0.0343945 seconds, Stopping threads took: 0.0000213 seconds
2026-04-19T13:29:52.418+0530: 384.882: [CMS-concurrent-sweep-start]
2026-04-19T13:29:52.418+0530: 384.882: [CMS-concurrent-sweep: 0.000/0.000 secs] [Times: user=0.00 sys=0.00, real=0.00 secs] 
2026-04-19T13:29:52.418+0530: 384.882: [CMS-concurrent-reset-start]
2026-04-19T13:29:52.418+0530: 384.882: [CMS-concurrent-reset: 0.000/0.000 secs] [Times: user=0.00 sys=0.00, real=0.00 secs] 
2026-04-19T13:30:02.424+0530: 394.887: [GC (CMS Initial Mark) [1 CMS-initial-mark: 55K(64K)] 422622K(471872K), 0.0104992 secs] [Times: user=0.06 sys=0.00, real=0.01 secs] 
2026-04-19T13:30:02.435+0530: 394.898: Total time for which application threads were stopped: 0.0107165 seconds, Stopping threads took: 0.0000389 seconds
2026-04-19T13:30:02.435+0530: 394.898: [CMS-concurrent-mark-start]
2026-04-19T13:30:02.435+0530: 394.899: [CMS-concurrent-mark: 0.000/0.000 secs] [Times: user=0.00 sys=0.00, real=0.00 secs] 
2026-04-19T13:30:02.435+0530: 394.899: [CMS-concurrent-preclean-start]
2026-04-19T13:30:02.436+0530: 394.899: [CMS-concurrent-preclean: 0.001/0.001 secs] [Times: user=0.00 sys=0.00, real=0.00 secs] 
2026-04-19T13:30:02.436+0530: 394.899: [CMS-concurrent-abortable-preclean-start]
2026-04-19T13:30:02.436+0530: 394.899: [CMS-concurrent-abortable-preclean: 0.000/0.000 secs] [Times: user=0.00 sys=0.00, real=0.00 secs] 
2026-04-19T13:30:02.436+0530: 394.900: [GC (CMS Final Remark) [YG occupancy: 422567 K (471808 K)]2026-04-19T13:30:02.436+0530: 394.900: [Rescan (parallel) , 0.0212150 secs]2026-04-19T13:30:02.458+0530: 394.921: [weak refs processing, 0.0000331 secs]2026-04-19T13:30:02.458+0530: 394.921: [class unloading, 0.0092600 secs]2026-04-19T13:30:02.467+0530: 394.930: [scrub symbol table, 0.0060750 secs]2026-04-19T13:30:02.473+0530: 394.936: [scrub string table, 0.0021488 secs][1 CMS-remark: 55K(64K)] 422622K(471872K), 0.0408032 secs] [Times: user=0.23 sys=0.02, real=0.04 secs] 
2026-04-19T13:30:02.477+0530: 394.941: Total time for which application threads were stopped: 0.0410586 seconds, Stopping threads took: 0.0000378 seconds
2026-04-19T13:30:02.477+0530: 394.941: [CMS-concurrent-sweep-start]
2026-04-19T13:30:02.477+0530: 394.941: [CMS-concurrent-sweep: 0.000/0.000 secs] [Times: user=0.00 sys=0.00, real=0.00 secs] 
2026-04-19T13:30:02.477+0530: 394.941: [CMS-concurrent-reset-start]
2026-04-19T13:30:02.477+0530: 394.941: [CMS-concurrent-reset: 0.000/0.000 secs] [Times: user=0.00 sys=0.00, real=0.00 secs] 
2026-04-19T13:30:12.491+0530: 404.954: [GC (CMS Initial Mark) [1 CMS-initial-mark: 55K(64K)] 423008K(471872K), 0.0100950 secs] [Times: user=0.28 sys=0.00, real=0.01 secs] 
2026-04-19T13:30:12.501+0530: 404.965: Total time for which application threads were stopped: 0.0102776 seconds, Stopping threads took: 0.0000292 seconds
2026-04-19T13:30:12.502+0530: 404.965: [CMS-concurrent-mark-start]
2026-04-19T13:30:12.502+0530: 404.965: [CMS-concurrent-mark: 0.000/0.000 secs] [Times: user=0.00 sys=0.00, real=0.00 secs] 
2026-04-19T13:30:12.502+0530: 404.965: [CMS-concurrent-preclean-start]
2026-04-19T13:30:12.502+0530: 404.965: [CMS-concurrent-preclean: 0.000/0.000 secs] [Times: user=0.00 sys=0.00, real=0.00 secs] 
2026-04-19T13:30:12.502+0530: 404.965: [CMS-concurrent-abortable-preclean-start]
2026-04-19T13:30:12.502+0530: 404.965: [CMS-concurrent-abortable-preclean: 0.000/0.000 secs] [Times: user=0.00 sys=0.00, real=0.00 secs] 
2026-04-19T13:30:12.503+0530: 404.966: [GC (CMS Final Remark) [YG occupancy: 422953 K (471808 K)]2026-04-19T13:30:12.503+0530: 404.966: [Rescan (parallel) , 0.0206802 secs]2026-04-19T13:30:12.523+0530: 404.986: [weak refs processing, 0.0000283 secs]2026-04-19T13:30:12.523+0530: 404.987: [class unloading, 0.0060899 secs]2026-04-19T13:30:12.530+0530: 404.993: [scrub symbol table, 0.0040902 secs]2026-04-19T13:30:12.534+0530: 404.997: [scrub string table, 0.0017098 secs][1 CMS-remark: 55K(64K)] 423008K(471872K), 0.0340521 secs] [Times: user=0.28 sys=0.00, real=0.03 secs] 
2026-04-19T13:30:12.537+0530: 405.000: Total time for which application threads were stopped: 0.0342031 seconds, Stopping threads took: 0.0000173 seconds
2026-04-19T13:30:12.537+0530: 405.000: [CMS-concurrent-sweep-start]
2026-04-19T13:30:12.537+0530: 405.000: [CMS-concurrent-sweep: 0.000/0.000 secs] [Times: user=0.00 sys=0.00, real=0.00 secs] 
2026-04-19T13:30:12.537+0530: 405.000: [CMS-concurrent-reset-start]
2026-04-19T13:30:12.537+0530: 405.000: [CMS-concurrent-reset: 0.000/0.000 secs] [Times: user=0.00 sys=0.00, real=0.00 secs] 
2026-04-19T13:30:22.551+0530: 415.014: [GC (CMS Initial Mark) [1 CMS-initial-mark: 55K(64K)] 423383K(471872K), 0.0188449 secs] [Times: user=0.17 sys=0.00, real=0.02 secs] 
2026-04-19T13:30:22.570+0530: 415.033: Total time for which application threads were stopped: 0.0191046 seconds, Stopping threads took: 0.0000386 seconds
2026-04-19T13:30:22.570+0530: 415.033: [CMS-concurrent-mark-start]
2026-04-19T13:30:22.570+0530: 415.033: [CMS-concurrent-mark: 0.000/0.000 secs] [Times: user=0.00 sys=0.00, real=0.00 secs] 
2026-04-19T13:30:22.570+0530: 415.034: [CMS-concurrent-preclean-start]
2026-04-19T13:30:22.571+0530: 415.034: [CMS-concurrent-preclean: 0.001/0.001 secs] [Times: user=0.00 sys=0.00, real=0.00 secs] 
2026-04-19T13:30:22.571+0530: 415.034: [CMS-concurrent-abortable-preclean-start]
2026-04-19T13:30:22.571+0530: 415.034: [CMS-concurrent-abortable-preclean: 0.000/0.000 secs] [Times: user=0.00 sys=0.00, real=0.00 secs] 
2026-04-19T13:30:22.571+0530: 415.034: [GC (CMS Final Remark) [YG occupancy: 423328 K (471808 K)]2026-04-19T13:30:22.571+0530: 415.034: [Rescan (parallel) , 0.0285149 secs]2026-04-19T13:30:22.600+0530: 415.063: [weak refs processing, 0.0000335 secs]2026-04-19T13:30:22.600+0530: 415.063: [class unloading, 0.0062421 secs]2026-04-19T13:30:22.606+0530: 415.069: [scrub symbol table, 0.0041483 secs]2026-04-19T13:30:22.610+0530: 415.073: [scrub string table, 0.0017945 secs][1 CMS-remark: 55K(64K)] 423383K(471872K), 0.0422371 secs] [Times: user=0.30 sys=0.00, real=0.04 secs] 
2026-04-19T13:30:22.614+0530: 415.077: Total time for which application threads were stopped: 0.0424154 seconds, Stopping threads took: 0.0000252 seconds
2026-04-19T13:30:22.614+0530: 415.077: [CMS-concurrent-sweep-start]
2026-04-19T13:30:22.614+0530: 415.077: [CMS-concurrent-sweep: 0.000/0.000 secs] [Times: user=0.00 sys=0.00, real=0.00 secs] 
2026-04-19T13:30:22.614+0530: 415.077: [CMS-concurrent-reset-start]
2026-04-19T13:30:22.614+0530: 415.077: [CMS-concurrent-reset: 0.000/0.000 secs] [Times: user=0.00 sys=0.00, real=0.00 secs] 
2026-04-19T13:30:32.629+0530: 425.092: [GC (CMS Initial Mark) [1 CMS-initial-mark: 55K(64K)] 423775K(471872K), 0.0099722 secs] [Times: user=0.02 sys=0.00, real=0.01 secs] 
2026-04-19T13:30:32.639+0530: 425.102: Total time for which application threads were stopped: 0.0101837 seconds, Stopping threads took: 0.0000507 seconds
2026-04-19T13:30:32.639+0530: 425.102: [CMS-concurrent-mark-start]
2026-04-19T13:30:32.639+0530: 425.102: [CMS-concurrent-mark: 0.000/0.000 secs] [Times: user=0.00 sys=0.00, real=0.00 secs] 
2026-04-19T13:30:32.639+0530: 425.102: [CMS-concurrent-preclean-start]
2026-04-19T13:30:32.640+0530: 425.103: [CMS-concurrent-preclean: 0.000/0.000 secs] [Times: user=0.00 sys=0.00, real=0.00 secs] 
2026-04-19T13:30:32.640+0530: 425.103: [CMS-concurrent-abortable-preclean-start]
2026-04-19T13:30:32.640+0530: 425.103: [CMS-concurrent-abortable-preclean: 0.000/0.000 secs] [Times: user=0.00 sys=0.00, real=0.00 secs] 
2026-04-19T13:30:32.640+0530: 425.103: [GC (CMS Final Remark) [YG occupancy: 423720 K (471808 K)]2026-04-19T13:30:32.640+0530: 425.103: [Rescan (parallel) , 0.0218152 secs]2026-04-19T13:30:32.662+0530: 425.125: [weak refs processing, 0.0000273 secs]2026-04-19T13:30:32.662+0530: 425.125: [class unloading, 0.0060180 secs]2026-04-19T13:30:32.668+0530: 425.131: [scrub symbol table, 0.0040533 secs]2026-04-19T13:30:32.672+0530: 425.135: [scrub string table, 0.0017038 secs][1 CMS-remark: 55K(64K)] 423775K(471872K), 0.0350704 secs] [Times: user=0.30 sys=0.00, real=0.03 secs] 
2026-04-19T13:30:32.675+0530: 425.138: Total time for which application threads were stopped: 0.0352337 seconds, Stopping threads took: 0.0000269 seconds
2026-04-19T13:30:32.675+0530: 425.139: [CMS-concurrent-sweep-start]
2026-04-19T13:30:32.676+0530: 425.139: [CMS-concurrent-sweep: 0.000/0.000 secs] [Times: user=0.00 sys=0.00, real=0.00 secs] 
2026-04-19T13:30:32.676+0530: 425.139: [CMS-concurrent-reset-start]
2026-04-19T13:30:32.676+0530: 425.139: [CMS-concurrent-reset: 0.000/0.000 secs] [Times: user=0.00 sys=0.00, real=0.00 secs] 
2026-04-19T13:30:36.720+0530: 429.184: Total time for which application threads were stopped: 0.0002178 seconds, Stopping threads took: 0.0000723 seconds
2026-04-19T13:30:37.722+0530: 430.185: Total time for which application threads were stopped: 0.0001664 seconds, Stopping threads took: 0.0000423 seconds
2026-04-19T13:30:38.737+0530: 431.201: Total time for which application threads were stopped: 0.0003851 seconds, Stopping threads took: 0.0002505 seconds
2026-04-19T13:30:39.739+0530: 432.202: Total time for which application threads were stopped: 0.0003644 seconds, Stopping threads took: 0.0002404 seconds
{Heap before GC invocations=2 (full 45):
 par new generation   total 471808K, used 471807K [0x00000000e0000000, 0x00000000ffff0000, 0x00000000ffff0000)
  eden space 419392K, 100% used [0x00000000e0000000, 0x00000000f9990000, 0x00000000f9990000)
  from space 52416K,  99% used [0x00000000f9990000, 0x00000000fccbffb8, 0x00000000fccc0000)
  to   space 52416K,   0% used [0x00000000fccc0000, 0x00000000fccc0000, 0x00000000ffff0000)
 concurrent mark-sweep generation total 64K, used 55K [0x00000000ffff0000, 0x0000000100000000, 0x0000000100000000)
 Metaspace       used 41208K, capacity 42400K, committed 42540K, reserved 1085440K
  class space    used 5631K, capacity 5888K, committed 5972K, reserved 1048576K
2026-04-19T13:30:39.773+0530: 432.236: [GC (Allocation Failure) 2026-04-19T13:30:39.773+0530: 432.236: [ParNew: 471807K->471807K(471808K), 0.0000307 secs]2026-04-19T13:30:39.773+0530: 432.236: [CMS: 55K->63K(64K), 0.1204396 secs] 471863K->39938K(471872K), [Metaspace: 41208K->41208K(1085440K)], 0.1206849 secs] [Times: user=0.12 sys=0.00, real=0.12 secs] 
Heap after GC invocations=3 (full 46):
 par new generation   total 471808K, used 39874K [0x00000000e0000000, 0x00000000ffff0000, 0x00000000ffff0000)
  eden space 419392K,   9% used [0x00000000e0000000, 0x00000000e26f0988, 0x00000000f9990000)
  from space 52416K,   0% used [0x00000000f9990000, 0x00000000f9990000, 0x00000000fccc0000)
  to   space 52416K,   0% used [0x00000000fccc0000, 0x00000000fccc0000, 0x00000000ffff0000)
 concurrent mark-sweep generation total 64K, used 63K [0x00000000ffff0000, 0x0000000100000000, 0x0000000100000000)
 Metaspace       used 41125K, capacity 42258K, committed 42540K, reserved 1085440K
  class space    used 5615K, capacity 5859K, committed 5972K, reserved 1048576K
}
2026-04-19T13:30:39.894+0530: 432.357: Total time for which application threads were stopped: 0.1209327 seconds, Stopping threads took: 0.0000362 seconds
2026-04-19T13:30:39.895+0530: 432.357: [GC (CMS Initial Mark) [1 CMS-initial-mark: 63K(64K)] 47992K(471872K), 0.0106728 secs] [Times: user=0.02 sys=0.00, real=0.01 secs] 
2026-04-19T13:30:39.905+0530: 432.368: Total time for which application threads were stopped: 0.0111980 seconds, Stopping threads took: 0.0003226 seconds
2026-04-19T13:30:39.905+0530: 432.368: [CMS-concurrent-mark-start]
2026-04-19T13:30:39.906+0530: 432.369: [CMS-concurrent-mark: 0.001/0.001 secs] [Times: user=0.00 sys=0.00, real=0.00 secs] 
2026-04-19T13:30:39.906+0530: 432.369: [CMS-concurrent-preclean-start]
2026-04-19T13:30:39.906+0530: 432.369: [CMS-concurrent-preclean: 0.000/0.000 secs] [Times: user=0.00 sys=0.00, real=0.00 secs] 
2026-04-19T13:30:39.906+0530: 432.369: [CMS-concurrent-abortable-preclean-start]
2026-04-19T13:30:39.906+0530: 432.370: [CMS-concurrent-abortable-preclean: 0.000/0.000 secs] [Times: user=0.00 sys=0.00, real=0.00 secs] 
2026-04-19T13:30:39.906+0530: 432.370: [GC (CMS Final Remark) [YG occupancy: 54216 K (471808 K)]2026-04-19T13:30:39.906+0530: 432.370: [Rescan (parallel) , 0.0245411 secs]2026-04-19T13:30:39.932+0530: 432.395: [weak refs processing, 0.0000265 secs]2026-04-19T13:30:39.932+0530: 432.395: [class unloading, 0.0061023 secs]2026-04-19T13:30:39.938+0530: 432.401: [scrub symbol table, 0.0041481 secs]2026-04-19T13:30:39.942+0530: 432.405: [scrub string table, 0.0017871 secs][1 CMS-remark: 63K(64K)] 54280K(471872K), 0.0381826 secs] [Times: user=0.26 sys=0.00, real=0.04 secs] 
2026-04-19T13:30:39.945+0530: 432.408: Total time for which application threads were stopped: 0.0386305 seconds, Stopping threads took: 0.0002728 seconds
2026-04-19T13:30:39.946+0530: 432.409: [CMS-concurrent-sweep-start]
2026-04-19T13:30:39.946+0530: 432.409: [CMS-concurrent-sweep: 0.000/0.000 secs] [Times: user=0.00 sys=0.00, real=0.00 secs] 
2026-04-19T13:30:39.946+0530: 432.409: [CMS-concurrent-reset-start]
2026-04-19T13:30:39.946+0530: 432.409: [CMS-concurrent-reset: 0.000/0.000 secs] [Times: user=0.00 sys=0.00, real=0.00 secs] 
2026-04-19T13:30:40.959+0530: 433.423: Total time for which application threads were stopped: 0.0002047 seconds, Stopping threads took: 0.0000570 seconds
2026-04-19T13:30:42.973+0530: 435.436: Total time for which application threads were stopped: 0.0001702 seconds, Stopping threads took: 0.0000559 seconds
2026-04-19T13:30:49.949+0530: 442.412: [GC (CMS Initial Mark) [1 CMS-initial-mark: 63K(64K)] 63690K(471872K), 0.0125138 secs] [Times: user=0.00 sys=0.00, real=0.01 secs] 
2026-04-19T13:30:49.961+0530: 442.425: Total time for which application threads were stopped: 0.0126753 seconds, Stopping threads took: 0.0000249 seconds
2026-04-19T13:30:49.961+0530: 442.425: [CMS-concurrent-mark-start]
2026-04-19T13:30:49.962+0530: 442.425: [CMS-concurrent-mark: 0.000/0.000 secs] [Times: user=0.00 sys=0.00, real=0.00 secs] 
2026-04-19T13:30:49.962+0530: 442.425: [CMS-concurrent-preclean-start]
2026-04-19T13:30:49.962+0530: 442.425: [CMS-concurrent-preclean: 0.000/0.000 secs] [Times: user=0.00 sys=0.00, real=0.00 secs] 
2026-04-19T13:30:49.962+0530: 442.425: [CMS-concurrent-abortable-preclean-start]
2026-04-19T13:30:49.962+0530: 442.425: [CMS-concurrent-abortable-preclean: 0.000/0.000 secs] [Times: user=0.00 sys=0.00, real=0.00 secs] 
2026-04-19T13:30:49.963+0530: 442.426: [GC (CMS Final Remark) [YG occupancy: 63626 K (471808 K)]2026-04-19T13:30:49.963+0530: 442.426: [Rescan (parallel) , 0.0197539 secs]2026-04-19T13:30:49.982+0530: 442.446: [weak refs processing, 0.0000303 secs]2026-04-19T13:30:49.982+0530: 442.446: [class unloading, 0.0067397 secs]2026-04-19T13:30:49.989+0530: 442.452: [scrub symbol table, 0.0036395 secs]2026-04-19T13:30:49.993+0530: 442.456: [scrub string table, 0.0015845 secs][1 CMS-remark: 63K(64K)] 63690K(471872K), 0.0332077 secs] [Times: user=0.25 sys=0.02, real=0.03 secs] 
2026-04-19T13:30:49.996+0530: 442.459: Total time for which application threads were stopped: 0.0333993 seconds, Stopping threads took: 0.0000301 seconds
2026-04-19T13:30:49.996+0530: 442.459: [CMS-concurrent-sweep-start]
2026-04-19T13:30:49.996+0530: 442.459: [CMS-concurrent-sweep: 0.000/0.000 secs] [Times: user=0.00 sys=0.00, real=0.00 secs] 
2026-04-19T13:30:49.996+0530: 442.459: [CMS-concurrent-reset-start]
2026-04-19T13:30:49.996+0530: 442.459: [CMS-concurrent-reset: 0.000/0.000 secs] [Times: user=0.00 sys=0.00, real=0.00 secs] 
2026-04-19T13:30:59.996+0530: 452.459: [GC (CMS Initial Mark) [1 CMS-initial-mark: 63K(64K)] 63690K(471872K), 0.0158775 secs] [Times: user=0.01 sys=0.00, real=0.02 secs] 
2026-04-19T13:31:00.012+0530: 452.475: Total time for which application threads were stopped: 0.0161964 seconds, Stopping threads took: 0.0000532 seconds
2026-04-19T13:31:00.012+0530: 452.475: [CMS-concurrent-mark-start]
2026-04-19T13:31:00.012+0530: 452.476: [CMS-concurrent-mark: 0.000/0.000 secs] [Times: user=0.00 sys=0.00, real=0.00 secs] 
2026-04-19T13:31:00.012+0530: 452.476: [CMS-concurrent-preclean-start]
2026-04-19T13:31:00.013+0530: 452.476: [CMS-concurrent-preclean: 0.001/0.001 secs] [Times: user=0.00 sys=0.00, real=0.00 secs] 
2026-04-19T13:31:00.013+0530: 452.476: [CMS-concurrent-abortable-preclean-start]
2026-04-19T13:31:00.013+0530: 452.476: [CMS-concurrent-abortable-preclean: 0.000/0.000 secs] [Times: user=0.00 sys=0.00, real=0.00 secs] 
2026-04-19T13:31:00.013+0530: 452.476: [GC (CMS Final Remark) [YG occupancy: 63626 K (471808 K)]2026-04-19T13:31:00.013+0530: 452.477: [Rescan (parallel) , 0.0149407 secs]2026-04-19T13:31:00.029+0530: 452.492: [weak refs processing, 0.0000279 secs]2026-04-19T13:31:00.029+0530: 452.492: [class unloading, 0.0065390 secs]2026-04-19T13:31:00.035+0530: 452.498: [scrub symbol table, 0.0037786 secs]2026-04-19T13:31:00.039+0530: 452.502: [scrub string table, 0.0016150 secs][1 CMS-remark: 63K(64K)] 63690K(471872K), 0.0284018 secs] [Times: user=0.00 sys=0.00, real=0.03 secs] 
2026-04-19T13:31:00.042+0530: 452.505: Total time for which application threads were stopped: 0.0285709 seconds, Stopping threads took: 0.0000220 seconds
2026-04-19T13:31:00.042+0530: 452.505: [CMS-concurrent-sweep-start]
2026-04-19T13:31:00.042+0530: 452.505: [CMS-concurrent-sweep: 0.000/0.000 secs] [Times: user=0.00 sys=0.00, real=0.00 secs] 
2026-04-19T13:31:00.042+0530: 452.505: [CMS-concurrent-reset-start]
2026-04-19T13:31:00.042+0530: 452.505: [CMS-concurrent-reset: 0.000/0.000 secs] [Times: user=0.00 sys=0.00, real=0.00 secs] 
2026-04-19T13:31:02.071+0530: 454.534: Total time for which application threads were stopped: 0.0001987 seconds, Stopping threads took: 0.0000649 seconds
2026-04-19T13:31:10.053+0530: 462.517: [GC (CMS Initial Mark) [1 CMS-initial-mark: 63K(64K)] 66460K(471872K), 0.0135189 secs] [Times: user=0.02 sys=0.00, real=0.01 secs] 
2026-04-19T13:31:10.067+0530: 462.530: Total time for which application threads were stopped: 0.0138184 seconds, Stopping threads took: 0.0000617 seconds
2026-04-19T13:31:10.067+0530: 462.531: [CMS-concurrent-mark-start]
2026-04-19T13:31:10.067+0530: 462.531: [CMS-concurrent-mark: 0.000/0.000 secs] [Times: user=0.00 sys=0.00, real=0.00 secs] 
2026-04-19T13:31:10.067+0530: 462.531: [CMS-concurrent-preclean-start]
2026-04-19T13:31:10.067+0530: 462.531: [CMS-concurrent-preclean: 0.000/0.000 secs] [Times: user=0.00 sys=0.00, real=0.00 secs] 
2026-04-19T13:31:10.067+0530: 462.531: [CMS-concurrent-abortable-preclean-start]
2026-04-19T13:31:10.067+0530: 462.531: [CMS-concurrent-abortable-preclean: 0.000/0.000 secs] [Times: user=0.00 sys=0.00, real=0.00 secs] 
2026-04-19T13:31:10.068+0530: 462.532: [GC (CMS Final Remark) [YG occupancy: 66396 K (471808 K)]2026-04-19T13:31:10.068+0530: 462.532: [Rescan (parallel) , 0.0179666 secs]2026-04-19T13:31:10.086+0530: 462.550: [weak refs processing, 0.0000497 secs]2026-04-19T13:31:10.086+0530: 462.550: [class unloading, 0.0088283 secs]2026-04-19T13:31:10.095+0530: 462.559: [scrub symbol table, 0.0041491 secs]2026-04-19T13:31:10.099+0530: 462.563: [scrub string table, 0.0017977 secs][1 CMS-remark: 63K(64K)] 66460K(471872K), 0.0343380 secs] [Times: user=0.17 sys=0.00, real=0.03 secs] 
2026-04-19T13:31:10.102+0530: 462.566: Total time for which application threads were stopped: 0.0344716 seconds, Stopping threads took: 0.0000141 seconds
2026-04-19T13:31:10.102+0530: 462.566: [CMS-concurrent-sweep-start]
2026-04-19T13:31:10.102+0530: 462.566: [CMS-concurrent-sweep: 0.000/0.000 secs] [Times: user=0.00 sys=0.00, real=0.00 secs] 
2026-04-19T13:31:10.102+0530: 462.566: [CMS-concurrent-reset-start]
2026-04-19T13:31:10.102+0530: 462.566: [CMS-concurrent-reset: 0.000/0.000 secs] [Times: user=0.00 sys=0.00, real=0.00 secs] 
2026-04-19T13:31:12.130+0530: 464.593: Total time for which application threads were stopped: 0.0001721 seconds, Stopping threads took: 0.0000582 seconds
2026-04-19T13:31:16.168+0530: 468.631: Total time for which application threads were stopped: 0.0002949 seconds, Stopping threads took: 0.0000895 seconds
2026-04-19T13:31:20.116+0530: 472.579: [GC (CMS Initial Mark) [1 CMS-initial-mark: 63K(64K)] 66460K(471872K), 0.0118752 secs] [Times: user=0.01 sys=0.00, real=0.01 secs] 
2026-04-19T13:31:20.128+0530: 472.591: Total time for which application threads were stopped: 0.0120879 seconds, Stopping threads took: 0.0000357 seconds
2026-04-19T13:31:20.128+0530: 472.591: [CMS-concurrent-mark-start]
2026-04-19T13:31:20.128+0530: 472.592: [CMS-concurrent-mark: 0.000/0.000 secs] [Times: user=0.00 sys=0.00, real=0.00 secs] 
2026-04-19T13:31:20.128+0530: 472.592: [CMS-concurrent-preclean-start]
2026-04-19T13:31:20.128+0530: 472.592: [CMS-concurrent-preclean: 0.000/0.000 secs] [Times: user=0.00 sys=0.00, real=0.00 secs] 
2026-04-19T13:31:20.128+0530: 472.592: [CMS-concurrent-abortable-preclean-start]
2026-04-19T13:31:20.128+0530: 472.592: [CMS-concurrent-abortable-preclean: 0.000/0.000 secs] [Times: user=0.00 sys=0.00, real=0.00 secs] 
2026-04-19T13:31:20.129+0530: 472.592: [GC (CMS Final Remark) [YG occupancy: 66396 K (471808 K)]2026-04-19T13:31:20.129+0530: 472.592: [Rescan (parallel) , 0.0192730 secs]2026-04-19T13:31:20.148+0530: 472.612: [weak refs processing, 0.0000356 secs]2026-04-19T13:31:20.148+0530: 472.612: [class unloading, 0.0092225 secs]2026-04-19T13:31:20.158+0530: 472.621: [scrub symbol table, 0.0054416 secs]2026-04-19T13:31:20.163+0530: 472.627: [scrub string table, 0.0018592 secs][1 CMS-remark: 63K(64K)] 66460K(471872K), 0.0375026 secs] [Times: user=0.06 sys=0.00, real=0.04 secs] 
2026-04-19T13:31:20.166+0530: 472.630: Total time for which application threads were stopped: 0.0376898 seconds, Stopping threads took: 0.0000158 seconds
2026-04-19T13:31:20.167+0530: 472.630: [CMS-concurrent-sweep-start]
2026-04-19T13:31:20.167+0530: 472.630: [CMS-concurrent-sweep: 0.000/0.000 secs] [Times: user=0.00 sys=0.00, real=0.00 secs] 
2026-04-19T13:31:20.167+0530: 472.630: [CMS-concurrent-reset-start]
2026-04-19T13:31:20.167+0530: 472.630: [CMS-concurrent-reset: 0.000/0.000 secs] [Times: user=0.00 sys=0.00, real=0.00 secs] 
2026-04-19T13:31:22.193+0530: 474.656: Total time for which application threads were stopped: 0.0001355 seconds, Stopping threads took: 0.0000494 seconds
2026-04-19T13:31:30.180+0530: 482.643: [GC (CMS Initial Mark) [1 CMS-initial-mark: 63K(64K)] 77278K(471872K), 0.0164890 secs] [Times: user=0.03 sys=0.00, real=0.02 secs] 
2026-04-19T13:31:30.197+0530: 482.660: Total time for which application threads were stopped: 0.0168119 seconds, Stopping threads took: 0.0000724 seconds
2026-04-19T13:31:30.197+0530: 482.660: [CMS-concurrent-mark-start]
2026-04-19T13:31:30.197+0530: 482.661: [CMS-concurrent-mark: 0.001/0.001 secs] [Times: user=0.00 sys=0.00, real=0.00 secs] 
2026-04-19T13:31:30.197+0530: 482.661: [CMS-concurrent-preclean-start]
2026-04-19T13:31:30.197+0530: 482.661: [CMS-concurrent-preclean: 0.000/0.000 secs] [Times: user=0.00 sys=0.00, real=0.00 secs] 
2026-04-19T13:31:30.197+0530: 482.661: [CMS-concurrent-abortable-preclean-start]
2026-04-19T13:31:30.197+0530: 482.661: [CMS-concurrent-abortable-preclean: 0.000/0.000 secs] [Times: user=0.00 sys=0.00, real=0.00 secs] 
2026-04-19T13:31:30.198+0530: 482.661: [GC (CMS Final Remark) [YG occupancy: 77215 K (471808 K)]2026-04-19T13:31:30.198+0530: 482.661: [Rescan (parallel) , 0.0150201 secs]2026-04-19T13:31:30.213+0530: 482.676: [weak refs processing, 0.0000439 secs]2026-04-19T13:31:30.213+0530: 482.676: [class unloading, 0.0093271 secs]2026-04-19T13:31:30.222+0530: 482.686: [scrub symbol table, 0.0044632 secs]2026-04-19T13:31:30.227+0530: 482.690: [scrub string table, 0.0017926 secs][1 CMS-remark: 63K(64K)] 77278K(471872K), 0.0323791 secs] [Times: user=0.05 sys=0.00, real=0.03 secs] 
2026-04-19T13:31:30.230+0530: 482.694: Total time for which application threads were stopped: 0.0325249 seconds, Stopping threads took: 0.0000174 seconds
2026-04-19T13:31:30.230+0530: 482.694: [CMS-concurrent-sweep-start]
2026-04-19T13:31:30.230+0530: 482.694: [CMS-concurrent-sweep: 0.000/0.000 secs] [Times: user=0.00 sys=0.00, real=0.00 secs] 
2026-04-19T13:31:30.230+0530: 482.694: [CMS-concurrent-reset-start]
2026-04-19T13:31:30.230+0530: 482.694: [CMS-concurrent-reset: 0.000/0.000 secs] [Times: user=0.00 sys=0.00, real=0.00 secs] 
2026-04-19T13:31:32.245+0530: 484.708: Total time for which application threads were stopped: 0.0002953 seconds, Stopping threads took: 0.0000885 seconds
2026-04-19T13:31:38.301+0530: 490.764: Total time for which application threads were stopped: 0.0002211 seconds, Stopping threads took: 0.0000542 seconds
2026-04-19T13:31:40.235+0530: 492.698: [GC (CMS Initial Mark) [1 CMS-initial-mark: 63K(64K)] 77623K(471872K), 0.0165550 secs] [Times: user=0.02 sys=0.00, real=0.02 secs] 
2026-04-19T13:31:40.252+0530: 492.715: Total time for which application threads were stopped: 0.0168583 seconds, Stopping threads took: 0.0000492 seconds
2026-04-19T13:31:40.252+0530: 492.715: [CMS-concurrent-mark-start]
2026-04-19T13:31:40.252+0530: 492.715: [CMS-concurrent-mark: 0.000/0.000 secs] [Times: user=0.00 sys=0.00, real=0.00 secs] 
2026-04-19T13:31:40.252+0530: 492.715: [CMS-concurrent-preclean-start]
2026-04-19T13:31:40.252+0530: 492.715: [CMS-concurrent-preclean: 0.000/0.000 secs] [Times: user=0.00 sys=0.00, real=0.00 secs] 
2026-04-19T13:31:40.252+0530: 492.715: [CMS-concurrent-abortable-preclean-start]
2026-04-19T13:31:40.252+0530: 492.715: [CMS-concurrent-abortable-preclean: 0.000/0.000 secs] [Times: user=0.00 sys=0.00, real=0.00 secs] 
2026-04-19T13:31:40.253+0530: 492.716: [GC (CMS Final Remark) [YG occupancy: 77560 K (471808 K)]2026-04-19T13:31:40.253+0530: 492.716: [Rescan (parallel) , 0.0146472 secs]2026-04-19T13:31:40.267+0530: 492.730: [weak refs processing, 0.0000243 secs]2026-04-19T13:31:40.267+0530: 492.730: [class unloading, 0.0073431 secs]2026-04-19T13:31:40.275+0530: 492.738: [scrub symbol table, 0.0041773 secs]2026-04-19T13:31:40.279+0530: 492.742: [scrub string table, 0.0018119 secs][1 CMS-remark: 63K(64K)] 77623K(471872K), 0.0295694 secs] [Times: user=0.03 sys=0.00, real=0.03 secs] 
2026-04-19T13:31:40.282+0530: 492.745: Total time for which application threads were stopped: 0.0297483 seconds, Stopping threads took: 0.0000294 seconds
2026-04-19T13:31:40.283+0530: 492.746: [CMS-concurrent-sweep-start]
2026-04-19T13:31:40.283+0530: 492.746: [CMS-concurrent-sweep: 0.000/0.000 secs] [Times: user=0.00 sys=0.00, real=0.00 secs] 
2026-04-19T13:31:40.283+0530: 492.746: [CMS-concurrent-reset-start]
2026-04-19T13:31:40.283+0530: 492.746: [CMS-concurrent-reset: 0.000/0.000 secs] [Times: user=0.00 sys=0.00, real=0.00 secs] 
2026-04-19T13:31:50.294+0530: 502.757: [GC (CMS Initial Mark) [1 CMS-initial-mark: 63K(64K)] 77623K(471872K), 0.0139590 secs] [Times: user=0.02 sys=0.00, real=0.01 secs] 
2026-04-19T13:31:50.308+0530: 502.771: Total time for which application threads were stopped: 0.0144040 seconds, Stopping threads took: 0.0001952 seconds
2026-04-19T13:31:50.308+0530: 502.771: [CMS-concurrent-mark-start]
2026-04-19T13:31:50.309+0530: 502.772: [CMS-concurrent-mark: 0.001/0.001 secs] [Times: user=0.00 sys=0.00, real=0.00 secs] 
2026-04-19T13:31:50.309+0530: 502.772: [CMS-concurrent-preclean-start]
2026-04-19T13:31:50.309+0530: 502.772: [CMS-concurrent-preclean: 0.000/0.000 secs] [Times: user=0.00 sys=0.00, real=0.00 secs] 
2026-04-19T13:31:50.309+0530: 502.772: [CMS-concurrent-abortable-preclean-start]
2026-04-19T13:31:50.309+0530: 502.772: [CMS-concurrent-abortable-preclean: 0.000/0.000 secs] [Times: user=0.00 sys=0.00, real=0.00 secs] 
2026-04-19T13:31:50.310+0530: 502.773: [GC (CMS Final Remark) [YG occupancy: 77560 K (471808 K)]2026-04-19T13:31:50.310+0530: 502.773: [Rescan (parallel) , 0.0156925 secs]2026-04-19T13:31:50.325+0530: 502.788: [weak refs processing, 0.0000371 secs]2026-04-19T13:31:50.325+0530: 502.788: [class unloading, 0.0081526 secs]2026-04-19T13:31:50.333+0530: 502.797: [scrub symbol table, 0.0041775 secs]2026-04-19T13:31:50.337+0530: 502.801: [scrub string table, 0.0017351 secs][1 CMS-remark: 63K(64K)] 77623K(471872K), 0.0313676 secs] [Times: user=0.00 sys=0.02, real=0.03 secs] 
2026-04-19T13:31:50.341+0530: 502.804: Total time for which application threads were stopped: 0.0315448 seconds, Stopping threads took: 0.0000201 seconds
2026-04-19T13:31:50.341+0530: 502.804: [CMS-concurrent-sweep-start]
2026-04-19T13:31:50.341+0530: 502.804: [CMS-concurrent-sweep: 0.000/0.000 secs] [Times: user=0.00 sys=0.00, real=0.00 secs] 
2026-04-19T13:31:50.341+0530: 502.804: [CMS-concurrent-reset-start]
2026-04-19T13:31:50.341+0530: 502.804: [CMS-concurrent-reset: 0.000/0.000 secs] [Times: user=0.00 sys=0.00, real=0.00 secs] 
2026-04-19T13:32:00.342+0530: 512.806: [GC (CMS Initial Mark) [1 CMS-initial-mark: 63K(64K)] 77777K(471872K), 0.0171362 secs] [Times: user=0.01 sys=0.00, real=0.02 secs] 
2026-04-19T13:32:00.359+0530: 512.823: Total time for which application threads were stopped: 0.0174745 seconds, Stopping threads took: 0.0000654 seconds
2026-04-19T13:32:00.359+0530: 512.823: [CMS-concurrent-mark-start]
2026-04-19T13:32:00.360+0530: 512.823: [CMS-concurrent-mark: 0.000/0.000 secs] [Times: user=0.00 sys=0.00, real=0.00 secs] 
2026-04-19T13:32:00.360+0530: 512.823: [CMS-concurrent-preclean-start]
2026-04-19T13:32:00.360+0530: 512.824: [CMS-concurrent-preclean: 0.000/0.000 secs] [Times: user=0.00 sys=0.00, real=0.00 secs] 
2026-04-19T13:32:00.360+0530: 512.824: [CMS-concurrent-abortable-preclean-start]
2026-04-19T13:32:00.360+0530: 512.824: [CMS-concurrent-abortable-preclean: 0.000/0.000 secs] [Times: user=0.00 sys=0.00, real=0.00 secs] 
2026-04-19T13:32:00.361+0530: 512.824: [GC (CMS Final Remark) [YG occupancy: 77713 K (471808 K)]2026-04-19T13:32:00.361+0530: 512.824: [Rescan (parallel) , 0.0283010 secs]2026-04-19T13:32:00.389+0530: 512.852: [weak refs processing, 0.0000376 secs]2026-04-19T13:32:00.389+0530: 512.852: [class unloading, 0.0095449 secs]2026-04-19T13:32:00.399+0530: 512.862: [scrub symbol table, 0.0045405 secs]2026-04-19T13:32:00.403+0530: 512.867: [scrub string table, 0.0017871 secs][1 CMS-remark: 63K(64K)] 77777K(471872K), 0.0458516 secs] [Times: user=0.14 sys=0.00, real=0.05 secs] 
2026-04-19T13:32:00.407+0530: 512.870: Total time for which application threads were stopped: 0.0460156 seconds, Stopping threads took: 0.0000245 seconds
2026-04-19T13:32:00.407+0530: 512.870: [CMS-concurrent-sweep-start]
2026-04-19T13:32:00.407+0530: 512.870: [CMS-concurrent-sweep: 0.000/0.000 secs] [Times: user=0.00 sys=0.00, real=0.00 secs] 
2026-04-19T13:32:00.407+0530: 512.870: [CMS-concurrent-reset-start]
2026-04-19T13:32:00.407+0530: 512.870: [CMS-concurrent-reset: 0.000/0.000 secs] [Times: user=0.00 sys=0.00, real=0.00 secs] 
2026-04-19T13:32:10.417+0530: 522.881: [GC (CMS Initial Mark) [1 CMS-initial-mark: 63K(64K)] 78077K(471872K), 0.0144630 secs] [Times: user=0.00 sys=0.00, real=0.01 secs] 
2026-04-19T13:32:10.432+0530: 522.895: Total time for which application threads were stopped: 0.0147618 seconds, Stopping threads took: 0.0000599 seconds
2026-04-19T13:32:10.432+0530: 522.895: [CMS-concurrent-mark-start]
2026-04-19T13:32:10.433+0530: 522.896: [CMS-concurrent-mark: 0.001/0.001 secs] [Times: user=0.02 sys=0.02, real=0.00 secs] 
2026-04-19T13:32:10.433+0530: 522.896: [CMS-concurrent-preclean-start]
2026-04-19T13:32:10.433+0530: 522.897: [CMS-concurrent-preclean: 0.000/0.000 secs] [Times: user=0.00 sys=0.00, real=0.00 secs] 
2026-04-19T13:32:10.433+0530: 522.897: [CMS-concurrent-abortable-preclean-start]
2026-04-19T13:32:10.433+0530: 522.897: [CMS-concurrent-abortable-preclean: 0.000/0.000 secs] [Times: user=0.00 sys=0.00, real=0.00 secs] 
2026-04-19T13:32:10.433+0530: 522.897: [GC (CMS Final Remark) [YG occupancy: 78014 K (471808 K)]2026-04-19T13:32:10.434+0530: 522.897: [Rescan (parallel) , 0.0166680 secs]2026-04-19T13:32:10.450+0530: 522.914: [weak refs processing, 0.0000262 secs]2026-04-19T13:32:10.450+0530: 522.914: [class unloading, 0.0054100 secs]2026-04-19T13:32:10.456+0530: 522.919: [scrub symbol table, 0.0034860 secs]2026-04-19T13:32:10.459+0530: 522.923: [scrub string table, 0.0015474 secs][1 CMS-remark: 63K(64K)] 78077K(471872K), 0.0285711 secs] [Times: user=0.02 sys=0.00, real=0.03 secs] 
2026-04-19T13:32:10.462+0530: 522.926: Total time for which application threads were stopped: 0.0287487 seconds, Stopping threads took: 0.0000294 seconds
2026-04-19T13:32:10.462+0530: 522.926: [CMS-concurrent-sweep-start]
2026-04-19T13:32:10.462+0530: 522.926: [CMS-concurrent-sweep: 0.000/0.000 secs] [Times: user=0.00 sys=0.00, real=0.00 secs] 
2026-04-19T13:32:10.462+0530: 522.926: [CMS-concurrent-reset-start]
2026-04-19T13:32:10.462+0530: 522.926: [CMS-concurrent-reset: 0.000/0.000 secs] [Times: user=0.00 sys=0.00, real=0.00 secs] 
2026-04-19T13:32:11.467+0530: 523.931: Total time for which application threads were stopped: 0.0003883 seconds, Stopping threads took: 0.0000921 seconds
2026-04-19T13:32:14.499+0530: 526.962: Total time for which application threads were stopped: 0.0002063 seconds, Stopping threads took: 0.0000574 seconds
2026-04-19T13:32:17.534+0530: 529.997: Total time for which application threads were stopped: 0.0002272 seconds, Stopping threads took: 0.0000668 seconds
2026-04-19T13:32:18.546+0530: 531.009: Total time for which application threads were stopped: 0.0003030 seconds, Stopping threads took: 0.0000969 seconds
2026-04-19T13:32:20.469+0530: 532.932: [GC (CMS Initial Mark) [1 CMS-initial-mark: 63K(64K)] 79499K(471872K), 0.0141687 secs] [Times: user=0.01 sys=0.00, real=0.01 secs] 
2026-04-19T13:32:20.483+0530: 532.946: Total time for which application threads were stopped: 0.0144073 seconds, Stopping threads took: 0.0000406 seconds
2026-04-19T13:32:20.483+0530: 532.946: [CMS-concurrent-mark-start]
2026-04-19T13:32:20.484+0530: 532.947: [CMS-concurrent-mark: 0.001/0.001 secs] [Times: user=0.00 sys=0.00, real=0.00 secs] 
2026-04-19T13:32:20.484+0530: 532.947: [CMS-concurrent-preclean-start]
2026-04-19T13:32:20.484+0530: 532.947: [CMS-concurrent-preclean: 0.000/0.000 secs] [Times: user=0.00 sys=0.00, real=0.00 secs] 
2026-04-19T13:32:20.484+0530: 532.947: [CMS-concurrent-abortable-preclean-start]
2026-04-19T13:32:20.484+0530: 532.947: [CMS-concurrent-abortable-preclean: 0.000/0.000 secs] [Times: user=0.00 sys=0.00, real=0.00 secs] 
2026-04-19T13:32:20.484+0530: 532.948: [GC (CMS Final Remark) [YG occupancy: 79435 K (471808 K)]2026-04-19T13:32:20.484+0530: 532.948: [Rescan (parallel) , 0.0156491 secs]2026-04-19T13:32:20.500+0530: 532.964: [weak refs processing, 0.0000406 secs]2026-04-19T13:32:20.500+0530: 532.964: [class unloading, 0.0088800 secs]2026-04-19T13:32:20.509+0530: 532.972: [scrub symbol table, 0.0040905 secs]2026-04-19T13:32:20.513+0530: 532.977: [scrub string table, 0.0016973 secs][1 CMS-remark: 63K(64K)] 79499K(471872K), 0.0319193 secs] [Times: user=0.03 sys=0.00, real=0.03 secs] 
2026-04-19T13:32:20.516+0530: 532.980: Total time for which application threads were stopped: 0.0320717 seconds, Stopping threads took: 0.0000243 seconds
2026-04-19T13:32:20.516+0530: 532.980: [CMS-concurrent-sweep-start]
2026-04-19T13:32:20.516+0530: 532.980: [CMS-concurrent-sweep: 0.000/0.000 secs] [Times: user=0.00 sys=0.00, real=0.00 secs] 
2026-04-19T13:32:20.517+0530: 532.980: [CMS-concurrent-reset-start]
2026-04-19T13:32:20.517+0530: 532.980: [CMS-concurrent-reset: 0.000/0.000 secs] [Times: user=0.00 sys=0.00, real=0.00 secs] 
2026-04-19T13:32:21.527+0530: 533.991: Total time for which application threads were stopped: 0.0004915 seconds, Stopping threads took: 0.0003016 seconds
2026-04-19T13:32:23.553+0530: 536.017: Total time for which application threads were stopped: 0.0002315 seconds, Stopping threads took: 0.0000636 seconds
2026-04-19T13:32:30.530+0530: 542.994: [GC (CMS Initial Mark) [1 CMS-initial-mark: 63K(64K)] 79499K(471872K), 0.0133719 secs] [Times: user=0.02 sys=0.00, real=0.01 secs] 
2026-04-19T13:32:30.544+0530: 543.007: Total time for which application threads were stopped: 0.0136771 seconds, Stopping threads took: 0.0000570 seconds
2026-04-19T13:32:30.544+0530: 543.007: [CMS-concurrent-mark-start]
2026-04-19T13:32:30.544+0530: 543.008: [CMS-concurrent-mark: 0.001/0.001 secs] [Times: user=0.00 sys=0.00, real=0.00 secs] 
2026-04-19T13:32:30.544+0530: 543.008: [CMS-concurrent-preclean-start]
2026-04-19T13:32:30.545+0530: 543.008: [CMS-concurrent-preclean: 0.000/0.000 secs] [Times: user=0.00 sys=0.00, real=0.00 secs] 
2026-04-19T13:32:30.545+0530: 543.008: [CMS-concurrent-abortable-preclean-start]
2026-04-19T13:32:30.545+0530: 543.008: [CMS-concurrent-abortable-preclean: 0.000/0.000 secs] [Times: user=0.00 sys=0.00, real=0.00 secs] 
2026-04-19T13:32:30.545+0530: 543.009: [GC (CMS Final Remark) [YG occupancy: 79435 K (471808 K)]2026-04-19T13:32:30.545+0530: 543.009: [Rescan (parallel) , 0.0174460 secs]2026-04-19T13:32:30.563+0530: 543.026: [weak refs processing, 0.0000558 secs]2026-04-19T13:32:30.563+0530: 543.026: [class unloading, 0.0081880 secs]2026-04-19T13:32:30.571+0530: 543.035: [scrub symbol table, 0.0042147 secs]2026-04-19T13:32:30.576+0530: 543.039: [scrub string table, 0.0018141 secs][1 CMS-remark: 63K(64K)] 79499K(471872K), 0.0333069 secs] [Times: user=0.03 sys=0.00, real=0.03 secs] 
2026-04-19T13:32:30.579+0530: 543.042: Total time for which application threads were stopped: 0.0334679 seconds, Stopping threads took: 0.0000226 seconds
2026-04-19T13:32:30.579+0530: 543.042: [CMS-concurrent-sweep-start]
2026-04-19T13:32:30.579+0530: 543.042: [CMS-concurrent-sweep: 0.000/0.000 secs] [Times: user=0.00 sys=0.00, real=0.00 secs] 
2026-04-19T13:32:30.579+0530: 543.042: [CMS-concurrent-reset-start]
2026-04-19T13:32:30.579+0530: 543.042: [CMS-concurrent-reset: 0.000/0.000 secs] [Times: user=0.00 sys=0.00, real=0.00 secs] 
2026-04-19T13:32:40.583+0530: 553.046: [GC (CMS Initial Mark) [1 CMS-initial-mark: 63K(64K)] 80309K(471872K), 0.0133853 secs] [Times: user=0.02 sys=0.00, real=0.01 secs] 
2026-04-19T13:32:40.596+0530: 553.059: Total time for which application threads were stopped: 0.0136867 seconds, Stopping threads took: 0.0000463 seconds
2026-04-19T13:32:40.596+0530: 553.059: [CMS-concurrent-mark-start]
2026-04-19T13:32:40.596+0530: 553.060: [CMS-concurrent-mark: 0.001/0.001 secs] [Times: user=0.00 sys=0.00, real=0.00 secs] 
2026-04-19T13:32:40.596+0530: 553.060: [CMS-concurrent-preclean-start]
2026-04-19T13:32:40.596+0530: 553.060: [CMS-concurrent-preclean: 0.000/0.000 secs] [Times: user=0.00 sys=0.00, real=0.00 secs] 
2026-04-19T13:32:40.598+0530: 553.060: [CMS-concurrent-abortable-preclean-start]
2026-04-19T13:32:40.598+0530: 553.060: [CMS-concurrent-abortable-preclean: 0.000/0.000 secs] [Times: user=0.00 sys=0.00, real=0.00 secs] 
2026-04-19T13:32:40.598+0530: 553.061: [GC (CMS Final Remark) [YG occupancy: 80245 K (471808 K)]2026-04-19T13:32:40.598+0530: 553.061: [Rescan (parallel) , 0.0177192 secs]2026-04-19T13:32:40.615+0530: 553.079: [weak refs processing, 0.0000267 secs]2026-04-19T13:32:40.615+0530: 553.079: [class unloading, 0.0059281 secs]2026-04-19T13:32:40.621+0530: 553.085: [scrub symbol table, 0.0036530 secs]2026-04-19T13:32:40.625+0530: 553.088: [scrub string table, 0.0015997 secs][1 CMS-remark: 63K(64K)] 80309K(471872K), 0.0303940 secs] [Times: user=0.11 sys=0.00, real=0.03 secs] 
2026-04-19T13:32:40.628+0530: 553.091: Total time for which application threads were stopped: 0.0305686 seconds, Stopping threads took: 0.0000224 seconds
2026-04-19T13:32:40.628+0530: 553.092: [CMS-concurrent-sweep-start]
2026-04-19T13:32:40.628+0530: 553.092: [CMS-concurrent-sweep: 0.000/0.000 secs] [Times: user=0.00 sys=0.00, real=0.00 secs] 
2026-04-19T13:32:40.628+0530: 553.092: [CMS-concurrent-reset-start]
2026-04-19T13:32:40.628+0530: 553.092: [CMS-concurrent-reset: 0.000/0.000 secs] [Times: user=0.00 sys=0.00, real=0.00 secs] 
2026-04-19T13:32:44.674+0530: 557.137: Total time for which application threads were stopped: 0.0002329 seconds, Stopping threads took: 0.0000677 seconds
2026-04-19T13:32:50.641+0530: 563.104: [GC (CMS Initial Mark) [1 CMS-initial-mark: 63K(64K)] 80461K(471872K), 0.0141505 secs] [Times: user=0.02 sys=0.00, real=0.01 secs] 
2026-04-19T13:32:50.655+0530: 563.118: Total time for which application threads were stopped: 0.0145056 seconds, Stopping threads took: 0.0000700 seconds
2026-04-19T13:32:50.656+0530: 563.119: [CMS-concurrent-mark-start]
2026-04-19T13:32:50.656+0530: 563.119: [CMS-concurrent-mark: 0.000/0.000 secs] [Times: user=0.00 sys=0.00, real=0.00 secs] 
2026-04-19T13:32:50.656+0530: 563.119: [CMS-concurrent-preclean-start]
2026-04-19T13:32:50.656+0530: 563.119: [CMS-concurrent-preclean: 0.000/0.000 secs] [Times: user=0.00 sys=0.00, real=0.00 secs] 
2026-04-19T13:32:50.656+0530: 563.119: [CMS-concurrent-abortable-preclean-start]
2026-04-19T13:32:50.656+0530: 563.119: [CMS-concurrent-abortable-preclean: 0.000/0.000 secs] [Times: user=0.00 sys=0.00, real=0.00 secs] 
2026-04-19T13:32:50.657+0530: 563.120: [GC (CMS Final Remark) [YG occupancy: 80397 K (471808 K)]2026-04-19T13:32:50.657+0530: 563.120: [Rescan (parallel) , 0.0181221 secs]2026-04-19T13:32:50.675+0530: 563.138: [weak refs processing, 0.0000474 secs]2026-04-19T13:32:50.675+0530: 563.138: [class unloading, 0.0106209 secs]2026-04-19T13:32:50.685+0530: 563.149: [scrub symbol table, 0.0048277 secs]2026-04-19T13:32:50.690+0530: 563.154: [scrub string table, 0.0019622 secs][1 CMS-remark: 63K(64K)] 80461K(471872K), 0.0372282 secs] [Times: user=0.03 sys=0.00, real=0.04 secs] 
2026-04-19T13:32:50.694+0530: 563.157: Total time for which application threads were stopped: 0.0373619 seconds, Stopping threads took: 0.0000148 seconds
2026-04-19T13:32:50.694+0530: 563.157: [CMS-concurrent-sweep-start]
2026-04-19T13:32:50.694+0530: 563.157: [CMS-concurrent-sweep: 0.000/0.000 secs] [Times: user=0.00 sys=0.00, real=0.00 secs] 
2026-04-19T13:32:50.694+0530: 563.157: [CMS-concurrent-reset-start]
2026-04-19T13:32:50.694+0530: 563.157: [CMS-concurrent-reset: 0.000/0.000 secs] [Times: user=0.00 sys=0.00, real=0.00 secs] 
2026-04-19T13:32:52.709+0530: 565.173: Total time for which application threads were stopped: 0.0002775 seconds, Stopping threads took: 0.0000860 seconds
2026-04-19T13:32:57.753+0530: 570.217: Total time for which application threads were stopped: 0.0003053 seconds, Stopping threads took: 0.0000856 seconds
2026-04-19T13:32:59.780+0530: 572.243: Total time for which application threads were stopped: 0.0001986 seconds, Stopping threads took: 0.0000628 seconds
2026-04-19T13:33:00.702+0530: 573.165: [GC (CMS Initial Mark) [1 CMS-initial-mark: 63K(64K)] 80461K(471872K), 0.0144225 secs] [Times: user=0.02 sys=0.00, real=0.01 secs] 
2026-04-19T13:33:00.717+0530: 573.179: Total time for which application threads were stopped: 0.0147349 seconds, Stopping threads took: 0.0000591 seconds
2026-04-19T13:33:00.717+0530: 573.180: [CMS-concurrent-mark-start]
2026-04-19T13:33:00.717+0530: 573.180: [CMS-concurrent-mark: 0.000/0.000 secs] [Times: user=0.00 sys=0.00, real=0.00 secs] 
2026-04-19T13:33:00.717+0530: 573.180: [CMS-concurrent-preclean-start]
2026-04-19T13:33:00.717+0530: 573.180: [CMS-concurrent-preclean: 0.000/0.000 secs] [Times: user=0.00 sys=0.00, real=0.00 secs] 
2026-04-19T13:33:00.717+0530: 573.180: [CMS-concurrent-abortable-preclean-start]
2026-04-19T13:33:00.717+0530: 573.180: [CMS-concurrent-abortable-preclean: 0.000/0.000 secs] [Times: user=0.00 sys=0.00, real=0.00 secs] 
2026-04-19T13:33:00.718+0530: 573.181: [GC (CMS Final Remark) [YG occupancy: 80397 K (471808 K)]2026-04-19T13:33:00.718+0530: 573.181: [Rescan (parallel) , 0.0155903 secs]2026-04-19T13:33:00.733+0530: 573.196: [weak refs processing, 0.0000335 secs]2026-04-19T13:33:00.733+0530: 573.196: [class unloading, 0.0078861 secs]2026-04-19T13:33:00.741+0530: 573.204: [scrub symbol table, 0.0044572 secs]2026-04-19T13:33:00.745+0530: 573.209: [scrub string table, 0.0018075 secs][1 CMS-remark: 63K(64K)] 80461K(471872K), 0.0313559 secs] [Times: user=0.03 sys=0.00, real=0.03 secs] 
2026-04-19T13:33:00.749+0530: 573.212: Total time for which application threads were stopped: 0.0315190 seconds, Stopping threads took: 0.0000344 seconds
2026-04-19T13:33:00.749+0530: 573.212: [CMS-concurrent-sweep-start]
2026-04-19T13:33:00.749+0530: 573.212: [CMS-concurrent-sweep: 0.000/0.000 secs] [Times: user=0.00 sys=0.00, real=0.00 secs] 
2026-04-19T13:33:00.749+0530: 573.212: [CMS-concurrent-reset-start]
2026-04-19T13:33:00.749+0530: 573.212: [CMS-concurrent-reset: 0.000/0.000 secs] [Times: user=0.00 sys=0.00, real=0.00 secs] 
2026-04-19T13:33:01.754+0530: 574.218: Total time for which application threads were stopped: 0.0002416 seconds, Stopping threads took: 0.0000700 seconds
2026-04-19T13:33:10.762+0530: 583.226: [GC (CMS Initial Mark) [1 CMS-initial-mark: 63K(64K)] 80610K(471872K), 0.0136784 secs] [Times: user=0.00 sys=0.00, real=0.01 secs] 
2026-04-19T13:33:10.776+0530: 583.239: Total time for which application threads were stopped: 0.0141566 seconds, Stopping threads took: 0.0002852 seconds
2026-04-19T13:33:10.776+0530: 583.240: [CMS-concurrent-mark-start]
2026-04-19T13:33:10.777+0530: 583.240: [CMS-concurrent-mark: 0.001/0.001 secs] [Times: user=0.00 sys=0.00, real=0.00 secs] 
2026-04-19T13:33:10.777+0530: 583.240: [CMS-concurrent-preclean-start]
2026-04-19T13:33:10.777+0530: 583.241: [CMS-concurrent-preclean: 0.000/0.000 secs] [Times: user=0.00 sys=0.00, real=0.00 secs] 
2026-04-19T13:33:10.777+0530: 583.241: [CMS-concurrent-abortable-preclean-start]
2026-04-19T13:33:10.777+0530: 583.241: [CMS-concurrent-abortable-preclean: 0.000/0.000 secs] [Times: user=0.00 sys=0.00, real=0.00 secs] 
2026-04-19T13:33:10.777+0530: 583.241: [GC (CMS Final Remark) [YG occupancy: 80546 K (471808 K)]2026-04-19T13:33:10.777+0530: 583.241: [Rescan (parallel) , 0.0162967 secs]2026-04-19T13:33:10.794+0530: 583.257: [weak refs processing, 0.0000319 secs]2026-04-19T13:33:10.795+0530: 583.257: [class unloading, 0.0066845 secs]2026-04-19T13:33:10.801+0530: 583.264: [scrub symbol table, 0.0038212 secs]2026-04-19T13:33:10.805+0530: 583.268: [scrub string table, 0.0016409 secs][1 CMS-remark: 63K(64K)] 80610K(471872K), 0.0299266 secs] [Times: user=0.00 sys=0.00, real=0.03 secs] 
2026-04-19T13:33:10.808+0530: 583.271: Total time for which application threads were stopped: 0.0301018 seconds, Stopping threads took: 0.0000427 seconds
2026-04-19T13:33:10.808+0530: 583.271: [CMS-concurrent-sweep-start]
2026-04-19T13:33:10.808+0530: 583.271: [CMS-concurrent-sweep: 0.000/0.000 secs] [Times: user=0.00 sys=0.00, real=0.00 secs] 
2026-04-19T13:33:10.808+0530: 583.271: [CMS-concurrent-reset-start]
2026-04-19T13:33:10.808+0530: 583.271: [CMS-concurrent-reset: 0.000/0.000 secs] [Times: user=0.00 sys=0.00, real=0.00 secs] 
2026-04-19T13:33:19.895+0530: 592.358: Total time for which application threads were stopped: 0.0003047 seconds, Stopping threads took: 0.0000860 seconds
2026-04-19T13:33:20.820+0530: 593.283: [GC (CMS Initial Mark) [1 CMS-initial-mark: 63K(64K)] 80610K(471872K), 0.0140943 secs] [Times: user=0.01 sys=0.00, real=0.01 secs] 
2026-04-19T13:33:20.834+0530: 593.297: Total time for which application threads were stopped: 0.0142894 seconds, Stopping threads took: 0.0000419 seconds
2026-04-19T13:33:20.834+0530: 593.297: [CMS-concurrent-mark-start]
2026-04-19T13:33:20.835+0530: 593.298: [CMS-concurrent-mark: 0.000/0.000 secs] [Times: user=0.00 sys=0.00, real=0.00 secs] 
2026-04-19T13:33:20.835+0530: 593.298: [CMS-concurrent-preclean-start]
2026-04-19T13:33:20.835+0530: 593.298: [CMS-concurrent-preclean: 0.000/0.000 secs] [Times: user=0.00 sys=0.00, real=0.00 secs] 
2026-04-19T13:33:20.835+0530: 593.298: [CMS-concurrent-abortable-preclean-start]
2026-04-19T13:33:20.835+0530: 593.298: [CMS-concurrent-abortable-preclean: 0.000/0.000 secs] [Times: user=0.00 sys=0.00, real=0.00 secs] 
2026-04-19T13:33:20.835+0530: 593.298: [GC (CMS Final Remark) [YG occupancy: 80546 K (471808 K)]2026-04-19T13:33:20.835+0530: 593.298: [Rescan (parallel) , 0.0182116 secs]2026-04-19T13:33:20.853+0530: 593.317: [weak refs processing, 0.0000424 secs]2026-04-19T13:33:20.854+0530: 593.317: [class unloading, 0.0079951 secs]2026-04-19T13:33:20.862+0530: 593.325: [scrub symbol table, 0.0036616 secs]2026-04-19T13:33:20.865+0530: 593.328: [scrub string table, 0.0016192 secs][1 CMS-remark: 63K(64K)] 80610K(471872K), 0.0329797 secs] [Times: user=0.24 sys=0.02, real=0.03 secs] 
2026-04-19T13:33:20.868+0530: 593.331: Total time for which application threads were stopped: 0.0331243 seconds, Stopping threads took: 0.0000154 seconds
2026-04-19T13:33:20.869+0530: 593.332: [CMS-concurrent-sweep-start]
2026-04-19T13:33:20.869+0530: 593.332: [CMS-concurrent-sweep: 0.000/0.000 secs] [Times: user=0.00 sys=0.00, real=0.00 secs] 
2026-04-19T13:33:20.869+0530: 593.332: [CMS-concurrent-reset-start]
2026-04-19T13:33:20.869+0530: 593.332: [CMS-concurrent-reset: 0.000/0.000 secs] [Times: user=0.00 sys=0.00, real=0.00 secs] 
2026-04-19T13:33:21.874+0530: 594.337: Total time for which application threads were stopped: 0.0003922 seconds, Stopping threads took: 0.0002351 seconds
2026-04-19T13:33:22.887+0530: 595.351: Total time for which application threads were stopped: 0.0001133 seconds, Stopping threads took: 0.0000447 seconds
2026-04-19T13:33:24.912+0530: 597.375: Total time for which application threads were stopped: 0.0002041 seconds, Stopping threads took: 0.0000635 seconds
2026-04-19T13:33:26.930+0530: 599.393: Total time for which application threads were stopped: 0.0001683 seconds, Stopping threads took: 0.0000671 seconds
2026-04-19T13:33:30.882+0530: 603.345: [GC (CMS Initial Mark) [1 CMS-initial-mark: 63K(64K)] 83009K(471872K), 0.0154917 secs] [Times: user=0.02 sys=0.00, real=0.02 secs] 
2026-04-19T13:33:30.897+0530: 603.361: Total time for which application threads were stopped: 0.0157629 seconds, Stopping threads took: 0.0000557 seconds
2026-04-19T13:33:30.898+0530: 603.361: [CMS-concurrent-mark-start]
2026-04-19T13:33:30.898+0530: 603.361: [CMS-concurrent-mark: 0.000/0.000 secs] [Times: user=0.00 sys=0.00, real=0.00 secs] 
2026-04-19T13:33:30.898+0530: 603.361: [CMS-concurrent-preclean-start]
2026-04-19T13:33:30.898+0530: 603.362: [CMS-concurrent-preclean: 0.000/0.000 secs] [Times: user=0.00 sys=0.00, real=0.00 secs] 
2026-04-19T13:33:30.898+0530: 603.362: [CMS-concurrent-abortable-preclean-start]
2026-04-19T13:33:30.898+0530: 603.362: [CMS-concurrent-abortable-preclean: 0.000/0.000 secs] [Times: user=0.00 sys=0.00, real=0.00 secs] 
2026-04-19T13:33:30.899+0530: 603.362: [GC (CMS Final Remark) [YG occupancy: 82945 K (471808 K)]2026-04-19T13:33:30.899+0530: 603.362: [Rescan (parallel) , 0.0158135 secs]2026-04-19T13:33:30.914+0530: 603.378: [weak refs processing, 0.0000415 secs]2026-04-19T13:33:30.915+0530: 603.378: [class unloading, 0.0082369 secs]2026-04-19T13:33:30.923+0530: 603.387: [scrub symbol table, 0.0039929 secs]2026-04-19T13:33:30.927+0530: 603.391: [scrub string table, 0.0016717 secs][1 CMS-remark: 63K(64K)] 83009K(471872K), 0.0314074 secs] [Times: user=0.30 sys=0.00, real=0.03 secs] 
2026-04-19T13:33:30.930+0530: 603.394: Total time for which application threads were stopped: 0.0315760 seconds, Stopping threads took: 0.0000234 seconds
2026-04-19T13:33:30.930+0530: 603.394: [CMS-concurrent-sweep-start]
2026-04-19T13:33:30.930+0530: 603.394: [CMS-concurrent-sweep: 0.000/0.000 secs] [Times: user=0.00 sys=0.00, real=0.00 secs] 
2026-04-19T13:33:30.930+0530: 603.394: [CMS-concurrent-reset-start]
2026-04-19T13:33:30.930+0530: 603.394: [CMS-concurrent-reset: 0.000/0.000 secs] [Times: user=0.00 sys=0.00, real=0.00 secs] 
2026-04-19T13:33:32.946+0530: 605.409: Total time for which application threads were stopped: 0.0001138 seconds, Stopping threads took: 0.0000263 seconds
2026-04-19T13:33:40.010+0530: 612.474: Total time for which application threads were stopped: 0.0002131 seconds, Stopping threads took: 0.0000728 seconds
2026-04-19T13:33:40.936+0530: 613.399: [GC (CMS Initial Mark) [1 CMS-initial-mark: 63K(64K)] 85707K(471872K), 0.0148362 secs] [Times: user=0.02 sys=0.00, real=0.01 secs] 
2026-04-19T13:33:40.951+0530: 613.414: Total time for which application threads were stopped: 0.0151297 seconds, Stopping threads took: 0.0000688 seconds
2026-04-19T13:33:40.951+0530: 613.414: [CMS-concurrent-mark-start]
2026-04-19T13:33:40.951+0530: 613.415: [CMS-concurrent-mark: 0.000/0.000 secs] [Times: user=0.00 sys=0.00, real=0.00 secs] 
2026-04-19T13:33:40.951+0530: 613.415: [CMS-concurrent-preclean-start]
2026-04-19T13:33:40.952+0530: 613.415: [CMS-concurrent-preclean: 0.000/0.000 secs] [Times: user=0.00 sys=0.00, real=0.00 secs] 
2026-04-19T13:33:40.952+0530: 613.415: [CMS-concurrent-abortable-preclean-start]
2026-04-19T13:33:40.952+0530: 613.415: [CMS-concurrent-abortable-preclean: 0.000/0.000 secs] [Times: user=0.00 sys=0.00, real=0.00 secs] 
2026-04-19T13:33:40.952+0530: 613.415: [GC (CMS Final Remark) [YG occupancy: 85643 K (471808 K)]2026-04-19T13:33:40.952+0530: 613.415: [Rescan (parallel) , 0.0165476 secs]2026-04-19T13:33:40.968+0530: 613.432: [weak refs processing, 0.0000366 secs]2026-04-19T13:33:40.968+0530: 613.432: [class unloading, 0.0098886 secs]2026-04-19T13:33:40.978+0530: 613.442: [scrub symbol table, 0.0044460 secs]2026-04-19T13:33:40.983+0530: 613.446: [scrub string table, 0.0018618 secs][1 CMS-remark: 63K(64K)] 85707K(471872K), 0.0344264 secs] [Times: user=0.02 sys=0.01, real=0.03 secs] 
2026-04-19T13:33:40.986+0530: 613.450: Total time for which application threads were stopped: 0.0346238 seconds, Stopping threads took: 0.0000421 seconds
2026-04-19T13:33:40.986+0530: 613.450: [CMS-concurrent-sweep-start]
2026-04-19T13:33:40.986+0530: 613.450: [CMS-concurrent-sweep: 0.000/0.000 secs] [Times: user=0.00 sys=0.00, real=0.00 secs] 
2026-04-19T13:33:40.986+0530: 613.450: [CMS-concurrent-reset-start]
2026-04-19T13:33:40.986+0530: 613.450: [CMS-concurrent-reset: 0.000/0.000 secs] [Times: user=0.00 sys=0.00, real=0.00 secs] 
2026-04-19T13:33:49.062+0530: 621.525: Total time for which application threads were stopped: 0.0003273 seconds, Stopping threads took: 0.0001150 seconds
2026-04-19T13:33:50.996+0530: 623.460: [GC (CMS Initial Mark) [1 CMS-initial-mark: 63K(64K)] 85707K(471872K), 0.0154942 secs] [Times: user=0.02 sys=0.00, real=0.02 secs] 
2026-04-19T13:33:51.012+0530: 623.475: Total time for which application threads were stopped: 0.0158531 seconds, Stopping threads took: 0.0000775 seconds
2026-04-19T13:33:51.012+0530: 623.475: [CMS-concurrent-mark-start]
2026-04-19T13:33:51.012+0530: 623.476: [CMS-concurrent-mark: 0.000/0.000 secs] [Times: user=0.00 sys=0.00, real=0.00 secs] 
2026-04-19T13:33:51.012+0530: 623.476: [CMS-concurrent-preclean-start]
2026-04-19T13:33:51.013+0530: 623.476: [CMS-concurrent-preclean: 0.000/0.000 secs] [Times: user=0.00 sys=0.00, real=0.00 secs] 
2026-04-19T13:33:51.013+0530: 623.476: [CMS-concurrent-abortable-preclean-start]
2026-04-19T13:33:51.013+0530: 623.476: [CMS-concurrent-abortable-preclean: 0.000/0.000 secs] [Times: user=0.00 sys=0.00, real=0.00 secs] 
2026-04-19T13:33:51.013+0530: 623.476: [GC (CMS Final Remark) [YG occupancy: 85643 K (471808 K)]2026-04-19T13:33:51.013+0530: 623.476: [Rescan (parallel) , 0.0160557 secs]2026-04-19T13:33:51.029+0530: 623.493: [weak refs processing, 0.0000271 secs]2026-04-19T13:33:51.029+0530: 623.493: [class unloading, 0.0071735 secs]2026-04-19T13:33:51.036+0530: 623.500: [scrub symbol table, 0.0042901 secs]2026-04-19T13:33:51.040+0530: 623.504: [scrub string table, 0.0017466 secs][1 CMS-remark: 63K(64K)] 85707K(471872K), 0.0308600 secs] [Times: user=0.01 sys=0.00, real=0.03 secs] 
2026-04-19T13:33:51.044+0530: 623.507: Total time for which application threads were stopped: 0.0310306 seconds, Stopping threads took: 0.0000281 seconds
2026-04-19T13:33:51.044+0530: 623.508: [CMS-concurrent-sweep-start]
2026-04-19T13:33:51.044+0530: 623.508: [CMS-concurrent-sweep: 0.000/0.000 secs] [Times: user=0.00 sys=0.00, real=0.00 secs] 
2026-04-19T13:33:51.044+0530: 623.508: [CMS-concurrent-reset-start]
2026-04-19T13:33:51.044+0530: 623.508: [CMS-concurrent-reset: 0.000/0.000 secs] [Times: user=0.00 sys=0.00, real=0.00 secs] 
2026-04-19T13:33:53.063+0530: 625.527: Total time for which application threads were stopped: 0.0002825 seconds, Stopping threads took: 0.0000841 seconds
2026-04-19T13:33:54.077+0530: 626.540: Total time for which application threads were stopped: 0.0002396 seconds, Stopping threads took: 0.0000769 seconds
2026-04-19T13:33:59.136+0530: 631.600: Total time for which application threads were stopped: 0.0002387 seconds, Stopping threads took: 0.0000677 seconds
2026-04-19T13:34:01.053+0530: 633.516: [GC (CMS Initial Mark) [1 CMS-initial-mark: 63K(64K)] 107286K(471872K), 0.0157307 secs] [Times: user=0.02 sys=0.00, real=0.02 secs] 
2026-04-19T13:34:01.069+0530: 633.532: Total time for which application threads were stopped: 0.0161167 seconds, Stopping threads took: 0.0000624 seconds
2026-04-19T13:34:01.069+0530: 633.532: [CMS-concurrent-mark-start]
2026-04-19T13:34:01.070+0530: 633.532: [CMS-concurrent-mark: 0.000/0.000 secs] [Times: user=0.00 sys=0.00, real=0.00 secs] 
2026-04-19T13:34:01.070+0530: 633.532: [CMS-concurrent-preclean-start]
2026-04-19T13:34:01.070+0530: 633.533: [CMS-concurrent-preclean: 0.000/0.000 secs] [Times: user=0.00 sys=0.00, real=0.00 secs] 
2026-04-19T13:34:01.070+0530: 633.533: [CMS-concurrent-abortable-preclean-start]
2026-04-19T13:34:01.070+0530: 633.533: [CMS-concurrent-abortable-preclean: 0.000/0.000 secs] [Times: user=0.00 sys=0.00, real=0.00 secs] 
2026-04-19T13:34:01.070+0530: 633.533: [GC (CMS Final Remark) [YG occupancy: 107222 K (471808 K)]2026-04-19T13:34:01.070+0530: 633.533: [Rescan (parallel) , 0.0172092 secs]2026-04-19T13:34:01.088+0530: 633.550: [weak refs processing, 0.0000393 secs]2026-04-19T13:34:01.088+0530: 633.550: [class unloading, 0.0067440 secs]2026-04-19T13:34:01.094+0530: 633.557: [scrub symbol table, 0.0035558 secs]2026-04-19T13:34:01.098+0530: 633.561: [scrub string table, 0.0019660 secs][1 CMS-remark: 63K(64K)] 107286K(471872K), 0.0311711 secs] [Times: user=0.30 sys=0.00, real=0.03 secs] 
2026-04-19T13:34:01.101+0530: 633.564: Total time for which application threads were stopped: 0.0313505 seconds, Stopping threads took: 0.0000234 seconds
2026-04-19T13:34:01.102+0530: 633.565: [CMS-concurrent-sweep-start]
2026-04-19T13:34:01.102+0530: 633.565: [CMS-concurrent-sweep: 0.000/0.000 secs] [Times: user=0.00 sys=0.00, real=0.00 secs] 
2026-04-19T13:34:01.102+0530: 633.565: [CMS-concurrent-reset-start]
2026-04-19T13:34:01.102+0530: 633.565: [CMS-concurrent-reset: 0.000/0.000 secs] [Times: user=0.00 sys=0.00, real=0.00 secs] 
2026-04-19T13:34:07.147+0530: 639.610: Total time for which application threads were stopped: 0.0001310 seconds, Stopping threads took: 0.0000454 seconds
2026-04-19T13:34:10.164+0530: 642.627: Total time for which application threads were stopped: 0.0002136 seconds, Stopping threads took: 0.0000702 seconds
2026-04-19T13:34:11.115+0530: 643.578: [GC (CMS Initial Mark) [1 CMS-initial-mark: 63K(64K)] 107740K(471872K), 0.0144030 secs] [Times: user=0.02 sys=0.00, real=0.01 secs] 
2026-04-19T13:34:11.129+0530: 643.592: Total time for which application threads were stopped: 0.0146374 seconds, Stopping threads took: 0.0000388 seconds
2026-04-19T13:34:11.129+0530: 643.592: [CMS-concurrent-mark-start]
2026-04-19T13:34:11.130+0530: 643.593: [CMS-concurrent-mark: 0.000/0.000 secs] [Times: user=0.00 sys=0.00, real=0.00 secs] 
2026-04-19T13:34:11.130+0530: 643.593: [CMS-concurrent-preclean-start]
2026-04-19T13:34:11.130+0530: 643.593: [CMS-concurrent-preclean: 0.000/0.000 secs] [Times: user=0.00 sys=0.00, real=0.00 secs] 
2026-04-19T13:34:11.130+0530: 643.593: [CMS-concurrent-abortable-preclean-start]
2026-04-19T13:34:11.130+0530: 643.593: [CMS-concurrent-abortable-preclean: 0.000/0.000 secs] [Times: user=0.00 sys=0.00, real=0.00 secs] 
2026-04-19T13:34:11.131+0530: 643.594: [GC (CMS Final Remark) [YG occupancy: 107676 K (471808 K)]2026-04-19T13:34:11.131+0530: 643.594: [Rescan (parallel) , 0.0170476 secs]2026-04-19T13:34:11.147+0530: 643.611: [weak refs processing, 0.0000317 secs]2026-04-19T13:34:11.147+0530: 643.611: [class unloading, 0.0095216 secs]2026-04-19T13:34:11.157+0530: 643.620: [scrub symbol table, 0.0044640 secs]2026-04-19T13:34:11.161+0530: 643.625: [scrub string table, 0.0017143 secs][1 CMS-remark: 63K(64K)] 107740K(471872K), 0.0343677 secs] [Times: user=0.06 sys=0.00, real=0.03 secs] 
2026-04-19T13:34:11.165+0530: 643.628: Total time for which application threads were stopped: 0.0345250 seconds, Stopping threads took: 0.0000158 seconds
2026-04-19T13:34:11.165+0530: 643.628: [CMS-concurrent-sweep-start]
2026-04-19T13:34:11.165+0530: 643.628: [CMS-concurrent-sweep: 0.000/0.000 secs] [Times: user=0.00 sys=0.00, real=0.00 secs] 
2026-04-19T13:34:11.165+0530: 643.628: [CMS-concurrent-reset-start]
2026-04-19T13:34:11.165+0530: 643.628: [CMS-concurrent-reset: 0.000/0.000 secs] [Times: user=0.00 sys=0.00, real=0.00 secs] 
2026-04-19T13:34:21.167+0530: 653.631: [GC (CMS Initial Mark) [1 CMS-initial-mark: 63K(64K)] 107740K(471872K), 0.0162266 secs] [Times: user=0.02 sys=0.00, real=0.02 secs] 
2026-04-19T13:34:21.184+0530: 653.647: Total time for which application threads were stopped: 0.0167212 seconds, Stopping threads took: 0.0002323 seconds
2026-04-19T13:34:21.184+0530: 653.647: [CMS-concurrent-mark-start]
2026-04-19T13:34:21.184+0530: 653.648: [CMS-concurrent-mark: 0.000/0.000 secs] [Times: user=0.00 sys=0.00, real=0.00 secs] 
2026-04-19T13:34:21.184+0530: 653.648: [CMS-concurrent-preclean-start]
2026-04-19T13:34:21.185+0530: 653.648: [CMS-concurrent-preclean: 0.000/0.000 secs] [Times: user=0.00 sys=0.00, real=0.00 secs] 
2026-04-19T13:34:21.185+0530: 653.648: [CMS-concurrent-abortable-preclean-start]
2026-04-19T13:34:21.185+0530: 653.648: [CMS-concurrent-abortable-preclean: 0.000/0.000 secs] [Times: user=0.00 sys=0.00, real=0.00 secs] 
2026-04-19T13:34:21.185+0530: 653.648: [GC (CMS Final Remark) [YG occupancy: 107676 K (471808 K)]2026-04-19T13:34:21.185+0530: 653.648: [Rescan (parallel) , 0.0163459 secs]2026-04-19T13:34:21.201+0530: 653.665: [weak refs processing, 0.0000252 secs]2026-04-19T13:34:21.201+0530: 653.665: [class unloading, 0.0085955 secs]2026-04-19T13:34:21.210+0530: 653.673: [scrub symbol table, 0.0041054 secs]2026-04-19T13:34:21.214+0530: 653.677: [scrub string table, 0.0017648 secs][1 CMS-remark: 63K(64K)] 107740K(471872K), 0.0324277 secs] [Times: user=0.03 sys=0.00, real=0.03 secs] 
2026-04-19T13:34:21.217+0530: 653.681: Total time for which application threads were stopped: 0.0325945 seconds, Stopping threads took: 0.0000275 seconds
2026-04-19T13:34:21.217+0530: 653.681: [CMS-concurrent-sweep-start]
2026-04-19T13:34:21.218+0530: 653.681: [CMS-concurrent-sweep: 0.000/0.000 secs] [Times: user=0.00 sys=0.00, real=0.00 secs] 
2026-04-19T13:34:21.218+0530: 653.681: [CMS-concurrent-reset-start]
2026-04-19T13:34:21.218+0530: 653.681: [CMS-concurrent-reset: 0.000/0.000 secs] [Times: user=0.00 sys=0.00, real=0.00 secs] 
2026-04-19T13:34:22.230+0530: 654.693: Total time for which application threads were stopped: 0.0002776 seconds, Stopping threads took: 0.0000883 seconds
2026-04-19T13:34:26.269+0530: 658.733: Total time for which application threads were stopped: 0.0002391 seconds, Stopping threads took: 0.0000715 seconds
2026-04-19T13:34:30.311+0530: 662.775: Total time for which application threads were stopped: 0.0003141 seconds, Stopping threads took: 0.0000886 seconds
2026-04-19T13:34:31.233+0530: 663.696: [GC (CMS Initial Mark) [1 CMS-initial-mark: 63K(64K)] 108805K(471872K), 0.0145986 secs] [Times: user=0.02 sys=0.00, real=0.01 secs] 
2026-04-19T13:34:31.247+0530: 663.710: Total time for which application threads were stopped: 0.0147863 seconds, Stopping threads took: 0.0000275 seconds
2026-04-19T13:34:31.248+0530: 663.711: [CMS-concurrent-mark-start]
2026-04-19T13:34:31.248+0530: 663.711: [CMS-concurrent-mark: 0.000/0.000 secs] [Times: user=0.00 sys=0.00, real=0.00 secs] 
2026-04-19T13:34:31.248+0530: 663.711: [CMS-concurrent-preclean-start]
2026-04-19T13:34:31.248+0530: 663.711: [CMS-concurrent-preclean: 0.000/0.000 secs] [Times: user=0.00 sys=0.00, real=0.00 secs] 
2026-04-19T13:34:31.248+0530: 663.711: [CMS-concurrent-abortable-preclean-start]
2026-04-19T13:34:31.248+0530: 663.711: [CMS-concurrent-abortable-preclean: 0.000/0.000 secs] [Times: user=0.00 sys=0.00, real=0.00 secs] 
2026-04-19T13:34:31.248+0530: 663.711: [GC (CMS Final Remark) [YG occupancy: 108741 K (471808 K)]2026-04-19T13:34:31.248+0530: 663.711: [Rescan (parallel) , 0.0169173 secs]2026-04-19T13:34:31.265+0530: 663.728: [weak refs processing, 0.0000462 secs]2026-04-19T13:34:31.265+0530: 663.728: [class unloading, 0.0091870 secs]2026-04-19T13:34:31.275+0530: 663.738: [scrub symbol table, 0.0043769 secs]2026-04-19T13:34:31.279+0530: 663.742: [scrub string table, 0.0018936 secs][1 CMS-remark: 63K(64K)] 108805K(471872K), 0.0341128 secs] [Times: user=0.03 sys=0.00, real=0.04 secs] 
2026-04-19T13:34:31.283+0530: 663.746: Total time for which application threads were stopped: 0.0342859 seconds, Stopping threads took: 0.0000202 seconds
2026-04-19T13:34:31.283+0530: 663.746: [CMS-concurrent-sweep-start]
2026-04-19T13:34:31.283+0530: 663.746: [CMS-concurrent-sweep: 0.000/0.000 secs] [Times: user=0.00 sys=0.00, real=0.00 secs] 
2026-04-19T13:34:31.283+0530: 663.746: [CMS-concurrent-reset-start]
2026-04-19T13:34:31.283+0530: 663.746: [CMS-concurrent-reset: 0.000/0.000 secs] [Times: user=0.00 sys=0.00, real=0.00 secs] 
2026-04-19T13:34:35.316+0530: 667.779: Total time for which application threads were stopped: 0.0002530 seconds, Stopping threads took: 0.0000734 seconds
2026-04-19T13:34:40.353+0530: 672.816: Total time for which application threads were stopped: 0.0004187 seconds, Stopping threads took: 0.0002311 seconds
2026-04-19T13:34:41.290+0530: 673.753: [GC (CMS Initial Mark) [1 CMS-initial-mark: 63K(64K)] 108805K(471872K), 0.0160778 secs] [Times: user=0.16 sys=0.01, real=0.02 secs] 
2026-04-19T13:34:41.306+0530: 673.769: Total time for which application threads were stopped: 0.0162908 seconds, Stopping threads took: 0.0000353 seconds
2026-04-19T13:34:41.306+0530: 673.769: [CMS-concurrent-mark-start]
2026-04-19T13:34:41.306+0530: 673.770: [CMS-concurrent-mark: 0.000/0.000 secs] [Times: user=0.00 sys=0.00, real=0.00 secs] 
2026-04-19T13:34:41.306+0530: 673.770: [CMS-concurrent-preclean-start]
2026-04-19T13:34:41.306+0530: 673.770: [CMS-concurrent-preclean: 0.000/0.000 secs] [Times: user=0.00 sys=0.00, real=0.00 secs] 
2026-04-19T13:34:41.306+0530: 673.770: [CMS-concurrent-abortable-preclean-start]
2026-04-19T13:34:41.306+0530: 673.770: [CMS-concurrent-abortable-preclean: 0.000/0.000 secs] [Times: user=0.00 sys=0.00, real=0.00 secs] 
2026-04-19T13:34:41.307+0530: 673.770: [GC (CMS Final Remark) [YG occupancy: 108741 K (471808 K)]2026-04-19T13:34:41.307+0530: 673.770: [Rescan (parallel) , 0.0148345 secs]2026-04-19T13:34:41.322+0530: 673.785: [weak refs processing, 0.0000518 secs]2026-04-19T13:34:41.322+0530: 673.785: [class unloading, 0.0098532 secs]2026-04-19T13:34:41.332+0530: 673.795: [scrub symbol table, 0.0046585 secs]2026-04-19T13:34:41.336+0530: 673.800: [scrub string table, 0.0018336 secs][1 CMS-remark: 63K(64K)] 108805K(471872K), 0.0328834 secs] [Times: user=0.12 sys=0.00, real=0.03 secs] 
2026-04-19T13:34:41.340+0530: 673.803: Total time for which application threads were stopped: 0.0330774 seconds, Stopping threads took: 0.0000516 seconds
2026-04-19T13:34:41.340+0530: 673.803: [CMS-concurrent-sweep-start]
2026-04-19T13:34:41.340+0530: 673.804: [CMS-concurrent-sweep: 0.000/0.000 secs] [Times: user=0.00 sys=0.00, real=0.00 secs] 
2026-04-19T13:34:41.340+0530: 673.804: [CMS-concurrent-reset-start]
2026-04-19T13:34:41.340+0530: 673.804: [CMS-concurrent-reset: 0.000/0.000 secs] [Times: user=0.00 sys=0.00, real=0.00 secs] 
2026-04-19T13:34:42.348+0530: 674.811: Total time for which application threads were stopped: 0.0002973 seconds, Stopping threads took: 0.0001011 seconds
2026-04-19T13:34:43.362+0530: 675.825: Total time for which application threads were stopped: 0.0002962 seconds, Stopping threads took: 0.0000968 seconds
2026-04-19T13:34:49.425+0530: 681.888: Total time for which application threads were stopped: 0.0002482 seconds, Stopping threads took: 0.0000646 seconds
2026-04-19T13:34:51.355+0530: 683.818: [GC (CMS Initial Mark) [1 CMS-initial-mark: 63K(64K)] 109616K(471872K), 0.0137965 secs] [Times: user=0.00 sys=0.00, real=0.01 secs] 
2026-04-19T13:34:51.368+0530: 683.832: Total time for which application threads were stopped: 0.0140635 seconds, Stopping threads took: 0.0000671 seconds
2026-04-19T13:34:51.368+0530: 683.832: [CMS-concurrent-mark-start]
2026-04-19T13:34:51.370+0530: 683.833: [CMS-concurrent-mark: 0.001/0.001 secs] [Times: user=0.00 sys=0.00, real=0.00 secs] 
2026-04-19T13:34:51.370+0530: 683.833: [CMS-concurrent-preclean-start]
2026-04-19T13:34:51.370+0530: 683.833: [CMS-concurrent-preclean: 0.000/0.000 secs] [Times: user=0.00 sys=0.00, real=0.00 secs] 
2026-04-19T13:34:51.370+0530: 683.833: [CMS-concurrent-abortable-preclean-start]
2026-04-19T13:34:51.370+0530: 683.833: [CMS-concurrent-abortable-preclean: 0.000/0.000 secs] [Times: user=0.00 sys=0.00, real=0.00 secs] 
2026-04-19T13:34:51.370+0530: 683.834: [GC (CMS Final Remark) [YG occupancy: 109552 K (471808 K)]2026-04-19T13:34:51.370+0530: 683.834: [Rescan (parallel) , 0.0154704 secs]2026-04-19T13:34:51.386+0530: 683.849: [weak refs processing, 0.0000258 secs]2026-04-19T13:34:51.386+0530: 683.849: [class unloading, 0.0069115 secs]2026-04-19T13:34:51.393+0530: 683.856: [scrub symbol table, 0.0041028 secs]2026-04-19T13:34:51.397+0530: 683.860: [scrub string table, 0.0017323 secs][1 CMS-remark: 63K(64K)] 109616K(471872K), 0.0297817 secs] [Times: user=0.02 sys=0.00, real=0.03 secs] 
2026-04-19T13:34:51.400+0530: 683.863: Total time for which application threads were stopped: 0.0299610 seconds, Stopping threads took: 0.0000225 seconds
2026-04-19T13:34:51.400+0530: 683.864: [CMS-concurrent-sweep-start]
2026-04-19T13:34:51.401+0530: 683.864: [CMS-concurrent-sweep: 0.000/0.000 secs] [Times: user=0.00 sys=0.00, real=0.00 secs] 
2026-04-19T13:34:51.401+0530: 683.864: [CMS-concurrent-reset-start]
2026-04-19T13:34:51.401+0530: 683.864: [CMS-concurrent-reset: 0.000/0.000 secs] [Times: user=0.00 sys=0.00, real=0.00 secs] 
2026-04-19T13:34:54.421+0530: 686.884: Total time for which application threads were stopped: 0.0001419 seconds, Stopping threads took: 0.0000487 seconds
2026-04-19T13:34:59.467+0530: 691.930: Total time for which application threads were stopped: 0.0001840 seconds, Stopping threads took: 0.0000374 seconds
2026-04-19T13:35:01.401+0530: 693.865: [GC (CMS Initial Mark) [1 CMS-initial-mark: 63K(64K)] 109752K(471872K), 0.0142597 secs] [Times: user=0.00 sys=0.00, real=0.01 secs] 
2026-04-19T13:35:01.416+0530: 693.879: Total time for which application threads were stopped: 0.0148027 seconds, Stopping threads took: 0.0002789 seconds
2026-04-19T13:35:01.416+0530: 693.879: [CMS-concurrent-mark-start]
2026-04-19T13:35:01.416+0530: 693.879: [CMS-concurrent-mark: 0.000/0.000 secs] [Times: user=0.00 sys=0.00, real=0.00 secs] 
2026-04-19T13:35:01.416+0530: 693.880: [CMS-concurrent-preclean-start]
2026-04-19T13:35:01.417+0530: 693.880: [CMS-concurrent-preclean: 0.000/0.000 secs] [Times: user=0.00 sys=0.00, real=0.00 secs] 
2026-04-19T13:35:01.417+0530: 693.880: [CMS-concurrent-abortable-preclean-start]
2026-04-19T13:35:01.417+0530: 693.880: [CMS-concurrent-abortable-preclean: 0.000/0.000 secs] [Times: user=0.00 sys=0.00, real=0.00 secs] 
2026-04-19T13:35:01.417+0530: 693.880: [GC (CMS Final Remark) [YG occupancy: 109688 K (471808 K)]2026-04-19T13:35:01.417+0530: 693.880: [Rescan (parallel) , 0.0175804 secs]2026-04-19T13:35:01.434+0530: 693.898: [weak refs processing, 0.0000589 secs]2026-04-19T13:35:01.434+0530: 693.898: [class unloading, 0.0110659 secs]2026-04-19T13:35:01.445+0530: 693.909: [scrub symbol table, 0.0048419 secs]2026-04-19T13:35:01.451+0530: 693.914: [scrub string table, 0.0018005 secs][1 CMS-remark: 63K(64K)] 109752K(471872K), 0.0370127 secs] [Times: user=0.02 sys=0.00, real=0.04 secs] 
2026-04-19T13:35:01.454+0530: 693.917: Total time for which application threads were stopped: 0.0371826 seconds, Stopping threads took: 0.0000191 seconds
2026-04-19T13:35:01.454+0530: 693.917: [CMS-concurrent-sweep-start]
2026-04-19T13:35:01.454+0530: 693.917: [CMS-concurrent-sweep: 0.000/0.000 secs] [Times: user=0.00 sys=0.00, real=0.00 secs] 
2026-04-19T13:35:01.454+0530: 693.918: [CMS-concurrent-reset-start]
2026-04-19T13:35:01.454+0530: 693.918: [CMS-concurrent-reset: 0.000/0.000 secs] [Times: user=0.00 sys=0.00, real=0.00 secs] 
2026-04-19T13:35:08.464+0530: 700.927: Total time for which application threads were stopped: 0.0001596 seconds, Stopping threads took: 0.0000414 seconds
2026-04-19T13:35:10.465+0530: 702.928: Total time for which application threads were stopped: 0.0001681 seconds, Stopping threads took: 0.0000486 seconds
2026-04-19T13:35:11.454+0530: 703.918: [GC (CMS Initial Mark) [1 CMS-initial-mark: 63K(64K)] 111524K(471872K), 0.0086163 secs] [Times: user=0.00 sys=0.00, real=0.01 secs] 
2026-04-19T13:35:11.463+0530: 703.926: Total time for which application threads were stopped: 0.0088113 seconds, Stopping threads took: 0.0000415 seconds
2026-04-19T13:35:11.463+0530: 703.926: [CMS-concurrent-mark-start]
2026-04-19T13:35:11.463+0530: 703.927: [CMS-concurrent-mark: 0.000/0.000 secs] [Times: user=0.00 sys=0.00, real=0.00 secs] 
2026-04-19T13:35:11.463+0530: 703.927: [CMS-concurrent-preclean-start]
2026-04-19T13:35:11.463+0530: 703.927: [CMS-concurrent-preclean: 0.000/0.000 secs] [Times: user=0.00 sys=0.00, real=0.00 secs] 
2026-04-19T13:35:11.463+0530: 703.927: [CMS-concurrent-abortable-preclean-start]
2026-04-19T13:35:11.463+0530: 703.927: [CMS-concurrent-abortable-preclean: 0.000/0.000 secs] [Times: user=0.00 sys=0.00, real=0.00 secs] 
2026-04-19T13:35:11.463+0530: 703.927: [GC (CMS Final Remark) [YG occupancy: 111460 K (471808 K)]2026-04-19T13:35:11.464+0530: 703.927: [Rescan (parallel) , 0.0082443 secs]2026-04-19T13:35:11.472+0530: 703.936: [weak refs processing, 0.0000153 secs]2026-04-19T13:35:11.472+0530: 703.936: [class unloading, 0.0033862 secs]2026-04-19T13:35:11.475+0530: 703.939: [scrub symbol table, 0.0016063 secs]2026-04-19T13:35:11.477+0530: 703.941: [scrub string table, 0.0009431 secs][1 CMS-remark: 63K(64K)] 111524K(471872K), 0.0150192 secs] [Times: user=0.00 sys=0.00, real=0.02 secs] 
2026-04-19T13:35:11.479+0530: 703.942: Total time for which application threads were stopped: 0.0151093 seconds, Stopping threads took: 0.0000146 seconds
2026-04-19T13:35:11.479+0530: 703.942: [CMS-concurrent-sweep-start]
2026-04-19T13:35:11.479+0530: 703.942: [CMS-concurrent-sweep: 0.000/0.000 secs] [Times: user=0.00 sys=0.00, real=0.00 secs] 
2026-04-19T13:35:11.479+0530: 703.942: [CMS-concurrent-reset-start]
2026-04-19T13:35:11.479+0530: 703.942: [CMS-concurrent-reset: 0.000/0.000 secs] [Times: user=0.00 sys=0.00, real=0.00 secs] 
2026-04-19T13:35:21.479+0530: 713.943: [GC (CMS Initial Mark) [1 CMS-initial-mark: 63K(64K)] 112021K(471872K), 0.0097029 secs] [Times: user=0.02 sys=0.00, real=0.01 secs] 
2026-04-19T13:35:21.489+0530: 713.952: Total time for which application threads were stopped: 0.0099249 seconds, Stopping threads took: 0.0000487 seconds
2026-04-19T13:35:21.489+0530: 713.952: [CMS-concurrent-mark-start]
2026-04-19T13:35:21.489+0530: 713.953: [CMS-concurrent-mark: 0.000/0.000 secs] [Times: user=0.00 sys=0.00, real=0.00 secs] 
2026-04-19T13:35:21.489+0530: 713.953: [CMS-concurrent-preclean-start]
2026-04-19T13:35:21.489+0530: 713.953: [CMS-concurrent-preclean: 0.000/0.000 secs] [Times: user=0.00 sys=0.00, real=0.00 secs] 
2026-04-19T13:35:21.489+0530: 713.953: [CMS-concurrent-abortable-preclean-start]
2026-04-19T13:35:21.489+0530: 713.953: [CMS-concurrent-abortable-preclean: 0.000/0.000 secs] [Times: user=0.00 sys=0.00, real=0.00 secs] 
2026-04-19T13:35:21.489+0530: 713.953: [GC (CMS Final Remark) [YG occupancy: 111957 K (471808 K)]2026-04-19T13:35:21.489+0530: 713.953: [Rescan (parallel) , 0.0083252 secs]2026-04-19T13:35:21.498+0530: 713.962: [weak refs processing, 0.0000147 secs]2026-04-19T13:35:21.498+0530: 713.962: [class unloading, 0.0034436 secs]2026-04-19T13:35:21.501+0530: 713.965: [scrub symbol table, 0.0015518 secs]2026-04-19T13:35:21.503+0530: 713.967: [scrub string table, 0.0009065 secs][1 CMS-remark: 63K(64K)] 112021K(471872K), 0.0150543 secs] [Times: user=0.14 sys=0.01, real=0.01 secs] 
2026-04-19T13:35:21.504+0530: 713.968: Total time for which application threads were stopped: 0.0151400 seconds, Stopping threads took: 0.0000118 seconds
2026-04-19T13:35:21.505+0530: 713.968: [CMS-concurrent-sweep-start]
2026-04-19T13:35:21.505+0530: 713.968: [CMS-concurrent-sweep: 0.000/0.000 secs] [Times: user=0.00 sys=0.00, real=0.00 secs] 
2026-04-19T13:35:21.505+0530: 713.968: [CMS-concurrent-reset-start]
2026-04-19T13:35:21.505+0530: 713.968: [CMS-concurrent-reset: 0.000/0.000 secs] [Times: user=0.00 sys=0.00, real=0.00 secs] 
2026-04-19T13:35:27.144+0530: 719.608: Total time for which application threads were stopped: 0.0009152 seconds, Stopping threads took: 0.0000403 seconds
2026-04-19T13:35:28.149+0530: 720.612: Total time for which application threads were stopped: 0.0003932 seconds, Stopping threads took: 0.0001055 seconds
2026-04-19T13:35:29.159+0530: 721.623: Total time for which application threads were stopped: 0.0002618 seconds, Stopping threads took: 0.0000703 seconds
2026-04-19T13:35:30.174+0530: 722.637: Total time for which application threads were stopped: 0.0004590 seconds, Stopping threads took: 0.0003532 seconds
2026-04-19T13:35:31.519+0530: 723.983: [GC (CMS Initial Mark) [1 CMS-initial-mark: 63K(64K)] 122367K(471872K), 0.0156712 secs] [Times: user=0.02 sys=0.00, real=0.02 secs] 
2026-04-19T13:35:31.535+0530: 723.999: Total time for which application threads were stopped: 0.0159310 seconds, Stopping threads took: 0.0000433 seconds
2026-04-19T13:35:31.535+0530: 723.999: [CMS-concurrent-mark-start]
2026-04-19T13:35:31.535+0530: 723.999: [CMS-concurrent-mark: 0.000/0.000 secs] [Times: user=0.00 sys=0.00, real=0.00 secs] 
2026-04-19T13:35:31.535+0530: 723.999: [CMS-concurrent-preclean-start]
2026-04-19T13:35:31.536+0530: 724.000: [CMS-concurrent-preclean: 0.001/0.001 secs] [Times: user=0.00 sys=0.00, real=0.00 secs] 
2026-04-19T13:35:31.536+0530: 724.000: [CMS-concurrent-abortable-preclean-start]
2026-04-19T13:35:31.536+0530: 724.000: [CMS-concurrent-abortable-preclean: 0.000/0.000 secs] [Times: user=0.00 sys=0.00, real=0.00 secs] 
2026-04-19T13:35:31.536+0530: 724.000: [GC (CMS Final Remark) [YG occupancy: 122303 K (471808 K)]2026-04-19T13:35:31.536+0530: 724.000: [Rescan (parallel) , 0.0162069 secs]2026-04-19T13:35:31.553+0530: 724.016: [weak refs processing, 0.0000369 secs]2026-04-19T13:35:31.553+0530: 724.016: [class unloading, 0.0070721 secs]2026-04-19T13:35:31.560+0530: 724.023: [scrub symbol table, 0.0041220 secs]2026-04-19T13:35:31.564+0530: 724.028: [scrub string table, 0.0017859 secs][1 CMS-remark: 63K(64K)] 122367K(471872K), 0.0309916 secs] [Times: user=0.23 sys=0.00, real=0.03 secs] 
2026-04-19T13:35:31.568+0530: 724.031: Total time for which application threads were stopped: 0.0312213 seconds, Stopping threads took: 0.0000347 seconds
2026-04-19T13:35:31.568+0530: 724.031: [CMS-concurrent-sweep-start]
2026-04-19T13:35:31.568+0530: 724.031: [CMS-concurrent-sweep: 0.000/0.000 secs] [Times: user=0.00 sys=0.00, real=0.00 secs] 
2026-04-19T13:35:31.568+0530: 724.031: [CMS-concurrent-reset-start]
2026-04-19T13:35:31.568+0530: 724.031: [CMS-concurrent-reset: 0.000/0.000 secs] [Times: user=0.00 sys=0.00, real=0.00 secs] 
2026-04-19T13:35:32.579+0530: 725.042: Total time for which application threads were stopped: 0.0003107 seconds, Stopping threads took: 0.0000939 seconds
2026-04-19T13:35:33.581+0530: 726.045: Total time for which application threads were stopped: 0.0005821 seconds, Stopping threads took: 0.0003543 seconds
2026-04-19T13:35:35.595+0530: 728.058: Total time for which application threads were stopped: 0.0004187 seconds, Stopping threads took: 0.0000984 seconds
2026-04-19T13:35:40.649+0530: 733.113: Total time for which application threads were stopped: 0.0002728 seconds, Stopping threads took: 0.0000772 seconds
2026-04-19T13:35:41.568+0530: 734.031: [GC (CMS Initial Mark) [1 CMS-initial-mark: 63K(64K)] 124818K(471872K), 0.0160563 secs] [Times: user=0.03 sys=0.00, real=0.02 secs] 
2026-04-19T13:35:41.584+0530: 734.047: Total time for which application threads were stopped: 0.0163690 seconds, Stopping threads took: 0.0000640 seconds
2026-04-19T13:35:41.584+0530: 734.047: [CMS-concurrent-mark-start]
2026-04-19T13:35:41.584+0530: 734.048: [CMS-concurrent-mark: 0.000/0.000 secs] [Times: user=0.00 sys=0.00, real=0.00 secs] 
2026-04-19T13:35:41.584+0530: 734.048: [CMS-concurrent-preclean-start]
2026-04-19T13:35:41.584+0530: 734.048: [CMS-concurrent-preclean: 0.000/0.000 secs] [Times: user=0.00 sys=0.00, real=0.00 secs] 
2026-04-19T13:35:41.584+0530: 734.048: [CMS-concurrent-abortable-preclean-start]
2026-04-19T13:35:41.584+0530: 734.048: [CMS-concurrent-abortable-preclean: 0.000/0.000 secs] [Times: user=0.00 sys=0.00, real=0.00 secs] 
2026-04-19T13:35:41.585+0530: 734.048: [GC (CMS Final Remark) [YG occupancy: 124754 K (471808 K)]2026-04-19T13:35:41.585+0530: 734.048: [Rescan (parallel) , 0.0170890 secs]2026-04-19T13:35:41.602+0530: 734.066: [weak refs processing, 0.0000287 secs]2026-04-19T13:35:41.602+0530: 734.066: [class unloading, 0.0087846 secs]2026-04-19T13:35:41.611+0530: 734.074: [scrub symbol table, 0.0043030 secs]2026-04-19T13:35:41.615+0530: 734.079: [scrub string table, 0.0017895 secs][1 CMS-remark: 63K(64K)] 124818K(471872K), 0.0336444 secs] [Times: user=0.24 sys=0.02, real=0.03 secs] 
2026-04-19T13:35:41.619+0530: 734.082: Total time for which application threads were stopped: 0.0337999 seconds, Stopping threads took: 0.0000220 seconds
2026-04-19T13:35:41.619+0530: 734.082: [CMS-concurrent-sweep-start]
2026-04-19T13:35:41.619+0530: 734.082: [CMS-concurrent-sweep: 0.000/0.000 secs] [Times: user=0.00 sys=0.00, real=0.00 secs] 
2026-04-19T13:35:41.619+0530: 734.082: [CMS-concurrent-reset-start]
2026-04-19T13:35:41.619+0530: 734.082: [CMS-concurrent-reset: 0.000/0.000 secs] [Times: user=0.00 sys=0.00, real=0.00 secs] 
2026-04-19T13:35:42.630+0530: 735.094: Total time for which application threads were stopped: 0.0002762 seconds, Stopping threads took: 0.0000969 seconds
2026-04-19T13:35:51.623+0530: 744.086: [GC (CMS Initial Mark) [1 CMS-initial-mark: 63K(64K)] 124970K(471872K), 0.0138287 secs] [Times: user=0.01 sys=0.00, real=0.01 secs] 
2026-04-19T13:35:51.637+0530: 744.100: Total time for which application threads were stopped: 0.0140202 seconds, Stopping threads took: 0.0000376 seconds
2026-04-19T13:35:51.637+0530: 744.100: [CMS-concurrent-mark-start]
2026-04-19T13:35:51.637+0530: 744.100: [CMS-concurrent-mark: 0.000/0.000 secs] [Times: user=0.00 sys=0.00, real=0.00 secs] 
2026-04-19T13:35:51.637+0530: 744.100: [CMS-concurrent-preclean-start]
2026-04-19T13:35:51.637+0530: 744.101: [CMS-concurrent-preclean: 0.000/0.000 secs] [Times: user=0.00 sys=0.00, real=0.00 secs] 
2026-04-19T13:35:51.637+0530: 744.101: [CMS-concurrent-abortable-preclean-start]
2026-04-19T13:35:51.637+0530: 744.101: [CMS-concurrent-abortable-preclean: 0.000/0.000 secs] [Times: user=0.00 sys=0.00, real=0.00 secs] 
2026-04-19T13:35:51.638+0530: 744.101: [GC (CMS Final Remark) [YG occupancy: 124906 K (471808 K)]2026-04-19T13:35:51.638+0530: 744.101: [Rescan (parallel) , 0.0179898 secs]2026-04-19T13:35:51.656+0530: 744.119: [weak refs processing, 0.0000502 secs]2026-04-19T13:35:51.656+0530: 744.119: [class unloading, 0.0100404 secs]2026-04-19T13:35:51.666+0530: 744.129: [scrub symbol table, 0.0045519 secs]2026-04-19T13:35:51.670+0530: 744.134: [scrub string table, 0.0017709 secs][1 CMS-remark: 63K(64K)] 124970K(471872K), 0.0362514 secs] [Times: user=0.02 sys=0.00, real=0.04 secs] 
2026-04-19T13:35:51.674+0530: 744.137: Total time for which application threads were stopped: 0.0364204 seconds, Stopping threads took: 0.0000168 seconds
2026-04-19T13:35:51.674+0530: 744.138: [CMS-concurrent-sweep-start]
2026-04-19T13:35:51.674+0530: 744.138: [CMS-concurrent-sweep: 0.000/0.000 secs] [Times: user=0.00 sys=0.00, real=0.00 secs] 
2026-04-19T13:35:51.674+0530: 744.138: [CMS-concurrent-reset-start]
2026-04-19T13:35:51.674+0530: 744.138: [CMS-concurrent-reset: 0.000/0.000 secs] [Times: user=0.00 sys=0.00, real=0.00 secs] 
2026-04-19T13:36:01.675+0530: 754.138: [GC (CMS Initial Mark) [1 CMS-initial-mark: 63K(64K)] 127064K(471872K), 0.0141489 secs] [Times: user=0.02 sys=0.00, real=0.01 secs] 
2026-04-19T13:36:01.688+0530: 754.152: Total time for which application threads were stopped: 0.0143865 seconds, Stopping threads took: 0.0000396 seconds
2026-04-19T13:36:01.688+0530: 754.152: [CMS-concurrent-mark-start]
2026-04-19T13:36:01.689+0530: 754.153: [CMS-concurrent-mark: 0.000/0.000 secs] [Times: user=0.00 sys=0.00, real=0.00 secs] 
2026-04-19T13:36:01.689+0530: 754.153: [CMS-concurrent-preclean-start]
2026-04-19T13:36:01.689+0530: 754.153: [CMS-concurrent-preclean: 0.000/0.000 secs] [Times: user=0.00 sys=0.00, real=0.00 secs] 
2026-04-19T13:36:01.689+0530: 754.153: [CMS-concurrent-abortable-preclean-start]
2026-04-19T13:36:01.689+0530: 754.153: [CMS-concurrent-abortable-preclean: 0.000/0.000 secs] [Times: user=0.00 sys=0.00, real=0.00 secs] 
2026-04-19T13:36:01.689+0530: 754.153: [GC (CMS Final Remark) [YG occupancy: 127000 K (471808 K)]2026-04-19T13:36:01.689+0530: 754.153: [Rescan (parallel) , 0.0166489 secs]2026-04-19T13:36:01.707+0530: 754.170: [weak refs processing, 0.0000392 secs]2026-04-19T13:36:01.707+0530: 754.170: [class unloading, 0.0075628 secs]2026-04-19T13:36:01.715+0530: 754.178: [scrub symbol table, 0.0040260 secs]2026-04-19T13:36:01.719+0530: 754.182: [scrub string table, 0.0016243 secs][1 CMS-remark: 63K(64K)] 127064K(471872K), 0.0316375 secs] [Times: user=0.08 sys=0.00, real=0.03 secs] 
2026-04-19T13:36:01.722+0530: 754.185: Total time for which application threads were stopped: 0.0318085 seconds, Stopping threads took: 0.0000181 seconds
2026-04-19T13:36:01.722+0530: 754.185: [CMS-concurrent-sweep-start]
2026-04-19T13:36:01.722+0530: 754.185: [CMS-concurrent-sweep: 0.000/0.000 secs] [Times: user=0.00 sys=0.00, real=0.00 secs] 
2026-04-19T13:36:01.722+0530: 754.185: [CMS-concurrent-reset-start]
2026-04-19T13:36:01.722+0530: 754.185: [CMS-concurrent-reset: 0.000/0.000 secs] [Times: user=0.00 sys=0.00, real=0.00 secs] 
2026-04-19T13:36:02.730+0530: 755.193: Total time for which application threads were stopped: 0.0003271 seconds, Stopping threads took: 0.0001062 seconds
2026-04-19T13:36:11.726+0530: 764.190: [GC (CMS Initial Mark) [1 CMS-initial-mark: 63K(64K)] 127199K(471872K), 0.0143497 secs] [Times: user=0.23 sys=0.02, real=0.01 secs] 
2026-04-19T13:36:11.741+0530: 764.204: Total time for which application threads were stopped: 0.0146332 seconds, Stopping threads took: 0.0000502 seconds
2026-04-19T13:36:11.741+0530: 764.204: [CMS-concurrent-mark-start]
2026-04-19T13:36:11.742+0530: 764.205: [CMS-concurrent-mark: 0.001/0.001 secs] [Times: user=0.00 sys=0.00, real=0.00 secs] 
2026-04-19T13:36:11.742+0530: 764.205: [CMS-concurrent-preclean-start]
2026-04-19T13:36:11.742+0530: 764.205: [CMS-concurrent-preclean: 0.000/0.000 secs] [Times: user=0.00 sys=0.00, real=0.00 secs] 
2026-04-19T13:36:11.742+0530: 764.205: [CMS-concurrent-abortable-preclean-start]
2026-04-19T13:36:11.742+0530: 764.205: [CMS-concurrent-abortable-preclean: 0.000/0.000 secs] [Times: user=0.00 sys=0.00, real=0.00 secs] 
2026-04-19T13:36:11.742+0530: 764.205: [GC (CMS Final Remark) [YG occupancy: 127135 K (471808 K)]2026-04-19T13:36:11.742+0530: 764.205: [Rescan (parallel) , 0.0158180 secs]2026-04-19T13:36:11.758+0530: 764.221: [weak refs processing, 0.0000203 secs]2026-04-19T13:36:11.758+0530: 764.221: [class unloading, 0.0090191 secs]2026-04-19T13:36:11.767+0530: 764.230: [scrub symbol table, 0.0050874 secs]2026-04-19T13:36:11.772+0530: 764.235: [scrub string table, 0.0018706 secs][1 CMS-remark: 63K(64K)] 127199K(471872K), 0.0336041 secs] [Times: user=0.30 sys=0.00, real=0.03 secs] 
2026-04-19T13:36:11.776+0530: 764.239: Total time for which application threads were stopped: 0.0337733 seconds, Stopping threads took: 0.0000224 seconds
2026-04-19T13:36:11.776+0530: 764.239: [CMS-concurrent-sweep-start]
2026-04-19T13:36:11.776+0530: 764.239: [CMS-concurrent-sweep: 0.000/0.000 secs] [Times: user=0.00 sys=0.00, real=0.00 secs] 
2026-04-19T13:36:11.776+0530: 764.239: [CMS-concurrent-reset-start]
2026-04-19T13:36:11.776+0530: 764.239: [CMS-concurrent-reset: 0.000/0.000 secs] [Times: user=0.00 sys=0.00, real=0.00 secs] 
2026-04-19T13:36:17.833+0530: 770.296: Total time for which application threads were stopped: 0.0002093 seconds, Stopping threads took: 0.0000758 seconds
2026-04-19T13:36:18.844+0530: 771.307: Total time for which application threads were stopped: 0.0002884 seconds, Stopping threads took: 0.0000814 seconds
2026-04-19T13:36:21.775+0530: 774.239: [GC (CMS Initial Mark) [1 CMS-initial-mark: 63K(64K)] 127502K(471872K), 0.0144571 secs] [Times: user=0.05 sys=0.00, real=0.01 secs] 
2026-04-19T13:36:21.790+0530: 774.253: Total time for which application threads were stopped: 0.0148086 seconds, Stopping threads took: 0.0000866 seconds
2026-04-19T13:36:21.790+0530: 774.253: [CMS-concurrent-mark-start]
2026-04-19T13:36:21.790+0530: 774.254: [CMS-concurrent-mark: 0.001/0.001 secs] [Times: user=0.00 sys=0.00, real=0.00 secs] 
2026-04-19T13:36:21.790+0530: 774.254: [CMS-concurrent-preclean-start]
2026-04-19T13:36:21.791+0530: 774.254: [CMS-concurrent-preclean: 0.000/0.000 secs] [Times: user=0.00 sys=0.00, real=0.00 secs] 
2026-04-19T13:36:21.791+0530: 774.254: [CMS-concurrent-abortable-preclean-start]
2026-04-19T13:36:21.791+0530: 774.254: [CMS-concurrent-abortable-preclean: 0.000/0.000 secs] [Times: user=0.00 sys=0.00, real=0.00 secs] 
2026-04-19T13:36:21.791+0530: 774.255: [GC (CMS Final Remark) [YG occupancy: 127438 K (471808 K)]2026-04-19T13:36:21.791+0530: 774.255: [Rescan (parallel) , 0.0164803 secs]2026-04-19T13:36:21.808+0530: 774.271: [weak refs processing, 0.0000516 secs]2026-04-19T13:36:21.808+0530: 774.271: [class unloading, 0.0094108 secs]2026-04-19T13:36:21.817+0530: 774.281: [scrub symbol table, 0.0042246 secs]2026-04-19T13:36:21.821+0530: 774.285: [scrub string table, 0.0017718 secs][1 CMS-remark: 63K(64K)] 127502K(471872K), 0.0336450 secs] [Times: user=0.08 sys=0.02, real=0.03 secs] 
2026-04-19T13:36:21.825+0530: 774.288: Total time for which application threads were stopped: 0.0338111 seconds, Stopping threads took: 0.0000243 seconds
2026-04-19T13:36:21.825+0530: 774.289: [CMS-concurrent-sweep-start]
2026-04-19T13:36:21.825+0530: 774.289: [CMS-concurrent-sweep: 0.000/0.000 secs] [Times: user=0.00 sys=0.00, real=0.00 secs] 
2026-04-19T13:36:21.825+0530: 774.289: [CMS-concurrent-reset-start]
2026-04-19T13:36:21.825+0530: 774.289: [CMS-concurrent-reset: 0.000/0.000 secs] [Times: user=0.00 sys=0.00, real=0.00 secs] 
2026-04-19T13:36:31.836+0530: 784.300: [GC (CMS Initial Mark) [1 CMS-initial-mark: 63K(64K)] 129515K(471872K), 0.0140077 secs] [Times: user=0.26 sys=0.01, real=0.01 secs] 
2026-04-19T13:36:31.850+0530: 784.314: Total time for which application threads were stopped: 0.0142830 seconds, Stopping threads took: 0.0000523 seconds
2026-04-19T13:36:31.850+0530: 784.314: [CMS-concurrent-mark-start]
2026-04-19T13:36:31.851+0530: 784.314: [CMS-concurrent-mark: 0.000/0.000 secs] [Times: user=0.00 sys=0.00, real=0.00 secs] 
2026-04-19T13:36:31.851+0530: 784.314: [CMS-concurrent-preclean-start]
2026-04-19T13:36:31.851+0530: 784.315: [CMS-concurrent-preclean: 0.000/0.000 secs] [Times: user=0.00 sys=0.00, real=0.00 secs] 
2026-04-19T13:36:31.851+0530: 784.315: [CMS-concurrent-abortable-preclean-start]
2026-04-19T13:36:31.851+0530: 784.315: [CMS-concurrent-abortable-preclean: 0.000/0.000 secs] [Times: user=0.00 sys=0.00, real=0.00 secs] 
2026-04-19T13:36:31.851+0530: 784.315: [GC (CMS Final Remark) [YG occupancy: 129451 K (471808 K)]2026-04-19T13:36:31.851+0530: 784.315: [Rescan (parallel) , 0.0179031 secs]2026-04-19T13:36:31.869+0530: 784.333: [weak refs processing, 0.0000403 secs]2026-04-19T13:36:31.869+0530: 784.333: [class unloading, 0.0080023 secs]2026-04-19T13:36:31.877+0530: 784.341: [scrub symbol table, 0.0045021 secs]2026-04-19T13:36:31.882+0530: 784.346: [scrub string table, 0.0017086 secs][1 CMS-remark: 63K(64K)] 129515K(471872K), 0.0338458 secs] [Times: user=0.30 sys=0.02, real=0.03 secs] 
2026-04-19T13:36:31.885+0530: 784.349: Total time for which application threads were stopped: 0.0340031 seconds, Stopping threads took: 0.0000223 seconds
2026-04-19T13:36:31.886+0530: 784.349: [CMS-concurrent-sweep-start]
2026-04-19T13:36:31.886+0530: 784.349: [CMS-concurrent-sweep: 0.000/0.000 secs] [Times: user=0.00 sys=0.00, real=0.00 secs] 
2026-04-19T13:36:31.886+0530: 784.349: [CMS-concurrent-reset-start]
2026-04-19T13:36:31.886+0530: 784.349: [CMS-concurrent-reset: 0.000/0.000 secs] [Times: user=0.00 sys=0.00, real=0.00 secs] 
2026-04-19T13:36:32.890+0530: 785.353: Total time for which application threads were stopped: 0.0003658 seconds, Stopping threads took: 0.0002093 seconds
2026-04-19T13:36:33.903+0530: 786.366: Total time for which application threads were stopped: 0.0001269 seconds, Stopping threads took: 0.0000517 seconds
2026-04-19T13:36:39.964+0530: 792.428: Total time for which application threads were stopped: 0.0001628 seconds, Stopping threads took: 0.0000434 seconds
2026-04-19T13:36:41.894+0530: 794.357: [GC (CMS Initial Mark) [1 CMS-initial-mark: 63K(64K)] 129724K(471872K), 0.0180528 secs] [Times: user=0.02 sys=0.00, real=0.02 secs] 
2026-04-19T13:36:41.912+0530: 794.375: Total time for which application threads were stopped: 0.0182265 seconds, Stopping threads took: 0.0000234 seconds
2026-04-19T13:36:41.912+0530: 794.375: [CMS-concurrent-mark-start]
2026-04-19T13:36:41.912+0530: 794.376: [CMS-concurrent-mark: 0.000/0.000 secs] [Times: user=0.00 sys=0.00, real=0.00 secs] 
2026-04-19T13:36:41.912+0530: 794.376: [CMS-concurrent-preclean-start]
2026-04-19T13:36:41.913+0530: 794.376: [CMS-concurrent-preclean: 0.001/0.001 secs] [Times: user=0.00 sys=0.00, real=0.00 secs] 
2026-04-19T13:36:41.913+0530: 794.376: [CMS-concurrent-abortable-preclean-start]
2026-04-19T13:36:41.913+0530: 794.376: [CMS-concurrent-abortable-preclean: 0.000/0.000 secs] [Times: user=0.00 sys=0.00, real=0.00 secs] 
2026-04-19T13:36:41.913+0530: 794.376: [GC (CMS Final Remark) [YG occupancy: 129660 K (471808 K)]2026-04-19T13:36:41.913+0530: 794.377: [Rescan (parallel) , 0.0142714 secs]2026-04-19T13:36:41.927+0530: 794.391: [weak refs processing, 0.0000284 secs]2026-04-19T13:36:41.927+0530: 794.391: [class unloading, 0.0073056 secs]2026-04-19T13:36:41.935+0530: 794.398: [scrub symbol table, 0.0040504 secs]2026-04-19T13:36:41.939+0530: 794.402: [scrub string table, 0.0017586 secs][1 CMS-remark: 63K(64K)] 129724K(471872K), 0.0290307 secs] [Times: user=0.30 sys=0.00, real=0.03 secs] 
2026-04-19T13:36:41.942+0530: 794.406: Total time for which application threads were stopped: 0.0292128 seconds, Stopping threads took: 0.0000236 seconds
2026-04-19T13:36:41.942+0530: 794.406: [CMS-concurrent-sweep-start]
2026-04-19T13:36:41.942+0530: 794.406: [CMS-concurrent-sweep: 0.000/0.000 secs] [Times: user=0.00 sys=0.00, real=0.00 secs] 
2026-04-19T13:36:41.942+0530: 794.406: [CMS-concurrent-reset-start]
2026-04-19T13:36:41.942+0530: 794.406: [CMS-concurrent-reset: 0.000/0.000 secs] [Times: user=0.00 sys=0.00, real=0.00 secs] 
2026-04-19T13:36:43.964+0530: 796.428: Total time for which application threads were stopped: 0.0001352 seconds, Stopping threads took: 0.0000613 seconds
2026-04-19T13:36:51.035+0530: 803.499: Total time for which application threads were stopped: 0.0001852 seconds, Stopping threads took: 0.0000451 seconds
2026-04-19T13:36:51.953+0530: 804.417: [GC (CMS Initial Mark) [1 CMS-initial-mark: 63K(64K)] 129724K(471872K), 0.0165627 secs] [Times: user=0.02 sys=0.00, real=0.02 secs] 
2026-04-19T13:36:51.970+0530: 804.434: Total time for which application threads were stopped: 0.0169221 seconds, Stopping threads took: 0.0000665 seconds
2026-04-19T13:36:51.970+0530: 804.434: [CMS-concurrent-mark-start]
2026-04-19T13:36:51.971+0530: 804.434: [CMS-concurrent-mark: 0.000/0.000 secs] [Times: user=0.00 sys=0.00, real=0.00 secs] 
2026-04-19T13:36:51.971+0530: 804.434: [CMS-concurrent-preclean-start]
2026-04-19T13:36:51.971+0530: 804.435: [CMS-concurrent-preclean: 0.000/0.000 secs] [Times: user=0.00 sys=0.00, real=0.00 secs] 
2026-04-19T13:36:51.971+0530: 804.435: [CMS-concurrent-abortable-preclean-start]
2026-04-19T13:36:51.971+0530: 804.435: [CMS-concurrent-abortable-preclean: 0.000/0.000 secs] [Times: user=0.00 sys=0.00, real=0.00 secs] 
2026-04-19T13:36:51.971+0530: 804.435: [GC (CMS Final Remark) [YG occupancy: 129660 K (471808 K)]2026-04-19T13:36:51.971+0530: 804.435: [Rescan (parallel) , 0.0292900 secs]2026-04-19T13:36:52.001+0530: 804.464: [weak refs processing, 0.0000596 secs]2026-04-19T13:36:52.001+0530: 804.465: [class unloading, 0.0103375 secs]2026-04-19T13:36:52.012+0530: 804.475: [scrub symbol table, 0.0043391 secs]2026-04-19T13:36:52.015+0530: 804.479: [scrub string table, 0.0018525 secs][1 CMS-remark: 63K(64K)] 129724K(471872K), 0.0477108 secs] [Times: user=0.20 sys=0.00, real=0.05 secs] 
2026-04-19T13:36:52.020+0530: 804.483: Total time for which application threads were stopped: 0.0479009 seconds, Stopping threads took: 0.0000316 seconds
2026-04-19T13:36:52.020+0530: 804.483: [CMS-concurrent-sweep-start]
2026-04-19T13:36:52.020+0530: 804.483: [CMS-concurrent-sweep: 0.000/0.000 secs] [Times: user=0.00 sys=0.00, real=0.00 secs] 
2026-04-19T13:36:52.020+0530: 804.483: [CMS-concurrent-reset-start]
2026-04-19T13:36:52.020+0530: 804.483: [CMS-concurrent-reset: 0.000/0.000 secs] [Times: user=0.00 sys=0.00, real=0.00 secs] 
2026-04-19T13:37:02.033+0530: 814.496: [GC (CMS Initial Mark) [1 CMS-initial-mark: 63K(64K)] 130165K(471872K), 0.0156129 secs] [Times: user=0.02 sys=0.00, real=0.02 secs] 
2026-04-19T13:37:02.049+0530: 814.512: Total time for which application threads were stopped: 0.0159969 seconds, Stopping threads took: 0.0000776 seconds
2026-04-19T13:37:02.049+0530: 814.512: [CMS-concurrent-mark-start]
2026-04-19T13:37:02.049+0530: 814.512: [CMS-concurrent-mark: 0.000/0.000 secs] [Times: user=0.00 sys=0.00, real=0.00 secs] 
2026-04-19T13:37:02.049+0530: 814.513: [CMS-concurrent-preclean-start]
2026-04-19T13:37:02.050+0530: 814.513: [CMS-concurrent-preclean: 0.000/0.000 secs] [Times: user=0.00 sys=0.00, real=0.00 secs] 
2026-04-19T13:37:02.050+0530: 814.513: [CMS-concurrent-abortable-preclean-start]
2026-04-19T13:37:02.050+0530: 814.513: [CMS-concurrent-abortable-preclean: 0.000/0.000 secs] [Times: user=0.00 sys=0.00, real=0.00 secs] 
2026-04-19T13:37:02.050+0530: 814.513: [GC (CMS Final Remark) [YG occupancy: 130101 K (471808 K)]2026-04-19T13:37:02.050+0530: 814.513: [Rescan (parallel) , 0.0159045 secs]2026-04-19T13:37:02.066+0530: 814.529: [weak refs processing, 0.0000453 secs]2026-04-19T13:37:02.066+0530: 814.529: [class unloading, 0.0066741 secs]2026-04-19T13:37:02.073+0530: 814.536: [scrub symbol table, 0.0040418 secs]2026-04-19T13:37:02.077+0530: 814.540: [scrub string table, 0.0016776 secs][1 CMS-remark: 63K(64K)] 130165K(471872K), 0.0299575 secs] [Times: user=0.26 sys=0.02, real=0.03 secs] 
2026-04-19T13:37:02.080+0530: 814.543: Total time for which application threads were stopped: 0.0301633 seconds, Stopping threads took: 0.0000557 seconds
2026-04-19T13:37:02.081+0530: 814.544: [CMS-concurrent-sweep-start]
2026-04-19T13:37:02.081+0530: 814.544: [CMS-concurrent-sweep: 0.000/0.000 secs] [Times: user=0.00 sys=0.00, real=0.00 secs] 
2026-04-19T13:37:02.081+0530: 814.544: [CMS-concurrent-reset-start]
2026-04-19T13:37:02.081+0530: 814.544: [CMS-concurrent-reset: 0.000/0.000 secs] [Times: user=0.00 sys=0.00, real=0.00 secs] 
2026-04-19T13:37:11.173+0530: 823.637: Total time for which application threads were stopped: 0.0002790 seconds, Stopping threads took: 0.0000844 seconds
2026-04-19T13:37:12.092+0530: 824.556: [GC (CMS Initial Mark) [1 CMS-initial-mark: 63K(64K)] 130165K(471872K), 0.0129230 secs] [Times: user=0.02 sys=0.00, real=0.01 secs] 
2026-04-19T13:37:12.105+0530: 824.569: Total time for which application threads were stopped: 0.0132360 seconds, Stopping threads took: 0.0000644 seconds
2026-04-19T13:37:12.105+0530: 824.569: [CMS-concurrent-mark-start]
2026-04-19T13:37:12.105+0530: 824.569: [CMS-concurrent-mark: 0.000/0.000 secs] [Times: user=0.00 sys=0.00, real=0.00 secs] 
2026-04-19T13:37:12.105+0530: 824.569: [CMS-concurrent-preclean-start]
2026-04-19T13:37:12.106+0530: 824.569: [CMS-concurrent-preclean: 0.000/0.000 secs] [Times: user=0.00 sys=0.00, real=0.00 secs] 
2026-04-19T13:37:12.106+0530: 824.569: [CMS-concurrent-abortable-preclean-start]
2026-04-19T13:37:12.106+0530: 824.569: [CMS-concurrent-abortable-preclean: 0.000/0.000 secs] [Times: user=0.00 sys=0.00, real=0.00 secs] 
2026-04-19T13:37:12.106+0530: 824.570: [GC (CMS Final Remark) [YG occupancy: 130101 K (471808 K)]2026-04-19T13:37:12.106+0530: 824.570: [Rescan (parallel) , 0.0169154 secs]2026-04-19T13:37:12.123+0530: 824.587: [weak refs processing, 0.0000215 secs]2026-04-19T13:37:12.123+0530: 824.587: [class unloading, 0.0046554 secs]2026-04-19T13:37:12.128+0530: 824.591: [scrub symbol table, 0.0021809 secs]2026-04-19T13:37:12.130+0530: 824.594: [scrub string table, 0.0014016 secs][1 CMS-remark: 63K(64K)] 130165K(471872K), 0.0262161 secs] [Times: user=0.00 sys=0.00, real=0.03 secs] 
2026-04-19T13:37:12.132+0530: 824.596: Total time for which application threads were stopped: 0.0263299 seconds, Stopping threads took: 0.0000114 seconds
2026-04-19T13:37:12.133+0530: 824.596: [CMS-concurrent-sweep-start]
2026-04-19T13:37:12.133+0530: 824.596: [CMS-concurrent-sweep: 0.000/0.000 secs] [Times: user=0.00 sys=0.00, real=0.00 secs] 
2026-04-19T13:37:12.133+0530: 824.596: [CMS-concurrent-reset-start]
2026-04-19T13:37:12.133+0530: 824.596: [CMS-concurrent-reset: 0.000/0.000 secs] [Times: user=0.00 sys=0.00, real=0.00 secs] 
2026-04-19T13:37:13.144+0530: 825.607: Total time for which application threads were stopped: 0.0002815 seconds, Stopping threads took: 0.0000816 seconds
2026-04-19T13:37:22.142+0530: 834.605: [GC (CMS Initial Mark) [1 CMS-initial-mark: 63K(64K)] 131181K(471872K), 0.0199898 secs] [Times: user=0.02 sys=0.00, real=0.02 secs] 
2026-04-19T13:37:22.162+0530: 834.625: Total time for which application threads were stopped: 0.0203761 seconds, Stopping threads took: 0.0000713 seconds
2026-04-19T13:37:22.162+0530: 834.625: [CMS-concurrent-mark-start]
2026-04-19T13:37:22.162+0530: 834.626: [CMS-concurrent-mark: 0.000/0.000 secs] [Times: user=0.00 sys=0.00, real=0.00 secs] 
2026-04-19T13:37:22.162+0530: 834.626: [CMS-concurrent-preclean-start]
2026-04-19T13:37:22.163+0530: 834.626: [CMS-concurrent-preclean: 0.000/0.000 secs] [Times: user=0.00 sys=0.00, real=0.00 secs] 
2026-04-19T13:37:22.163+0530: 834.626: [CMS-concurrent-abortable-preclean-start]
2026-04-19T13:37:22.163+0530: 834.626: [CMS-concurrent-abortable-preclean: 0.000/0.000 secs] [Times: user=0.00 sys=0.00, real=0.00 secs] 
2026-04-19T13:37:22.163+0530: 834.627: [GC (CMS Final Remark) [YG occupancy: 131117 K (471808 K)]2026-04-19T13:37:22.163+0530: 834.627: [Rescan (parallel) , 0.0267634 secs]2026-04-19T13:37:22.190+0530: 834.653: [weak refs processing, 0.0000537 secs]2026-04-19T13:37:22.191+0530: 834.654: [class unloading, 0.0104179 secs]2026-04-19T13:37:22.201+0530: 834.664: [scrub symbol table, 0.0046084 secs]2026-04-19T13:37:22.206+0530: 834.669: [scrub string table, 0.0018446 secs][1 CMS-remark: 63K(64K)] 131181K(471872K), 0.0454487 secs] [Times: user=0.30 sys=0.00, real=0.05 secs] 
2026-04-19T13:37:22.209+0530: 834.672: Total time for which application threads were stopped: 0.0456435 seconds, Stopping threads took: 0.0000276 seconds
2026-04-19T13:37:22.209+0530: 834.672: [CMS-concurrent-sweep-start]
2026-04-19T13:37:22.209+0530: 834.672: [CMS-concurrent-sweep: 0.000/0.000 secs] [Times: user=0.00 sys=0.00, real=0.00 secs] 
2026-04-19T13:37:22.209+0530: 834.672: [CMS-concurrent-reset-start]
2026-04-19T13:37:22.209+0530: 834.672: [CMS-concurrent-reset: 0.000/0.000 secs] [Times: user=0.00 sys=0.00, real=0.00 secs] 
2026-04-19T13:37:28.265+0530: 840.728: Total time for which application threads were stopped: 0.0001150 seconds, Stopping threads took: 0.0000452 seconds
2026-04-19T13:37:31.283+0530: 843.747: Total time for which application threads were stopped: 0.0001930 seconds, Stopping threads took: 0.0000527 seconds
2026-04-19T13:37:32.223+0530: 844.687: [GC (CMS Initial Mark) [1 CMS-initial-mark: 63K(64K)] 131334K(471872K), 0.0147601 secs] [Times: user=0.02 sys=0.00, real=0.01 secs] 
2026-04-19T13:37:32.238+0530: 844.701: Total time for which application threads were stopped: 0.0150342 seconds, Stopping threads took: 0.0000684 seconds
2026-04-19T13:37:32.238+0530: 844.701: [CMS-concurrent-mark-start]
2026-04-19T13:37:32.239+0530: 844.702: [CMS-concurrent-mark: 0.001/0.001 secs] [Times: user=0.00 sys=0.00, real=0.00 secs] 
2026-04-19T13:37:32.239+0530: 844.702: [CMS-concurrent-preclean-start]
2026-04-19T13:37:32.239+0530: 844.702: [CMS-concurrent-preclean: 0.000/0.000 secs] [Times: user=0.00 sys=0.00, real=0.00 secs] 
2026-04-19T13:37:32.239+0530: 844.702: [CMS-concurrent-abortable-preclean-start]
2026-04-19T13:37:32.239+0530: 844.702: [CMS-concurrent-abortable-preclean: 0.000/0.000 secs] [Times: user=0.00 sys=0.00, real=0.00 secs] 
2026-04-19T13:37:32.239+0530: 844.703: [GC (CMS Final Remark) [YG occupancy: 131270 K (471808 K)]2026-04-19T13:37:32.239+0530: 844.703: [Rescan (parallel) , 0.0170957 secs]2026-04-19T13:37:32.256+0530: 844.720: [weak refs processing, 0.0000382 secs]2026-04-19T13:37:32.256+0530: 844.720: [class unloading, 0.0084614 secs]2026-04-19T13:37:32.265+0530: 844.728: [scrub symbol table, 0.0039227 secs]2026-04-19T13:37:32.269+0530: 844.732: [scrub string table, 0.0016670 secs][1 CMS-remark: 63K(64K)] 131334K(471872K), 0.0328579 secs] [Times: user=0.20 sys=0.00, real=0.03 secs] 
2026-04-19T13:37:32.272+0530: 844.736: Total time for which application threads were stopped: 0.0330374 seconds, Stopping threads took: 0.0000222 seconds
2026-04-19T13:37:32.272+0530: 844.736: [CMS-concurrent-sweep-start]
2026-04-19T13:37:32.272+0530: 844.736: [CMS-concurrent-sweep: 0.000/0.000 secs] [Times: user=0.00 sys=0.00, real=0.00 secs] 
2026-04-19T13:37:32.272+0530: 844.736: [CMS-concurrent-reset-start]
2026-04-19T13:37:32.272+0530: 844.736: [CMS-concurrent-reset: 0.000/0.000 secs] [Times: user=0.00 sys=0.00, real=0.00 secs] 
2026-04-19T13:37:38.331+0530: 850.794: Total time for which application threads were stopped: 0.0001580 seconds, Stopping threads took: 0.0000509 seconds
2026-04-19T13:37:42.279+0530: 854.743: [GC (CMS Initial Mark) [1 CMS-initial-mark: 63K(64K)] 131832K(471872K), 0.0184420 secs] [Times: user=0.02 sys=0.00, real=0.02 secs] 
2026-04-19T13:37:42.298+0530: 854.761: Total time for which application threads were stopped: 0.0187043 seconds, Stopping threads took: 0.0000405 seconds
2026-04-19T13:37:42.298+0530: 854.761: [CMS-concurrent-mark-start]
2026-04-19T13:37:42.298+0530: 854.762: [CMS-concurrent-mark: 0.000/0.000 secs] [Times: user=0.00 sys=0.00, real=0.00 secs] 
2026-04-19T13:37:42.298+0530: 854.762: [CMS-concurrent-preclean-start]
2026-04-19T13:37:42.299+0530: 854.762: [CMS-concurrent-preclean: 0.000/0.000 secs] [Times: user=0.00 sys=0.00, real=0.00 secs] 
2026-04-19T13:37:42.299+0530: 854.762: [CMS-concurrent-abortable-preclean-start]
2026-04-19T13:37:42.299+0530: 854.762: [CMS-concurrent-abortable-preclean: 0.000/0.000 secs] [Times: user=0.00 sys=0.00, real=0.00 secs] 
2026-04-19T13:37:42.299+0530: 854.762: [GC (CMS Final Remark) [YG occupancy: 131768 K (471808 K)]2026-04-19T13:37:42.299+0530: 854.763: [Rescan (parallel) , 0.0279971 secs]2026-04-19T13:37:42.327+0530: 854.791: [weak refs processing, 0.0000572 secs]2026-04-19T13:37:42.327+0530: 854.791: [class unloading, 0.0111101 secs]2026-04-19T13:37:42.338+0530: 854.802: [scrub symbol table, 0.0050682 secs]2026-04-19T13:37:42.343+0530: 854.807: [scrub string table, 0.0018652 secs][1 CMS-remark: 63K(64K)] 131832K(471872K), 0.0479133 secs] [Times: user=0.16 sys=0.00, real=0.05 secs] 
2026-04-19T13:37:42.347+0530: 854.810: Total time for which application threads were stopped: 0.0481036 seconds, Stopping threads took: 0.0000308 seconds
2026-04-19T13:37:42.347+0530: 854.811: [CMS-concurrent-sweep-start]
2026-04-19T13:37:42.347+0530: 854.811: [CMS-concurrent-sweep: 0.000/0.000 secs] [Times: user=0.00 sys=0.00, real=0.00 secs] 
2026-04-19T13:37:42.347+0530: 854.811: [CMS-concurrent-reset-start]
2026-04-19T13:37:42.347+0530: 854.811: [CMS-concurrent-reset: 0.000/0.000 secs] [Times: user=0.00 sys=0.00, real=0.00 secs] 
2026-04-19T13:37:52.354+0530: 864.818: [GC (CMS Initial Mark) [1 CMS-initial-mark: 63K(64K)] 131832K(471872K), 0.0192588 secs] [Times: user=0.03 sys=0.00, real=0.02 secs] 
2026-04-19T13:37:52.374+0530: 864.837: Total time for which application threads were stopped: 0.0196123 seconds, Stopping threads took: 0.0000731 seconds
2026-04-19T13:37:52.374+0530: 864.837: [CMS-concurrent-mark-start]
2026-04-19T13:37:52.374+0530: 864.837: [CMS-concurrent-mark: 0.000/0.000 secs] [Times: user=0.00 sys=0.00, real=0.00 secs] 
2026-04-19T13:37:52.374+0530: 864.838: [CMS-concurrent-preclean-start]
2026-04-19T13:37:52.374+0530: 864.838: [CMS-concurrent-preclean: 0.000/0.000 secs] [Times: user=0.00 sys=0.00, real=0.00 secs] 
2026-04-19T13:37:52.374+0530: 864.838: [CMS-concurrent-abortable-preclean-start]
2026-04-19T13:37:52.375+0530: 864.838: [CMS-concurrent-abortable-preclean: 0.000/0.000 secs] [Times: user=0.00 sys=0.00, real=0.00 secs] 
2026-04-19T13:37:52.375+0530: 864.838: [GC (CMS Final Remark) [YG occupancy: 131768 K (471808 K)]2026-04-19T13:37:52.375+0530: 864.838: [Rescan (parallel) , 0.0276396 secs]2026-04-19T13:37:52.402+0530: 864.866: [weak refs processing, 0.0000606 secs]2026-04-19T13:37:52.402+0530: 864.866: [class unloading, 0.0110765 secs]2026-04-19T13:37:52.413+0530: 864.877: [scrub symbol table, 0.0051000 secs]2026-04-19T13:37:52.419+0530: 864.882: [scrub string table, 0.0018440 secs][1 CMS-remark: 63K(64K)] 131832K(471872K), 0.0475167 secs] [Times: user=0.03 sys=0.00, real=0.05 secs] 
2026-04-19T13:37:52.422+0530: 864.886: Total time for which application threads were stopped: 0.0476901 seconds, Stopping threads took: 0.0000239 seconds
2026-04-19T13:37:52.422+0530: 864.886: [CMS-concurrent-sweep-start]
2026-04-19T13:37:52.422+0530: 864.886: [CMS-concurrent-sweep: 0.000/0.000 secs] [Times: user=0.00 sys=0.00, real=0.00 secs] 
2026-04-19T13:37:52.422+0530: 864.886: [CMS-concurrent-reset-start]
2026-04-19T13:37:52.422+0530: 864.886: [CMS-concurrent-reset: 0.000/0.000 secs] [Times: user=0.00 sys=0.00, real=0.00 secs] 
2026-04-19T13:38:02.437+0530: 874.900: [GC (CMS Initial Mark) [1 CMS-initial-mark: 63K(64K)] 134228K(471872K), 0.0188772 secs] [Times: user=0.01 sys=0.00, real=0.02 secs] 
2026-04-19T13:38:02.456+0530: 874.919: Total time for which application threads were stopped: 0.0192404 seconds, Stopping threads took: 0.0000635 seconds
2026-04-19T13:38:02.456+0530: 874.919: [CMS-concurrent-mark-start]
2026-04-19T13:38:02.456+0530: 874.920: [CMS-concurrent-mark: 0.000/0.000 secs] [Times: user=0.00 sys=0.00, real=0.00 secs] 
2026-04-19T13:38:02.456+0530: 874.920: [CMS-concurrent-preclean-start]
2026-04-19T13:38:02.457+0530: 874.920: [CMS-concurrent-preclean: 0.000/0.000 secs] [Times: user=0.00 sys=0.00, real=0.00 secs] 
2026-04-19T13:38:02.457+0530: 874.920: [CMS-concurrent-abortable-preclean-start]
2026-04-19T13:38:02.457+0530: 874.920: [CMS-concurrent-abortable-preclean: 0.000/0.000 secs] [Times: user=0.00 sys=0.00, real=0.00 secs] 
2026-04-19T13:38:02.457+0530: 874.921: [GC (CMS Final Remark) [YG occupancy: 134164 K (471808 K)]2026-04-19T13:38:02.457+0530: 874.921: [Rescan (parallel) , 0.0267762 secs]2026-04-19T13:38:02.484+0530: 874.947: [weak refs processing, 0.0000525 secs]2026-04-19T13:38:02.484+0530: 874.947: [class unloading, 0.0106122 secs]2026-04-19T13:38:02.495+0530: 874.958: [scrub symbol table, 0.0050590 secs]2026-04-19T13:38:02.500+0530: 874.963: [scrub string table, 0.0018345 secs][1 CMS-remark: 63K(64K)] 134228K(471872K), 0.0460876 secs] [Times: user=0.27 sys=0.00, real=0.05 secs] 
2026-04-19T13:38:02.504+0530: 874.967: Total time for which application threads were stopped: 0.0462654 seconds, Stopping threads took: 0.0000233 seconds
2026-04-19T13:38:02.504+0530: 874.967: [CMS-concurrent-sweep-start]
2026-04-19T13:38:02.504+0530: 874.967: [CMS-concurrent-sweep: 0.000/0.000 secs] [Times: user=0.00 sys=0.00, real=0.00 secs] 
2026-04-19T13:38:02.504+0530: 874.967: [CMS-concurrent-reset-start]
2026-04-19T13:38:02.504+0530: 874.967: [CMS-concurrent-reset: 0.000/0.000 secs] [Times: user=0.00 sys=0.00, real=0.00 secs] 
2026-04-19T13:38:09.548+0530: 882.011: Total time for which application threads were stopped: 0.0001523 seconds, Stopping threads took: 0.0000569 seconds
2026-04-19T13:38:12.510+0530: 884.973: [GC (CMS Initial Mark) [1 CMS-initial-mark: 63K(64K)] 134688K(471872K), 0.0155983 secs] [Times: user=0.09 sys=0.01, real=0.02 secs] 
2026-04-19T13:38:12.525+0530: 884.989: Total time for which application threads were stopped: 0.0159172 seconds, Stopping threads took: 0.0000712 seconds
2026-04-19T13:38:12.525+0530: 884.989: [CMS-concurrent-mark-start]
2026-04-19T13:38:12.526+0530: 884.989: [CMS-concurrent-mark: 0.001/0.001 secs] [Times: user=0.00 sys=0.00, real=0.00 secs] 
2026-04-19T13:38:12.526+0530: 884.989: [CMS-concurrent-preclean-start]
2026-04-19T13:38:12.526+0530: 884.990: [CMS-concurrent-preclean: 0.000/0.001 secs] [Times: user=0.00 sys=0.00, real=0.00 secs] 
2026-04-19T13:38:12.526+0530: 884.990: [CMS-concurrent-abortable-preclean-start]
2026-04-19T13:38:12.526+0530: 884.990: [CMS-concurrent-abortable-preclean: 0.000/0.000 secs] [Times: user=0.00 sys=0.00, real=0.00 secs] 
2026-04-19T13:38:12.527+0530: 884.990: [GC (CMS Final Remark) [YG occupancy: 134624 K (471808 K)]2026-04-19T13:38:12.527+0530: 884.990: [Rescan (parallel) , 0.0170365 secs]2026-04-19T13:38:12.545+0530: 885.007: [weak refs processing, 0.0000550 secs]2026-04-19T13:38:12.545+0530: 885.007: [class unloading, 0.0069929 secs]2026-04-19T13:38:12.552+0530: 885.015: [scrub symbol table, 0.0039072 secs]2026-04-19T13:38:12.555+0530: 885.018: [scrub string table, 0.0018186 secs][1 CMS-remark: 63K(64K)] 134688K(471872K), 0.0314114 secs] [Times: user=0.30 sys=0.00, real=0.03 secs] 
2026-04-19T13:38:12.558+0530: 885.022: Total time for which application threads were stopped: 0.0316007 seconds, Stopping threads took: 0.0000336 seconds
2026-04-19T13:38:12.559+0530: 885.022: [CMS-concurrent-sweep-start]
2026-04-19T13:38:12.559+0530: 885.022: [CMS-concurrent-sweep: 0.000/0.000 secs] [Times: user=0.00 sys=0.00, real=0.00 secs] 
2026-04-19T13:38:12.559+0530: 885.022: [CMS-concurrent-reset-start]
2026-04-19T13:38:12.559+0530: 885.022: [CMS-concurrent-reset: 0.000/0.000 secs] [Times: user=0.00 sys=0.00, real=0.00 secs] 
2026-04-19T13:38:16.588+0530: 889.051: Total time for which application threads were stopped: 0.0001287 seconds, Stopping threads took: 0.0000574 seconds
2026-04-19T13:38:22.565+0530: 895.028: [GC (CMS Initial Mark) [1 CMS-initial-mark: 63K(64K)] 134824K(471872K), 0.0156581 secs] [Times: user=0.02 sys=0.00, real=0.01 secs] 
2026-04-19T13:38:22.580+0530: 895.044: Total time for which application threads were stopped: 0.0158919 seconds, Stopping threads took: 0.0000357 seconds
2026-04-19T13:38:22.580+0530: 895.044: [CMS-concurrent-mark-start]
2026-04-19T13:38:22.581+0530: 895.045: [CMS-concurrent-mark: 0.001/0.001 secs] [Times: user=0.00 sys=0.00, real=0.00 secs] 
2026-04-19T13:38:22.581+0530: 895.045: [CMS-concurrent-preclean-start]
2026-04-19T13:38:22.582+0530: 895.045: [CMS-concurrent-preclean: 0.001/0.001 secs] [Times: user=0.00 sys=0.00, real=0.00 secs] 
2026-04-19T13:38:22.582+0530: 895.046: [CMS-concurrent-abortable-preclean-start]
2026-04-19T13:38:22.582+0530: 895.046: [CMS-concurrent-abortable-preclean: 0.000/0.000 secs] [Times: user=0.00 sys=0.00, real=0.00 secs] 
2026-04-19T13:38:22.582+0530: 895.046: [GC (CMS Final Remark) [YG occupancy: 134760 K (471808 K)]2026-04-19T13:38:22.582+0530: 895.046: [Rescan (parallel) , 0.0316773 secs]2026-04-19T13:38:22.614+0530: 895.078: [weak refs processing, 0.0000550 secs]2026-04-19T13:38:22.614+0530: 895.078: [class unloading, 0.0110793 secs]2026-04-19T13:38:22.625+0530: 895.089: [scrub symbol table, 0.0044003 secs]2026-04-19T13:38:22.629+0530: 895.093: [scrub string table, 0.0021012 secs][1 CMS-remark: 63K(64K)] 134824K(471872K), 0.0510798 secs] [Times: user=0.16 sys=0.00, real=0.05 secs] 
2026-04-19T13:38:22.634+0530: 895.097: Total time for which application threads were stopped: 0.0512808 seconds, Stopping threads took: 0.0000265 seconds
2026-04-19T13:38:22.634+0530: 895.097: [CMS-concurrent-sweep-start]
2026-04-19T13:38:22.634+0530: 895.097: [CMS-concurrent-sweep: 0.000/0.000 secs] [Times: user=0.00 sys=0.00, real=0.00 secs] 
2026-04-19T13:38:22.634+0530: 895.097: [CMS-concurrent-reset-start]
2026-04-19T13:38:22.634+0530: 895.097: [CMS-concurrent-reset: 0.000/0.000 secs] [Times: user=0.00 sys=0.00, real=0.00 secs] 
2026-04-19T13:38:27.677+0530: 900.141: Total time for which application threads were stopped: 0.0004445 seconds, Stopping threads took: 0.0002801 seconds
2026-04-19T13:38:28.687+0530: 901.150: Total time for which application threads were stopped: 0.0001625 seconds, Stopping threads took: 0.0000458 seconds
2026-04-19T13:38:32.635+0530: 905.099: [GC (CMS Initial Mark) [1 CMS-initial-mark: 63K(64K)] 134977K(471872K), 0.0189813 secs] [Times: user=0.02 sys=0.00, real=0.02 secs] 
2026-04-19T13:38:32.654+0530: 905.118: Total time for which application threads were stopped: 0.0192889 seconds, Stopping threads took: 0.0000564 seconds
2026-04-19T13:38:32.654+0530: 905.118: [CMS-concurrent-mark-start]
2026-04-19T13:38:32.654+0530: 905.118: [CMS-concurrent-mark: 0.000/0.000 secs] [Times: user=0.00 sys=0.00, real=0.00 secs] 
2026-04-19T13:38:32.654+0530: 905.118: [CMS-concurrent-preclean-start]
2026-04-19T13:38:32.654+0530: 905.119: [CMS-concurrent-preclean: 0.000/0.000 secs] [Times: user=0.00 sys=0.00, real=0.00 secs] 
2026-04-19T13:38:32.654+0530: 905.119: [CMS-concurrent-abortable-preclean-start]
2026-04-19T13:38:32.654+0530: 905.119: [CMS-concurrent-abortable-preclean: 0.000/0.000 secs] [Times: user=0.00 sys=0.00, real=0.00 secs] 
2026-04-19T13:38:32.656+0530: 905.119: [GC (CMS Final Remark) [YG occupancy: 134913 K (471808 K)]2026-04-19T13:38:32.656+0530: 905.119: [Rescan (parallel) , 0.0274782 secs]2026-04-19T13:38:32.683+0530: 905.146: [weak refs processing, 0.0000592 secs]2026-04-19T13:38:32.683+0530: 905.146: [class unloading, 0.0113494 secs]2026-04-19T13:38:32.694+0530: 905.158: [scrub symbol table, 0.0050062 secs]2026-04-19T13:38:32.699+0530: 905.163: [scrub string table, 0.0018306 secs][1 CMS-remark: 63K(64K)] 134977K(471872K), 0.0476018 secs] [Times: user=0.08 sys=0.00, real=0.05 secs] 
2026-04-19T13:38:32.702+0530: 905.167: Total time for which application threads were stopped: 0.0477932 seconds, Stopping threads took: 0.0000240 seconds
2026-04-19T13:38:32.704+0530: 905.167: [CMS-concurrent-sweep-start]
2026-04-19T13:38:32.704+0530: 905.167: [CMS-concurrent-sweep: 0.000/0.000 secs] [Times: user=0.00 sys=0.00, real=0.00 secs] 
2026-04-19T13:38:32.704+0530: 905.167: [CMS-concurrent-reset-start]
2026-04-19T13:38:32.704+0530: 905.167: [CMS-concurrent-reset: 0.000/0.000 secs] [Times: user=0.00 sys=0.00, real=0.00 secs] 
2026-04-19T13:38:33.713+0530: 906.176: Total time for which application threads were stopped: 0.0001248 seconds, Stopping threads took: 0.0000356 seconds
2026-04-19T13:38:39.764+0530: 912.228: Total time for which application threads were stopped: 0.0002608 seconds, Stopping threads took: 0.0000870 seconds
2026-04-19T13:38:42.717+0530: 915.181: [GC (CMS Initial Mark) [1 CMS-initial-mark: 63K(64K)] 135339K(471872K), 0.0156387 secs] [Times: user=0.02 sys=0.00, real=0.02 secs] 
2026-04-19T13:38:42.733+0530: 915.196: Total time for which application threads were stopped: 0.0159484 seconds, Stopping threads took: 0.0000517 seconds
2026-04-19T13:38:42.733+0530: 915.197: [CMS-concurrent-mark-start]
2026-04-19T13:38:42.734+0530: 915.197: [CMS-concurrent-mark: 0.000/0.000 secs] [Times: user=0.00 sys=0.00, real=0.00 secs] 
2026-04-19T13:38:42.734+0530: 915.197: [CMS-concurrent-preclean-start]
2026-04-19T13:38:42.734+0530: 915.198: [CMS-concurrent-preclean: 0.001/0.001 secs] [Times: user=0.00 sys=0.00, real=0.00 secs] 
2026-04-19T13:38:42.734+0530: 915.198: [CMS-concurrent-abortable-preclean-start]
2026-04-19T13:38:42.734+0530: 915.198: [CMS-concurrent-abortable-preclean: 0.000/0.000 secs] [Times: user=0.00 sys=0.00, real=0.00 secs] 
2026-04-19T13:38:42.735+0530: 915.198: [GC (CMS Final Remark) [YG occupancy: 135275 K (471808 K)]2026-04-19T13:38:42.735+0530: 915.198: [Rescan (parallel) , 0.0151631 secs]2026-04-19T13:38:42.750+0530: 915.213: [weak refs processing, 0.0000295 secs]2026-04-19T13:38:42.750+0530: 915.213: [class unloading, 0.0067288 secs]2026-04-19T13:38:42.757+0530: 915.220: [scrub symbol table, 0.0042213 secs]2026-04-19T13:38:42.761+0530: 915.225: [scrub string table, 0.0017249 secs][1 CMS-remark: 63K(64K)] 135339K(471872K), 0.0295553 secs] [Times: user=0.03 sys=0.00, real=0.03 secs] 
2026-04-19T13:38:42.764+0530: 915.228: Total time for which application threads were stopped: 0.0297746 seconds, Stopping threads took: 0.0000270 seconds
2026-04-19T13:38:42.765+0530: 915.228: [CMS-concurrent-sweep-start]
2026-04-19T13:38:42.765+0530: 915.228: [CMS-concurrent-sweep: 0.000/0.000 secs] [Times: user=0.00 sys=0.00, real=0.00 secs] 
2026-04-19T13:38:42.765+0530: 915.228: [CMS-concurrent-reset-start]
2026-04-19T13:38:42.765+0530: 915.228: [CMS-concurrent-reset: 0.000/0.000 secs] [Times: user=0.00 sys=0.00, real=0.00 secs] 
2026-04-19T13:38:52.770+0530: 925.233: [GC (CMS Initial Mark) [1 CMS-initial-mark: 63K(64K)] 135339K(471872K), 0.0142910 secs] [Times: user=0.01 sys=0.00, real=0.01 secs] 
2026-04-19T13:38:52.784+0530: 925.247: Total time for which application threads were stopped: 0.0146256 seconds, Stopping threads took: 0.0000549 seconds
2026-04-19T13:38:52.784+0530: 925.248: [CMS-concurrent-mark-start]
2026-04-19T13:38:52.784+0530: 925.248: [CMS-concurrent-mark: 0.000/0.000 secs] [Times: user=0.00 sys=0.00, real=0.00 secs] 
2026-04-19T13:38:52.784+0530: 925.248: [CMS-concurrent-preclean-start]
2026-04-19T13:38:52.785+0530: 925.248: [CMS-concurrent-preclean: 0.000/0.000 secs] [Times: user=0.00 sys=0.00, real=0.00 secs] 
2026-04-19T13:38:52.785+0530: 925.248: [CMS-concurrent-abortable-preclean-start]
2026-04-19T13:38:52.785+0530: 925.248: [CMS-concurrent-abortable-preclean: 0.000/0.000 secs] [Times: user=0.00 sys=0.00, real=0.00 secs] 
2026-04-19T13:38:52.785+0530: 925.249: [GC (CMS Final Remark) [YG occupancy: 135275 K (471808 K)]2026-04-19T13:38:52.785+0530: 925.249: [Rescan (parallel) , 0.0167782 secs]2026-04-19T13:38:52.802+0530: 925.266: [weak refs processing, 0.0000398 secs]2026-04-19T13:38:52.802+0530: 925.266: [class unloading, 0.0079780 secs]2026-04-19T13:38:52.810+0530: 925.274: [scrub symbol table, 0.0041951 secs]2026-04-19T13:38:52.815+0530: 925.278: [scrub string table, 0.0017403 secs][1 CMS-remark: 63K(64K)] 135339K(471872K), 0.0324077 secs] [Times: user=0.16 sys=0.00, real=0.03 secs] 
2026-04-19T13:38:52.818+0530: 925.281: Total time for which application threads were stopped: 0.0325920 seconds, Stopping threads took: 0.0000257 seconds
2026-04-19T13:38:52.818+0530: 925.281: [CMS-concurrent-sweep-start]
2026-04-19T13:38:52.818+0530: 925.281: [CMS-concurrent-sweep: 0.000/0.000 secs] [Times: user=0.00 sys=0.00, real=0.00 secs] 
2026-04-19T13:38:52.818+0530: 925.281: [CMS-concurrent-reset-start]
2026-04-19T13:38:52.818+0530: 925.281: [CMS-concurrent-reset: 0.000/0.000 secs] [Times: user=0.00 sys=0.00, real=0.00 secs] 
2026-04-19T13:38:53.831+0530: 926.294: Total time for which application threads were stopped: 0.0001083 seconds, Stopping threads took: 0.0000305 seconds
2026-04-19T13:39:00.882+0530: 933.345: Total time for which application threads were stopped: 0.0002186 seconds, Stopping threads took: 0.0000621 seconds
2026-04-19T13:39:01.894+0530: 934.357: Total time for which application threads were stopped: 0.0001578 seconds, Stopping threads took: 0.0000451 seconds
2026-04-19T13:39:02.832+0530: 935.296: [GC (CMS Initial Mark) [1 CMS-initial-mark: 63K(64K)] 147651K(471872K), 0.0148598 secs] [Times: user=0.02 sys=0.00, real=0.01 secs] 
2026-04-19T13:39:02.847+0530: 935.310: Total time for which application threads were stopped: 0.0150788 seconds, Stopping threads took: 0.0000322 seconds
2026-04-19T13:39:02.848+0530: 935.311: [CMS-concurrent-mark-start]
2026-04-19T13:39:02.848+0530: 935.311: [CMS-concurrent-mark: 0.001/0.001 secs] [Times: user=0.00 sys=0.00, real=0.00 secs] 
2026-04-19T13:39:02.848+0530: 935.311: [CMS-concurrent-preclean-start]
2026-04-19T13:39:02.849+0530: 935.312: [CMS-concurrent-preclean: 0.000/0.000 secs] [Times: user=0.00 sys=0.00, real=0.00 secs] 
2026-04-19T13:39:02.849+0530: 935.312: [CMS-concurrent-abortable-preclean-start]
2026-04-19T13:39:02.849+0530: 935.312: [CMS-concurrent-abortable-preclean: 0.000/0.000 secs] [Times: user=0.00 sys=0.00, real=0.00 secs] 
2026-04-19T13:39:02.849+0530: 935.312: [GC (CMS Final Remark) [YG occupancy: 147587 K (471808 K)]2026-04-19T13:39:02.849+0530: 935.312: [Rescan (parallel) , 0.0164318 secs]2026-04-19T13:39:02.865+0530: 935.328: [weak refs processing, 0.0000520 secs]2026-04-19T13:39:02.865+0530: 935.329: [class unloading, 0.0097639 secs]2026-04-19T13:39:02.875+0530: 935.338: [scrub symbol table, 0.0040434 secs]2026-04-19T13:39:02.879+0530: 935.342: [scrub string table, 0.0017118 secs][1 CMS-remark: 63K(64K)] 147651K(471872K), 0.0336737 secs] [Times: user=0.27 sys=0.00, real=0.03 secs] 
2026-04-19T13:39:02.882+0530: 935.346: Total time for which application threads were stopped: 0.0338756 seconds, Stopping threads took: 0.0000358 seconds
2026-04-19T13:39:02.883+0530: 935.346: [CMS-concurrent-sweep-start]
2026-04-19T13:39:02.883+0530: 935.346: [CMS-concurrent-sweep: 0.000/0.000 secs] [Times: user=0.00 sys=0.00, real=0.00 secs] 
2026-04-19T13:39:02.883+0530: 935.346: [CMS-concurrent-reset-start]
2026-04-19T13:39:02.883+0530: 935.346: [CMS-concurrent-reset: 0.000/0.000 secs] [Times: user=0.00 sys=0.00, real=0.00 secs] 
2026-04-19T13:39:03.885+0530: 936.348: Total time for which application threads were stopped: 0.0001637 seconds, Stopping threads took: 0.0000481 seconds
2026-04-19T13:39:12.891+0530: 945.354: [GC (CMS Initial Mark) [1 CMS-initial-mark: 63K(64K)] 147956K(471872K), 0.0151445 secs] [Times: user=0.01 sys=0.00, real=0.02 secs] 
2026-04-19T13:39:12.907+0530: 945.370: Total time for which application threads were stopped: 0.0154077 seconds, Stopping threads took: 0.0000474 seconds
2026-04-19T13:39:12.907+0530: 945.370: [CMS-concurrent-mark-start]
2026-04-19T13:39:12.907+0530: 945.370: [CMS-concurrent-mark: 0.000/0.000 secs] [Times: user=0.00 sys=0.00, real=0.00 secs] 
2026-04-19T13:39:12.907+0530: 945.370: [CMS-concurrent-preclean-start]
2026-04-19T13:39:12.907+0530: 945.370: [CMS-concurrent-preclean: 0.000/0.000 secs] [Times: user=0.00 sys=0.00, real=0.00 secs] 
2026-04-19T13:39:12.907+0530: 945.370: [CMS-concurrent-abortable-preclean-start]
2026-04-19T13:39:12.907+0530: 945.370: [CMS-concurrent-abortable-preclean: 0.000/0.000 secs] [Times: user=0.00 sys=0.00, real=0.00 secs] 
2026-04-19T13:39:12.908+0530: 945.371: [GC (CMS Final Remark) [YG occupancy: 147893 K (471808 K)]2026-04-19T13:39:12.908+0530: 945.371: [Rescan (parallel) , 0.0299157 secs]2026-04-19T13:39:12.938+0530: 945.401: [weak refs processing, 0.0000498 secs]2026-04-19T13:39:12.938+0530: 945.401: [class unloading, 0.0106189 secs]2026-04-19T13:39:12.948+0530: 945.411: [scrub symbol table, 0.0042520 secs]2026-04-19T13:39:12.952+0530: 945.416: [scrub string table, 0.0017340 secs][1 CMS-remark: 63K(64K)] 147956K(471872K), 0.0482472 secs] [Times: user=0.12 sys=0.02, real=0.05 secs] 
2026-04-19T13:39:12.956+0530: 945.419: Total time for which application threads were stopped: 0.0484170 seconds, Stopping threads took: 0.0000208 seconds
2026-04-19T13:39:12.956+0530: 945.419: [CMS-concurrent-sweep-start]
2026-04-19T13:39:12.956+0530: 945.419: [CMS-concurrent-sweep: 0.000/0.000 secs] [Times: user=0.00 sys=0.00, real=0.00 secs] 
2026-04-19T13:39:12.956+0530: 945.419: [CMS-concurrent-reset-start]
2026-04-19T13:39:12.956+0530: 945.419: [CMS-concurrent-reset: 0.000/0.000 secs] [Times: user=0.00 sys=0.00, real=0.00 secs] 
2026-04-19T13:39:13.957+0530: 946.420: Total time for which application threads were stopped: 0.0002111 seconds, Stopping threads took: 0.0000584 seconds
2026-04-19T13:39:22.968+0530: 955.431: [GC (CMS Initial Mark) [1 CMS-initial-mark: 63K(64K)] 147956K(471872K), 0.0120391 secs] [Times: user=0.02 sys=0.00, real=0.01 secs] 
2026-04-19T13:39:22.979+0530: 955.443: Total time for which application threads were stopped: 0.0122284 seconds, Stopping threads took: 0.0000401 seconds
2026-04-19T13:39:22.979+0530: 955.443: [CMS-concurrent-mark-start]
2026-04-19T13:39:22.980+0530: 955.443: [CMS-concurrent-mark: 0.000/0.000 secs] [Times: user=0.00 sys=0.00, real=0.00 secs] 
2026-04-19T13:39:22.980+0530: 955.443: [CMS-concurrent-preclean-start]
2026-04-19T13:39:22.980+0530: 955.444: [CMS-concurrent-preclean: 0.000/0.000 secs] [Times: user=0.00 sys=0.00, real=0.00 secs] 
2026-04-19T13:39:22.980+0530: 955.444: [CMS-concurrent-abortable-preclean-start]
2026-04-19T13:39:22.980+0530: 955.444: [CMS-concurrent-abortable-preclean: 0.000/0.000 secs] [Times: user=0.00 sys=0.00, real=0.00 secs] 
2026-04-19T13:39:22.980+0530: 955.444: [GC (CMS Final Remark) [YG occupancy: 147893 K (471808 K)]2026-04-19T13:39:22.980+0530: 955.444: [Rescan (parallel) , 0.0203389 secs]2026-04-19T13:39:23.001+0530: 955.464: [weak refs processing, 0.0000257 secs]2026-04-19T13:39:23.001+0530: 955.464: [class unloading, 0.0069829 secs]2026-04-19T13:39:23.008+0530: 955.471: [scrub symbol table, 0.0039735 secs]2026-04-19T13:39:23.012+0530: 955.475: [scrub string table, 0.0016764 secs][1 CMS-remark: 63K(64K)] 147956K(471872K), 0.0346326 secs] [Times: user=0.01 sys=0.00, real=0.04 secs] 
2026-04-19T13:39:23.015+0530: 955.479: Total time for which application threads were stopped: 0.0347903 seconds, Stopping threads took: 0.0000225 seconds
2026-04-19T13:39:23.015+0530: 955.479: [CMS-concurrent-sweep-start]
2026-04-19T13:39:23.015+0530: 955.479: [CMS-concurrent-sweep: 0.000/0.000 secs] [Times: user=0.00 sys=0.00, real=0.00 secs] 
2026-04-19T13:39:23.015+0530: 955.479: [CMS-concurrent-reset-start]
2026-04-19T13:39:23.015+0530: 955.479: [CMS-concurrent-reset: 0.000/0.000 secs] [Times: user=0.00 sys=0.00, real=0.00 secs] 
2026-04-19T13:39:28.058+0530: 960.521: Total time for which application threads were stopped: 0.0001262 seconds, Stopping threads took: 0.0000451 seconds
2026-04-19T13:39:30.066+0530: 962.529: Total time for which application threads were stopped: 0.0003998 seconds, Stopping threads took: 0.0002162 seconds
2026-04-19T13:39:33.024+0530: 965.487: [GC (CMS Initial Mark) [1 CMS-initial-mark: 63K(64K)] 150833K(471872K), 0.0145494 secs] [Times: user=0.23 sys=0.00, real=0.02 secs] 
2026-04-19T13:39:33.039+0530: 965.502: Total time for which application threads were stopped: 0.0148593 seconds, Stopping threads took: 0.0000601 seconds
2026-04-19T13:39:33.039+0530: 965.502: [CMS-concurrent-mark-start]
2026-04-19T13:39:33.039+0530: 965.502: [CMS-concurrent-mark: 0.000/0.000 secs] [Times: user=0.00 sys=0.00, real=0.00 secs] 
2026-04-19T13:39:33.039+0530: 965.502: [CMS-concurrent-preclean-start]
2026-04-19T13:39:33.039+0530: 965.503: [CMS-concurrent-preclean: 0.000/0.000 secs] [Times: user=0.00 sys=0.00, real=0.00 secs] 
2026-04-19T13:39:33.039+0530: 965.503: [CMS-concurrent-abortable-preclean-start]
2026-04-19T13:39:33.039+0530: 965.503: [CMS-concurrent-abortable-preclean: 0.000/0.000 secs] [Times: user=0.00 sys=0.00, real=0.00 secs] 
2026-04-19T13:39:33.040+0530: 965.503: [GC (CMS Final Remark) [YG occupancy: 150769 K (471808 K)]2026-04-19T13:39:33.040+0530: 965.503: [Rescan (parallel) , 0.0164145 secs]2026-04-19T13:39:33.056+0530: 965.520: [weak refs processing, 0.0000289 secs]2026-04-19T13:39:33.056+0530: 965.520: [class unloading, 0.0066440 secs]2026-04-19T13:39:33.063+0530: 965.526: [scrub symbol table, 0.0043181 secs]2026-04-19T13:39:33.067+0530: 965.531: [scrub string table, 0.0020392 secs][1 CMS-remark: 63K(64K)] 150833K(471872K), 0.0311544 secs] [Times: user=0.30 sys=0.00, real=0.03 secs] 
2026-04-19T13:39:33.071+0530: 965.534: Total time for which application threads were stopped: 0.0313460 seconds, Stopping threads took: 0.0000270 seconds
2026-04-19T13:39:33.071+0530: 965.535: [CMS-concurrent-sweep-start]
2026-04-19T13:39:33.071+0530: 965.535: [CMS-concurrent-sweep: 0.000/0.000 secs] [Times: user=0.00 sys=0.00, real=0.00 secs] 
2026-04-19T13:39:33.071+0530: 965.535: [CMS-concurrent-reset-start]
2026-04-19T13:39:33.071+0530: 965.535: [CMS-concurrent-reset: 0.000/0.000 secs] [Times: user=0.00 sys=0.00, real=0.00 secs] 
2026-04-19T13:39:40.142+0530: 972.606: Total time for which application threads were stopped: 0.0002686 seconds, Stopping threads took: 0.0000890 seconds
2026-04-19T13:39:43.085+0530: 975.549: [GC (CMS Initial Mark) [1 CMS-initial-mark: 63K(64K)] 151331K(471872K), 0.0137354 secs] [Times: user=0.23 sys=0.03, real=0.01 secs] 
2026-04-19T13:39:43.099+0530: 975.562: Total time for which application threads were stopped: 0.0140820 seconds, Stopping threads took: 0.0000649 seconds
2026-04-19T13:39:43.099+0530: 975.562: [CMS-concurrent-mark-start]
2026-04-19T13:39:43.099+0530: 975.563: [CMS-concurrent-mark: 0.000/0.000 secs] [Times: user=0.00 sys=0.00, real=0.00 secs] 
2026-04-19T13:39:43.099+0530: 975.563: [CMS-concurrent-preclean-start]
2026-04-19T13:39:43.100+0530: 975.564: [CMS-concurrent-preclean: 0.001/0.001 secs] [Times: user=0.00 sys=0.00, real=0.00 secs] 
2026-04-19T13:39:43.100+0530: 975.564: [CMS-concurrent-abortable-preclean-start]
2026-04-19T13:39:43.100+0530: 975.564: [CMS-concurrent-abortable-preclean: 0.000/0.000 secs] [Times: user=0.00 sys=0.00, real=0.00 secs] 
2026-04-19T13:39:43.100+0530: 975.564: [GC (CMS Final Remark) [YG occupancy: 151267 K (471808 K)]2026-04-19T13:39:43.100+0530: 975.564: [Rescan (parallel) , 0.0164932 secs]2026-04-19T13:39:43.118+0530: 975.581: [weak refs processing, 0.0000338 secs]2026-04-19T13:39:43.118+0530: 975.581: [class unloading, 0.0069223 secs]2026-04-19T13:39:43.124+0530: 975.588: [scrub symbol table, 0.0043924 secs]2026-04-19T13:39:43.129+0530: 975.592: [scrub string table, 0.0016443 secs][1 CMS-remark: 63K(64K)] 151331K(471872K), 0.0314610 secs] [Times: user=0.28 sys=0.00, real=0.03 secs] 
2026-04-19T13:39:43.132+0530: 975.596: Total time for which application threads were stopped: 0.0316561 seconds, Stopping threads took: 0.0000307 seconds
2026-04-19T13:39:43.132+0530: 975.596: [CMS-concurrent-sweep-start]
2026-04-19T13:39:43.132+0530: 975.596: [CMS-concurrent-sweep: 0.000/0.000 secs] [Times: user=0.00 sys=0.00, real=0.00 secs] 
2026-04-19T13:39:43.132+0530: 975.596: [CMS-concurrent-reset-start]
2026-04-19T13:39:43.132+0530: 975.596: [CMS-concurrent-reset: 0.000/0.000 secs] [Times: user=0.00 sys=0.00, real=0.00 secs] 
2026-04-19T13:39:53.135+0530: 985.599: [GC (CMS Initial Mark) [1 CMS-initial-mark: 63K(64K)] 151633K(471872K), 0.0164936 secs] [Times: user=0.03 sys=0.00, real=0.02 secs] 
2026-04-19T13:39:53.152+0530: 985.615: Total time for which application threads were stopped: 0.0168929 seconds, Stopping threads took: 0.0000564 seconds
2026-04-19T13:39:53.152+0530: 985.615: [CMS-concurrent-mark-start]
2026-04-19T13:39:53.153+0530: 985.616: [CMS-concurrent-mark: 0.001/0.001 secs] [Times: user=0.00 sys=0.00, real=0.00 secs] 
2026-04-19T13:39:53.153+0530: 985.616: [CMS-concurrent-preclean-start]
2026-04-19T13:39:53.153+0530: 985.616: [CMS-concurrent-preclean: 0.000/0.000 secs] [Times: user=0.00 sys=0.00, real=0.00 secs] 
2026-04-19T13:39:53.153+0530: 985.616: [CMS-concurrent-abortable-preclean-start]
2026-04-19T13:39:53.153+0530: 985.616: [CMS-concurrent-abortable-preclean: 0.000/0.000 secs] [Times: user=0.00 sys=0.00, real=0.00 secs] 
2026-04-19T13:39:53.153+0530: 985.616: [GC (CMS Final Remark) [YG occupancy: 151569 K (471808 K)]2026-04-19T13:39:53.153+0530: 985.616: [Rescan (parallel) , 0.0137794 secs]2026-04-19T13:39:53.167+0530: 985.630: [weak refs processing, 0.0000299 secs]2026-04-19T13:39:53.167+0530: 985.630: [class unloading, 0.0076968 secs]2026-04-19T13:39:53.175+0530: 985.638: [scrub symbol table, 0.0040817 secs]2026-04-19T13:39:53.178+0530: 985.642: [scrub string table, 0.0017270 secs][1 CMS-remark: 63K(64K)] 151633K(471872K), 0.0289660 secs] [Times: user=0.02 sys=0.00, real=0.03 secs] 
2026-04-19T13:39:53.182+0530: 985.645: Total time for which application threads were stopped: 0.0291359 seconds, Stopping threads took: 0.0000198 seconds
2026-04-19T13:39:53.182+0530: 985.646: [CMS-concurrent-sweep-start]
2026-04-19T13:39:53.182+0530: 985.646: [CMS-concurrent-sweep: 0.000/0.000 secs] [Times: user=0.00 sys=0.00, real=0.00 secs] 
2026-04-19T13:39:53.182+0530: 985.646: [CMS-concurrent-reset-start]
2026-04-19T13:39:53.182+0530: 985.646: [CMS-concurrent-reset: 0.000/0.000 secs] [Times: user=0.00 sys=0.00, real=0.00 secs] 
2026-04-19T13:39:58.228+0530: 990.691: Total time for which application threads were stopped: 0.0001920 seconds, Stopping threads took: 0.0000493 seconds
2026-04-19T13:40:03.196+0530: 995.659: [GC (CMS Initial Mark) [1 CMS-initial-mark: 63K(64K)] 153727K(471872K), 0.0169576 secs] [Times: user=0.20 sys=0.00, real=0.02 secs] 
2026-04-19T13:40:03.214+0530: 995.677: Total time for which application threads were stopped: 0.0172467 seconds, Stopping threads took: 0.0000499 seconds
2026-04-19T13:40:03.214+0530: 995.677: [CMS-concurrent-mark-start]
2026-04-19T13:40:03.214+0530: 995.677: [CMS-concurrent-mark: 0.000/0.000 secs] [Times: user=0.00 sys=0.03, real=0.00 secs] 
2026-04-19T13:40:03.214+0530: 995.677: [CMS-concurrent-preclean-start]
2026-04-19T13:40:03.214+0530: 995.678: [CMS-concurrent-preclean: 0.001/0.001 secs] [Times: user=0.00 sys=0.00, real=0.00 secs] 
2026-04-19T13:40:03.214+0530: 995.678: [CMS-concurrent-abortable-preclean-start]
2026-04-19T13:40:03.214+0530: 995.678: [CMS-concurrent-abortable-preclean: 0.000/0.000 secs] [Times: user=0.00 sys=0.00, real=0.00 secs] 
2026-04-19T13:40:03.215+0530: 995.678: [GC (CMS Final Remark) [YG occupancy: 153663 K (471808 K)]2026-04-19T13:40:03.215+0530: 995.678: [Rescan (parallel) , 0.0150927 secs]2026-04-19T13:40:03.230+0530: 995.693: [weak refs processing, 0.0000346 secs]2026-04-19T13:40:03.230+0530: 995.694: [class unloading, 0.0076753 secs]2026-04-19T13:40:03.238+0530: 995.701: [scrub symbol table, 0.0040544 secs]2026-04-19T13:40:03.242+0530: 995.705: [scrub string table, 0.0018260 secs][1 CMS-remark: 63K(64K)] 153727K(471872K), 0.0303605 secs] [Times: user=0.02 sys=0.00, real=0.03 secs] 
2026-04-19T13:40:03.245+0530: 995.709: Total time for which application threads were stopped: 0.0305702 seconds, Stopping threads took: 0.0000332 seconds
2026-04-19T13:40:03.245+0530: 995.709: [CMS-concurrent-sweep-start]
2026-04-19T13:40:03.245+0530: 995.709: [CMS-concurrent-sweep: 0.000/0.000 secs] [Times: user=0.00 sys=0.00, real=0.00 secs] 
2026-04-19T13:40:03.245+0530: 995.709: [CMS-concurrent-reset-start]
2026-04-19T13:40:03.245+0530: 995.709: [CMS-concurrent-reset: 0.000/0.000 secs] [Times: user=0.00 sys=0.00, real=0.00 secs] 
2026-04-19T13:40:07.283+0530: 999.747: Total time for which application threads were stopped: 0.0002585 seconds, Stopping threads took: 0.0000669 seconds
2026-04-19T13:40:13.260+0530: 1005.723: [GC (CMS Initial Mark) [1 CMS-initial-mark: 63K(64K)] 153880K(471872K), 0.0174598 secs] [Times: user=0.11 sys=0.00, real=0.02 secs] 
2026-04-19T13:40:13.278+0530: 1005.741: Total time for which application threads were stopped: 0.0177721 seconds, Stopping threads took: 0.0000509 seconds
2026-04-19T13:40:13.278+0530: 1005.741: [CMS-concurrent-mark-start]
2026-04-19T13:40:13.278+0530: 1005.741: [CMS-concurrent-mark: 0.000/0.000 secs] [Times: user=0.00 sys=0.00, real=0.00 secs] 
2026-04-19T13:40:13.278+0530: 1005.741: [CMS-concurrent-preclean-start]
2026-04-19T13:40:13.279+0530: 1005.742: [CMS-concurrent-preclean: 0.000/0.000 secs] [Times: user=0.00 sys=0.00, real=0.00 secs] 
2026-04-19T13:40:13.279+0530: 1005.742: [CMS-concurrent-abortable-preclean-start]
2026-04-19T13:40:13.279+0530: 1005.742: [CMS-concurrent-abortable-preclean: 0.000/0.000 secs] [Times: user=0.00 sys=0.00, real=0.00 secs] 
2026-04-19T13:40:13.279+0530: 1005.742: [GC (CMS Final Remark) [YG occupancy: 153816 K (471808 K)]2026-04-19T13:40:13.279+0530: 1005.742: [Rescan (parallel) , 0.0143116 secs]2026-04-19T13:40:13.293+0530: 1005.757: [weak refs processing, 0.0000401 secs]2026-04-19T13:40:13.294+0530: 1005.757: [class unloading, 0.0089108 secs]2026-04-19T13:40:13.302+0530: 1005.766: [scrub symbol table, 0.0041333 secs]2026-04-19T13:40:13.306+0530: 1005.770: [scrub string table, 0.0019125 secs][1 CMS-remark: 63K(64K)] 153880K(471872K), 0.0310059 secs] [Times: user=0.03 sys=0.00, real=0.03 secs] 
2026-04-19T13:40:13.309+0530: 1005.773: Total time for which application threads were stopped: 0.0312004 seconds, Stopping threads took: 0.0000355 seconds
2026-04-19T13:40:13.310+0530: 1005.773: [CMS-concurrent-sweep-start]
2026-04-19T13:40:13.310+0530: 1005.774: [CMS-concurrent-sweep: 0.000/0.000 secs] [Times: user=0.00 sys=0.00, real=0.00 secs] 
2026-04-19T13:40:13.310+0530: 1005.774: [CMS-concurrent-reset-start]
2026-04-19T13:40:13.310+0530: 1005.774: [CMS-concurrent-reset: 0.000/0.000 secs] [Times: user=0.00 sys=0.00, real=0.00 secs] 
2026-04-19T13:40:23.324+0530: 1015.788: [GC (CMS Initial Mark) [1 CMS-initial-mark: 63K(64K)] 153880K(471872K), 0.0174077 secs] [Times: user=0.02 sys=0.00, real=0.02 secs] 
2026-04-19T13:40:23.342+0530: 1015.805: Total time for which application threads were stopped: 0.0177301 seconds, Stopping threads took: 0.0000671 seconds
2026-04-19T13:40:23.342+0530: 1015.805: [CMS-concurrent-mark-start]
2026-04-19T13:40:23.342+0530: 1015.806: [CMS-concurrent-mark: 0.001/0.001 secs] [Times: user=0.00 sys=0.00, real=0.00 secs] 
2026-04-19T13:40:23.342+0530: 1015.806: [CMS-concurrent-preclean-start]
2026-04-19T13:40:23.343+0530: 1015.806: [CMS-concurrent-preclean: 0.000/0.000 secs] [Times: user=0.00 sys=0.00, real=0.00 secs] 
2026-04-19T13:40:23.343+0530: 1015.806: [CMS-concurrent-abortable-preclean-start]
2026-04-19T13:40:23.343+0530: 1015.806: [CMS-concurrent-abortable-preclean: 0.000/0.000 secs] [Times: user=0.00 sys=0.00, real=0.00 secs] 
2026-04-19T13:40:23.343+0530: 1015.807: [GC (CMS Final Remark) [YG occupancy: 153816 K (471808 K)]2026-04-19T13:40:23.343+0530: 1015.807: [Rescan (parallel) , 0.0293517 secs]2026-04-19T13:40:23.373+0530: 1015.836: [weak refs processing, 0.0000353 secs]2026-04-19T13:40:23.373+0530: 1015.836: [class unloading, 0.0099560 secs]2026-04-19T13:40:23.383+0530: 1015.846: [scrub symbol table, 0.0051490 secs]2026-04-19T13:40:23.388+0530: 1015.851: [scrub string table, 0.0018891 secs][1 CMS-remark: 63K(64K)] 153880K(471872K), 0.0482542 secs] [Times: user=0.11 sys=0.00, real=0.05 secs] 
2026-04-19T13:40:23.392+0530: 1015.855: Total time for which application threads were stopped: 0.0484709 seconds, Stopping threads took: 0.0000336 seconds
2026-04-19T13:40:23.393+0530: 1015.855: [CMS-concurrent-sweep-start]
2026-04-19T13:40:23.393+0530: 1015.855: [CMS-concurrent-sweep: 0.000/0.000 secs] [Times: user=0.00 sys=0.00, real=0.00 secs] 
2026-04-19T13:40:23.393+0530: 1015.856: [CMS-concurrent-reset-start]
2026-04-19T13:40:23.393+0530: 1015.856: [CMS-concurrent-reset: 0.000/0.000 secs] [Times: user=0.00 sys=0.00, real=0.00 secs] 
2026-04-19T13:40:33.394+0530: 1025.857: [GC (CMS Initial Mark) [1 CMS-initial-mark: 63K(64K)] 154015K(471872K), 0.0134260 secs] [Times: user=0.02 sys=0.00, real=0.01 secs] 
2026-04-19T13:40:33.407+0530: 1025.871: Total time for which application threads were stopped: 0.0136733 seconds, Stopping threads took: 0.0000483 seconds
2026-04-19T13:40:33.407+0530: 1025.871: [CMS-concurrent-mark-start]
2026-04-19T13:40:33.407+0530: 1025.871: [CMS-concurrent-mark: 0.000/0.000 secs] [Times: user=0.00 sys=0.00, real=0.00 secs] 
2026-04-19T13:40:33.407+0530: 1025.871: [CMS-concurrent-preclean-start]
2026-04-19T13:40:33.408+0530: 1025.871: [CMS-concurrent-preclean: 0.000/0.000 secs] [Times: user=0.00 sys=0.00, real=0.00 secs] 
2026-04-19T13:40:33.408+0530: 1025.871: [CMS-concurrent-abortable-preclean-start]
2026-04-19T13:40:33.408+0530: 1025.871: [CMS-concurrent-abortable-preclean: 0.000/0.000 secs] [Times: user=0.00 sys=0.00, real=0.00 secs] 
2026-04-19T13:40:33.408+0530: 1025.872: [GC (CMS Final Remark) [YG occupancy: 153951 K (471808 K)]2026-04-19T13:40:33.408+0530: 1025.872: [Rescan (parallel) , 0.0195508 secs]2026-04-19T13:40:33.428+0530: 1025.891: [weak refs processing, 0.0000291 secs]2026-04-19T13:40:33.428+0530: 1025.891: [class unloading, 0.0063752 secs]2026-04-19T13:40:33.434+0530: 1025.898: [scrub symbol table, 0.0040243 secs]2026-04-19T13:40:33.439+0530: 1025.902: [scrub string table, 0.0016603 secs][1 CMS-remark: 63K(64K)] 154015K(471872K), 0.0331939 secs] [Times: user=0.08 sys=0.00, real=0.03 secs] 
2026-04-19T13:40:33.442+0530: 1025.905: Total time for which application threads were stopped: 0.0333535 seconds, Stopping threads took: 0.0000143 seconds
2026-04-19T13:40:33.442+0530: 1025.905: [CMS-concurrent-sweep-start]
2026-04-19T13:40:33.442+0530: 1025.905: [CMS-concurrent-sweep: 0.000/0.000 secs] [Times: user=0.00 sys=0.00, real=0.00 secs] 
2026-04-19T13:40:33.442+0530: 1025.905: [CMS-concurrent-reset-start]
2026-04-19T13:40:33.442+0530: 1025.905: [CMS-concurrent-reset: 0.000/0.000 secs] [Times: user=0.00 sys=0.00, real=0.00 secs] 
2026-04-19T13:40:43.444+0530: 1035.908: [GC (CMS Initial Mark) [1 CMS-initial-mark: 63K(64K)] 154321K(471872K), 0.0158577 secs] [Times: user=0.28 sys=0.00, real=0.02 secs] 
2026-04-19T13:40:43.461+0530: 1035.924: Total time for which application threads were stopped: 0.0161747 seconds, Stopping threads took: 0.0000466 seconds
2026-04-19T13:40:43.461+0530: 1035.924: [CMS-concurrent-mark-start]
2026-04-19T13:40:43.461+0530: 1035.924: [CMS-concurrent-mark: 0.000/0.000 secs] [Times: user=0.00 sys=0.00, real=0.00 secs] 
2026-04-19T13:40:43.461+0530: 1035.924: [CMS-concurrent-preclean-start]
2026-04-19T13:40:43.462+0530: 1035.925: [CMS-concurrent-preclean: 0.001/0.001 secs] [Times: user=0.00 sys=0.00, real=0.00 secs] 
2026-04-19T13:40:43.462+0530: 1035.925: [CMS-concurrent-abortable-preclean-start]
2026-04-19T13:40:43.462+0530: 1035.925: [CMS-concurrent-abortable-preclean: 0.000/0.000 secs] [Times: user=0.00 sys=0.00, real=0.00 secs] 
2026-04-19T13:40:43.462+0530: 1035.925: [GC (CMS Final Remark) [YG occupancy: 154257 K (471808 K)]2026-04-19T13:40:43.462+0530: 1035.926: [Rescan (parallel) , 0.0170986 secs]2026-04-19T13:40:43.479+0530: 1035.943: [weak refs processing, 0.0000460 secs]2026-04-19T13:40:43.479+0530: 1035.943: [class unloading, 0.0098011 secs]2026-04-19T13:40:43.489+0530: 1035.953: [scrub symbol table, 0.0045084 secs]2026-04-19T13:40:43.493+0530: 1035.957: [scrub string table, 0.0018350 secs][1 CMS-remark: 63K(64K)] 154321K(471872K), 0.0350675 secs] [Times: user=0.20 sys=0.00, real=0.04 secs] 
2026-04-19T13:40:43.497+0530: 1035.961: Total time for which application threads were stopped: 0.0353118 seconds, Stopping threads took: 0.0000382 seconds
2026-04-19T13:40:43.498+0530: 1035.961: [CMS-concurrent-sweep-start]
2026-04-19T13:40:43.498+0530: 1035.961: [CMS-concurrent-sweep: 0.000/0.000 secs] [Times: user=0.00 sys=0.00, real=0.00 secs] 
2026-04-19T13:40:43.498+0530: 1035.961: [CMS-concurrent-reset-start]
2026-04-19T13:40:43.498+0530: 1035.961: [CMS-concurrent-reset: 0.000/0.000 secs] [Times: user=0.00 sys=0.00, real=0.00 secs] 
2026-04-19T13:40:53.511+0530: 1045.975: [GC (CMS Initial Mark) [1 CMS-initial-mark: 63K(64K)] 154321K(471872K), 0.0143904 secs] [Times: user=0.00 sys=0.00, real=0.02 secs] 
2026-04-19T13:40:53.526+0530: 1045.989: Total time for which application threads were stopped: 0.0147213 seconds, Stopping threads took: 0.0000533 seconds
2026-04-19T13:40:53.526+0530: 1045.989: [CMS-concurrent-mark-start]
2026-04-19T13:40:53.526+0530: 1045.990: [CMS-concurrent-mark: 0.000/0.000 secs] [Times: user=0.06 sys=0.00, real=0.00 secs] 
2026-04-19T13:40:53.526+0530: 1045.990: [CMS-concurrent-preclean-start]
2026-04-19T13:40:53.527+0530: 1045.990: [CMS-concurrent-preclean: 0.000/0.000 secs] [Times: user=0.00 sys=0.00, real=0.00 secs] 
2026-04-19T13:40:53.527+0530: 1045.990: [CMS-concurrent-abortable-preclean-start]
2026-04-19T13:40:53.527+0530: 1045.990: [CMS-concurrent-abortable-preclean: 0.000/0.000 secs] [Times: user=0.00 sys=0.00, real=0.00 secs] 
2026-04-19T13:40:53.527+0530: 1045.990: [GC (CMS Final Remark) [YG occupancy: 154257 K (471808 K)]2026-04-19T13:40:53.527+0530: 1045.990: [Rescan (parallel) , 0.0177869 secs]2026-04-19T13:40:53.545+0530: 1046.008: [weak refs processing, 0.0000477 secs]2026-04-19T13:40:53.545+0530: 1046.008: [class unloading, 0.0100913 secs]2026-04-19T13:40:53.554+0530: 1046.018: [scrub symbol table, 0.0047240 secs]2026-04-19T13:40:53.560+0530: 1046.023: [scrub string table, 0.0018215 secs][1 CMS-remark: 63K(64K)] 154321K(471872K), 0.0362806 secs] [Times: user=0.02 sys=0.00, real=0.04 secs] 
2026-04-19T13:40:53.563+0530: 1046.027: Total time for which application threads were stopped: 0.0364515 seconds, Stopping threads took: 0.0000231 seconds
2026-04-19T13:40:53.564+0530: 1046.027: [CMS-concurrent-sweep-start]
2026-04-19T13:40:53.564+0530: 1046.027: [CMS-concurrent-sweep: 0.000/0.000 secs] [Times: user=0.00 sys=0.00, real=0.00 secs] 
2026-04-19T13:40:53.564+0530: 1046.027: [CMS-concurrent-reset-start]
2026-04-19T13:40:53.564+0530: 1046.027: [CMS-concurrent-reset: 0.000/0.000 secs] [Times: user=0.00 sys=0.00, real=0.00 secs] 
2026-04-19T13:40:58.590+0530: 1051.053: Total time for which application threads were stopped: 0.0001075 seconds, Stopping threads took: 0.0000286 seconds
2026-04-19T13:41:03.568+0530: 1056.032: [GC (CMS Initial Mark) [1 CMS-initial-mark: 63K(64K)] 154321K(471872K), 0.0164012 secs] [Times: user=0.09 sys=0.00, real=0.02 secs] 
2026-04-19T13:41:03.584+0530: 1056.048: Total time for which application threads were stopped: 0.0166938 seconds, Stopping threads took: 0.0000512 seconds
2026-04-19T13:41:03.584+0530: 1056.048: [CMS-concurrent-mark-start]
2026-04-19T13:41:03.584+0530: 1056.049: [CMS-concurrent-mark: 0.001/0.001 secs] [Times: user=0.00 sys=0.00, real=0.00 secs] 
2026-04-19T13:41:03.586+0530: 1056.049: [CMS-concurrent-preclean-start]
2026-04-19T13:41:03.586+0530: 1056.049: [CMS-concurrent-preclean: 0.001/0.001 secs] [Times: user=0.00 sys=0.00, real=0.00 secs] 
2026-04-19T13:41:03.586+0530: 1056.049: [CMS-concurrent-abortable-preclean-start]
2026-04-19T13:41:03.586+0530: 1056.049: [CMS-concurrent-abortable-preclean: 0.000/0.000 secs] [Times: user=0.00 sys=0.00, real=0.00 secs] 
2026-04-19T13:41:03.587+0530: 1056.050: [GC (CMS Final Remark) [YG occupancy: 154257 K (471808 K)]2026-04-19T13:41:03.587+0530: 1056.050: [Rescan (parallel) , 0.0279601 secs]2026-04-19T13:41:03.614+0530: 1056.078: [weak refs processing, 0.0000562 secs]2026-04-19T13:41:03.614+0530: 1056.078: [class unloading, 0.0103875 secs]2026-04-19T13:41:03.625+0530: 1056.088: [scrub symbol table, 0.0043029 secs]2026-04-19T13:41:03.629+0530: 1056.093: [scrub string table, 0.0018269 secs][1 CMS-remark: 63K(64K)] 154321K(471872K), 0.0463070 secs] [Times: user=0.28 sys=0.00, real=0.05 secs] 
2026-04-19T13:41:03.632+0530: 1056.096: Total time for which application threads were stopped: 0.0465360 seconds, Stopping threads took: 0.0000436 seconds
2026-04-19T13:41:03.633+0530: 1056.096: [CMS-concurrent-sweep-start]
2026-04-19T13:41:03.633+0530: 1056.096: [CMS-concurrent-sweep: 0.000/0.000 secs] [Times: user=0.00 sys=0.00, real=0.00 secs] 
2026-04-19T13:41:03.633+0530: 1056.096: [CMS-concurrent-reset-start]
2026-04-19T13:41:03.633+0530: 1056.096: [CMS-concurrent-reset: 0.000/0.000 secs] [Times: user=0.00 sys=0.00, real=0.00 secs] 
2026-04-19T13:41:13.633+0530: 1066.096: [GC (CMS Initial Mark) [1 CMS-initial-mark: 63K(64K)] 155472K(471872K), 0.0188236 secs] [Times: user=0.28 sys=0.00, real=0.02 secs] 
2026-04-19T13:41:13.652+0530: 1066.115: Total time for which application threads were stopped: 0.0191108 seconds, Stopping threads took: 0.0000500 seconds
2026-04-19T13:41:13.652+0530: 1066.115: [CMS-concurrent-mark-start]
2026-04-19T13:41:13.652+0530: 1066.115: [CMS-concurrent-mark: 0.000/0.000 secs] [Times: user=0.00 sys=0.00, real=0.00 secs] 
2026-04-19T13:41:13.652+0530: 1066.115: [CMS-concurrent-preclean-start]
2026-04-19T13:41:13.653+0530: 1066.116: [CMS-concurrent-preclean: 0.000/0.000 secs] [Times: user=0.00 sys=0.00, real=0.00 secs] 
2026-04-19T13:41:13.653+0530: 1066.116: [CMS-concurrent-abortable-preclean-start]
2026-04-19T13:41:13.653+0530: 1066.116: [CMS-concurrent-abortable-preclean: 0.000/0.000 secs] [Times: user=0.00 sys=0.00, real=0.00 secs] 
2026-04-19T13:41:13.653+0530: 1066.116: [GC (CMS Final Remark) [YG occupancy: 155408 K (471808 K)]2026-04-19T13:41:13.653+0530: 1066.116: [Rescan (parallel) , 0.0115676 secs]2026-04-19T13:41:13.664+0530: 1066.128: [weak refs processing, 0.0000291 secs]2026-04-19T13:41:13.664+0530: 1066.128: [class unloading, 0.0063120 secs]2026-04-19T13:41:13.671+0530: 1066.134: [scrub symbol table, 0.0042935 secs]2026-04-19T13:41:13.675+0530: 1066.138: [scrub string table, 0.0019973 secs][1 CMS-remark: 63K(64K)] 155472K(471872K), 0.0260202 secs] [Times: user=0.02 sys=0.00, real=0.02 secs] 
2026-04-19T13:41:13.678+0530: 1066.142: Total time for which application threads were stopped: 0.0262075 seconds, Stopping threads took: 0.0000306 seconds
2026-04-19T13:41:13.679+0530: 1066.142: [CMS-concurrent-sweep-start]
2026-04-19T13:41:13.679+0530: 1066.142: [CMS-concurrent-sweep: 0.000/0.000 secs] [Times: user=0.00 sys=0.00, real=0.00 secs] 
2026-04-19T13:41:13.679+0530: 1066.142: [CMS-concurrent-reset-start]
2026-04-19T13:41:13.679+0530: 1066.142: [CMS-concurrent-reset: 0.000/0.000 secs] [Times: user=0.00 sys=0.00, real=0.00 secs] 
2026-04-19T13:41:22.730+0530: 1075.193: Total time for which application threads were stopped: 0.0002325 seconds, Stopping threads took: 0.0000780 seconds
2026-04-19T13:41:23.688+0530: 1076.152: [GC (CMS Initial Mark) [1 CMS-initial-mark: 63K(64K)] 155778K(471872K), 0.0142577 secs] [Times: user=0.02 sys=0.00, real=0.01 secs] 
2026-04-19T13:41:23.702+0530: 1076.166: Total time for which application threads were stopped: 0.0144881 seconds, Stopping threads took: 0.0000419 seconds
2026-04-19T13:41:23.702+0530: 1076.166: [CMS-concurrent-mark-start]
2026-04-19T13:41:23.703+0530: 1076.167: [CMS-concurrent-mark: 0.000/0.000 secs] [Times: user=0.00 sys=0.00, real=0.00 secs] 
2026-04-19T13:41:23.703+0530: 1076.167: [CMS-concurrent-preclean-start]
2026-04-19T13:41:23.704+0530: 1076.167: [CMS-concurrent-preclean: 0.001/0.001 secs] [Times: user=0.00 sys=0.00, real=0.00 secs] 
2026-04-19T13:41:23.704+0530: 1076.167: [CMS-concurrent-abortable-preclean-start]
2026-04-19T13:41:23.704+0530: 1076.167: [CMS-concurrent-abortable-preclean: 0.000/0.000 secs] [Times: user=0.00 sys=0.00, real=0.00 secs] 
2026-04-19T13:41:23.704+0530: 1076.168: [GC (CMS Final Remark) [YG occupancy: 155714 K (471808 K)]2026-04-19T13:41:23.704+0530: 1076.168: [Rescan (parallel) , 0.0163842 secs]2026-04-19T13:41:23.720+0530: 1076.184: [weak refs processing, 0.0000421 secs]2026-04-19T13:41:23.720+0530: 1076.184: [class unloading, 0.0076172 secs]2026-04-19T13:41:23.728+0530: 1076.192: [scrub symbol table, 0.0041738 secs]2026-04-19T13:41:23.732+0530: 1076.196: [scrub string table, 0.0016825 secs][1 CMS-remark: 63K(64K)] 155778K(471872K), 0.0315810 secs] [Times: user=0.06 sys=0.00, real=0.03 secs] 
2026-04-19T13:41:23.736+0530: 1076.199: Total time for which application threads were stopped: 0.0317739 seconds, Stopping threads took: 0.0000278 seconds
2026-04-19T13:41:23.737+0530: 1076.200: [CMS-concurrent-sweep-start]
2026-04-19T13:41:23.737+0530: 1076.200: [CMS-concurrent-sweep: 0.000/0.000 secs] [Times: user=0.00 sys=0.00, real=0.00 secs] 
2026-04-19T13:41:23.737+0530: 1076.200: [CMS-concurrent-reset-start]
2026-04-19T13:41:23.737+0530: 1076.200: [CMS-concurrent-reset: 0.000/0.000 secs] [Times: user=0.00 sys=0.00, real=0.00 secs] 
2026-04-19T13:41:28.777+0530: 1081.240: Total time for which application threads were stopped: 0.0001460 seconds, Stopping threads took: 0.0000526 seconds
2026-04-19T13:41:32.794+0530: 1085.257: Total time for which application threads were stopped: 0.0002469 seconds, Stopping threads took: 0.0000750 seconds
2026-04-19T13:41:33.738+0530: 1086.202: [GC (CMS Initial Mark) [1 CMS-initial-mark: 63K(64K)] 155778K(471872K), 0.0145338 secs] [Times: user=0.02 sys=0.00, real=0.01 secs] 
2026-04-19T13:41:33.752+0530: 1086.216: Total time for which application threads were stopped: 0.0148337 seconds, Stopping threads took: 0.0001119 seconds
2026-04-19T13:41:33.753+0530: 1086.217: [CMS-concurrent-mark-start]
2026-04-19T13:41:33.754+0530: 1086.217: [CMS-concurrent-mark: 0.000/0.000 secs] [Times: user=0.00 sys=0.00, real=0.00 secs] 
2026-04-19T13:41:33.754+0530: 1086.217: [CMS-concurrent-preclean-start]
2026-04-19T13:41:33.754+0530: 1086.217: [CMS-concurrent-preclean: 0.000/0.000 secs] [Times: user=0.00 sys=0.00, real=0.00 secs] 
2026-04-19T13:41:33.754+0530: 1086.217: [CMS-concurrent-abortable-preclean-start]
2026-04-19T13:41:33.754+0530: 1086.217: [CMS-concurrent-abortable-preclean: 0.000/0.000 secs] [Times: user=0.00 sys=0.00, real=0.00 secs] 
2026-04-19T13:41:33.754+0530: 1086.218: [GC (CMS Final Remark) [YG occupancy: 155714 K (471808 K)]2026-04-19T13:41:33.755+0530: 1086.218: [Rescan (parallel) , 0.0142250 secs]2026-04-19T13:41:33.769+0530: 1086.232: [weak refs processing, 0.0000302 secs]2026-04-19T13:41:33.769+0530: 1086.232: [class unloading, 0.0080880 secs]2026-04-19T13:41:33.777+0530: 1086.240: [scrub symbol table, 0.0042869 secs]2026-04-19T13:41:33.781+0530: 1086.244: [scrub string table, 0.0017356 secs][1 CMS-remark: 63K(64K)] 155778K(471872K), 0.0300595 secs] [Times: user=0.25 sys=0.02, real=0.03 secs] 
2026-04-19T13:41:33.784+0530: 1086.248: Total time for which application threads were stopped: 0.0302432 seconds, Stopping threads took: 0.0000257 seconds
2026-04-19T13:41:33.784+0530: 1086.248: [CMS-concurrent-sweep-start]
2026-04-19T13:41:33.784+0530: 1086.248: [CMS-concurrent-sweep: 0.000/0.000 secs] [Times: user=0.00 sys=0.00, real=0.00 secs] 
2026-04-19T13:41:33.785+0530: 1086.248: [CMS-concurrent-reset-start]
2026-04-19T13:41:33.785+0530: 1086.248: [CMS-concurrent-reset: 0.000/0.000 secs] [Times: user=0.00 sys=0.00, real=0.00 secs] 
2026-04-19T13:41:39.833+0530: 1092.297: Total time for which application threads were stopped: 0.0002082 seconds, Stopping threads took: 0.0000561 seconds
2026-04-19T13:41:43.799+0530: 1096.262: [GC (CMS Initial Mark) [1 CMS-initial-mark: 63K(64K)] 156347K(471872K), 0.0195881 secs] [Times: user=0.01 sys=0.00, real=0.02 secs] 
2026-04-19T13:41:43.818+0530: 1096.282: Total time for which application threads were stopped: 0.0199470 seconds, Stopping threads took: 0.0000968 seconds
2026-04-19T13:41:43.818+0530: 1096.282: [CMS-concurrent-mark-start]
2026-04-19T13:41:43.819+0530: 1096.282: [CMS-concurrent-mark: 0.000/0.000 secs] [Times: user=0.00 sys=0.00, real=0.00 secs] 
2026-04-19T13:41:43.819+0530: 1096.282: [CMS-concurrent-preclean-start]
2026-04-19T13:41:43.819+0530: 1096.283: [CMS-concurrent-preclean: 0.001/0.001 secs] [Times: user=0.00 sys=0.00, real=0.00 secs] 
2026-04-19T13:41:43.819+0530: 1096.283: [CMS-concurrent-abortable-preclean-start]
2026-04-19T13:41:43.819+0530: 1096.283: [CMS-concurrent-abortable-preclean: 0.000/0.000 secs] [Times: user=0.00 sys=0.00, real=0.00 secs] 
2026-04-19T13:41:43.819+0530: 1096.283: [GC (CMS Final Remark) [YG occupancy: 156283 K (471808 K)]2026-04-19T13:41:43.819+0530: 1096.283: [Rescan (parallel) , 0.0258716 secs]2026-04-19T13:41:43.846+0530: 1096.309: [weak refs processing, 0.0000199 secs]2026-04-19T13:41:43.846+0530: 1096.309: [class unloading, 0.0061778 secs]2026-04-19T13:41:43.852+0530: 1096.315: [scrub symbol table, 0.0056589 secs]2026-04-19T13:41:43.858+0530: 1096.321: [scrub string table, 0.0023920 secs][1 CMS-remark: 63K(64K)] 156347K(471872K), 0.0421439 secs] [Times: user=0.30 sys=0.00, real=0.04 secs] 
2026-04-19T13:41:43.862+0530: 1096.325: Total time for which application threads were stopped: 0.0423381 seconds, Stopping threads took: 0.0000247 seconds
2026-04-19T13:41:43.862+0530: 1096.325: [CMS-concurrent-sweep-start]
2026-04-19T13:41:43.862+0530: 1096.325: [CMS-concurrent-sweep: 0.000/0.000 secs] [Times: user=0.00 sys=0.00, real=0.00 secs] 
2026-04-19T13:41:43.863+0530: 1096.325: [CMS-concurrent-reset-start]
2026-04-19T13:41:43.863+0530: 1096.325: [CMS-concurrent-reset: 0.000/0.000 secs] [Times: user=0.00 sys=0.00, real=0.00 secs] 
2026-04-19T13:41:45.875+0530: 1098.338: Total time for which application threads were stopped: 0.0001624 seconds, Stopping threads took: 0.0000927 seconds
2026-04-19T13:41:53.873+0530: 1106.336: [GC (CMS Initial Mark) [1 CMS-initial-mark: 63K(64K)] 156635K(471872K), 0.0174931 secs] [Times: user=0.02 sys=0.00, real=0.02 secs] 
2026-04-19T13:41:53.890+0530: 1106.354: Total time for which application threads were stopped: 0.0177635 seconds, Stopping threads took: 0.0000482 seconds
2026-04-19T13:41:53.890+0530: 1106.354: [CMS-concurrent-mark-start]
2026-04-19T13:41:53.890+0530: 1106.354: [CMS-concurrent-mark: 0.000/0.000 secs] [Times: user=0.00 sys=0.00, real=0.00 secs] 
2026-04-19T13:41:53.890+0530: 1106.354: [CMS-concurrent-preclean-start]
2026-04-19T13:41:53.891+0530: 1106.354: [CMS-concurrent-preclean: 0.000/0.000 secs] [Times: user=0.00 sys=0.00, real=0.00 secs] 
2026-04-19T13:41:53.891+0530: 1106.354: [CMS-concurrent-abortable-preclean-start]
2026-04-19T13:41:53.891+0530: 1106.354: [CMS-concurrent-abortable-preclean: 0.000/0.000 secs] [Times: user=0.00 sys=0.00, real=0.00 secs] 
2026-04-19T13:41:53.891+0530: 1106.355: [GC (CMS Final Remark) [YG occupancy: 156571 K (471808 K)]2026-04-19T13:41:53.891+0530: 1106.355: [Rescan (parallel) , 0.0282984 secs]2026-04-19T13:41:53.920+0530: 1106.383: [weak refs processing, 0.0000513 secs]2026-04-19T13:41:53.920+0530: 1106.383: [class unloading, 0.0107552 secs]2026-04-19T13:41:53.930+0530: 1106.394: [scrub symbol table, 0.0047915 secs]2026-04-19T13:41:53.935+0530: 1106.399: [scrub string table, 0.0017892 secs][1 CMS-remark: 63K(64K)] 156635K(471872K), 0.0474585 secs] [Times: user=0.03 sys=0.00, real=0.05 secs] 
2026-04-19T13:41:53.939+0530: 1106.402: Total time for which application threads were stopped: 0.0476396 seconds, Stopping threads took: 0.0000225 seconds
2026-04-19T13:41:53.940+0530: 1106.403: [CMS-concurrent-sweep-start]
2026-04-19T13:41:53.940+0530: 1106.403: [CMS-concurrent-sweep: 0.000/0.000 secs] [Times: user=0.00 sys=0.00, real=0.00 secs] 
2026-04-19T13:41:53.940+0530: 1106.403: [CMS-concurrent-reset-start]
2026-04-19T13:41:53.940+0530: 1106.403: [CMS-concurrent-reset: 0.000/0.000 secs] [Times: user=0.00 sys=0.00, real=0.00 secs] 
2026-04-19T13:41:58.983+0530: 1111.446: Total time for which application threads were stopped: 0.0001874 seconds, Stopping threads took: 0.0000521 seconds
2026-04-19T13:42:03.943+0530: 1116.406: [GC (CMS Initial Mark) [1 CMS-initial-mark: 63K(64K)] 159342K(471872K), 0.0164094 secs] [Times: user=0.05 sys=0.00, real=0.02 secs] 
2026-04-19T13:42:03.959+0530: 1116.422: Total time for which application threads were stopped: 0.0166903 seconds, Stopping threads took: 0.0000556 seconds
2026-04-19T13:42:03.959+0530: 1116.422: [CMS-concurrent-mark-start]
2026-04-19T13:42:03.960+0530: 1116.423: [CMS-concurrent-mark: 0.000/0.000 secs] [Times: user=0.00 sys=0.00, real=0.00 secs] 
2026-04-19T13:42:03.960+0530: 1116.423: [CMS-concurrent-preclean-start]
2026-04-19T13:42:03.960+0530: 1116.423: [CMS-concurrent-preclean: 0.000/0.000 secs] [Times: user=0.00 sys=0.00, real=0.00 secs] 
2026-04-19T13:42:03.960+0530: 1116.423: [CMS-concurrent-abortable-preclean-start]
2026-04-19T13:42:03.960+0530: 1116.423: [CMS-concurrent-abortable-preclean: 0.000/0.000 secs] [Times: user=0.00 sys=0.00, real=0.00 secs] 
2026-04-19T13:42:03.960+0530: 1116.424: [GC (CMS Final Remark) [YG occupancy: 159278 K (471808 K)]2026-04-19T13:42:03.960+0530: 1116.424: [Rescan (parallel) , 0.0294356 secs]2026-04-19T13:42:03.990+0530: 1116.453: [weak refs processing, 0.0000586 secs]2026-04-19T13:42:03.990+0530: 1116.453: [class unloading, 0.0111225 secs]2026-04-19T13:42:04.001+0530: 1116.464: [scrub symbol table, 0.0044399 secs]2026-04-19T13:42:04.005+0530: 1116.469: [scrub string table, 0.0018507 secs][1 CMS-remark: 63K(64K)] 159342K(471872K), 0.0487825 secs] [Times: user=0.30 sys=0.00, real=0.05 secs] 
2026-04-19T13:42:04.009+0530: 1116.472: Total time for which application threads were stopped: 0.0489765 seconds, Stopping threads took: 0.0000217 seconds
2026-04-19T13:42:04.009+0530: 1116.473: [CMS-concurrent-sweep-start]
2026-04-19T13:42:04.009+0530: 1116.473: [CMS-concurrent-sweep: 0.000/0.000 secs] [Times: user=0.00 sys=0.00, real=0.00 secs] 
2026-04-19T13:42:04.010+0530: 1116.473: [CMS-concurrent-reset-start]
2026-04-19T13:42:04.010+0530: 1116.473: [CMS-concurrent-reset: 0.000/0.000 secs] [Times: user=0.00 sys=0.00, real=0.00 secs] 
2026-04-19T13:42:14.017+0530: 1126.480: [GC (CMS Initial Mark) [1 CMS-initial-mark: 63K(64K)] 159342K(471872K), 0.0185842 secs] [Times: user=0.02 sys=0.00, real=0.02 secs] 
2026-04-19T13:42:14.035+0530: 1126.499: Total time for which application threads were stopped: 0.0188160 seconds, Stopping threads took: 0.0000356 seconds
2026-04-19T13:42:14.035+0530: 1126.499: [CMS-concurrent-mark-start]
2026-04-19T13:42:14.035+0530: 1126.499: [CMS-concurrent-mark: 0.000/0.000 secs] [Times: user=0.00 sys=0.00, real=0.00 secs] 
2026-04-19T13:42:14.035+0530: 1126.499: [CMS-concurrent-preclean-start]
2026-04-19T13:42:14.037+0530: 1126.500: [CMS-concurrent-preclean: 0.000/0.000 secs] [Times: user=0.00 sys=0.00, real=0.00 secs] 
2026-04-19T13:42:14.037+0530: 1126.500: [CMS-concurrent-abortable-preclean-start]
2026-04-19T13:42:14.037+0530: 1126.500: [CMS-concurrent-abortable-preclean: 0.000/0.000 secs] [Times: user=0.00 sys=0.00, real=0.00 secs] 
2026-04-19T13:42:14.037+0530: 1126.500: [GC (CMS Final Remark) [YG occupancy: 159278 K (471808 K)]2026-04-19T13:42:14.037+0530: 1126.500: [Rescan (parallel) , 0.0133848 secs]2026-04-19T13:42:14.050+0530: 1126.514: [weak refs processing, 0.0000307 secs]2026-04-19T13:42:14.050+0530: 1126.514: [class unloading, 0.0079293 secs]2026-04-19T13:42:14.058+0530: 1126.522: [scrub symbol table, 0.0042131 secs]2026-04-19T13:42:14.063+0530: 1126.526: [scrub string table, 0.0017845 secs][1 CMS-remark: 63K(64K)] 159342K(471872K), 0.0290793 secs] [Times: user=0.30 sys=0.00, real=0.03 secs] 
2026-04-19T13:42:14.066+0530: 1126.529: Total time for which application threads were stopped: 0.0292601 seconds, Stopping threads took: 0.0000245 seconds
2026-04-19T13:42:14.066+0530: 1126.530: [CMS-concurrent-sweep-start]
2026-04-19T13:42:14.066+0530: 1126.530: [CMS-concurrent-sweep: 0.000/0.000 secs] [Times: user=0.00 sys=0.00, real=0.00 secs] 
2026-04-19T13:42:14.066+0530: 1126.530: [CMS-concurrent-reset-start]
2026-04-19T13:42:14.066+0530: 1126.530: [CMS-concurrent-reset: 0.000/0.000 secs] [Times: user=0.00 sys=0.00, real=0.00 secs] 
2026-04-19T13:42:24.071+0530: 1136.534: [GC (CMS Initial Mark) [1 CMS-initial-mark: 63K(64K)] 161355K(471872K), 0.0128325 secs] [Times: user=0.19 sys=0.00, real=0.01 secs] 
2026-04-19T13:42:24.084+0530: 1136.547: Total time for which application threads were stopped: 0.0130596 seconds, Stopping threads took: 0.0000289 seconds
2026-04-19T13:42:24.084+0530: 1136.547: [CMS-concurrent-mark-start]
2026-04-19T13:42:24.085+0530: 1136.548: [CMS-concurrent-mark: 0.000/0.000 secs] [Times: user=0.00 sys=0.00, real=0.00 secs] 
2026-04-19T13:42:24.085+0530: 1136.548: [CMS-concurrent-preclean-start]
2026-04-19T13:42:24.085+0530: 1136.549: [CMS-concurrent-preclean: 0.001/0.001 secs] [Times: user=0.00 sys=0.00, real=0.00 secs] 
2026-04-19T13:42:24.085+0530: 1136.549: [CMS-concurrent-abortable-preclean-start]
2026-04-19T13:42:24.085+0530: 1136.549: [CMS-concurrent-abortable-preclean: 0.000/0.000 secs] [Times: user=0.00 sys=0.00, real=0.00 secs] 
2026-04-19T13:42:24.086+0530: 1136.549: [GC (CMS Final Remark) [YG occupancy: 161291 K (471808 K)]2026-04-19T13:42:24.086+0530: 1136.549: [Rescan (parallel) , 0.0171293 secs]2026-04-19T13:42:24.103+0530: 1136.566: [weak refs processing, 0.0000376 secs]2026-04-19T13:42:24.103+0530: 1136.566: [class unloading, 0.0088241 secs]2026-04-19T13:42:24.112+0530: 1136.575: [scrub symbol table, 0.0043896 secs]2026-04-19T13:42:24.116+0530: 1136.580: [scrub string table, 0.0018289 secs][1 CMS-remark: 63K(64K)] 161355K(471872K), 0.0339810 secs] [Times: user=0.28 sys=0.01, real=0.03 secs] 
2026-04-19T13:42:24.120+0530: 1136.583: Total time for which application threads were stopped: 0.0341821 seconds, Stopping threads took: 0.0000272 seconds
2026-04-19T13:42:24.120+0530: 1136.583: [CMS-concurrent-sweep-start]
2026-04-19T13:42:24.120+0530: 1136.583: [CMS-concurrent-sweep: 0.000/0.000 secs] [Times: user=0.00 sys=0.00, real=0.00 secs] 
2026-04-19T13:42:24.120+0530: 1136.583: [CMS-concurrent-reset-start]
2026-04-19T13:42:24.120+0530: 1136.583: [CMS-concurrent-reset: 0.000/0.000 secs] [Times: user=0.00 sys=0.00, real=0.00 secs] 
2026-04-19T13:42:28.152+0530: 1140.616: Total time for which application threads were stopped: 0.0002007 seconds, Stopping threads took: 0.0000476 seconds
2026-04-19T13:42:34.126+0530: 1146.590: [GC (CMS Initial Mark) [1 CMS-initial-mark: 63K(64K)] 161355K(471872K), 0.0134927 secs] [Times: user=0.02 sys=0.00, real=0.01 secs] 
2026-04-19T13:42:34.140+0530: 1146.603: Total time for which application threads were stopped: 0.0137999 seconds, Stopping threads took: 0.0000517 seconds
2026-04-19T13:42:34.140+0530: 1146.603: [CMS-concurrent-mark-start]
2026-04-19T13:42:34.140+0530: 1146.604: [CMS-concurrent-mark: 0.001/0.001 secs] [Times: user=0.00 sys=0.00, real=0.00 secs] 
2026-04-19T13:42:34.141+0530: 1146.604: [CMS-concurrent-preclean-start]
2026-04-19T13:42:34.141+0530: 1146.604: [CMS-concurrent-preclean: 0.000/0.000 secs] [Times: user=0.00 sys=0.00, real=0.00 secs] 
2026-04-19T13:42:34.141+0530: 1146.604: [CMS-concurrent-abortable-preclean-start]
2026-04-19T13:42:34.141+0530: 1146.604: [CMS-concurrent-abortable-preclean: 0.000/0.000 secs] [Times: user=0.00 sys=0.00, real=0.00 secs] 
2026-04-19T13:42:34.141+0530: 1146.605: [GC (CMS Final Remark) [YG occupancy: 161291 K (471808 K)]2026-04-19T13:42:34.141+0530: 1146.605: [Rescan (parallel) , 0.0175263 secs]2026-04-19T13:42:34.159+0530: 1146.622: [weak refs processing, 0.0000302 secs]2026-04-19T13:42:34.159+0530: 1146.622: [class unloading, 0.0079930 secs]2026-04-19T13:42:34.167+0530: 1146.630: [scrub symbol table, 0.0040548 secs]2026-04-19T13:42:34.171+0530: 1146.634: [scrub string table, 0.0017320 secs][1 CMS-remark: 63K(64K)] 161355K(471872K), 0.0331310 secs] [Times: user=0.03 sys=0.00, real=0.03 secs] 
2026-04-19T13:42:34.174+0530: 1146.638: Total time for which application threads were stopped: 0.0332895 seconds, Stopping threads took: 0.0000235 seconds
2026-04-19T13:42:34.174+0530: 1146.638: [CMS-concurrent-sweep-start]
2026-04-19T13:42:34.174+0530: 1146.638: [CMS-concurrent-sweep: 0.000/0.000 secs] [Times: user=0.00 sys=0.00, real=0.00 secs] 
2026-04-19T13:42:34.174+0530: 1146.638: [CMS-concurrent-reset-start]
2026-04-19T13:42:34.174+0530: 1146.638: [CMS-concurrent-reset: 0.000/0.000 secs] [Times: user=0.00 sys=0.00, real=0.00 secs] 
2026-04-19T13:42:44.175+0530: 1156.639: [GC (CMS Initial Mark) [1 CMS-initial-mark: 63K(64K)] 161643K(471872K), 0.0140044 secs] [Times: user=0.02 sys=0.00, real=0.02 secs] 
2026-04-19T13:42:44.190+0530: 1156.653: Total time for which application threads were stopped: 0.0142785 seconds, Stopping threads took: 0.0000504 seconds
2026-04-19T13:42:44.190+0530: 1156.653: [CMS-concurrent-mark-start]
2026-04-19T13:42:44.190+0530: 1156.653: [CMS-concurrent-mark: 0.000/0.000 secs] [Times: user=0.00 sys=0.00, real=0.00 secs] 
2026-04-19T13:42:44.190+0530: 1156.653: [CMS-concurrent-preclean-start]
2026-04-19T13:42:44.191+0530: 1156.654: [CMS-concurrent-preclean: 0.001/0.001 secs] [Times: user=0.00 sys=0.00, real=0.00 secs] 
2026-04-19T13:42:44.191+0530: 1156.654: [CMS-concurrent-abortable-preclean-start]
2026-04-19T13:42:44.191+0530: 1156.654: [CMS-concurrent-abortable-preclean: 0.000/0.000 secs] [Times: user=0.00 sys=0.00, real=0.00 secs] 
2026-04-19T13:42:44.191+0530: 1156.654: [GC (CMS Final Remark) [YG occupancy: 161579 K (471808 K)]2026-04-19T13:42:44.191+0530: 1156.654: [Rescan (parallel) , 0.0181271 secs]2026-04-19T13:42:44.210+0530: 1156.673: [weak refs processing, 0.0000838 secs]2026-04-19T13:42:44.210+0530: 1156.673: [class unloading, 0.0103022 secs]2026-04-19T13:42:44.219+0530: 1156.683: [scrub symbol table, 0.0042109 secs]2026-04-19T13:42:44.224+0530: 1156.687: [scrub string table, 0.0018454 secs][1 CMS-remark: 63K(64K)] 161643K(471872K), 0.0365255 secs] [Times: user=0.19 sys=0.00, real=0.04 secs] 
2026-04-19T13:42:44.228+0530: 1156.691: Total time for which application threads were stopped: 0.0367220 seconds, Stopping threads took: 0.0000194 seconds
2026-04-19T13:42:44.228+0530: 1156.691: [CMS-concurrent-sweep-start]
2026-04-19T13:42:44.228+0530: 1156.691: [CMS-concurrent-sweep: 0.000/0.000 secs] [Times: user=0.00 sys=0.00, real=0.00 secs] 
2026-04-19T13:42:44.228+0530: 1156.691: [CMS-concurrent-reset-start]
2026-04-19T13:42:44.228+0530: 1156.691: [CMS-concurrent-reset: 0.000/0.000 secs] [Times: user=0.00 sys=0.00, real=0.00 secs] 
2026-04-19T13:42:54.233+0530: 1166.696: [GC (CMS Initial Mark) [1 CMS-initial-mark: 63K(64K)] 162812K(471872K), 0.0119712 secs] [Times: user=0.00 sys=0.00, real=0.01 secs] 
2026-04-19T13:42:54.245+0530: 1166.708: Total time for which application threads were stopped: 0.0122137 seconds, Stopping threads took: 0.0000435 seconds
2026-04-19T13:42:54.246+0530: 1166.709: [CMS-concurrent-mark-start]
2026-04-19T13:42:54.246+0530: 1166.709: [CMS-concurrent-mark: 0.000/0.000 secs] [Times: user=0.00 sys=0.00, real=0.00 secs] 
2026-04-19T13:42:54.246+0530: 1166.709: [CMS-concurrent-preclean-start]
2026-04-19T13:42:54.246+0530: 1166.709: [CMS-concurrent-preclean: 0.000/0.000 secs] [Times: user=0.00 sys=0.00, real=0.00 secs] 
2026-04-19T13:42:54.246+0530: 1166.709: [CMS-concurrent-abortable-preclean-start]
2026-04-19T13:42:54.246+0530: 1166.709: [CMS-concurrent-abortable-preclean: 0.000/0.000 secs] [Times: user=0.00 sys=0.00, real=0.00 secs] 
2026-04-19T13:42:54.247+0530: 1166.710: [GC (CMS Final Remark) [YG occupancy: 162748 K (471808 K)]2026-04-19T13:42:54.247+0530: 1166.710: [Rescan (parallel) , 0.0195775 secs]2026-04-19T13:42:54.266+0530: 1166.729: [weak refs processing, 0.0000426 secs]2026-04-19T13:42:54.266+0530: 1166.729: [class unloading, 0.0079384 secs]2026-04-19T13:42:54.274+0530: 1166.737: [scrub symbol table, 0.0041598 secs]2026-04-19T13:42:54.278+0530: 1166.742: [scrub string table, 0.0016329 secs][1 CMS-remark: 63K(64K)] 162812K(471872K), 0.0350049 secs] [Times: user=0.01 sys=0.00, real=0.03 secs] 
2026-04-19T13:42:54.281+0530: 1166.745: Total time for which application threads were stopped: 0.0351997 seconds, Stopping threads took: 0.0000291 seconds
2026-04-19T13:42:54.281+0530: 1166.745: [CMS-concurrent-sweep-start]
2026-04-19T13:42:54.281+0530: 1166.745: [CMS-concurrent-sweep: 0.000/0.000 secs] [Times: user=0.00 sys=0.00, real=0.00 secs] 
2026-04-19T13:42:54.281+0530: 1166.745: [CMS-concurrent-reset-start]
2026-04-19T13:42:54.281+0530: 1166.745: [CMS-concurrent-reset: 0.000/0.000 secs] [Times: user=0.00 sys=0.00, real=0.00 secs] 
2026-04-19T13:42:58.302+0530: 1170.765: Total time for which application threads were stopped: 0.0002028 seconds, Stopping threads took: 0.0000565 seconds
2026-04-19T13:43:04.285+0530: 1176.748: [GC (CMS Initial Mark) [1 CMS-initial-mark: 63K(64K)] 162812K(471872K), 0.0137434 secs] [Times: user=0.02 sys=0.00, real=0.01 secs] 
2026-04-19T13:43:04.299+0530: 1176.762: Total time for which application threads were stopped: 0.0140696 seconds, Stopping threads took: 0.0000666 seconds
2026-04-19T13:43:04.299+0530: 1176.762: [CMS-concurrent-mark-start]
2026-04-19T13:43:04.299+0530: 1176.762: [CMS-concurrent-mark: 0.000/0.000 secs] [Times: user=0.00 sys=0.00, real=0.00 secs] 
2026-04-19T13:43:04.299+0530: 1176.762: [CMS-concurrent-preclean-start]
2026-04-19T13:43:04.300+0530: 1176.763: [CMS-concurrent-preclean: 0.000/0.000 secs] [Times: user=0.00 sys=0.00, real=0.00 secs] 
2026-04-19T13:43:04.300+0530: 1176.763: [CMS-concurrent-abortable-preclean-start]
2026-04-19T13:43:04.300+0530: 1176.763: [CMS-concurrent-abortable-preclean: 0.000/0.000 secs] [Times: user=0.00 sys=0.00, real=0.00 secs] 
2026-04-19T13:43:04.300+0530: 1176.763: [GC (CMS Final Remark) [YG occupancy: 162748 K (471808 K)]2026-04-19T13:43:04.300+0530: 1176.763: [Rescan (parallel) , 0.0184022 secs]2026-04-19T13:43:04.318+0530: 1176.782: [weak refs processing, 0.0000300 secs]2026-04-19T13:43:04.318+0530: 1176.782: [class unloading, 0.0075149 secs]2026-04-19T13:43:04.326+0530: 1176.789: [scrub symbol table, 0.0043722 secs]2026-04-19T13:43:04.330+0530: 1176.794: [scrub string table, 0.0018470 secs][1 CMS-remark: 63K(64K)] 162812K(471872K), 0.0339147 secs] [Times: user=0.19 sys=0.00, real=0.03 secs] 
2026-04-19T13:43:04.334+0530: 1176.797: Total time for which application threads were stopped: 0.0341262 seconds, Stopping threads took: 0.0000235 seconds
2026-04-19T13:43:04.334+0530: 1176.797: [CMS-concurrent-sweep-start]
2026-04-19T13:43:04.334+0530: 1176.797: [CMS-concurrent-sweep: 0.000/0.000 secs] [Times: user=0.00 sys=0.00, real=0.00 secs] 
2026-04-19T13:43:04.334+0530: 1176.797: [CMS-concurrent-reset-start]
2026-04-19T13:43:04.334+0530: 1176.797: [CMS-concurrent-reset: 0.000/0.000 secs] [Times: user=0.00 sys=0.00, real=0.00 secs] 
2026-04-19T13:43:14.344+0530: 1186.807: [GC (CMS Initial Mark) [1 CMS-initial-mark: 63K(64K)] 162812K(471872K), 0.0153664 secs] [Times: user=0.02 sys=0.00, real=0.02 secs] 
2026-04-19T13:43:14.360+0530: 1186.823: Total time for which application threads were stopped: 0.0156417 seconds, Stopping threads took: 0.0000579 seconds
2026-04-19T13:43:14.360+0530: 1186.823: [CMS-concurrent-mark-start]
2026-04-19T13:43:14.360+0530: 1186.823: [CMS-concurrent-mark: 0.001/0.001 secs] [Times: user=0.00 sys=0.00, real=0.00 secs] 
2026-04-19T13:43:14.360+0530: 1186.824: [CMS-concurrent-preclean-start]
2026-04-19T13:43:14.361+0530: 1186.824: [CMS-concurrent-preclean: 0.000/0.000 secs] [Times: user=0.00 sys=0.00, real=0.00 secs] 
2026-04-19T13:43:14.361+0530: 1186.824: [CMS-concurrent-abortable-preclean-start]
2026-04-19T13:43:14.361+0530: 1186.824: [CMS-concurrent-abortable-preclean: 0.000/0.000 secs] [Times: user=0.00 sys=0.00, real=0.00 secs] 
2026-04-19T13:43:14.361+0530: 1186.824: [GC (CMS Final Remark) [YG occupancy: 162748 K (471808 K)]2026-04-19T13:43:14.361+0530: 1186.824: [Rescan (parallel) , 0.0155344 secs]2026-04-19T13:43:14.377+0530: 1186.840: [weak refs processing, 0.0000269 secs]2026-04-19T13:43:14.377+0530: 1186.840: [class unloading, 0.0079126 secs]2026-04-19T13:43:14.385+0530: 1186.848: [scrub symbol table, 0.0041896 secs]2026-04-19T13:43:14.389+0530: 1186.852: [scrub string table, 0.0017492 secs][1 CMS-remark: 63K(64K)] 162812K(471872K), 0.0311607 secs] [Times: user=0.06 sys=0.00, real=0.03 secs] 
2026-04-19T13:43:14.393+0530: 1186.856: Total time for which application threads were stopped: 0.0313481 seconds, Stopping threads took: 0.0000334 seconds
2026-04-19T13:43:14.393+0530: 1186.856: [CMS-concurrent-sweep-start]
2026-04-19T13:43:14.393+0530: 1186.856: [CMS-concurrent-sweep: 0.000/0.000 secs] [Times: user=0.00 sys=0.00, real=0.00 secs] 
2026-04-19T13:43:14.393+0530: 1186.856: [CMS-concurrent-reset-start]
2026-04-19T13:43:14.393+0530: 1186.856: [CMS-concurrent-reset: 0.000/0.000 secs] [Times: user=0.00 sys=0.00, real=0.00 secs] 
2026-04-19T13:43:23.495+0530: 1195.958: Total time for which application threads were stopped: 0.0002311 seconds, Stopping threads took: 0.0000736 seconds
2026-04-19T13:43:24.400+0530: 1196.863: [GC (CMS Initial Mark) [1 CMS-initial-mark: 63K(64K)] 163099K(471872K), 0.0166776 secs] [Times: user=0.17 sys=0.00, real=0.02 secs] 
2026-04-19T13:43:24.416+0530: 1196.880: Total time for which application threads were stopped: 0.0169226 seconds, Stopping threads took: 0.0000455 seconds
2026-04-19T13:43:24.416+0530: 1196.880: [CMS-concurrent-mark-start]
2026-04-19T13:43:24.417+0530: 1196.881: [CMS-concurrent-mark: 0.000/0.000 secs] [Times: user=0.00 sys=0.00, real=0.00 secs] 
2026-04-19T13:43:24.417+0530: 1196.881: [CMS-concurrent-preclean-start]
2026-04-19T13:43:24.418+0530: 1196.881: [CMS-concurrent-preclean: 0.000/0.000 secs] [Times: user=0.00 sys=0.00, real=0.00 secs] 
2026-04-19T13:43:24.418+0530: 1196.881: [CMS-concurrent-abortable-preclean-start]
2026-04-19T13:43:24.418+0530: 1196.881: [CMS-concurrent-abortable-preclean: 0.000/0.000 secs] [Times: user=0.00 sys=0.00, real=0.00 secs] 
2026-04-19T13:43:24.418+0530: 1196.881: [GC (CMS Final Remark) [YG occupancy: 163035 K (471808 K)]2026-04-19T13:43:24.418+0530: 1196.881: [Rescan (parallel) , 0.0148595 secs]2026-04-19T13:43:24.433+0530: 1196.896: [weak refs processing, 0.0000277 secs]2026-04-19T13:43:24.433+0530: 1196.896: [class unloading, 0.0074410 secs]2026-04-19T13:43:24.440+0530: 1196.904: [scrub symbol table, 0.0040651 secs]2026-04-19T13:43:24.444+0530: 1196.908: [scrub string table, 0.0017467 secs][1 CMS-remark: 63K(64K)] 163099K(471872K), 0.0297857 secs] [Times: user=0.00 sys=0.00, real=0.03 secs] 
2026-04-19T13:43:24.448+0530: 1196.911: Total time for which application threads were stopped: 0.0299456 seconds, Stopping threads took: 0.0000222 seconds
2026-04-19T13:43:24.448+0530: 1196.911: [CMS-concurrent-sweep-start]
2026-04-19T13:43:24.448+0530: 1196.911: [CMS-concurrent-sweep: 0.000/0.000 secs] [Times: user=0.00 sys=0.00, real=0.00 secs] 
2026-04-19T13:43:24.448+0530: 1196.911: [CMS-concurrent-reset-start]
2026-04-19T13:43:24.448+0530: 1196.911: [CMS-concurrent-reset: 0.000/0.000 secs] [Times: user=0.00 sys=0.00, real=0.00 secs] 
2026-04-19T13:43:28.504+0530: 1200.967: Total time for which application threads were stopped: 0.0001479 seconds, Stopping threads took: 0.0000507 seconds
2026-04-19T13:43:34.458+0530: 1206.922: [GC (CMS Initial Mark) [1 CMS-initial-mark: 63K(64K)] 163253K(471872K), 0.0152887 secs] [Times: user=0.02 sys=0.00, real=0.02 secs] 
2026-04-19T13:43:34.473+0530: 1206.937: Total time for which application threads were stopped: 0.0154761 seconds, Stopping threads took: 0.0000253 seconds
2026-04-19T13:43:34.473+0530: 1206.937: [CMS-concurrent-mark-start]
2026-04-19T13:43:34.474+0530: 1206.938: [CMS-concurrent-mark: 0.000/0.000 secs] [Times: user=0.00 sys=0.00, real=0.00 secs] 
2026-04-19T13:43:34.474+0530: 1206.938: [CMS-concurrent-preclean-start]
2026-04-19T13:43:34.474+0530: 1206.938: [CMS-concurrent-preclean: 0.000/0.000 secs] [Times: user=0.00 sys=0.00, real=0.00 secs] 
2026-04-19T13:43:34.474+0530: 1206.938: [CMS-concurrent-abortable-preclean-start]
2026-04-19T13:43:34.474+0530: 1206.938: [CMS-concurrent-abortable-preclean: 0.000/0.000 secs] [Times: user=0.00 sys=0.00, real=0.00 secs] 
2026-04-19T13:43:34.475+0530: 1206.938: [GC (CMS Final Remark) [YG occupancy: 163189 K (471808 K)]2026-04-19T13:43:34.475+0530: 1206.939: [Rescan (parallel) , 0.0159748 secs]2026-04-19T13:43:34.491+0530: 1206.955: [weak refs processing, 0.0000287 secs]2026-04-19T13:43:34.491+0530: 1206.955: [class unloading, 0.0089784 secs]2026-04-19T13:43:34.500+0530: 1206.964: [scrub symbol table, 0.0044599 secs]2026-04-19T13:43:34.505+0530: 1206.968: [scrub string table, 0.0019201 secs][1 CMS-remark: 63K(64K)] 163253K(471872K), 0.0330657 secs] [Times: user=0.28 sys=0.00, real=0.03 secs] 
2026-04-19T13:43:34.508+0530: 1206.972: Total time for which application threads were stopped: 0.0332965 seconds, Stopping threads took: 0.0000400 seconds
2026-04-19T13:43:34.509+0530: 1206.972: [CMS-concurrent-sweep-start]
2026-04-19T13:43:34.509+0530: 1206.972: [CMS-concurrent-sweep: 0.000/0.000 secs] [Times: user=0.00 sys=0.00, real=0.00 secs] 
2026-04-19T13:43:34.509+0530: 1206.972: [CMS-concurrent-reset-start]
2026-04-19T13:43:34.509+0530: 1206.972: [CMS-concurrent-reset: 0.000/0.000 secs] [Times: user=0.00 sys=0.00, real=0.00 secs] 
2026-04-19T13:43:44.509+0530: 1216.973: [GC (CMS Initial Mark) [1 CMS-initial-mark: 63K(64K)] 163822K(471872K), 0.0199770 secs] [Times: user=0.17 sys=0.02, real=0.02 secs] 
2026-04-19T13:43:44.529+0530: 1216.993: Total time for which application threads were stopped: 0.0202175 seconds, Stopping threads took: 0.0000533 seconds
2026-04-19T13:43:44.530+0530: 1216.993: [CMS-concurrent-mark-start]
2026-04-19T13:43:44.530+0530: 1216.993: [CMS-concurrent-mark: 0.000/0.000 secs] [Times: user=0.00 sys=0.00, real=0.00 secs] 
2026-04-19T13:43:44.530+0530: 1216.993: [CMS-concurrent-preclean-start]
2026-04-19T13:43:44.531+0530: 1216.994: [CMS-concurrent-preclean: 0.001/0.001 secs] [Times: user=0.00 sys=0.00, real=0.00 secs] 
2026-04-19T13:43:44.531+0530: 1216.994: [CMS-concurrent-abortable-preclean-start]
2026-04-19T13:43:44.531+0530: 1216.994: [CMS-concurrent-abortable-preclean: 0.000/0.000 secs] [Times: user=0.00 sys=0.00, real=0.00 secs] 
2026-04-19T13:43:44.531+0530: 1216.994: [GC (CMS Final Remark) [YG occupancy: 163758 K (471808 K)]2026-04-19T13:43:44.531+0530: 1216.994: [Rescan (parallel) , 0.0256151 secs]2026-04-19T13:43:44.556+0530: 1217.020: [weak refs processing, 0.0000194 secs]2026-04-19T13:43:44.556+0530: 1217.020: [class unloading, 0.0078298 secs]2026-04-19T13:43:44.564+0530: 1217.028: [scrub symbol table, 0.0053537 secs]2026-04-19T13:43:44.570+0530: 1217.033: [scrub string table, 0.0020035 secs][1 CMS-remark: 63K(64K)] 163822K(471872K), 0.0426629 secs] [Times: user=0.23 sys=0.01, real=0.04 secs] 
2026-04-19T13:43:44.574+0530: 1217.037: Total time for which application threads were stopped: 0.0428539 seconds, Stopping threads took: 0.0000369 seconds
2026-04-19T13:43:44.574+0530: 1217.037: [CMS-concurrent-sweep-start]
2026-04-19T13:43:44.574+0530: 1217.037: [CMS-concurrent-sweep: 0.000/0.000 secs] [Times: user=0.00 sys=0.00, real=0.00 secs] 
2026-04-19T13:43:44.574+0530: 1217.037: [CMS-concurrent-reset-start]
2026-04-19T13:43:44.574+0530: 1217.037: [CMS-concurrent-reset: 0.000/0.000 secs] [Times: user=0.00 sys=0.00, real=0.00 secs] 
2026-04-19T13:43:54.588+0530: 1227.051: [GC (CMS Initial Mark) [1 CMS-initial-mark: 63K(64K)] 163822K(471872K), 0.0151921 secs] [Times: user=0.16 sys=0.00, real=0.01 secs] 
2026-04-19T13:43:54.603+0530: 1227.066: Total time for which application threads were stopped: 0.0154362 seconds, Stopping threads took: 0.0000504 seconds
2026-04-19T13:43:54.603+0530: 1227.066: [CMS-concurrent-mark-start]
2026-04-19T13:43:54.603+0530: 1227.067: [CMS-concurrent-mark: 0.001/0.001 secs] [Times: user=0.00 sys=0.00, real=0.00 secs] 
2026-04-19T13:43:54.603+0530: 1227.067: [CMS-concurrent-preclean-start]
2026-04-19T13:43:54.604+0530: 1227.067: [CMS-concurrent-preclean: 0.000/0.000 secs] [Times: user=0.00 sys=0.00, real=0.00 secs] 
2026-04-19T13:43:54.604+0530: 1227.067: [CMS-concurrent-abortable-preclean-start]
2026-04-19T13:43:54.604+0530: 1227.067: [CMS-concurrent-abortable-preclean: 0.000/0.000 secs] [Times: user=0.00 sys=0.00, real=0.00 secs] 
2026-04-19T13:43:54.604+0530: 1227.068: [GC (CMS Final Remark) [YG occupancy: 163758 K (471808 K)]2026-04-19T13:43:54.604+0530: 1227.068: [Rescan (parallel) , 0.0144309 secs]2026-04-19T13:43:54.619+0530: 1227.082: [weak refs processing, 0.0000180 secs]2026-04-19T13:43:54.619+0530: 1227.082: [class unloading, 0.0073325 secs]2026-04-19T13:43:54.626+0530: 1227.090: [scrub symbol table, 0.0052751 secs]2026-04-19T13:43:54.632+0530: 1227.095: [scrub string table, 0.0020307 secs][1 CMS-remark: 63K(64K)] 163822K(471872K), 0.0308428 secs] [Times: user=0.02 sys=0.00, real=0.03 secs] 
2026-04-19T13:43:54.636+0530: 1227.099: Total time for which application threads were stopped: 0.0310197 seconds, Stopping threads took: 0.0000261 seconds
2026-04-19T13:43:54.636+0530: 1227.099: [CMS-concurrent-sweep-start]
2026-04-19T13:43:54.636+0530: 1227.099: [CMS-concurrent-sweep: 0.000/0.000 secs] [Times: user=0.00 sys=0.00, real=0.00 secs] 
2026-04-19T13:43:54.636+0530: 1227.099: [CMS-concurrent-reset-start]
2026-04-19T13:43:54.636+0530: 1227.099: [CMS-concurrent-reset: 0.000/0.000 secs] [Times: user=0.00 sys=0.00, real=0.00 secs] 
2026-04-19T13:44:04.641+0530: 1237.105: [GC (CMS Initial Mark) [1 CMS-initial-mark: 63K(64K)] 176286K(471872K), 0.0151448 secs] [Times: user=0.01 sys=0.00, real=0.01 secs] 
2026-04-19T13:44:04.656+0530: 1237.120: Total time for which application threads were stopped: 0.0154863 seconds, Stopping threads took: 0.0000546 seconds
2026-04-19T13:44:04.656+0530: 1237.120: [CMS-concurrent-mark-start]
2026-04-19T13:44:04.657+0530: 1237.121: [CMS-concurrent-mark: 0.000/0.000 secs] [Times: user=0.00 sys=0.00, real=0.00 secs] 
2026-04-19T13:44:04.657+0530: 1237.121: [CMS-concurrent-preclean-start]
2026-04-19T13:44:04.659+0530: 1237.122: [CMS-concurrent-preclean: 0.001/0.001 secs] [Times: user=0.00 sys=0.00, real=0.00 secs] 
2026-04-19T13:44:04.659+0530: 1237.122: [CMS-concurrent-abortable-preclean-start]
2026-04-19T13:44:04.659+0530: 1237.122: [CMS-concurrent-abortable-preclean: 0.000/0.000 secs] [Times: user=0.00 sys=0.00, real=0.00 secs] 
2026-04-19T13:44:04.659+0530: 1237.122: [GC (CMS Final Remark) [YG occupancy: 176222 K (471808 K)]2026-04-19T13:44:04.659+0530: 1237.122: [Rescan (parallel) , 0.0286776 secs]2026-04-19T13:44:04.687+0530: 1237.151: [weak refs processing, 0.0000631 secs]2026-04-19T13:44:04.687+0530: 1237.151: [class unloading, 0.0095522 secs]2026-04-19T13:44:04.697+0530: 1237.160: [scrub symbol table, 0.0043068 secs]2026-04-19T13:44:04.701+0530: 1237.165: [scrub string table, 0.0017760 secs][1 CMS-remark: 63K(64K)] 176286K(471872K), 0.0461629 secs] [Times: user=0.20 sys=0.00, real=0.05 secs] 
2026-04-19T13:44:04.704+0530: 1237.168: Total time for which application threads were stopped: 0.0464549 seconds, Stopping threads took: 0.0000382 seconds
2026-04-19T13:44:04.705+0530: 1237.169: [CMS-concurrent-sweep-start]
2026-04-19T13:44:04.705+0530: 1237.169: [CMS-concurrent-sweep: 0.000/0.000 secs] [Times: user=0.00 sys=0.00, real=0.00 secs] 
2026-04-19T13:44:04.705+0530: 1237.169: [CMS-concurrent-reset-start]
2026-04-19T13:44:04.705+0530: 1237.169: [CMS-concurrent-reset: 0.000/0.000 secs] [Times: user=0.00 sys=0.00, real=0.00 secs] 
2026-04-19T13:44:14.710+0530: 1247.173: [GC (CMS Initial Mark) [1 CMS-initial-mark: 63K(64K)] 178533K(471872K), 0.0198118 secs] [Times: user=0.25 sys=0.03, real=0.02 secs] 
2026-04-19T13:44:14.729+0530: 1247.193: Total time for which application threads were stopped: 0.0201150 seconds, Stopping threads took: 0.0000568 seconds
2026-04-19T13:44:14.729+0530: 1247.193: [CMS-concurrent-mark-start]
2026-04-19T13:44:14.729+0530: 1247.193: [CMS-concurrent-mark: 0.000/0.000 secs] [Times: user=0.00 sys=0.00, real=0.00 secs] 
2026-04-19T13:44:14.731+0530: 1247.193: [CMS-concurrent-preclean-start]
2026-04-19T13:44:14.731+0530: 1247.194: [CMS-concurrent-preclean: 0.001/0.001 secs] [Times: user=0.00 sys=0.00, real=0.00 secs] 
2026-04-19T13:44:14.731+0530: 1247.194: [CMS-concurrent-abortable-preclean-start]
2026-04-19T13:44:14.731+0530: 1247.194: [CMS-concurrent-abortable-preclean: 0.000/0.000 secs] [Times: user=0.00 sys=0.00, real=0.00 secs] 
2026-04-19T13:44:14.731+0530: 1247.194: [GC (CMS Final Remark) [YG occupancy: 178469 K (471808 K)]2026-04-19T13:44:14.731+0530: 1247.194: [Rescan (parallel) , 0.0258836 secs]2026-04-19T13:44:14.757+0530: 1247.220: [weak refs processing, 0.0000575 secs]2026-04-19T13:44:14.757+0530: 1247.220: [class unloading, 0.0106181 secs]2026-04-19T13:44:14.767+0530: 1247.231: [scrub symbol table, 0.0045256 secs]2026-04-19T13:44:14.772+0530: 1247.236: [scrub string table, 0.0018201 secs][1 CMS-remark: 63K(64K)] 178533K(471872K), 0.0446764 secs] [Times: user=0.03 sys=0.00, real=0.04 secs] 
2026-04-19T13:44:14.775+0530: 1247.239: Total time for which application threads were stopped: 0.0448842 seconds, Stopping threads took: 0.0000288 seconds
2026-04-19T13:44:14.776+0530: 1247.239: [CMS-concurrent-sweep-start]
2026-04-19T13:44:14.776+0530: 1247.239: [CMS-concurrent-sweep: 0.000/0.000 secs] [Times: user=0.00 sys=0.00, real=0.00 secs] 
2026-04-19T13:44:14.776+0530: 1247.239: [CMS-concurrent-reset-start]
2026-04-19T13:44:14.776+0530: 1247.239: [CMS-concurrent-reset: 0.000/0.000 secs] [Times: user=0.00 sys=0.00, real=0.00 secs] 
2026-04-19T13:44:24.789+0530: 1257.252: [GC (CMS Initial Mark) [1 CMS-initial-mark: 63K(64K)] 178533K(471872K), 0.0172708 secs] [Times: user=0.22 sys=0.00, real=0.02 secs] 
2026-04-19T13:44:24.806+0530: 1257.269: Total time for which application threads were stopped: 0.0175910 seconds, Stopping threads took: 0.0000661 seconds
2026-04-19T13:44:24.806+0530: 1257.270: [CMS-concurrent-mark-start]
2026-04-19T13:44:24.806+0530: 1257.270: [CMS-concurrent-mark: 0.000/0.000 secs] [Times: user=0.00 sys=0.00, real=0.00 secs] 
2026-04-19T13:44:24.806+0530: 1257.270: [CMS-concurrent-preclean-start]
2026-04-19T13:44:24.807+0530: 1257.270: [CMS-concurrent-preclean: 0.001/0.001 secs] [Times: user=0.00 sys=0.00, real=0.00 secs] 
2026-04-19T13:44:24.807+0530: 1257.271: [CMS-concurrent-abortable-preclean-start]
2026-04-19T13:44:24.807+0530: 1257.271: [CMS-concurrent-abortable-preclean: 0.000/0.000 secs] [Times: user=0.00 sys=0.00, real=0.00 secs] 
2026-04-19T13:44:24.807+0530: 1257.271: [GC (CMS Final Remark) [YG occupancy: 178469 K (471808 K)]2026-04-19T13:44:24.807+0530: 1257.271: [Rescan (parallel) , 0.0282608 secs]2026-04-19T13:44:24.836+0530: 1257.299: [weak refs processing, 0.0000511 secs]2026-04-19T13:44:24.836+0530: 1257.299: [class unloading, 0.0104776 secs]2026-04-19T13:44:24.847+0530: 1257.310: [scrub symbol table, 0.0043436 secs]2026-04-19T13:44:24.851+0530: 1257.314: [scrub string table, 0.0018694 secs][1 CMS-remark: 63K(64K)] 178533K(471872K), 0.0467789 secs] [Times: user=0.02 sys=0.00, real=0.05 secs] 
2026-04-19T13:44:24.855+0530: 1257.318: Total time for which application threads were stopped: 0.0469682 seconds, Stopping threads took: 0.0000270 seconds
2026-04-19T13:44:24.855+0530: 1257.318: [CMS-concurrent-sweep-start]
2026-04-19T13:44:24.855+0530: 1257.318: [CMS-concurrent-sweep: 0.000/0.000 secs] [Times: user=0.00 sys=0.00, real=0.00 secs] 
2026-04-19T13:44:24.855+0530: 1257.318: [CMS-concurrent-reset-start]
2026-04-19T13:44:24.855+0530: 1257.318: [CMS-concurrent-reset: 0.000/0.000 secs] [Times: user=0.00 sys=0.00, real=0.00 secs] 
2026-04-19T13:44:28.890+0530: 1261.353: Total time for which application threads were stopped: 0.0002230 seconds, Stopping threads took: 0.0000565 seconds
2026-04-19T13:44:30.919+0530: 1263.382: Total time for which application threads were stopped: 0.0002086 seconds, Stopping threads took: 0.0000521 seconds
2026-04-19T13:44:34.862+0530: 1267.326: [GC (CMS Initial Mark) [1 CMS-initial-mark: 63K(64K)] 178685K(471872K), 0.0142960 secs] [Times: user=0.02 sys=0.00, real=0.02 secs] 
2026-04-19T13:44:34.877+0530: 1267.340: Total time for which application threads were stopped: 0.0147211 seconds, Stopping threads took: 0.0001002 seconds
2026-04-19T13:44:34.877+0530: 1267.340: [CMS-concurrent-mark-start]
2026-04-19T13:44:34.877+0530: 1267.341: [CMS-concurrent-mark: 0.000/0.000 secs] [Times: user=0.00 sys=0.00, real=0.00 secs] 
2026-04-19T13:44:34.877+0530: 1267.341: [CMS-concurrent-preclean-start]
2026-04-19T13:44:34.878+0530: 1267.341: [CMS-concurrent-preclean: 0.000/0.000 secs] [Times: user=0.00 sys=0.00, real=0.00 secs] 
2026-04-19T13:44:34.878+0530: 1267.341: [CMS-concurrent-abortable-preclean-start]
2026-04-19T13:44:34.878+0530: 1267.341: [CMS-concurrent-abortable-preclean: 0.000/0.000 secs] [Times: user=0.00 sys=0.00, real=0.00 secs] 
2026-04-19T13:44:34.878+0530: 1267.341: [GC (CMS Final Remark) [YG occupancy: 178622 K (471808 K)]2026-04-19T13:44:34.878+0530: 1267.341: [Rescan (parallel) , 0.0172773 secs]2026-04-19T13:44:34.895+0530: 1267.359: [weak refs processing, 0.0000686 secs]2026-04-19T13:44:34.896+0530: 1267.359: [class unloading, 0.0094877 secs]2026-04-19T13:44:34.905+0530: 1267.368: [scrub symbol table, 0.0042416 secs]2026-04-19T13:44:34.909+0530: 1267.373: [scrub string table, 0.0018022 secs][1 CMS-remark: 63K(64K)] 178685K(471872K), 0.0346770 secs] [Times: user=0.20 sys=0.02, real=0.03 secs] 
2026-04-19T13:44:34.912+0530: 1267.376: Total time for which application threads were stopped: 0.0348550 seconds, Stopping threads took: 0.0000257 seconds
2026-04-19T13:44:34.913+0530: 1267.376: [CMS-concurrent-sweep-start]
2026-04-19T13:44:34.913+0530: 1267.376: [CMS-concurrent-sweep: 0.000/0.000 secs] [Times: user=0.00 sys=0.00, real=0.00 secs] 
2026-04-19T13:44:34.913+0530: 1267.376: [CMS-concurrent-reset-start]
2026-04-19T13:44:34.913+0530: 1267.376: [CMS-concurrent-reset: 0.000/0.000 secs] [Times: user=0.00 sys=0.00, real=0.00 secs] 
2026-04-19T13:44:44.918+0530: 1277.381: [GC (CMS Initial Mark) [1 CMS-initial-mark: 63K(64K)] 178821K(471872K), 0.0170494 secs] [Times: user=0.02 sys=0.00, real=0.02 secs] 
2026-04-19T13:44:44.936+0530: 1277.399: Total time for which application threads were stopped: 0.0173424 seconds, Stopping threads took: 0.0000608 seconds
2026-04-19T13:44:44.936+0530: 1277.399: [CMS-concurrent-mark-start]
2026-04-19T13:44:44.936+0530: 1277.399: [CMS-concurrent-mark: 0.000/0.000 secs] [Times: user=0.00 sys=0.00, real=0.00 secs] 
2026-04-19T13:44:44.936+0530: 1277.399: [CMS-concurrent-preclean-start]
2026-04-19T13:44:44.936+0530: 1277.399: [CMS-concurrent-preclean: 0.000/0.000 secs] [Times: user=0.00 sys=0.00, real=0.00 secs] 
2026-04-19T13:44:44.936+0530: 1277.399: [CMS-concurrent-abortable-preclean-start]
2026-04-19T13:44:44.936+0530: 1277.399: [CMS-concurrent-abortable-preclean: 0.000/0.000 secs] [Times: user=0.00 sys=0.00, real=0.00 secs] 
2026-04-19T13:44:44.937+0530: 1277.400: [GC (CMS Final Remark) [YG occupancy: 178757 K (471808 K)]2026-04-19T13:44:44.937+0530: 1277.400: [Rescan (parallel) , 0.0151914 secs]2026-04-19T13:44:44.951+0530: 1277.415: [weak refs processing, 0.0000458 secs]2026-04-19T13:44:44.952+0530: 1277.415: [class unloading, 0.0077280 secs]2026-04-19T13:44:44.960+0530: 1277.423: [scrub symbol table, 0.0040717 secs]2026-04-19T13:44:44.964+0530: 1277.427: [scrub string table, 0.0018223 secs][1 CMS-remark: 63K(64K)] 178821K(471872K), 0.0308813 secs] [Times: user=0.03 sys=0.00, real=0.03 secs] 
2026-04-19T13:44:44.968+0530: 1277.431: Total time for which application threads were stopped: 0.0310775 seconds, Stopping threads took: 0.0000250 seconds
2026-04-19T13:44:44.968+0530: 1277.431: [CMS-concurrent-sweep-start]
2026-04-19T13:44:44.968+0530: 1277.431: [CMS-concurrent-sweep: 0.000/0.000 secs] [Times: user=0.00 sys=0.00, real=0.00 secs] 
2026-04-19T13:44:44.968+0530: 1277.431: [CMS-concurrent-reset-start]
2026-04-19T13:44:44.968+0530: 1277.431: [CMS-concurrent-reset: 0.000/0.000 secs] [Times: user=0.00 sys=0.00, real=0.00 secs] 
2026-04-19T13:44:45.975+0530: 1278.438: Total time for which application threads were stopped: 0.0001633 seconds, Stopping threads took: 0.0000418 seconds
2026-04-19T13:44:54.970+0530: 1287.434: [GC (CMS Initial Mark) [1 CMS-initial-mark: 63K(64K)] 178974K(471872K), 0.0140020 secs] [Times: user=0.01 sys=0.00, real=0.01 secs] 
2026-04-19T13:44:54.984+0530: 1287.448: Total time for which application threads were stopped: 0.0142727 seconds, Stopping threads took: 0.0000483 seconds
2026-04-19T13:44:54.985+0530: 1287.448: [CMS-concurrent-mark-start]
2026-04-19T13:44:54.985+0530: 1287.448: [CMS-concurrent-mark: 0.000/0.000 secs] [Times: user=0.00 sys=0.00, real=0.00 secs] 
2026-04-19T13:44:54.985+0530: 1287.448: [CMS-concurrent-preclean-start]
2026-04-19T13:44:54.985+0530: 1287.449: [CMS-concurrent-preclean: 0.000/0.000 secs] [Times: user=0.00 sys=0.00, real=0.00 secs] 
2026-04-19T13:44:54.985+0530: 1287.449: [CMS-concurrent-abortable-preclean-start]
2026-04-19T13:44:54.985+0530: 1287.449: [CMS-concurrent-abortable-preclean: 0.000/0.000 secs] [Times: user=0.00 sys=0.00, real=0.00 secs] 
2026-04-19T13:44:54.986+0530: 1287.449: [GC (CMS Final Remark) [YG occupancy: 178910 K (471808 K)]2026-04-19T13:44:54.986+0530: 1287.449: [Rescan (parallel) , 0.0160833 secs]2026-04-19T13:44:55.002+0530: 1287.465: [weak refs processing, 0.0000223 secs]2026-04-19T13:44:55.002+0530: 1287.465: [class unloading, 0.0060971 secs]2026-04-19T13:44:55.008+0530: 1287.471: [scrub symbol table, 0.0043562 secs]2026-04-19T13:44:55.012+0530: 1287.476: [scrub string table, 0.0016971 secs][1 CMS-remark: 63K(64K)] 178974K(471872K), 0.0299277 secs] [Times: user=0.16 sys=0.00, real=0.03 secs] 
2026-04-19T13:44:55.016+0530: 1287.479: Total time for which application threads were stopped: 0.0300900 seconds, Stopping threads took: 0.0000241 seconds
2026-04-19T13:44:55.016+0530: 1287.479: [CMS-concurrent-sweep-start]
2026-04-19T13:44:55.016+0530: 1287.479: [CMS-concurrent-sweep: 0.000/0.000 secs] [Times: user=0.00 sys=0.00, real=0.00 secs] 
2026-04-19T13:44:55.016+0530: 1287.479: [CMS-concurrent-reset-start]
2026-04-19T13:44:55.016+0530: 1287.479: [CMS-concurrent-reset: 0.000/0.000 secs] [Times: user=0.00 sys=0.00, real=0.00 secs] 
2026-04-19T13:45:05.031+0530: 1297.494: [GC (CMS Initial Mark) [1 CMS-initial-mark: 63K(64K)] 180142K(471872K), 0.0116005 secs] [Times: user=0.02 sys=0.00, real=0.01 secs] 
2026-04-19T13:45:05.043+0530: 1297.506: Total time for which application threads were stopped: 0.0118647 seconds, Stopping threads took: 0.0000480 seconds
2026-04-19T13:45:05.043+0530: 1297.506: [CMS-concurrent-mark-start]
2026-04-19T13:45:05.043+0530: 1297.507: [CMS-concurrent-mark: 0.000/0.000 secs] [Times: user=0.00 sys=0.00, real=0.00 secs] 
2026-04-19T13:45:05.043+0530: 1297.507: [CMS-concurrent-preclean-start]
2026-04-19T13:45:05.044+0530: 1297.507: [CMS-concurrent-preclean: 0.000/0.000 secs] [Times: user=0.00 sys=0.00, real=0.00 secs] 
2026-04-19T13:45:05.044+0530: 1297.507: [CMS-concurrent-abortable-preclean-start]
2026-04-19T13:45:05.044+0530: 1297.507: [CMS-concurrent-abortable-preclean: 0.000/0.000 secs] [Times: user=0.00 sys=0.00, real=0.00 secs] 
2026-04-19T13:45:05.044+0530: 1297.507: [GC (CMS Final Remark) [YG occupancy: 180078 K (471808 K)]2026-04-19T13:45:05.044+0530: 1297.507: [Rescan (parallel) , 0.0184477 secs]2026-04-19T13:45:05.062+0530: 1297.526: [weak refs processing, 0.0000317 secs]2026-04-19T13:45:05.062+0530: 1297.526: [class unloading, 0.0087205 secs]2026-04-19T13:45:05.072+0530: 1297.535: [scrub symbol table, 0.0045990 secs]2026-04-19T13:45:05.076+0530: 1297.539: [scrub string table, 0.0023065 secs][1 CMS-remark: 63K(64K)] 180142K(471872K), 0.0358448 secs] [Times: user=0.01 sys=0.00, real=0.04 secs] 
2026-04-19T13:45:05.080+0530: 1297.543: Total time for which application threads were stopped: 0.0360269 seconds, Stopping threads took: 0.0000256 seconds
2026-04-19T13:45:05.081+0530: 1297.544: [CMS-concurrent-sweep-start]
2026-04-19T13:45:05.081+0530: 1297.544: [CMS-concurrent-sweep: 0.000/0.000 secs] [Times: user=0.00 sys=0.00, real=0.00 secs] 
2026-04-19T13:45:05.081+0530: 1297.544: [CMS-concurrent-reset-start]
2026-04-19T13:45:05.081+0530: 1297.544: [CMS-concurrent-reset: 0.000/0.000 secs] [Times: user=0.00 sys=0.00, real=0.00 secs] 
2026-04-19T13:45:13.152+0530: 1305.615: Total time for which application threads were stopped: 0.0002771 seconds, Stopping threads took: 0.0000873 seconds
2026-04-19T13:45:15.091+0530: 1307.554: [GC (CMS Initial Mark) [1 CMS-initial-mark: 63K(64K)] 180142K(471872K), 0.0156134 secs] [Times: user=0.02 sys=0.00, real=0.01 secs] 
2026-04-19T13:45:15.107+0530: 1307.570: Total time for which application threads were stopped: 0.0158829 seconds, Stopping threads took: 0.0000571 seconds
2026-04-19T13:45:15.107+0530: 1307.570: [CMS-concurrent-mark-start]
2026-04-19T13:45:15.107+0530: 1307.570: [CMS-concurrent-mark: 0.000/0.000 secs] [Times: user=0.00 sys=0.00, real=0.00 secs] 
2026-04-19T13:45:15.107+0530: 1307.570: [CMS-concurrent-preclean-start]
2026-04-19T13:45:15.107+0530: 1307.571: [CMS-concurrent-preclean: 0.000/0.000 secs] [Times: user=0.00 sys=0.00, real=0.00 secs] 
2026-04-19T13:45:15.107+0530: 1307.571: [CMS-concurrent-abortable-preclean-start]
2026-04-19T13:45:15.107+0530: 1307.571: [CMS-concurrent-abortable-preclean: 0.000/0.000 secs] [Times: user=0.00 sys=0.00, real=0.00 secs] 
2026-04-19T13:45:15.108+0530: 1307.571: [GC (CMS Final Remark) [YG occupancy: 180078 K (471808 K)]2026-04-19T13:45:15.108+0530: 1307.571: [Rescan (parallel) , 0.0149929 secs]2026-04-19T13:45:15.123+0530: 1307.586: [weak refs processing, 0.0000434 secs]2026-04-19T13:45:15.123+0530: 1307.586: [class unloading, 0.0087744 secs]2026-04-19T13:45:15.131+0530: 1307.595: [scrub symbol table, 0.0040040 secs]2026-04-19T13:45:15.135+0530: 1307.599: [scrub string table, 0.0017802 secs][1 CMS-remark: 63K(64K)] 180142K(471872K), 0.0312907 secs] [Times: user=0.00 sys=0.02, real=0.03 secs] 
2026-04-19T13:45:15.139+0530: 1307.602: Total time for which application threads were stopped: 0.0314693 seconds, Stopping threads took: 0.0000320 seconds
2026-04-19T13:45:15.139+0530: 1307.603: [CMS-concurrent-sweep-start]
2026-04-19T13:45:15.139+0530: 1307.603: [CMS-concurrent-sweep: 0.000/0.000 secs] [Times: user=0.00 sys=0.00, real=0.00 secs] 
2026-04-19T13:45:15.139+0530: 1307.603: [CMS-concurrent-reset-start]
2026-04-19T13:45:15.139+0530: 1307.603: [CMS-concurrent-reset: 0.000/0.000 secs] [Times: user=0.00 sys=0.00, real=0.00 secs] 
2026-04-19T13:45:23.205+0530: 1315.669: Total time for which application threads were stopped: 0.0002696 seconds, Stopping threads took: 0.0000824 seconds
2026-04-19T13:45:25.154+0530: 1317.617: [GC (CMS Initial Mark) [1 CMS-initial-mark: 63K(64K)] 180278K(471872K), 0.0194281 secs] [Times: user=0.02 sys=0.00, real=0.02 secs] 
2026-04-19T13:45:25.173+0530: 1317.637: Total time for which application threads were stopped: 0.0196817 seconds, Stopping threads took: 0.0000502 seconds
2026-04-19T13:45:25.173+0530: 1317.637: [CMS-concurrent-mark-start]
2026-04-19T13:45:25.174+0530: 1317.638: [CMS-concurrent-mark: 0.001/0.001 secs] [Times: user=0.00 sys=0.00, real=0.00 secs] 
2026-04-19T13:45:25.174+0530: 1317.638: [CMS-concurrent-preclean-start]
2026-04-19T13:45:25.175+0530: 1317.638: [CMS-concurrent-preclean: 0.001/0.001 secs] [Times: user=0.00 sys=0.00, real=0.00 secs] 
2026-04-19T13:45:25.175+0530: 1317.638: [CMS-concurrent-abortable-preclean-start]
2026-04-19T13:45:25.175+0530: 1317.638: [CMS-concurrent-abortable-preclean: 0.000/0.000 secs] [Times: user=0.00 sys=0.00, real=0.00 secs] 
2026-04-19T13:45:25.175+0530: 1317.638: [GC (CMS Final Remark) [YG occupancy: 180214 K (471808 K)]2026-04-19T13:45:25.175+0530: 1317.639: [Rescan (parallel) , 0.0256681 secs]2026-04-19T13:45:25.201+0530: 1317.664: [weak refs processing, 0.0000203 secs]2026-04-19T13:45:25.201+0530: 1317.664: [class unloading, 0.0077773 secs]2026-04-19T13:45:25.208+0530: 1317.672: [scrub symbol table, 0.0053264 secs]2026-04-19T13:45:25.214+0530: 1317.677: [scrub string table, 0.0022763 secs][1 CMS-remark: 63K(64K)] 180278K(471872K), 0.0428820 secs] [Times: user=0.22 sys=0.00, real=0.04 secs] 
2026-04-19T13:45:25.218+0530: 1317.681: Total time for which application threads were stopped: 0.0430730 seconds, Stopping threads took: 0.0000261 seconds
2026-04-19T13:45:25.219+0530: 1317.682: [CMS-concurrent-sweep-start]
2026-04-19T13:45:25.219+0530: 1317.682: [CMS-concurrent-sweep: 0.000/0.000 secs] [Times: user=0.00 sys=0.00, real=0.00 secs] 
2026-04-19T13:45:25.219+0530: 1317.682: [CMS-concurrent-reset-start]
2026-04-19T13:45:25.219+0530: 1317.682: [CMS-concurrent-reset: 0.000/0.000 secs] [Times: user=0.00 sys=0.00, real=0.00 secs] 
2026-04-19T13:45:31.270+0530: 1323.733: Total time for which application threads were stopped: 0.0001353 seconds, Stopping threads took: 0.0000448 seconds
2026-04-19T13:45:35.226+0530: 1327.689: [GC (CMS Initial Mark) [1 CMS-initial-mark: 63K(64K)] 180580K(471872K), 0.0142994 secs] [Times: user=0.19 sys=0.00, real=0.01 secs] 
2026-04-19T13:45:35.241+0530: 1327.704: Total time for which application threads were stopped: 0.0145568 seconds, Stopping threads took: 0.0000434 seconds
2026-04-19T13:45:35.241+0530: 1327.704: [CMS-concurrent-mark-start]
2026-04-19T13:45:35.241+0530: 1327.704: [CMS-concurrent-mark: 0.000/0.000 secs] [Times: user=0.00 sys=0.00, real=0.00 secs] 
2026-04-19T13:45:35.241+0530: 1327.704: [CMS-concurrent-preclean-start]
2026-04-19T13:45:35.241+0530: 1327.704: [CMS-concurrent-preclean: 0.000/0.000 secs] [Times: user=0.00 sys=0.00, real=0.00 secs] 
2026-04-19T13:45:35.241+0530: 1327.704: [CMS-concurrent-abortable-preclean-start]
2026-04-19T13:45:35.241+0530: 1327.704: [CMS-concurrent-abortable-preclean: 0.000/0.000 secs] [Times: user=0.00 sys=0.00, real=0.00 secs] 
2026-04-19T13:45:35.242+0530: 1327.705: [GC (CMS Final Remark) [YG occupancy: 180516 K (471808 K)]2026-04-19T13:45:35.242+0530: 1327.705: [Rescan (parallel) , 0.0158167 secs]2026-04-19T13:45:35.257+0530: 1327.721: [weak refs processing, 0.0000360 secs]2026-04-19T13:45:35.257+0530: 1327.721: [class unloading, 0.0092803 secs]2026-04-19T13:45:35.266+0530: 1327.730: [scrub symbol table, 0.0041100 secs]2026-04-19T13:45:35.271+0530: 1327.734: [scrub string table, 0.0017262 secs][1 CMS-remark: 63K(64K)] 180580K(471872K), 0.0329318 secs] [Times: user=0.28 sys=0.00, real=0.03 secs] 
2026-04-19T13:45:35.274+0530: 1327.738: Total time for which application threads were stopped: 0.0331031 seconds, Stopping threads took: 0.0000162 seconds
2026-04-19T13:45:35.275+0530: 1327.738: [CMS-concurrent-sweep-start]
2026-04-19T13:45:35.275+0530: 1327.738: [CMS-concurrent-sweep: 0.000/0.000 secs] [Times: user=0.00 sys=0.00, real=0.00 secs] 
2026-04-19T13:45:35.275+0530: 1327.738: [CMS-concurrent-reset-start]
2026-04-19T13:45:35.275+0530: 1327.738: [CMS-concurrent-reset: 0.000/0.000 secs] [Times: user=0.00 sys=0.00, real=0.00 secs] 
2026-04-19T13:45:45.286+0530: 1337.749: [GC (CMS Initial Mark) [1 CMS-initial-mark: 63K(64K)] 181152K(471872K), 0.0197583 secs] [Times: user=0.08 sys=0.00, real=0.02 secs] 
2026-04-19T13:45:45.306+0530: 1337.769: Total time for which application threads were stopped: 0.0200901 seconds, Stopping threads took: 0.0000627 seconds
2026-04-19T13:45:45.306+0530: 1337.769: [CMS-concurrent-mark-start]
2026-04-19T13:45:45.306+0530: 1337.770: [CMS-concurrent-mark: 0.001/0.001 secs] [Times: user=0.00 sys=0.00, real=0.00 secs] 
2026-04-19T13:45:45.306+0530: 1337.770: [CMS-concurrent-preclean-start]
2026-04-19T13:45:45.307+0530: 1337.770: [CMS-concurrent-preclean: 0.001/0.001 secs] [Times: user=0.00 sys=0.00, real=0.00 secs] 
2026-04-19T13:45:45.307+0530: 1337.770: [CMS-concurrent-abortable-preclean-start]
2026-04-19T13:45:45.307+0530: 1337.770: [CMS-concurrent-abortable-preclean: 0.000/0.000 secs] [Times: user=0.00 sys=0.00, real=0.00 secs] 
2026-04-19T13:45:45.307+0530: 1337.771: [GC (CMS Final Remark) [YG occupancy: 181088 K (471808 K)]2026-04-19T13:45:45.307+0530: 1337.771: [Rescan (parallel) , 0.0271435 secs]2026-04-19T13:45:45.334+0530: 1337.798: [weak refs processing, 0.0000484 secs]2026-04-19T13:45:45.334+0530: 1337.798: [class unloading, 0.0089469 secs]2026-04-19T13:45:45.343+0530: 1337.807: [scrub symbol table, 0.0041744 secs]2026-04-19T13:45:45.348+0530: 1337.811: [scrub string table, 0.0017327 secs][1 CMS-remark: 63K(64K)] 181152K(471872K), 0.0437250 secs] [Times: user=0.05 sys=0.00, real=0.04 secs] 
2026-04-19T13:45:45.351+0530: 1337.814: Total time for which application threads were stopped: 0.0439140 seconds, Stopping threads took: 0.0000248 seconds
2026-04-19T13:45:45.352+0530: 1337.815: [CMS-concurrent-sweep-start]
2026-04-19T13:45:45.352+0530: 1337.815: [CMS-concurrent-sweep: 0.000/0.000 secs] [Times: user=0.00 sys=0.00, real=0.00 secs] 
2026-04-19T13:45:45.352+0530: 1337.815: [CMS-concurrent-reset-start]
2026-04-19T13:45:45.352+0530: 1337.815: [CMS-concurrent-reset: 0.000/0.000 secs] [Times: user=0.00 sys=0.00, real=0.00 secs] 
2026-04-19T13:45:53.427+0530: 1345.890: Total time for which application threads were stopped: 0.0002184 seconds, Stopping threads took: 0.0000634 seconds
2026-04-19T13:45:55.353+0530: 1347.817: [GC (CMS Initial Mark) [1 CMS-initial-mark: 63K(64K)] 181613K(471872K), 0.0143605 secs] [Times: user=0.11 sys=0.00, real=0.02 secs] 
2026-04-19T13:45:55.368+0530: 1347.831: Total time for which application threads were stopped: 0.0147172 seconds, Stopping threads took: 0.0000578 seconds
2026-04-19T13:45:55.368+0530: 1347.831: [CMS-concurrent-mark-start]
2026-04-19T13:45:55.368+0530: 1347.832: [CMS-concurrent-mark: 0.000/0.000 secs] [Times: user=0.00 sys=0.00, real=0.00 secs] 
2026-04-19T13:45:55.368+0530: 1347.832: [CMS-concurrent-preclean-start]
2026-04-19T13:45:55.369+0530: 1347.832: [CMS-concurrent-preclean: 0.000/0.000 secs] [Times: user=0.00 sys=0.00, real=0.00 secs] 
2026-04-19T13:45:55.369+0530: 1347.832: [CMS-concurrent-abortable-preclean-start]
2026-04-19T13:45:55.369+0530: 1347.832: [CMS-concurrent-abortable-preclean: 0.000/0.000 secs] [Times: user=0.00 sys=0.00, real=0.00 secs] 
2026-04-19T13:45:55.369+0530: 1347.833: [GC (CMS Final Remark) [YG occupancy: 181549 K (471808 K)]2026-04-19T13:45:55.369+0530: 1347.833: [Rescan (parallel) , 0.0171926 secs]2026-04-19T13:45:55.387+0530: 1347.850: [weak refs processing, 0.0000367 secs]2026-04-19T13:45:55.387+0530: 1347.850: [class unloading, 0.0067418 secs]2026-04-19T13:45:55.394+0530: 1347.857: [scrub symbol table, 0.0042075 secs]2026-04-19T13:45:55.398+0530: 1347.861: [scrub string table, 0.0016642 secs][1 CMS-remark: 63K(64K)] 181613K(471872K), 0.0315486 secs] [Times: user=0.08 sys=0.00, real=0.03 secs] 
2026-04-19T13:45:55.401+0530: 1347.864: Total time for which application threads were stopped: 0.0317641 seconds, Stopping threads took: 0.0000367 seconds
2026-04-19T13:45:55.401+0530: 1347.864: [CMS-concurrent-sweep-start]
2026-04-19T13:45:55.401+0530: 1347.865: [CMS-concurrent-sweep: 0.000/0.000 secs] [Times: user=0.00 sys=0.00, real=0.00 secs] 
2026-04-19T13:45:55.401+0530: 1347.865: [CMS-concurrent-reset-start]
2026-04-19T13:45:55.401+0530: 1347.865: [CMS-concurrent-reset: 0.000/0.000 secs] [Times: user=0.00 sys=0.00, real=0.00 secs] 
2026-04-19T13:46:03.498+0530: 1355.962: Total time for which application threads were stopped: 0.0004411 seconds, Stopping threads took: 0.0002466 seconds
2026-04-19T13:46:05.414+0530: 1357.878: [GC (CMS Initial Mark) [1 CMS-initial-mark: 63K(64K)] 181748K(471872K), 0.0137151 secs] [Times: user=0.19 sys=0.00, real=0.01 secs] 
2026-04-19T13:46:05.428+0530: 1357.891: Total time for which application threads were stopped: 0.0139077 seconds, Stopping threads took: 0.0000337 seconds
2026-04-19T13:46:05.428+0530: 1357.891: [CMS-concurrent-mark-start]
2026-04-19T13:46:05.428+0530: 1357.892: [CMS-concurrent-mark: 0.000/0.000 secs] [Times: user=0.00 sys=0.00, real=0.00 secs] 
2026-04-19T13:46:05.428+0530: 1357.892: [CMS-concurrent-preclean-start]
2026-04-19T13:46:05.428+0530: 1357.892: [CMS-concurrent-preclean: 0.000/0.000 secs] [Times: user=0.00 sys=0.00, real=0.00 secs] 
2026-04-19T13:46:05.428+0530: 1357.892: [CMS-concurrent-abortable-preclean-start]
2026-04-19T13:46:05.428+0530: 1357.892: [CMS-concurrent-abortable-preclean: 0.000/0.000 secs] [Times: user=0.00 sys=0.00, real=0.00 secs] 
2026-04-19T13:46:05.429+0530: 1357.893: [GC (CMS Final Remark) [YG occupancy: 181684 K (471808 K)]2026-04-19T13:46:05.429+0530: 1357.893: [Rescan (parallel) , 0.0182804 secs]2026-04-19T13:46:05.447+0530: 1357.911: [weak refs processing, 0.0000296 secs]2026-04-19T13:46:05.447+0530: 1357.911: [class unloading, 0.0073026 secs]2026-04-19T13:46:05.455+0530: 1357.918: [scrub symbol table, 0.0047553 secs]2026-04-19T13:46:05.459+0530: 1357.923: [scrub string table, 0.0018063 secs][1 CMS-remark: 63K(64K)] 181748K(471872K), 0.0339607 secs] [Times: user=0.30 sys=0.00, real=0.03 secs] 
2026-04-19T13:46:05.464+0530: 1357.927: Total time for which application threads were stopped: 0.0341376 seconds, Stopping threads took: 0.0000224 seconds
2026-04-19T13:46:05.464+0530: 1357.927: [CMS-concurrent-sweep-start]
2026-04-19T13:46:05.464+0530: 1357.927: [CMS-concurrent-sweep: 0.000/0.000 secs] [Times: user=0.00 sys=0.00, real=0.00 secs] 
2026-04-19T13:46:05.464+0530: 1357.927: [CMS-concurrent-reset-start]
2026-04-19T13:46:05.464+0530: 1357.927: [CMS-concurrent-reset: 0.000/0.000 secs] [Times: user=0.00 sys=0.00, real=0.00 secs] 
2026-04-19T13:46:12.528+0530: 1364.991: Total time for which application threads were stopped: 0.0001535 seconds, Stopping threads took: 0.0000489 seconds
2026-04-19T13:46:15.479+0530: 1367.942: [GC (CMS Initial Mark) [1 CMS-initial-mark: 63K(64K)] 183997K(471872K), 0.0151295 secs] [Times: user=0.06 sys=0.00, real=0.01 secs] 
2026-04-19T13:46:15.494+0530: 1367.957: Total time for which application threads were stopped: 0.0154188 seconds, Stopping threads took: 0.0000562 seconds
2026-04-19T13:46:15.494+0530: 1367.957: [CMS-concurrent-mark-start]
2026-04-19T13:46:15.494+0530: 1367.958: [CMS-concurrent-mark: 0.000/0.000 secs] [Times: user=0.00 sys=0.00, real=0.00 secs] 
2026-04-19T13:46:15.494+0530: 1367.958: [CMS-concurrent-preclean-start]
2026-04-19T13:46:15.495+0530: 1367.959: [CMS-concurrent-preclean: 0.001/0.001 secs] [Times: user=0.00 sys=0.00, real=0.00 secs] 
2026-04-19T13:46:15.495+0530: 1367.959: [CMS-concurrent-abortable-preclean-start]
2026-04-19T13:46:15.495+0530: 1367.959: [CMS-concurrent-abortable-preclean: 0.000/0.000 secs] [Times: user=0.00 sys=0.00, real=0.00 secs] 
2026-04-19T13:46:15.495+0530: 1367.959: [GC (CMS Final Remark) [YG occupancy: 183933 K (471808 K)]2026-04-19T13:46:15.495+0530: 1367.959: [Rescan (parallel) , 0.0164939 secs]2026-04-19T13:46:15.512+0530: 1367.975: [weak refs processing, 0.0000299 secs]2026-04-19T13:46:15.512+0530: 1367.975: [class unloading, 0.0069762 secs]2026-04-19T13:46:15.519+0530: 1367.982: [scrub symbol table, 0.0041358 secs]2026-04-19T13:46:15.524+0530: 1367.987: [scrub string table, 0.0016893 secs][1 CMS-remark: 63K(64K)] 183997K(471872K), 0.0310431 secs] [Times: user=0.28 sys=0.00, real=0.03 secs] 
2026-04-19T13:46:15.527+0530: 1367.990: Total time for which application threads were stopped: 0.0312574 seconds, Stopping threads took: 0.0000328 seconds
2026-04-19T13:46:15.527+0530: 1367.990: [CMS-concurrent-sweep-start]
2026-04-19T13:46:15.527+0530: 1367.990: [CMS-concurrent-sweep: 0.000/0.000 secs] [Times: user=0.00 sys=0.00, real=0.00 secs] 
2026-04-19T13:46:15.528+0530: 1367.990: [CMS-concurrent-reset-start]
2026-04-19T13:46:15.528+0530: 1367.990: [CMS-concurrent-reset: 0.000/0.000 secs] [Times: user=0.00 sys=0.00, real=0.00 secs] 
2026-04-19T13:46:17.535+0530: 1369.998: Total time for which application threads were stopped: 0.0001422 seconds, Stopping threads took: 0.0000434 seconds
2026-04-19T13:46:18.547+0530: 1371.010: Total time for which application threads were stopped: 0.0001138 seconds, Stopping threads took: 0.0000400 seconds
2026-04-19T13:46:25.536+0530: 1377.999: [GC (CMS Initial Mark) [1 CMS-initial-mark: 63K(64K)] 184150K(471872K), 0.0144544 secs] [Times: user=0.03 sys=0.00, real=0.02 secs] 
2026-04-19T13:46:25.551+0530: 1378.014: Total time for which application threads were stopped: 0.0146714 seconds, Stopping threads took: 0.0000332 seconds
2026-04-19T13:46:25.551+0530: 1378.014: [CMS-concurrent-mark-start]
2026-04-19T13:46:25.551+0530: 1378.014: [CMS-concurrent-mark: 0.001/0.001 secs] [Times: user=0.00 sys=0.00, real=0.00 secs] 
2026-04-19T13:46:25.551+0530: 1378.014: [CMS-concurrent-preclean-start]
2026-04-19T13:46:25.552+0530: 1378.015: [CMS-concurrent-preclean: 0.000/0.000 secs] [Times: user=0.00 sys=0.00, real=0.00 secs] 
2026-04-19T13:46:25.552+0530: 1378.015: [CMS-concurrent-abortable-preclean-start]
2026-04-19T13:46:25.552+0530: 1378.015: [CMS-concurrent-abortable-preclean: 0.000/0.000 secs] [Times: user=0.00 sys=0.00, real=0.00 secs] 
2026-04-19T13:46:25.552+0530: 1378.015: [GC (CMS Final Remark) [YG occupancy: 184086 K (471808 K)]2026-04-19T13:46:25.552+0530: 1378.015: [Rescan (parallel) , 0.0172317 secs]2026-04-19T13:46:25.569+0530: 1378.032: [weak refs processing, 0.0000404 secs]2026-04-19T13:46:25.569+0530: 1378.032: [class unloading, 0.0081306 secs]2026-04-19T13:46:25.577+0530: 1378.041: [scrub symbol table, 0.0042519 secs]2026-04-19T13:46:25.582+0530: 1378.045: [scrub string table, 0.0017293 secs][1 CMS-remark: 63K(64K)] 184150K(471872K), 0.0331342 secs] [Times: user=0.25 sys=0.00, real=0.03 secs] 
2026-04-19T13:46:25.585+0530: 1378.048: Total time for which application threads were stopped: 0.0332906 seconds, Stopping threads took: 0.0000203 seconds
2026-04-19T13:46:25.585+0530: 1378.049: [CMS-concurrent-sweep-start]
2026-04-19T13:46:25.585+0530: 1378.049: [CMS-concurrent-sweep: 0.000/0.000 secs] [Times: user=0.00 sys=0.00, real=0.00 secs] 
2026-04-19T13:46:25.585+0530: 1378.049: [CMS-concurrent-reset-start]
2026-04-19T13:46:25.585+0530: 1378.049: [CMS-concurrent-reset: 0.000/0.000 secs] [Times: user=0.00 sys=0.00, real=0.00 secs] 
2026-04-19T13:46:28.617+0530: 1381.080: Total time for which application threads were stopped: 0.0002518 seconds, Stopping threads took: 0.0000641 seconds
2026-04-19T13:46:35.596+0530: 1388.059: [GC (CMS Initial Mark) [1 CMS-initial-mark: 63K(64K)] 184150K(471872K), 0.0206410 secs] [Times: user=0.02 sys=0.00, real=0.02 secs] 
2026-04-19T13:46:35.616+0530: 1388.080: Total time for which application threads were stopped: 0.0208512 seconds, Stopping threads took: 0.0000369 seconds
2026-04-19T13:46:35.616+0530: 1388.080: [CMS-concurrent-mark-start]
2026-04-19T13:46:35.616+0530: 1388.080: [CMS-concurrent-mark: 0.000/0.000 secs] [Times: user=0.00 sys=0.00, real=0.00 secs] 
2026-04-19T13:46:35.616+0530: 1388.080: [CMS-concurrent-preclean-start]
2026-04-19T13:46:35.617+0530: 1388.080: [CMS-concurrent-preclean: 0.000/0.000 secs] [Times: user=0.00 sys=0.00, real=0.00 secs] 
2026-04-19T13:46:35.617+0530: 1388.080: [CMS-concurrent-abortable-preclean-start]
2026-04-19T13:46:35.617+0530: 1388.080: [CMS-concurrent-abortable-preclean: 0.000/0.000 secs] [Times: user=0.00 sys=0.00, real=0.00 secs] 
2026-04-19T13:46:35.617+0530: 1388.081: [GC (CMS Final Remark) [YG occupancy: 184086 K (471808 K)]2026-04-19T13:46:35.617+0530: 1388.081: [Rescan (parallel) , 0.0248829 secs]2026-04-19T13:46:35.642+0530: 1388.106: [weak refs processing, 0.0000373 secs]2026-04-19T13:46:35.642+0530: 1388.106: [class unloading, 0.0112289 secs]2026-04-19T13:46:35.654+0530: 1388.117: [scrub symbol table, 0.0051973 secs]2026-04-19T13:46:35.659+0530: 1388.122: [scrub string table, 0.0026383 secs][1 CMS-remark: 63K(64K)] 184150K(471872K), 0.0465000 secs] [Times: user=0.26 sys=0.00, real=0.05 secs] 
2026-04-19T13:46:35.664+0530: 1388.127: Total time for which application threads were stopped: 0.0467518 seconds, Stopping threads took: 0.0000318 seconds
2026-04-19T13:46:35.664+0530: 1388.128: [CMS-concurrent-sweep-start]
2026-04-19T13:46:35.664+0530: 1388.128: [CMS-concurrent-sweep: 0.000/0.000 secs] [Times: user=0.00 sys=0.00, real=0.00 secs] 
2026-04-19T13:46:35.664+0530: 1388.128: [CMS-concurrent-reset-start]
2026-04-19T13:46:35.664+0530: 1388.128: [CMS-concurrent-reset: 0.000/0.000 secs] [Times: user=0.00 sys=0.00, real=0.00 secs] 
2026-04-19T13:46:40.699+0530: 1393.163: Total time for which application threads were stopped: 0.0001272 seconds, Stopping threads took: 0.0000454 seconds
2026-04-19T13:46:45.675+0530: 1398.138: [GC (CMS Initial Mark) [1 CMS-initial-mark: 63K(64K)] 185454K(471872K), 0.0157163 secs] [Times: user=0.00 sys=0.00, real=0.02 secs] 
2026-04-19T13:46:45.691+0530: 1398.154: Total time for which application threads were stopped: 0.0160560 seconds, Stopping threads took: 0.0000473 seconds
2026-04-19T13:46:45.691+0530: 1398.154: [CMS-concurrent-mark-start]
2026-04-19T13:46:45.691+0530: 1398.155: [CMS-concurrent-mark: 0.001/0.001 secs] [Times: user=0.00 sys=0.00, real=0.00 secs] 
2026-04-19T13:46:45.691+0530: 1398.155: [CMS-concurrent-preclean-start]
2026-04-19T13:46:45.692+0530: 1398.155: [CMS-concurrent-preclean: 0.001/0.001 secs] [Times: user=0.00 sys=0.00, real=0.00 secs] 
2026-04-19T13:46:45.692+0530: 1398.156: [CMS-concurrent-abortable-preclean-start]
2026-04-19T13:46:45.692+0530: 1398.156: [CMS-concurrent-abortable-preclean: 0.000/0.000 secs] [Times: user=0.00 sys=0.00, real=0.00 secs] 
2026-04-19T13:46:45.693+0530: 1398.156: [GC (CMS Final Remark) [YG occupancy: 185390 K (471808 K)]2026-04-19T13:46:45.693+0530: 1398.156: [Rescan (parallel) , 0.0152065 secs]2026-04-19T13:46:45.708+0530: 1398.171: [weak refs processing, 0.0000405 secs]2026-04-19T13:46:45.708+0530: 1398.171: [class unloading, 0.0088041 secs]2026-04-19T13:46:45.717+0530: 1398.180: [scrub symbol table, 0.0041090 secs]2026-04-19T13:46:45.721+0530: 1398.184: [scrub string table, 0.0018320 secs][1 CMS-remark: 63K(64K)] 185454K(471872K), 0.0317565 secs] [Times: user=0.30 sys=0.00, real=0.03 secs] 
2026-04-19T13:46:45.725+0530: 1398.188: Total time for which application threads were stopped: 0.0320224 seconds, Stopping threads took: 0.0000414 seconds
2026-04-19T13:46:45.725+0530: 1398.188: [CMS-concurrent-sweep-start]
2026-04-19T13:46:45.725+0530: 1398.188: [CMS-concurrent-sweep: 0.000/0.000 secs] [Times: user=0.00 sys=0.00, real=0.00 secs] 
2026-04-19T13:46:45.725+0530: 1398.188: [CMS-concurrent-reset-start]
2026-04-19T13:46:45.725+0530: 1398.188: [CMS-concurrent-reset: 0.000/0.000 secs] [Times: user=0.00 sys=0.00, real=0.00 secs] 
2026-04-19T13:46:51.780+0530: 1404.243: Total time for which application threads were stopped: 0.0002288 seconds, Stopping threads took: 0.0000795 seconds
2026-04-19T13:46:55.725+0530: 1408.188: [GC (CMS Initial Mark) [1 CMS-initial-mark: 63K(64K)] 185908K(471872K), 0.0190608 secs] [Times: user=0.28 sys=0.00, real=0.02 secs] 
2026-04-19T13:46:55.744+0530: 1408.207: Total time for which application threads were stopped: 0.0193703 seconds, Stopping threads took: 0.0000486 seconds
2026-04-19T13:46:55.744+0530: 1408.207: [CMS-concurrent-mark-start]
2026-04-19T13:46:55.744+0530: 1408.208: [CMS-concurrent-mark: 0.000/0.000 secs] [Times: user=0.00 sys=0.00, real=0.00 secs] 
2026-04-19T13:46:55.744+0530: 1408.208: [CMS-concurrent-preclean-start]
2026-04-19T13:46:55.745+0530: 1408.208: [CMS-concurrent-preclean: 0.000/0.000 secs] [Times: user=0.00 sys=0.00, real=0.00 secs] 
2026-04-19T13:46:55.745+0530: 1408.208: [CMS-concurrent-abortable-preclean-start]
2026-04-19T13:46:55.745+0530: 1408.208: [CMS-concurrent-abortable-preclean: 0.000/0.000 secs] [Times: user=0.00 sys=0.00, real=0.00 secs] 
2026-04-19T13:46:55.745+0530: 1408.209: [GC (CMS Final Remark) [YG occupancy: 185844 K (471808 K)]2026-04-19T13:46:55.745+0530: 1408.209: [Rescan (parallel) , 0.0264907 secs]2026-04-19T13:46:55.772+0530: 1408.235: [weak refs processing, 0.0000531 secs]2026-04-19T13:46:55.772+0530: 1408.235: [class unloading, 0.0108836 secs]2026-04-19T13:46:55.783+0530: 1408.246: [scrub symbol table, 0.0044544 secs]2026-04-19T13:46:55.787+0530: 1408.251: [scrub string table, 0.0017930 secs][1 CMS-remark: 63K(64K)] 185908K(471872K), 0.0455462 secs] [Times: user=0.14 sys=0.00, real=0.05 secs] 
2026-04-19T13:46:55.791+0530: 1408.254: Total time for which application threads were stopped: 0.0457494 seconds, Stopping threads took: 0.0000262 seconds
2026-04-19T13:46:55.792+0530: 1408.255: [CMS-concurrent-sweep-start]
2026-04-19T13:46:55.792+0530: 1408.255: [CMS-concurrent-sweep: 0.000/0.000 secs] [Times: user=0.00 sys=0.00, real=0.00 secs] 
2026-04-19T13:46:55.792+0530: 1408.255: [CMS-concurrent-reset-start]
2026-04-19T13:46:55.792+0530: 1408.255: [CMS-concurrent-reset: 0.000/0.000 secs] [Times: user=0.00 sys=0.00, real=0.00 secs] 
2026-04-19T13:46:59.841+0530: 1412.304: Total time for which application threads were stopped: 0.0002156 seconds, Stopping threads took: 0.0000678 seconds
2026-04-19T13:47:05.801+0530: 1418.265: [GC (CMS Initial Mark) [1 CMS-initial-mark: 63K(64K)] 186214K(471872K), 0.0170350 secs] [Times: user=0.02 sys=0.00, real=0.02 secs] 
2026-04-19T13:47:05.818+0530: 1418.282: Total time for which application threads were stopped: 0.0172762 seconds, Stopping threads took: 0.0000383 seconds
2026-04-19T13:47:05.818+0530: 1418.282: [CMS-concurrent-mark-start]
2026-04-19T13:47:05.819+0530: 1418.282: [CMS-concurrent-mark: 0.000/0.000 secs] [Times: user=0.00 sys=0.00, real=0.00 secs] 
2026-04-19T13:47:05.819+0530: 1418.282: [CMS-concurrent-preclean-start]
2026-04-19T13:47:05.819+0530: 1418.283: [CMS-concurrent-preclean: 0.000/0.000 secs] [Times: user=0.00 sys=0.00, real=0.00 secs] 
2026-04-19T13:47:05.819+0530: 1418.283: [CMS-concurrent-abortable-preclean-start]
2026-04-19T13:47:05.819+0530: 1418.283: [CMS-concurrent-abortable-preclean: 0.000/0.000 secs] [Times: user=0.00 sys=0.00, real=0.00 secs] 
2026-04-19T13:47:05.820+0530: 1418.283: [GC (CMS Final Remark) [YG occupancy: 186150 K (471808 K)]2026-04-19T13:47:05.820+0530: 1418.283: [Rescan (parallel) , 0.0140528 secs]2026-04-19T13:47:05.833+0530: 1418.297: [weak refs processing, 0.0000312 secs]2026-04-19T13:47:05.833+0530: 1418.297: [class unloading, 0.0071040 secs]2026-04-19T13:47:05.841+0530: 1418.304: [scrub symbol table, 0.0040751 secs]2026-04-19T13:47:05.845+0530: 1418.309: [scrub string table, 0.0017073 secs][1 CMS-remark: 63K(64K)] 186214K(471872K), 0.0286465 secs] [Times: user=0.26 sys=0.00, real=0.03 secs] 
2026-04-19T13:47:05.848+0530: 1418.312: Total time for which application threads were stopped: 0.0288356 seconds, Stopping threads took: 0.0000288 seconds
2026-04-19T13:47:05.849+0530: 1418.312: [CMS-concurrent-sweep-start]
2026-04-19T13:47:05.849+0530: 1418.312: [CMS-concurrent-sweep: 0.000/0.000 secs] [Times: user=0.00 sys=0.00, real=0.00 secs] 
2026-04-19T13:47:05.849+0530: 1418.312: [CMS-concurrent-reset-start]
2026-04-19T13:47:05.849+0530: 1418.312: [CMS-concurrent-reset: 0.000/0.000 secs] [Times: user=0.00 sys=0.00, real=0.00 secs] 
2026-04-19T13:47:15.860+0530: 1428.323: [GC (CMS Initial Mark) [1 CMS-initial-mark: 63K(64K)] 186367K(471872K), 0.0204561 secs] [Times: user=0.02 sys=0.00, real=0.02 secs] 
2026-04-19T13:47:15.880+0530: 1428.344: Total time for which application threads were stopped: 0.0207736 seconds, Stopping threads took: 0.0000632 seconds
2026-04-19T13:47:15.880+0530: 1428.344: [CMS-concurrent-mark-start]
2026-04-19T13:47:15.881+0530: 1428.344: [CMS-concurrent-mark: 0.000/0.000 secs] [Times: user=0.00 sys=0.00, real=0.00 secs] 
2026-04-19T13:47:15.881+0530: 1428.345: [CMS-concurrent-preclean-start]
2026-04-19T13:47:15.882+0530: 1428.345: [CMS-concurrent-preclean: 0.001/0.001 secs] [Times: user=0.00 sys=0.00, real=0.00 secs] 
2026-04-19T13:47:15.882+0530: 1428.345: [CMS-concurrent-abortable-preclean-start]
2026-04-19T13:47:15.882+0530: 1428.345: [CMS-concurrent-abortable-preclean: 0.000/0.000 secs] [Times: user=0.00 sys=0.00, real=0.00 secs] 
2026-04-19T13:47:15.882+0530: 1428.345: [GC (CMS Final Remark) [YG occupancy: 186303 K (471808 K)]2026-04-19T13:47:15.882+0530: 1428.345: [Rescan (parallel) , 0.0259420 secs]2026-04-19T13:47:15.908+0530: 1428.371: [weak refs processing, 0.0000560 secs]2026-04-19T13:47:15.908+0530: 1428.372: [class unloading, 0.0110535 secs]2026-04-19T13:47:15.920+0530: 1428.383: [scrub symbol table, 0.0049244 secs]2026-04-19T13:47:15.924+0530: 1428.388: [scrub string table, 0.0018085 secs][1 CMS-remark: 63K(64K)] 186367K(471872K), 0.0456670 secs] [Times: user=0.30 sys=0.00, real=0.05 secs] 
2026-04-19T13:47:15.928+0530: 1428.391: Total time for which application threads were stopped: 0.0458696 seconds, Stopping threads took: 0.0000270 seconds
2026-04-19T13:47:15.928+0530: 1428.391: [CMS-concurrent-sweep-start]
2026-04-19T13:47:15.928+0530: 1428.391: [CMS-concurrent-sweep: 0.000/0.000 secs] [Times: user=0.00 sys=0.00, real=0.00 secs] 
2026-04-19T13:47:15.928+0530: 1428.392: [CMS-concurrent-reset-start]
2026-04-19T13:47:15.928+0530: 1428.392: [CMS-concurrent-reset: 0.000/0.000 secs] [Times: user=0.00 sys=0.00, real=0.00 secs] 
2026-04-19T13:47:20.979+0530: 1433.442: Total time for which application threads were stopped: 0.0001064 seconds, Stopping threads took: 0.0000308 seconds
2026-04-19T13:47:25.016+0530: 1437.479: Total time for which application threads were stopped: 0.0001597 seconds, Stopping threads took: 0.0000683 seconds
2026-04-19T13:47:25.942+0530: 1438.406: [GC (CMS Initial Mark) [1 CMS-initial-mark: 63K(64K)] 186516K(471872K), 0.0181635 secs] [Times: user=0.02 sys=0.00, real=0.02 secs] 
2026-04-19T13:47:25.960+0530: 1438.424: Total time for which application threads were stopped: 0.0186384 seconds, Stopping threads took: 0.0001822 seconds
2026-04-19T13:47:25.960+0530: 1438.424: [CMS-concurrent-mark-start]
2026-04-19T13:47:25.960+0530: 1438.425: [CMS-concurrent-mark: 0.000/0.000 secs] [Times: user=0.00 sys=0.00, real=0.00 secs] 
2026-04-19T13:47:25.962+0530: 1438.425: [CMS-concurrent-preclean-start]
2026-04-19T13:47:25.962+0530: 1438.425: [CMS-concurrent-preclean: 0.001/0.001 secs] [Times: user=0.00 sys=0.00, real=0.00 secs] 
2026-04-19T13:47:25.962+0530: 1438.425: [CMS-concurrent-abortable-preclean-start]
2026-04-19T13:47:25.962+0530: 1438.425: [CMS-concurrent-abortable-preclean: 0.000/0.000 secs] [Times: user=0.00 sys=0.00, real=0.00 secs] 
2026-04-19T13:47:25.962+0530: 1438.426: [GC (CMS Final Remark) [YG occupancy: 186453 K (471808 K)]2026-04-19T13:47:25.962+0530: 1438.426: [Rescan (parallel) , 0.0268891 secs]2026-04-19T13:47:25.989+0530: 1438.453: [weak refs processing, 0.0000281 secs]2026-04-19T13:47:25.989+0530: 1438.453: [class unloading, 0.0089318 secs]2026-04-19T13:47:25.998+0530: 1438.462: [scrub symbol table, 0.0041100 secs]2026-04-19T13:47:26.003+0530: 1438.466: [scrub string table, 0.0017590 secs][1 CMS-remark: 63K(64K)] 186516K(471872K), 0.0434532 secs] [Times: user=0.20 sys=0.00, real=0.04 secs] 
2026-04-19T13:47:26.006+0530: 1438.469: Total time for which application threads were stopped: 0.0436730 seconds, Stopping threads took: 0.0000421 seconds
2026-04-19T13:47:26.006+0530: 1438.470: [CMS-concurrent-sweep-start]
2026-04-19T13:47:26.006+0530: 1438.470: [CMS-concurrent-sweep: 0.000/0.000 secs] [Times: user=0.00 sys=0.00, real=0.00 secs] 
2026-04-19T13:47:26.006+0530: 1438.470: [CMS-concurrent-reset-start]
2026-04-19T13:47:26.006+0530: 1438.470: [CMS-concurrent-reset: 0.000/0.000 secs] [Times: user=0.00 sys=0.00, real=0.00 secs] 
2026-04-19T13:47:29.015+0530: 1441.478: Total time for which application threads were stopped: 0.0001498 seconds, Stopping threads took: 0.0000731 seconds
2026-04-19T13:47:33.028+0530: 1445.492: Total time for which application threads were stopped: 0.0002391 seconds, Stopping threads took: 0.0000687 seconds
2026-04-19T13:47:36.019+0530: 1448.482: [GC (CMS Initial Mark) [1 CMS-initial-mark: 63K(64K)] 186652K(471872K), 0.0146558 secs] [Times: user=0.02 sys=0.00, real=0.01 secs] 
2026-04-19T13:47:36.033+0530: 1448.496: Total time for which application threads were stopped: 0.0148349 seconds, Stopping threads took: 0.0000314 seconds
2026-04-19T13:47:36.033+0530: 1448.497: [CMS-concurrent-mark-start]
2026-04-19T13:47:36.034+0530: 1448.497: [CMS-concurrent-mark: 0.000/0.000 secs] [Times: user=0.00 sys=0.00, real=0.00 secs] 
2026-04-19T13:47:36.034+0530: 1448.497: [CMS-concurrent-preclean-start]
2026-04-19T13:47:36.034+0530: 1448.497: [CMS-concurrent-preclean: 0.000/0.000 secs] [Times: user=0.00 sys=0.00, real=0.00 secs] 
2026-04-19T13:47:36.034+0530: 1448.497: [CMS-concurrent-abortable-preclean-start]
2026-04-19T13:47:36.034+0530: 1448.497: [CMS-concurrent-abortable-preclean: 0.000/0.000 secs] [Times: user=0.00 sys=0.00, real=0.00 secs] 
2026-04-19T13:47:36.034+0530: 1448.498: [GC (CMS Final Remark) [YG occupancy: 186588 K (471808 K)]2026-04-19T13:47:36.035+0530: 1448.498: [Rescan (parallel) , 0.0158510 secs]2026-04-19T13:47:36.050+0530: 1448.514: [weak refs processing, 0.0000377 secs]2026-04-19T13:47:36.050+0530: 1448.514: [class unloading, 0.0079973 secs]2026-04-19T13:47:36.058+0530: 1448.522: [scrub symbol table, 0.0040344 secs]2026-04-19T13:47:36.063+0530: 1448.526: [scrub string table, 0.0016997 secs][1 CMS-remark: 63K(64K)] 186652K(471872K), 0.0313129 secs] [Times: user=0.22 sys=0.00, real=0.03 secs] 
2026-04-19T13:47:36.066+0530: 1448.529: Total time for which application threads were stopped: 0.0314892 seconds, Stopping threads took: 0.0000275 seconds
2026-04-19T13:47:36.066+0530: 1448.529: [CMS-concurrent-sweep-start]
2026-04-19T13:47:36.066+0530: 1448.529: [CMS-concurrent-sweep: 0.000/0.000 secs] [Times: user=0.00 sys=0.00, real=0.00 secs] 
2026-04-19T13:47:36.066+0530: 1448.529: [CMS-concurrent-reset-start]
2026-04-19T13:47:36.066+0530: 1448.529: [CMS-concurrent-reset: 0.000/0.000 secs] [Times: user=0.00 sys=0.00, real=0.00 secs] 
2026-04-19T13:47:40.094+0530: 1452.557: Total time for which application threads were stopped: 0.0001315 seconds, Stopping threads took: 0.0000525 seconds
2026-04-19T13:47:46.074+0530: 1458.537: [GC (CMS Initial Mark) [1 CMS-initial-mark: 63K(64K)] 187377K(471872K), 0.0165267 secs] [Times: user=0.01 sys=0.00, real=0.02 secs] 
2026-04-19T13:47:46.090+0530: 1458.554: Total time for which application threads were stopped: 0.0168357 seconds, Stopping threads took: 0.0000705 seconds
2026-04-19T13:47:46.090+0530: 1458.554: [CMS-concurrent-mark-start]
2026-04-19T13:47:46.090+0530: 1458.555: [CMS-concurrent-mark: 0.000/0.000 secs] [Times: user=0.00 sys=0.00, real=0.00 secs] 
2026-04-19T13:47:46.090+0530: 1458.555: [CMS-concurrent-preclean-start]
2026-04-19T13:47:46.092+0530: 1458.555: [CMS-concurrent-preclean: 0.001/0.001 secs] [Times: user=0.00 sys=0.00, real=0.00 secs] 
2026-04-19T13:47:46.092+0530: 1458.555: [CMS-concurrent-abortable-preclean-start]
2026-04-19T13:47:46.092+0530: 1458.555: [CMS-concurrent-abortable-preclean: 0.000/0.000 secs] [Times: user=0.00 sys=0.00, real=0.00 secs] 
2026-04-19T13:47:46.092+0530: 1458.556: [GC (CMS Final Remark) [YG occupancy: 187313 K (471808 K)]2026-04-19T13:47:46.092+0530: 1458.556: [Rescan (parallel) , 0.0138837 secs]2026-04-19T13:47:46.106+0530: 1458.570: [weak refs processing, 0.0000424 secs]2026-04-19T13:47:46.106+0530: 1458.570: [class unloading, 0.0078186 secs]2026-04-19T13:47:46.114+0530: 1458.577: [scrub symbol table, 0.0041135 secs]2026-04-19T13:47:46.119+0530: 1458.582: [scrub string table, 0.0017015 secs][1 CMS-remark: 63K(64K)] 187377K(471872K), 0.0293384 secs] [Times: user=0.02 sys=0.00, real=0.03 secs] 
2026-04-19T13:47:46.122+0530: 1458.585: Total time for which application threads were stopped: 0.0295594 seconds, Stopping threads took: 0.0000311 seconds
2026-04-19T13:47:46.122+0530: 1458.585: [CMS-concurrent-sweep-start]
2026-04-19T13:47:46.122+0530: 1458.585: [CMS-concurrent-sweep: 0.000/0.000 secs] [Times: user=0.00 sys=0.00, real=0.00 secs] 
2026-04-19T13:47:46.122+0530: 1458.585: [CMS-concurrent-reset-start]
2026-04-19T13:47:46.122+0530: 1458.585: [CMS-concurrent-reset: 0.000/0.000 secs] [Times: user=0.00 sys=0.00, real=0.00 secs] 
2026-04-19T13:47:56.127+0530: 1468.590: [GC (CMS Initial Mark) [1 CMS-initial-mark: 63K(64K)] 187377K(471872K), 0.0150714 secs] [Times: user=0.00 sys=0.00, real=0.01 secs] 
2026-04-19T13:47:56.142+0530: 1468.605: Total time for which application threads were stopped: 0.0153667 seconds, Stopping threads took: 0.0000620 seconds
2026-04-19T13:47:56.142+0530: 1468.605: [CMS-concurrent-mark-start]
2026-04-19T13:47:56.143+0530: 1468.606: [CMS-concurrent-mark: 0.001/0.001 secs] [Times: user=0.00 sys=0.00, real=0.00 secs] 
2026-04-19T13:47:56.143+0530: 1468.606: [CMS-concurrent-preclean-start]
2026-04-19T13:47:56.143+0530: 1468.607: [CMS-concurrent-preclean: 0.000/0.000 secs] [Times: user=0.00 sys=0.00, real=0.00 secs] 
2026-04-19T13:47:56.143+0530: 1468.607: [CMS-concurrent-abortable-preclean-start]
2026-04-19T13:47:56.143+0530: 1468.607: [CMS-concurrent-abortable-preclean: 0.000/0.000 secs] [Times: user=0.00 sys=0.00, real=0.00 secs] 
2026-04-19T13:47:56.144+0530: 1468.607: [GC (CMS Final Remark) [YG occupancy: 187313 K (471808 K)]2026-04-19T13:47:56.144+0530: 1468.607: [Rescan (parallel) , 0.0168310 secs]2026-04-19T13:47:56.161+0530: 1468.624: [weak refs processing, 0.0000277 secs]2026-04-19T13:47:56.161+0530: 1468.624: [class unloading, 0.0105478 secs]2026-04-19T13:47:56.172+0530: 1468.635: [scrub symbol table, 0.0044732 secs]2026-04-19T13:47:56.176+0530: 1468.639: [scrub string table, 0.0018051 secs][1 CMS-remark: 63K(64K)] 187377K(471872K), 0.0355869 secs] [Times: user=0.30 sys=0.00, real=0.04 secs] 
2026-04-19T13:47:56.180+0530: 1468.643: Total time for which application threads were stopped: 0.0357888 seconds, Stopping threads took: 0.0000322 seconds
2026-04-19T13:47:56.180+0530: 1468.643: [CMS-concurrent-sweep-start]
2026-04-19T13:47:56.180+0530: 1468.643: [CMS-concurrent-sweep: 0.000/0.000 secs] [Times: user=0.00 sys=0.00, real=0.00 secs] 
2026-04-19T13:47:56.180+0530: 1468.643: [CMS-concurrent-reset-start]
2026-04-19T13:47:56.180+0530: 1468.643: [CMS-concurrent-reset: 0.000/0.000 secs] [Times: user=0.00 sys=0.00, real=0.00 secs] 
2026-04-19T13:47:57.189+0530: 1469.653: Total time for which application threads were stopped: 0.0004422 seconds, Stopping threads took: 0.0002681 seconds
2026-04-19T13:47:58.204+0530: 1470.667: Total time for which application threads were stopped: 0.0002646 seconds, Stopping threads took: 0.0000841 seconds
2026-04-19T13:48:06.181+0530: 1478.644: [GC (CMS Initial Mark) [1 CMS-initial-mark: 63K(64K)] 187377K(471872K), 0.0161716 secs] [Times: user=0.14 sys=0.00, real=0.02 secs] 
2026-04-19T13:48:06.197+0530: 1478.660: Total time for which application threads were stopped: 0.0164496 seconds, Stopping threads took: 0.0000508 seconds
2026-04-19T13:48:06.197+0530: 1478.661: [CMS-concurrent-mark-start]
2026-04-19T13:48:06.198+0530: 1478.661: [CMS-concurrent-mark: 0.001/0.001 secs] [Times: user=0.00 sys=0.00, real=0.00 secs] 
2026-04-19T13:48:06.198+0530: 1478.661: [CMS-concurrent-preclean-start]
2026-04-19T13:48:06.198+0530: 1478.662: [CMS-concurrent-preclean: 0.001/0.001 secs] [Times: user=0.00 sys=0.00, real=0.00 secs] 
2026-04-19T13:48:06.198+0530: 1478.662: [CMS-concurrent-abortable-preclean-start]
2026-04-19T13:48:06.198+0530: 1478.662: [CMS-concurrent-abortable-preclean: 0.000/0.000 secs] [Times: user=0.00 sys=0.00, real=0.00 secs] 
2026-04-19T13:48:06.199+0530: 1478.662: [GC (CMS Final Remark) [YG occupancy: 187313 K (471808 K)]2026-04-19T13:48:06.199+0530: 1478.662: [Rescan (parallel) , 0.0178503 secs]2026-04-19T13:48:06.217+0530: 1478.680: [weak refs processing, 0.0000346 secs]2026-04-19T13:48:06.217+0530: 1478.680: [class unloading, 0.0076965 secs]2026-04-19T13:48:06.224+0530: 1478.688: [scrub symbol table, 0.0060841 secs]2026-04-19T13:48:06.230+0530: 1478.694: [scrub string table, 0.0023642 secs][1 CMS-remark: 63K(64K)] 187377K(471872K), 0.0359190 secs] [Times: user=0.23 sys=0.00, real=0.04 secs] 
2026-04-19T13:48:06.235+0530: 1478.698: Total time for which application threads were stopped: 0.0361143 seconds, Stopping threads took: 0.0000280 seconds
2026-04-19T13:48:06.235+0530: 1478.699: [CMS-concurrent-sweep-start]
2026-04-19T13:48:06.236+0530: 1478.699: [CMS-concurrent-sweep: 0.000/0.000 secs] [Times: user=0.00 sys=0.00, real=0.00 secs] 
2026-04-19T13:48:06.236+0530: 1478.699: [CMS-concurrent-reset-start]
2026-04-19T13:48:06.236+0530: 1478.699: [CMS-concurrent-reset: 0.000/0.000 secs] [Times: user=0.00 sys=0.00, real=0.00 secs] 
2026-04-19T13:48:16.243+0530: 1488.705: [GC (CMS Initial Mark) [1 CMS-initial-mark: 63K(64K)] 189759K(471872K), 0.0181123 secs] [Times: user=0.27 sys=0.00, real=0.02 secs] 
2026-04-19T13:48:16.260+0530: 1488.724: Total time for which application threads were stopped: 0.0184447 seconds, Stopping threads took: 0.0000561 seconds
2026-04-19T13:48:16.260+0530: 1488.724: [CMS-concurrent-mark-start]
2026-04-19T13:48:16.260+0530: 1488.724: [CMS-concurrent-mark: 0.001/0.001 secs] [Times: user=0.00 sys=0.01, real=0.00 secs] 
2026-04-19T13:48:16.260+0530: 1488.724: [CMS-concurrent-preclean-start]
2026-04-19T13:48:16.262+0530: 1488.725: [CMS-concurrent-preclean: 0.001/0.001 secs] [Times: user=0.00 sys=0.00, real=0.00 secs] 
2026-04-19T13:48:16.262+0530: 1488.725: [CMS-concurrent-abortable-preclean-start]
2026-04-19T13:48:16.262+0530: 1488.725: [CMS-concurrent-abortable-preclean: 0.000/0.000 secs] [Times: user=0.00 sys=0.00, real=0.00 secs] 
2026-04-19T13:48:16.262+0530: 1488.725: [GC (CMS Final Remark) [YG occupancy: 189695 K (471808 K)]2026-04-19T13:48:16.262+0530: 1488.725: [Rescan (parallel) , 0.0261183 secs]2026-04-19T13:48:16.288+0530: 1488.752: [weak refs processing, 0.0000283 secs]2026-04-19T13:48:16.288+0530: 1488.752: [class unloading, 0.0098240 secs]2026-04-19T13:48:16.298+0530: 1488.762: [scrub symbol table, 0.0049498 secs]2026-04-19T13:48:16.304+0530: 1488.766: [scrub string table, 0.0018567 secs][1 CMS-remark: 63K(64K)] 189759K(471872K), 0.0446820 secs] [Times: user=0.03 sys=0.00, real=0.04 secs] 
2026-04-19T13:48:16.307+0530: 1488.770: Total time for which application threads were stopped: 0.0449563 seconds, Stopping threads took: 0.0000396 seconds
2026-04-19T13:48:16.307+0530: 1488.770: [CMS-concurrent-sweep-start]
2026-04-19T13:48:16.307+0530: 1488.770: [CMS-concurrent-sweep: 0.000/0.000 secs] [Times: user=0.00 sys=0.00, real=0.00 secs] 
2026-04-19T13:48:16.307+0530: 1488.770: [CMS-concurrent-reset-start]
2026-04-19T13:48:16.307+0530: 1488.770: [CMS-concurrent-reset: 0.000/0.000 secs] [Times: user=0.00 sys=0.00, real=0.00 secs] 
2026-04-19T13:48:26.319+0530: 1498.783: [GC (CMS Initial Mark) [1 CMS-initial-mark: 63K(64K)] 190774K(471872K), 0.0161536 secs] [Times: user=0.28 sys=0.00, real=0.02 secs] 
2026-04-19T13:48:26.335+0530: 1498.799: Total time for which application threads were stopped: 0.0164619 seconds, Stopping threads took: 0.0000529 seconds
2026-04-19T13:48:26.335+0530: 1498.799: [CMS-concurrent-mark-start]
2026-04-19T13:48:26.335+0530: 1498.799: [CMS-concurrent-mark: 0.000/0.000 secs] [Times: user=0.00 sys=0.00, real=0.00 secs] 
2026-04-19T13:48:26.336+0530: 1498.799: [CMS-concurrent-preclean-start]
2026-04-19T13:48:26.336+0530: 1498.800: [CMS-concurrent-preclean: 0.000/0.000 secs] [Times: user=0.00 sys=0.00, real=0.00 secs] 
2026-04-19T13:48:26.336+0530: 1498.800: [CMS-concurrent-abortable-preclean-start]
2026-04-19T13:48:26.336+0530: 1498.800: [CMS-concurrent-abortable-preclean: 0.000/0.000 secs] [Times: user=0.00 sys=0.00, real=0.00 secs] 
2026-04-19T13:48:26.337+0530: 1498.800: [GC (CMS Final Remark) [YG occupancy: 190711 K (471808 K)]2026-04-19T13:48:26.337+0530: 1498.800: [Rescan (parallel) , 0.0157725 secs]2026-04-19T13:48:26.352+0530: 1498.816: [weak refs processing, 0.0000279 secs]2026-04-19T13:48:26.352+0530: 1498.816: [class unloading, 0.0066558 secs]2026-04-19T13:48:26.359+0530: 1498.823: [scrub symbol table, 0.0040852 secs]2026-04-19T13:48:26.363+0530: 1498.827: [scrub string table, 0.0017749 secs][1 CMS-remark: 63K(64K)] 190774K(471872K), 0.0300147 secs] [Times: user=0.25 sys=0.02, real=0.03 secs] 
2026-04-19T13:48:26.367+0530: 1498.830: Total time for which application threads were stopped: 0.0301958 seconds, Stopping threads took: 0.0000279 seconds
2026-04-19T13:48:26.367+0530: 1498.830: [CMS-concurrent-sweep-start]
2026-04-19T13:48:26.367+0530: 1498.830: [CMS-concurrent-sweep: 0.000/0.000 secs] [Times: user=0.00 sys=0.00, real=0.00 secs] 
2026-04-19T13:48:26.367+0530: 1498.830: [CMS-concurrent-reset-start]
2026-04-19T13:48:26.367+0530: 1498.830: [CMS-concurrent-reset: 0.000/0.000 secs] [Times: user=0.00 sys=0.00, real=0.00 secs] 
2026-04-19T13:48:36.368+0530: 1508.831: [GC (CMS Initial Mark) [1 CMS-initial-mark: 63K(64K)] 190928K(471872K), 0.0162891 secs] [Times: user=0.20 sys=0.00, real=0.02 secs] 
2026-04-19T13:48:36.385+0530: 1508.848: Total time for which application threads were stopped: 0.0165345 seconds, Stopping threads took: 0.0000455 seconds
2026-04-19T13:48:36.385+0530: 1508.848: [CMS-concurrent-mark-start]
2026-04-19T13:48:36.385+0530: 1508.848: [CMS-concurrent-mark: 0.000/0.000 secs] [Times: user=0.00 sys=0.00, real=0.00 secs] 
2026-04-19T13:48:36.385+0530: 1508.848: [CMS-concurrent-preclean-start]
2026-04-19T13:48:36.385+0530: 1508.849: [CMS-concurrent-preclean: 0.000/0.000 secs] [Times: user=0.00 sys=0.00, real=0.00 secs] 
2026-04-19T13:48:36.385+0530: 1508.849: [CMS-concurrent-abortable-preclean-start]
2026-04-19T13:48:36.385+0530: 1508.849: [CMS-concurrent-abortable-preclean: 0.000/0.000 secs] [Times: user=0.00 sys=0.00, real=0.00 secs] 
2026-04-19T13:48:36.386+0530: 1508.849: [GC (CMS Final Remark) [YG occupancy: 190864 K (471808 K)]2026-04-19T13:48:36.386+0530: 1508.849: [Rescan (parallel) , 0.0299025 secs]2026-04-19T13:48:36.416+0530: 1508.879: [weak refs processing, 0.0000504 secs]2026-04-19T13:48:36.416+0530: 1508.879: [class unloading, 0.0111175 secs]2026-04-19T13:48:36.427+0530: 1508.890: [scrub symbol table, 0.0046970 secs]2026-04-19T13:48:36.434+0530: 1508.898: [scrub string table, 0.0017893 secs][1 CMS-remark: 63K(64K)] 190928K(471872K), 0.0524092 secs] [Times: user=0.01 sys=0.00, real=0.05 secs] 
2026-04-19T13:48:36.438+0530: 1508.901: Total time for which application threads were stopped: 0.0526119 seconds, Stopping threads took: 0.0000251 seconds
2026-04-19T13:48:36.439+0530: 1508.902: [CMS-concurrent-sweep-start]
2026-04-19T13:48:36.439+0530: 1508.902: [CMS-concurrent-sweep: 0.000/0.000 secs] [Times: user=0.00 sys=0.00, real=0.00 secs] 
2026-04-19T13:48:36.439+0530: 1508.902: [CMS-concurrent-reset-start]
2026-04-19T13:48:36.439+0530: 1508.902: [CMS-concurrent-reset: 0.000/0.000 secs] [Times: user=0.00 sys=0.00, real=0.00 secs] 
2026-04-19T13:48:40.482+0530: 1512.946: Total time for which application threads were stopped: 0.0004331 seconds, Stopping threads took: 0.0002525 seconds
2026-04-19T13:48:46.448+0530: 1518.912: [GC (CMS Initial Mark) [1 CMS-initial-mark: 63K(64K)] 191347K(471872K), 0.0149998 secs] [Times: user=0.00 sys=0.00, real=0.02 secs] 
2026-04-19T13:48:46.463+0530: 1518.927: Total time for which application threads were stopped: 0.0153268 seconds, Stopping threads took: 0.0000525 seconds
2026-04-19T13:48:46.463+0530: 1518.927: [CMS-concurrent-mark-start]
2026-04-19T13:48:46.463+0530: 1518.927: [CMS-concurrent-mark: 0.000/0.000 secs] [Times: user=0.05 sys=0.00, real=0.00 secs] 
2026-04-19T13:48:46.467+0530: 1518.931: [CMS-concurrent-preclean-start]
2026-04-19T13:48:46.468+0530: 1518.932: [CMS-concurrent-preclean: 0.001/0.001 secs] [Times: user=0.00 sys=0.00, real=0.00 secs] 
2026-04-19T13:48:46.468+0530: 1518.932: [CMS-concurrent-abortable-preclean-start]
2026-04-19T13:48:46.468+0530: 1518.932: [CMS-concurrent-abortable-preclean: 0.000/0.000 secs] [Times: user=0.00 sys=0.00, real=0.00 secs] 
2026-04-19T13:48:46.468+0530: 1518.932: [GC (CMS Final Remark) [YG occupancy: 191283 K (471808 K)]2026-04-19T13:48:46.468+0530: 1518.932: [Rescan (parallel) , 0.0286493 secs]2026-04-19T13:48:46.498+0530: 1518.961: [weak refs processing, 0.0000651 secs]2026-04-19T13:48:46.498+0530: 1518.961: [class unloading, 0.0107207 secs]2026-04-19T13:48:46.508+0530: 1518.972: [scrub symbol table, 0.0046406 secs]2026-04-19T13:48:46.513+0530: 1518.976: [scrub string table, 0.0018925 secs][1 CMS-remark: 63K(64K)] 191347K(471872K), 0.0476344 secs] [Times: user=0.00 sys=0.02, real=0.05 secs] 
2026-04-19T13:48:46.516+0530: 1518.980: Total time for which application threads were stopped: 0.0478028 seconds, Stopping threads took: 0.0000283 seconds
2026-04-19T13:48:46.517+0530: 1518.980: [CMS-concurrent-sweep-start]
2026-04-19T13:48:46.517+0530: 1518.980: [CMS-concurrent-sweep: 0.000/0.000 secs] [Times: user=0.00 sys=0.00, real=0.00 secs] 
2026-04-19T13:48:46.517+0530: 1518.980: [CMS-concurrent-reset-start]
2026-04-19T13:48:46.517+0530: 1518.980: [CMS-concurrent-reset: 0.000/0.000 secs] [Times: user=0.00 sys=0.00, real=0.00 secs] 
2026-04-19T13:48:53.575+0530: 1526.039: Total time for which application threads were stopped: 0.0001229 seconds, Stopping threads took: 0.0000433 seconds
2026-04-19T13:48:56.525+0530: 1528.989: [GC (CMS Initial Mark) [1 CMS-initial-mark: 63K(64K)] 191635K(471872K), 0.0163863 secs] [Times: user=0.11 sys=0.00, real=0.02 secs] 
2026-04-19T13:48:56.542+0530: 1529.005: Total time for which application threads were stopped: 0.0166586 seconds, Stopping threads took: 0.0000476 seconds
2026-04-19T13:48:56.542+0530: 1529.005: [CMS-concurrent-mark-start]
2026-04-19T13:48:56.542+0530: 1529.005: [CMS-concurrent-mark: 0.000/0.000 secs] [Times: user=0.00 sys=0.00, real=0.00 secs] 
2026-04-19T13:48:56.542+0530: 1529.006: [CMS-concurrent-preclean-start]
2026-04-19T13:48:56.543+0530: 1529.006: [CMS-concurrent-preclean: 0.000/0.000 secs] [Times: user=0.00 sys=0.00, real=0.00 secs] 
2026-04-19T13:48:56.543+0530: 1529.006: [CMS-concurrent-abortable-preclean-start]
2026-04-19T13:48:56.543+0530: 1529.006: [CMS-concurrent-abortable-preclean: 0.000/0.000 secs] [Times: user=0.00 sys=0.00, real=0.00 secs] 
2026-04-19T13:48:56.543+0530: 1529.006: [GC (CMS Final Remark) [YG occupancy: 191571 K (471808 K)]2026-04-19T13:48:56.543+0530: 1529.006: [Rescan (parallel) , 0.0143286 secs]2026-04-19T13:48:56.557+0530: 1529.021: [weak refs processing, 0.0000267 secs]2026-04-19T13:48:56.557+0530: 1529.021: [class unloading, 0.0086812 secs]2026-04-19T13:48:56.566+0530: 1529.029: [scrub symbol table, 0.0043436 secs]2026-04-19T13:48:56.571+0530: 1529.034: [scrub string table, 0.0017064 secs][1 CMS-remark: 63K(64K)] 191635K(471872K), 0.0308571 secs] [Times: user=0.03 sys=0.00, real=0.03 secs] 
2026-04-19T13:48:56.574+0530: 1529.037: Total time for which application threads were stopped: 0.0310559 seconds, Stopping threads took: 0.0000299 seconds
2026-04-19T13:48:56.574+0530: 1529.037: [CMS-concurrent-sweep-start]
2026-04-19T13:48:56.574+0530: 1529.037: [CMS-concurrent-sweep: 0.000/0.000 secs] [Times: user=0.00 sys=0.00, real=0.00 secs] 
2026-04-19T13:48:56.574+0530: 1529.038: [CMS-concurrent-reset-start]
2026-04-19T13:48:56.574+0530: 1529.038: [CMS-concurrent-reset: 0.000/0.000 secs] [Times: user=0.00 sys=0.00, real=0.00 secs] 
2026-04-19T13:48:58.583+0530: 1531.046: Total time for which application threads were stopped: 0.0001568 seconds, Stopping threads took: 0.0000519 seconds
2026-04-19T13:49:06.587+0530: 1539.050: [GC (CMS Initial Mark) [1 CMS-initial-mark: 63K(64K)] 204835K(471872K), 0.0175983 secs] [Times: user=0.30 sys=0.00, real=0.02 secs] 
2026-04-19T13:49:06.605+0530: 1539.068: Total time for which application threads were stopped: 0.0178870 seconds, Stopping threads took: 0.0000563 seconds
2026-04-19T13:49:06.605+0530: 1539.068: [CMS-concurrent-mark-start]
2026-04-19T13:49:06.605+0530: 1539.069: [CMS-concurrent-mark: 0.000/0.000 secs] [Times: user=0.00 sys=0.00, real=0.00 secs] 
2026-04-19T13:49:06.605+0530: 1539.069: [CMS-concurrent-preclean-start]
2026-04-19T13:49:06.606+0530: 1539.069: [CMS-concurrent-preclean: 0.000/0.000 secs] [Times: user=0.00 sys=0.00, real=0.00 secs] 
2026-04-19T13:49:06.606+0530: 1539.069: [CMS-concurrent-abortable-preclean-start]
2026-04-19T13:49:06.606+0530: 1539.069: [CMS-concurrent-abortable-preclean: 0.000/0.000 secs] [Times: user=0.00 sys=0.00, real=0.00 secs] 
2026-04-19T13:49:06.606+0530: 1539.069: [GC (CMS Final Remark) [YG occupancy: 204771 K (471808 K)]2026-04-19T13:49:06.606+0530: 1539.070: [Rescan (parallel) , 0.0286112 secs]2026-04-19T13:49:06.635+0530: 1539.098: [weak refs processing, 0.0000595 secs]2026-04-19T13:49:06.635+0530: 1539.098: [class unloading, 0.0102169 secs]2026-04-19T13:49:06.645+0530: 1539.109: [scrub symbol table, 0.0044453 secs]2026-04-19T13:49:06.650+0530: 1539.113: [scrub string table, 0.0019058 secs][1 CMS-remark: 63K(64K)] 204835K(471872K), 0.0472673 secs] [Times: user=0.25 sys=0.00, real=0.05 secs] 
2026-04-19T13:49:06.654+0530: 1539.117: Total time for which application threads were stopped: 0.0474925 seconds, Stopping threads took: 0.0000331 seconds
2026-04-19T13:49:06.654+0530: 1539.117: [CMS-concurrent-sweep-start]
2026-04-19T13:49:06.654+0530: 1539.117: [CMS-concurrent-sweep: 0.000/0.000 secs] [Times: user=0.00 sys=0.00, real=0.00 secs] 
2026-04-19T13:49:06.654+0530: 1539.117: [CMS-concurrent-reset-start]
2026-04-19T13:49:06.654+0530: 1539.117: [CMS-concurrent-reset: 0.000/0.000 secs] [Times: user=0.00 sys=0.00, real=0.00 secs] 
2026-04-19T13:49:16.657+0530: 1549.121: [GC (CMS Initial Mark) [1 CMS-initial-mark: 63K(64K)] 205138K(471872K), 0.0143949 secs] [Times: user=0.02 sys=0.00, real=0.01 secs] 
2026-04-19T13:49:16.672+0530: 1549.135: Total time for which application threads were stopped: 0.0146294 seconds, Stopping threads took: 0.0000400 seconds
2026-04-19T13:49:16.672+0530: 1549.135: [CMS-concurrent-mark-start]
2026-04-19T13:49:16.672+0530: 1549.135: [CMS-concurrent-mark: 0.000/0.000 secs] [Times: user=0.00 sys=0.00, real=0.00 secs] 
2026-04-19T13:49:16.672+0530: 1549.135: [CMS-concurrent-preclean-start]
2026-04-19T13:49:16.673+0530: 1549.136: [CMS-concurrent-preclean: 0.000/0.000 secs] [Times: user=0.00 sys=0.00, real=0.00 secs] 
2026-04-19T13:49:16.673+0530: 1549.136: [CMS-concurrent-abortable-preclean-start]
2026-04-19T13:49:16.673+0530: 1549.136: [CMS-concurrent-abortable-preclean: 0.000/0.000 secs] [Times: user=0.00 sys=0.00, real=0.00 secs] 
2026-04-19T13:49:16.673+0530: 1549.136: [GC (CMS Final Remark) [YG occupancy: 205074 K (471808 K)]2026-04-19T13:49:16.673+0530: 1549.136: [Rescan (parallel) , 0.0163101 secs]2026-04-19T13:49:16.689+0530: 1549.153: [weak refs processing, 0.0000219 secs]2026-04-19T13:49:16.689+0530: 1549.153: [class unloading, 0.0059699 secs]2026-04-19T13:49:16.695+0530: 1549.159: [scrub symbol table, 0.0042745 secs]2026-04-19T13:49:16.700+0530: 1549.163: [scrub string table, 0.0017787 secs][1 CMS-remark: 63K(64K)] 205138K(471872K), 0.0301208 secs] [Times: user=0.05 sys=0.01, real=0.03 secs] 
2026-04-19T13:49:16.703+0530: 1549.166: Total time for which application threads were stopped: 0.0302877 seconds, Stopping threads took: 0.0000228 seconds
2026-04-19T13:49:16.704+0530: 1549.167: [CMS-concurrent-sweep-start]
2026-04-19T13:49:16.704+0530: 1549.167: [CMS-concurrent-sweep: 0.000/0.000 secs] [Times: user=0.00 sys=0.00, real=0.00 secs] 
2026-04-19T13:49:16.704+0530: 1549.167: [CMS-concurrent-reset-start]
2026-04-19T13:49:16.704+0530: 1549.167: [CMS-concurrent-reset: 0.000/0.000 secs] [Times: user=0.00 sys=0.00, real=0.00 secs] 
2026-04-19T13:49:26.711+0530: 1559.175: [GC (CMS Initial Mark) [1 CMS-initial-mark: 63K(64K)] 205290K(471872K), 0.0139281 secs] [Times: user=0.25 sys=0.01, real=0.01 secs] 
2026-04-19T13:49:26.725+0530: 1559.189: Total time for which application threads were stopped: 0.0141034 seconds, Stopping threads took: 0.0000270 seconds
2026-04-19T13:49:26.725+0530: 1559.189: [CMS-concurrent-mark-start]
2026-04-19T13:49:26.726+0530: 1559.189: [CMS-concurrent-mark: 0.000/0.000 secs] [Times: user=0.00 sys=0.00, real=0.00 secs] 
2026-04-19T13:49:26.726+0530: 1559.189: [CMS-concurrent-preclean-start]
2026-04-19T13:49:26.726+0530: 1559.190: [CMS-concurrent-preclean: 0.001/0.001 secs] [Times: user=0.00 sys=0.00, real=0.00 secs] 
2026-04-19T13:49:26.726+0530: 1559.190: [CMS-concurrent-abortable-preclean-start]
2026-04-19T13:49:26.726+0530: 1559.190: [CMS-concurrent-abortable-preclean: 0.000/0.000 secs] [Times: user=0.00 sys=0.00, real=0.00 secs] 
2026-04-19T13:49:26.727+0530: 1559.190: [GC (CMS Final Remark) [YG occupancy: 205226 K (471808 K)]2026-04-19T13:49:26.727+0530: 1559.190: [Rescan (parallel) , 0.0173099 secs]2026-04-19T13:49:26.744+0530: 1559.207: [weak refs processing, 0.0000304 secs]2026-04-19T13:49:26.744+0530: 1559.207: [class unloading, 0.0079354 secs]2026-04-19T13:49:26.752+0530: 1559.215: [scrub symbol table, 0.0045983 secs]2026-04-19T13:49:26.756+0530: 1559.220: [scrub string table, 0.0017427 secs][1 CMS-remark: 63K(64K)] 205290K(471872K), 0.0332944 secs] [Times: user=0.30 sys=0.00, real=0.03 secs] 
2026-04-19T13:49:26.760+0530: 1559.223: Total time for which application threads were stopped: 0.0334796 seconds, Stopping threads took: 0.0000174 seconds
2026-04-19T13:49:26.761+0530: 1559.224: [CMS-concurrent-sweep-start]
2026-04-19T13:49:26.761+0530: 1559.224: [CMS-concurrent-sweep: 0.000/0.000 secs] [Times: user=0.00 sys=0.00, real=0.00 secs] 
2026-04-19T13:49:26.761+0530: 1559.224: [CMS-concurrent-reset-start]
2026-04-19T13:49:26.761+0530: 1559.224: [CMS-concurrent-reset: 0.000/0.000 secs] [Times: user=0.00 sys=0.00, real=0.00 secs] 
2026-04-19T13:49:28.778+0530: 1561.241: Total time for which application threads were stopped: 0.0001449 seconds, Stopping threads took: 0.0000383 seconds
2026-04-19T13:49:36.762+0530: 1569.226: [GC (CMS Initial Mark) [1 CMS-initial-mark: 63K(64K)] 205425K(471872K), 0.0137749 secs] [Times: user=0.00 sys=0.00, real=0.01 secs] 
2026-04-19T13:49:36.776+0530: 1569.239: Total time for which application threads were stopped: 0.0140350 seconds, Stopping threads took: 0.0000462 seconds
2026-04-19T13:49:36.776+0530: 1569.240: [CMS-concurrent-mark-start]
2026-04-19T13:49:36.777+0530: 1569.240: [CMS-concurrent-mark: 0.000/0.000 secs] [Times: user=0.00 sys=0.00, real=0.00 secs] 
2026-04-19T13:49:36.777+0530: 1569.240: [CMS-concurrent-preclean-start]
2026-04-19T13:49:36.777+0530: 1569.240: [CMS-concurrent-preclean: 0.000/0.000 secs] [Times: user=0.00 sys=0.00, real=0.00 secs] 
2026-04-19T13:49:36.777+0530: 1569.240: [CMS-concurrent-abortable-preclean-start]
2026-04-19T13:49:36.777+0530: 1569.240: [CMS-concurrent-abortable-preclean: 0.000/0.000 secs] [Times: user=0.00 sys=0.00, real=0.00 secs] 
2026-04-19T13:49:36.777+0530: 1569.241: [GC (CMS Final Remark) [YG occupancy: 205361 K (471808 K)]2026-04-19T13:49:36.777+0530: 1569.241: [Rescan (parallel) , 0.0176336 secs]2026-04-19T13:49:36.795+0530: 1569.258: [weak refs processing, 0.0000332 secs]2026-04-19T13:49:36.795+0530: 1569.258: [class unloading, 0.0069984 secs]2026-04-19T13:49:36.802+0530: 1569.266: [scrub symbol table, 0.0041690 secs]2026-04-19T13:49:36.806+0530: 1569.270: [scrub string table, 0.0016770 secs][1 CMS-remark: 63K(64K)] 205425K(471872K), 0.0322541 secs] [Times: user=0.02 sys=0.00, real=0.03 secs] 
2026-04-19T13:49:36.809+0530: 1569.273: Total time for which application threads were stopped: 0.0324145 seconds, Stopping threads took: 0.0000181 seconds
2026-04-19T13:49:36.809+0530: 1569.273: [CMS-concurrent-sweep-start]
2026-04-19T13:49:36.810+0530: 1569.273: [CMS-concurrent-sweep: 0.000/0.000 secs] [Times: user=0.00 sys=0.00, real=0.00 secs] 
2026-04-19T13:49:36.810+0530: 1569.273: [CMS-concurrent-reset-start]
2026-04-19T13:49:36.810+0530: 1569.273: [CMS-concurrent-reset: 0.000/0.000 secs] [Times: user=0.00 sys=0.00, real=0.00 secs] 
2026-04-19T13:49:40.829+0530: 1573.292: Total time for which application threads were stopped: 0.0002513 seconds, Stopping threads took: 0.0000827 seconds
2026-04-19T13:49:43.859+0530: 1576.322: Total time for which application threads were stopped: 0.0001941 seconds, Stopping threads took: 0.0000497 seconds
2026-04-19T13:49:46.815+0530: 1579.278: [GC (CMS Initial Mark) [1 CMS-initial-mark: 63K(64K)] 206021K(471872K), 0.0197158 secs] [Times: user=0.01 sys=0.00, real=0.02 secs] 
2026-04-19T13:49:46.835+0530: 1579.298: Total time for which application threads were stopped: 0.0199968 seconds, Stopping threads took: 0.0000529 seconds
2026-04-19T13:49:46.835+0530: 1579.298: [CMS-concurrent-mark-start]
2026-04-19T13:49:46.835+0530: 1579.299: [CMS-concurrent-mark: 0.000/0.000 secs] [Times: user=0.00 sys=0.00, real=0.00 secs] 
2026-04-19T13:49:46.835+0530: 1579.299: [CMS-concurrent-preclean-start]
2026-04-19T13:49:46.836+0530: 1579.299: [CMS-concurrent-preclean: 0.000/0.000 secs] [Times: user=0.00 sys=0.00, real=0.00 secs] 
2026-04-19T13:49:46.836+0530: 1579.299: [CMS-concurrent-abortable-preclean-start]
2026-04-19T13:49:46.836+0530: 1579.299: [CMS-concurrent-abortable-preclean: 0.000/0.000 secs] [Times: user=0.00 sys=0.00, real=0.00 secs] 
2026-04-19T13:49:46.837+0530: 1579.300: [GC (CMS Final Remark) [YG occupancy: 205957 K (471808 K)]2026-04-19T13:49:46.837+0530: 1579.300: [Rescan (parallel) , 0.0269535 secs]2026-04-19T13:49:46.863+0530: 1579.327: [weak refs processing, 0.0000459 secs]2026-04-19T13:49:46.863+0530: 1579.327: [class unloading, 0.0104284 secs]2026-04-19T13:49:46.874+0530: 1579.337: [scrub symbol table, 0.0046033 secs]2026-04-19T13:49:46.878+0530: 1579.342: [scrub string table, 0.0018553 secs][1 CMS-remark: 63K(64K)] 206021K(471872K), 0.0456718 secs] [Times: user=0.30 sys=0.00, real=0.05 secs] 
2026-04-19T13:49:46.882+0530: 1579.345: Total time for which application threads were stopped: 0.0458494 seconds, Stopping threads took: 0.0000262 seconds
2026-04-19T13:49:46.882+0530: 1579.345: [CMS-concurrent-sweep-start]
2026-04-19T13:49:46.882+0530: 1579.345: [CMS-concurrent-sweep: 0.000/0.000 secs] [Times: user=0.00 sys=0.00, real=0.00 secs] 
2026-04-19T13:49:46.882+0530: 1579.346: [CMS-concurrent-reset-start]
2026-04-19T13:49:46.882+0530: 1579.346: [CMS-concurrent-reset: 0.000/0.000 secs] [Times: user=0.00 sys=0.00, real=0.00 secs] 
2026-04-19T13:49:56.890+0530: 1589.353: [GC (CMS Initial Mark) [1 CMS-initial-mark: 63K(64K)] 206327K(471872K), 0.0147710 secs] [Times: user=0.02 sys=0.00, real=0.01 secs] 
2026-04-19T13:49:56.904+0530: 1589.368: Total time for which application threads were stopped: 0.0151403 seconds, Stopping threads took: 0.0000663 seconds
2026-04-19T13:49:56.905+0530: 1589.368: [CMS-concurrent-mark-start]
2026-04-19T13:49:56.905+0530: 1589.369: [CMS-concurrent-mark: 0.001/0.001 secs] [Times: user=0.00 sys=0.00, real=0.00 secs] 
2026-04-19T13:49:56.905+0530: 1589.369: [CMS-concurrent-preclean-start]
2026-04-19T13:49:56.906+0530: 1589.369: [CMS-concurrent-preclean: 0.001/0.001 secs] [Times: user=0.00 sys=0.00, real=0.00 secs] 
2026-04-19T13:49:56.906+0530: 1589.369: [CMS-concurrent-abortable-preclean-start]
2026-04-19T13:49:56.906+0530: 1589.369: [CMS-concurrent-abortable-preclean: 0.000/0.000 secs] [Times: user=0.00 sys=0.00, real=0.00 secs] 
2026-04-19T13:49:56.906+0530: 1589.370: [GC (CMS Final Remark) [YG occupancy: 206263 K (471808 K)]2026-04-19T13:49:56.906+0530: 1589.370: [Rescan (parallel) , 0.0163110 secs]2026-04-19T13:49:56.923+0530: 1589.386: [weak refs processing, 0.0000485 secs]2026-04-19T13:49:56.924+0530: 1589.386: [class unloading, 0.0086967 secs]2026-04-19T13:49:56.932+0530: 1589.395: [scrub symbol table, 0.0040073 secs]2026-04-19T13:49:56.936+0530: 1589.399: [scrub string table, 0.0017695 secs][1 CMS-remark: 63K(64K)] 206327K(471872K), 0.0325884 secs] [Times: user=0.05 sys=0.00, real=0.03 secs] 
2026-04-19T13:49:56.939+0530: 1589.403: Total time for which application threads were stopped: 0.0327972 seconds, Stopping threads took: 0.0000363 seconds
2026-04-19T13:49:56.940+0530: 1589.403: [CMS-concurrent-sweep-start]
2026-04-19T13:49:56.940+0530: 1589.403: [CMS-concurrent-sweep: 0.000/0.000 secs] [Times: user=0.00 sys=0.00, real=0.00 secs] 
2026-04-19T13:49:56.940+0530: 1589.403: [CMS-concurrent-reset-start]
2026-04-19T13:49:56.940+0530: 1589.403: [CMS-concurrent-reset: 0.000/0.000 secs] [Times: user=0.00 sys=0.00, real=0.00 secs] 
2026-04-19T13:50:06.951+0530: 1599.414: [GC (CMS Initial Mark) [1 CMS-initial-mark: 63K(64K)] 206327K(471872K), 0.0130520 secs] [Times: user=0.02 sys=0.00, real=0.01 secs] 
2026-04-19T13:50:06.964+0530: 1599.428: Total time for which application threads were stopped: 0.0133730 seconds, Stopping threads took: 0.0000583 seconds
2026-04-19T13:50:06.964+0530: 1599.428: [CMS-concurrent-mark-start]
2026-04-19T13:50:06.965+0530: 1599.428: [CMS-concurrent-mark: 0.000/0.000 secs] [Times: user=0.00 sys=0.00, real=0.00 secs] 
2026-04-19T13:50:06.965+0530: 1599.428: [CMS-concurrent-preclean-start]
2026-04-19T13:50:06.966+0530: 1599.429: [CMS-concurrent-preclean: 0.001/0.001 secs] [Times: user=0.00 sys=0.00, real=0.00 secs] 
2026-04-19T13:50:06.966+0530: 1599.429: [CMS-concurrent-abortable-preclean-start]
2026-04-19T13:50:06.966+0530: 1599.429: [CMS-concurrent-abortable-preclean: 0.000/0.000 secs] [Times: user=0.00 sys=0.00, real=0.00 secs] 
2026-04-19T13:50:06.966+0530: 1599.429: [GC (CMS Final Remark) [YG occupancy: 206263 K (471808 K)]2026-04-19T13:50:06.966+0530: 1599.429: [Rescan (parallel) , 0.0162015 secs]2026-04-19T13:50:06.982+0530: 1599.446: [weak refs processing, 0.0000354 secs]2026-04-19T13:50:06.982+0530: 1599.446: [class unloading, 0.0074607 secs]2026-04-19T13:50:06.990+0530: 1599.453: [scrub symbol table, 0.0041679 secs]2026-04-19T13:50:06.994+0530: 1599.457: [scrub string table, 0.0016478 secs][1 CMS-remark: 63K(64K)] 206327K(471872K), 0.0311905 secs] [Times: user=0.03 sys=0.00, real=0.03 secs] 
2026-04-19T13:50:06.997+0530: 1599.460: Total time for which application threads were stopped: 0.0313970 seconds, Stopping threads took: 0.0000419 seconds
2026-04-19T13:50:06.997+0530: 1599.461: [CMS-concurrent-sweep-start]
2026-04-19T13:50:06.997+0530: 1599.461: [CMS-concurrent-sweep: 0.000/0.000 secs] [Times: user=0.00 sys=0.00, real=0.00 secs] 
2026-04-19T13:50:06.997+0530: 1599.461: [CMS-concurrent-reset-start]
2026-04-19T13:50:06.997+0530: 1599.461: [CMS-concurrent-reset: 0.000/0.000 secs] [Times: user=0.00 sys=0.00, real=0.00 secs] 
2026-04-19T13:50:08.009+0530: 1600.472: Total time for which application threads were stopped: 0.0002080 seconds, Stopping threads took: 0.0000876 seconds
2026-04-19T13:50:16.999+0530: 1609.462: [GC (CMS Initial Mark) [1 CMS-initial-mark: 63K(64K)] 208422K(471872K), 0.0139556 secs] [Times: user=0.01 sys=0.00, real=0.01 secs] 
2026-04-19T13:50:17.013+0530: 1609.476: Total time for which application threads were stopped: 0.0142623 seconds, Stopping threads took: 0.0000676 seconds
2026-04-19T13:50:17.013+0530: 1609.476: [CMS-concurrent-mark-start]
2026-04-19T13:50:17.014+0530: 1609.477: [CMS-concurrent-mark: 0.001/0.001 secs] [Times: user=0.00 sys=0.00, real=0.00 secs] 
2026-04-19T13:50:17.014+0530: 1609.477: [CMS-concurrent-preclean-start]
2026-04-19T13:50:17.014+0530: 1609.477: [CMS-concurrent-preclean: 0.000/0.000 secs] [Times: user=0.00 sys=0.00, real=0.00 secs] 
2026-04-19T13:50:17.014+0530: 1609.477: [CMS-concurrent-abortable-preclean-start]
2026-04-19T13:50:17.014+0530: 1609.477: [CMS-concurrent-abortable-preclean: 0.000/0.000 secs] [Times: user=0.00 sys=0.00, real=0.00 secs] 
2026-04-19T13:50:17.015+0530: 1609.478: [GC (CMS Final Remark) [YG occupancy: 208359 K (471808 K)]2026-04-19T13:50:17.015+0530: 1609.478: [Rescan (parallel) , 0.0166158 secs]2026-04-19T13:50:17.031+0530: 1609.494: [weak refs processing, 0.0000324 secs]2026-04-19T13:50:17.031+0530: 1609.494: [class unloading, 0.0070236 secs]2026-04-19T13:50:17.038+0530: 1609.501: [scrub symbol table, 0.0042597 secs]2026-04-19T13:50:17.042+0530: 1609.506: [scrub string table, 0.0017390 secs][1 CMS-remark: 63K(64K)] 208422K(471872K), 0.0314951 secs] [Times: user=0.03 sys=0.00, real=0.03 secs] 
2026-04-19T13:50:17.046+0530: 1609.509: Total time for which application threads were stopped: 0.0318948 seconds, Stopping threads took: 0.0000250 seconds
2026-04-19T13:50:17.046+0530: 1609.509: [CMS-concurrent-sweep-start]
2026-04-19T13:50:17.046+0530: 1609.509: [CMS-concurrent-sweep: 0.000/0.000 secs] [Times: user=0.00 sys=0.00, real=0.00 secs] 
2026-04-19T13:50:17.046+0530: 1609.509: [CMS-concurrent-reset-start]
2026-04-19T13:50:17.046+0530: 1609.509: [CMS-concurrent-reset: 0.000/0.000 secs] [Times: user=0.00 sys=0.00, real=0.00 secs] 
2026-04-19T13:50:23.104+0530: 1615.567: Total time for which application threads were stopped: 0.0001630 seconds, Stopping threads took: 0.0000559 seconds
2026-04-19T13:50:27.052+0530: 1619.516: [GC (CMS Initial Mark) [1 CMS-initial-mark: 63K(64K)] 209726K(471872K), 0.0179996 secs] [Times: user=0.26 sys=0.00, real=0.02 secs] 
2026-04-19T13:50:27.070+0530: 1619.534: Total time for which application threads were stopped: 0.0183426 seconds, Stopping threads took: 0.0000713 seconds
2026-04-19T13:50:27.070+0530: 1619.534: [CMS-concurrent-mark-start]
2026-04-19T13:50:27.071+0530: 1619.534: [CMS-concurrent-mark: 0.000/0.000 secs] [Times: user=0.00 sys=0.00, real=0.00 secs] 
2026-04-19T13:50:27.071+0530: 1619.534: [CMS-concurrent-preclean-start]
2026-04-19T13:50:27.071+0530: 1619.535: [CMS-concurrent-preclean: 0.000/0.000 secs] [Times: user=0.00 sys=0.00, real=0.00 secs] 
2026-04-19T13:50:27.071+0530: 1619.535: [CMS-concurrent-abortable-preclean-start]
2026-04-19T13:50:27.071+0530: 1619.535: [CMS-concurrent-abortable-preclean: 0.000/0.000 secs] [Times: user=0.00 sys=0.00, real=0.00 secs] 
2026-04-19T13:50:27.071+0530: 1619.535: [GC (CMS Final Remark) [YG occupancy: 209662 K (471808 K)]2026-04-19T13:50:27.072+0530: 1619.535: [Rescan (parallel) , 0.0281484 secs]2026-04-19T13:50:27.100+0530: 1619.563: [weak refs processing, 0.0000366 secs]2026-04-19T13:50:27.100+0530: 1619.564: [class unloading, 0.0106622 secs]2026-04-19T13:50:27.110+0530: 1619.574: [scrub symbol table, 0.0048649 secs]2026-04-19T13:50:27.116+0530: 1619.579: [scrub string table, 0.0018417 secs][1 CMS-remark: 63K(64K)] 209726K(471872K), 0.0474289 secs] [Times: user=0.25 sys=0.00, real=0.05 secs] 
2026-04-19T13:50:27.119+0530: 1619.583: Total time for which application threads were stopped: 0.0476260 seconds, Stopping threads took: 0.0000311 seconds
2026-04-19T13:50:27.120+0530: 1619.583: [CMS-concurrent-sweep-start]
2026-04-19T13:50:27.120+0530: 1619.583: [CMS-concurrent-sweep: 0.000/0.000 secs] [Times: user=0.00 sys=0.00, real=0.00 secs] 
2026-04-19T13:50:27.120+0530: 1619.583: [CMS-concurrent-reset-start]
2026-04-19T13:50:27.120+0530: 1619.583: [CMS-concurrent-reset: 0.000/0.000 secs] [Times: user=0.00 sys=0.00, real=0.00 secs] 
2026-04-19T13:50:37.126+0530: 1629.589: [GC (CMS Initial Mark) [1 CMS-initial-mark: 63K(64K)] 209726K(471872K), 0.0120456 secs] [Times: user=0.02 sys=0.00, real=0.01 secs] 
2026-04-19T13:50:37.139+0530: 1629.602: Total time for which application threads were stopped: 0.0122367 seconds, Stopping threads took: 0.0000319 seconds
2026-04-19T13:50:37.139+0530: 1629.602: [CMS-concurrent-mark-start]
2026-04-19T13:50:37.139+0530: 1629.602: [CMS-concurrent-mark: 0.000/0.000 secs] [Times: user=0.00 sys=0.00, real=0.00 secs] 
2026-04-19T13:50:37.139+0530: 1629.602: [CMS-concurrent-preclean-start]
2026-04-19T13:50:37.140+0530: 1629.602: [CMS-concurrent-preclean: 0.000/0.000 secs] [Times: user=0.00 sys=0.00, real=0.00 secs] 
2026-04-19T13:50:37.140+0530: 1629.603: [CMS-concurrent-abortable-preclean-start]
2026-04-19T13:50:37.140+0530: 1629.603: [CMS-concurrent-abortable-preclean: 0.000/0.000 secs] [Times: user=0.00 sys=0.00, real=0.00 secs] 
2026-04-19T13:50:37.140+0530: 1629.603: [GC (CMS Final Remark) [YG occupancy: 209662 K (471808 K)]2026-04-19T13:50:37.140+0530: 1629.603: [Rescan (parallel) , 0.0190670 secs]2026-04-19T13:50:37.159+0530: 1629.622: [weak refs processing, 0.0000293 secs]2026-04-19T13:50:37.159+0530: 1629.622: [class unloading, 0.0089677 secs]2026-04-19T13:50:37.168+0530: 1629.631: [scrub symbol table, 0.0045995 secs]2026-04-19T13:50:37.173+0530: 1629.636: [scrub string table, 0.0022745 secs][1 CMS-remark: 63K(64K)] 209726K(471872K), 0.0367391 secs] [Times: user=0.03 sys=0.00, real=0.04 secs] 
2026-04-19T13:50:37.176+0530: 1629.640: Total time for which application threads were stopped: 0.0369050 seconds, Stopping threads took: 0.0000274 seconds
2026-04-19T13:50:37.177+0530: 1629.640: [CMS-concurrent-sweep-start]
2026-04-19T13:50:37.177+0530: 1629.640: [CMS-concurrent-sweep: 0.000/0.000 secs] [Times: user=0.00 sys=0.00, real=0.00 secs] 
2026-04-19T13:50:37.177+0530: 1629.640: [CMS-concurrent-reset-start]
2026-04-19T13:50:37.177+0530: 1629.640: [CMS-concurrent-reset: 0.000/0.000 secs] [Times: user=0.00 sys=0.00, real=0.00 secs] 
2026-04-19T13:50:40.196+0530: 1632.659: Total time for which application threads were stopped: 0.0002227 seconds, Stopping threads took: 0.0000639 seconds
2026-04-19T13:50:43.234+0530: 1635.697: Total time for which application threads were stopped: 0.0002664 seconds, Stopping threads took: 0.0000855 seconds
2026-04-19T13:50:47.187+0530: 1639.651: [GC (CMS Initial Mark) [1 CMS-initial-mark: 63K(64K)] 210299K(471872K), 0.0189247 secs] [Times: user=0.02 sys=0.00, real=0.02 secs] 
2026-04-19T13:50:47.206+0530: 1639.670: Total time for which application threads were stopped: 0.0192795 seconds, Stopping threads took: 0.0000678 seconds
2026-04-19T13:50:47.206+0530: 1639.670: [CMS-concurrent-mark-start]
2026-04-19T13:50:47.207+0530: 1639.670: [CMS-concurrent-mark: 0.001/0.001 secs] [Times: user=0.00 sys=0.00, real=0.00 secs] 
2026-04-19T13:50:47.207+0530: 1639.671: [CMS-concurrent-preclean-start]
2026-04-19T13:50:47.207+0530: 1639.671: [CMS-concurrent-preclean: 0.001/0.001 secs] [Times: user=0.00 sys=0.00, real=0.00 secs] 
2026-04-19T13:50:47.207+0530: 1639.671: [CMS-concurrent-abortable-preclean-start]
2026-04-19T13:50:47.207+0530: 1639.671: [CMS-concurrent-abortable-preclean: 0.000/0.000 secs] [Times: user=0.00 sys=0.00, real=0.00 secs] 
2026-04-19T13:50:47.208+0530: 1639.671: [GC (CMS Final Remark) [YG occupancy: 210235 K (471808 K)]2026-04-19T13:50:47.208+0530: 1639.672: [Rescan (parallel) , 0.0259926 secs]2026-04-19T13:50:47.234+0530: 1639.698: [weak refs processing, 0.0000441 secs]2026-04-19T13:50:47.234+0530: 1639.698: [class unloading, 0.0100918 secs]2026-04-19T13:50:47.245+0530: 1639.708: [scrub symbol table, 0.0044266 secs]2026-04-19T13:50:47.249+0530: 1639.712: [scrub string table, 0.0020887 secs][1 CMS-remark: 63K(64K)] 210299K(471872K), 0.0444889 secs] [Times: user=0.30 sys=0.00, real=0.05 secs] 
2026-04-19T13:50:47.253+0530: 1639.716: Total time for which application threads were stopped: 0.0446914 seconds, Stopping threads took: 0.0000371 seconds
2026-04-19T13:50:47.253+0530: 1639.716: [CMS-concurrent-sweep-start]
2026-04-19T13:50:47.253+0530: 1639.716: [CMS-concurrent-sweep: 0.000/0.000 secs] [Times: user=0.00 sys=0.00, real=0.00 secs] 
2026-04-19T13:50:47.253+0530: 1639.716: [CMS-concurrent-reset-start]
2026-04-19T13:50:47.253+0530: 1639.716: [CMS-concurrent-reset: 0.000/0.000 secs] [Times: user=0.00 sys=0.00, real=0.00 secs] 
2026-04-19T13:50:57.262+0530: 1649.726: [GC (CMS Initial Mark) [1 CMS-initial-mark: 63K(64K)] 210451K(471872K), 0.0135524 secs] [Times: user=0.00 sys=0.00, real=0.01 secs] 
2026-04-19T13:50:57.276+0530: 1649.739: Total time for which application threads were stopped: 0.0139358 seconds, Stopping threads took: 0.0001101 seconds
2026-04-19T13:50:57.276+0530: 1649.739: [CMS-concurrent-mark-start]
2026-04-19T13:50:57.277+0530: 1649.740: [CMS-concurrent-mark: 0.001/0.001 secs] [Times: user=0.00 sys=0.01, real=0.00 secs] 
2026-04-19T13:50:57.277+0530: 1649.740: [CMS-concurrent-preclean-start]
2026-04-19T13:50:57.278+0530: 1649.741: [CMS-concurrent-preclean: 0.001/0.001 secs] [Times: user=0.00 sys=0.00, real=0.00 secs] 
2026-04-19T13:50:57.278+0530: 1649.741: [CMS-concurrent-abortable-preclean-start]
2026-04-19T13:50:57.278+0530: 1649.741: [CMS-concurrent-abortable-preclean: 0.000/0.000 secs] [Times: user=0.00 sys=0.00, real=0.00 secs] 
2026-04-19T13:50:57.278+0530: 1649.741: [GC (CMS Final Remark) [YG occupancy: 210387 K (471808 K)]2026-04-19T13:50:57.278+0530: 1649.741: [Rescan (parallel) , 0.0156341 secs]2026-04-19T13:50:57.293+0530: 1649.757: [weak refs processing, 0.0000270 secs]2026-04-19T13:50:57.293+0530: 1649.757: [class unloading, 0.0077648 secs]2026-04-19T13:50:57.301+0530: 1649.765: [scrub symbol table, 0.0041616 secs]2026-04-19T13:50:57.306+0530: 1649.769: [scrub string table, 0.0018468 secs][1 CMS-remark: 63K(64K)] 210451K(471872K), 0.0312685 secs] [Times: user=0.00 sys=0.00, real=0.03 secs] 
2026-04-19T13:50:57.309+0530: 1649.772: Total time for which application threads were stopped: 0.0314728 seconds, Stopping threads took: 0.0000334 seconds
2026-04-19T13:50:57.309+0530: 1649.773: [CMS-concurrent-sweep-start]
2026-04-19T13:50:57.309+0530: 1649.773: [CMS-concurrent-sweep: 0.000/0.000 secs] [Times: user=0.00 sys=0.00, real=0.00 secs] 
2026-04-19T13:50:57.309+0530: 1649.773: [CMS-concurrent-reset-start]
2026-04-19T13:50:57.309+0530: 1649.773: [CMS-concurrent-reset: 0.000/0.000 secs] [Times: user=0.00 sys=0.00, real=0.00 secs] 
2026-04-19T13:50:58.323+0530: 1650.786: Total time for which application threads were stopped: 0.0001593 seconds, Stopping threads took: 0.0000518 seconds
2026-04-19T13:51:07.313+0530: 1659.776: [GC (CMS Initial Mark) [1 CMS-initial-mark: 63K(64K)] 210736K(471872K), 0.0134254 secs] [Times: user=0.01 sys=0.00, real=0.01 secs] 
2026-04-19T13:51:07.325+0530: 1659.789: Total time for which application threads were stopped: 0.0137108 seconds, Stopping threads took: 0.0000545 seconds
2026-04-19T13:51:07.325+0530: 1659.789: [CMS-concurrent-mark-start]
2026-04-19T13:51:07.327+0530: 1659.790: [CMS-concurrent-mark: 0.000/0.000 secs] [Times: user=0.00 sys=0.00, real=0.00 secs] 
2026-04-19T13:51:07.327+0530: 1659.790: [CMS-concurrent-preclean-start]
2026-04-19T13:51:07.327+0530: 1659.790: [CMS-concurrent-preclean: 0.001/0.001 secs] [Times: user=0.00 sys=0.00, real=0.00 secs] 
2026-04-19T13:51:07.327+0530: 1659.790: [CMS-concurrent-abortable-preclean-start]
2026-04-19T13:51:07.327+0530: 1659.790: [CMS-concurrent-abortable-preclean: 0.000/0.000 secs] [Times: user=0.00 sys=0.00, real=0.00 secs] 
2026-04-19T13:51:07.328+0530: 1659.791: [GC (CMS Final Remark) [YG occupancy: 210672 K (471808 K)]2026-04-19T13:51:07.328+0530: 1659.791: [Rescan (parallel) , 0.0179612 secs]2026-04-19T13:51:07.345+0530: 1659.809: [weak refs processing, 0.0000282 secs]2026-04-19T13:51:07.345+0530: 1659.809: [class unloading, 0.0076114 secs]2026-04-19T13:51:07.353+0530: 1659.816: [scrub symbol table, 0.0042518 secs]2026-04-19T13:51:07.357+0530: 1659.821: [scrub string table, 0.0017406 secs][1 CMS-remark: 63K(64K)] 210736K(471872K), 0.0333468 secs] [Times: user=0.05 sys=0.00, real=0.03 secs] 
2026-04-19T13:51:07.361+0530: 1659.824: Total time for which application threads were stopped: 0.0335221 seconds, Stopping threads took: 0.0000177 seconds
2026-04-19T13:51:07.361+0530: 1659.824: [CMS-concurrent-sweep-start]
2026-04-19T13:51:07.361+0530: 1659.824: [CMS-concurrent-sweep: 0.000/0.000 secs] [Times: user=0.00 sys=0.00, real=0.00 secs] 
2026-04-19T13:51:07.361+0530: 1659.824: [CMS-concurrent-reset-start]
2026-04-19T13:51:07.361+0530: 1659.824: [CMS-concurrent-reset: 0.000/0.000 secs] [Times: user=0.00 sys=0.00, real=0.00 secs] 
2026-04-19T13:51:17.362+0530: 1669.826: [GC (CMS Initial Mark) [1 CMS-initial-mark: 63K(64K)] 210736K(471872K), 0.0178307 secs] [Times: user=0.02 sys=0.00, real=0.02 secs] 
2026-04-19T13:51:17.380+0530: 1669.843: Total time for which application threads were stopped: 0.0181187 seconds, Stopping threads took: 0.0000536 seconds
2026-04-19T13:51:17.380+0530: 1669.844: [CMS-concurrent-mark-start]
2026-04-19T13:51:17.380+0530: 1669.844: [CMS-concurrent-mark: 0.000/0.000 secs] [Times: user=0.00 sys=0.00, real=0.00 secs] 
2026-04-19T13:51:17.380+0530: 1669.844: [CMS-concurrent-preclean-start]
2026-04-19T13:51:17.381+0530: 1669.844: [CMS-concurrent-preclean: 0.000/0.000 secs] [Times: user=0.00 sys=0.00, real=0.00 secs] 
2026-04-19T13:51:17.381+0530: 1669.844: [CMS-concurrent-abortable-preclean-start]
2026-04-19T13:51:17.381+0530: 1669.844: [CMS-concurrent-abortable-preclean: 0.000/0.000 secs] [Times: user=0.00 sys=0.00, real=0.00 secs] 
2026-04-19T13:51:17.381+0530: 1669.845: [GC (CMS Final Remark) [YG occupancy: 210672 K (471808 K)]2026-04-19T13:51:17.381+0530: 1669.845: [Rescan (parallel) , 0.0272795 secs]2026-04-19T13:51:17.409+0530: 1669.872: [weak refs processing, 0.0000481 secs]2026-04-19T13:51:17.409+0530: 1669.872: [class unloading, 0.0107238 secs]2026-04-19T13:51:17.419+0530: 1669.883: [scrub symbol table, 0.0049049 secs]2026-04-19T13:51:17.424+0530: 1669.888: [scrub string table, 0.0018162 secs][1 CMS-remark: 63K(64K)] 210736K(471872K), 0.0466100 secs] [Times: user=0.30 sys=0.00, real=0.05 secs] 
2026-04-19T13:51:17.428+0530: 1669.891: Total time for which application threads were stopped: 0.0468153 seconds, Stopping threads took: 0.0000386 seconds
2026-04-19T13:51:17.429+0530: 1669.892: [CMS-concurrent-sweep-start]
2026-04-19T13:51:17.429+0530: 1669.892: [CMS-concurrent-sweep: 0.000/0.000 secs] [Times: user=0.00 sys=0.00, real=0.00 secs] 
2026-04-19T13:51:17.429+0530: 1669.892: [CMS-concurrent-reset-start]
2026-04-19T13:51:17.429+0530: 1669.892: [CMS-concurrent-reset: 0.000/0.000 secs] [Times: user=0.00 sys=0.00, real=0.00 secs] 
2026-04-19T13:51:27.442+0530: 1679.905: [GC (CMS Initial Mark) [1 CMS-initial-mark: 63K(64K)] 210889K(471872K), 0.0138784 secs] [Times: user=0.03 sys=0.00, real=0.01 secs] 
2026-04-19T13:51:27.456+0530: 1679.919: Total time for which application threads were stopped: 0.0141534 seconds, Stopping threads took: 0.0000468 seconds
2026-04-19T13:51:27.456+0530: 1679.919: [CMS-concurrent-mark-start]
2026-04-19T13:51:27.457+0530: 1679.920: [CMS-concurrent-mark: 0.001/0.001 secs] [Times: user=0.00 sys=0.00, real=0.00 secs] 
2026-04-19T13:51:27.457+0530: 1679.920: [CMS-concurrent-preclean-start]
2026-04-19T13:51:27.457+0530: 1679.920: [CMS-concurrent-preclean: 0.000/0.000 secs] [Times: user=0.00 sys=0.00, real=0.00 secs] 
2026-04-19T13:51:27.457+0530: 1679.920: [CMS-concurrent-abortable-preclean-start]
2026-04-19T13:51:27.457+0530: 1679.920: [CMS-concurrent-abortable-preclean: 0.000/0.000 secs] [Times: user=0.00 sys=0.00, real=0.00 secs] 
2026-04-19T13:51:27.457+0530: 1679.920: [GC (CMS Final Remark) [YG occupancy: 210825 K (471808 K)]2026-04-19T13:51:27.457+0530: 1679.920: [Rescan (parallel) , 0.0170317 secs]2026-04-19T13:51:27.474+0530: 1679.937: [weak refs processing, 0.0000355 secs]2026-04-19T13:51:27.474+0530: 1679.938: [class unloading, 0.0089287 secs]2026-04-19T13:51:27.484+0530: 1679.947: [scrub symbol table, 0.0043358 secs]2026-04-19T13:51:27.487+0530: 1679.951: [scrub string table, 0.0018650 secs][1 CMS-remark: 63K(64K)] 210889K(471872K), 0.0340756 secs] [Times: user=0.25 sys=0.00, real=0.03 secs] 
2026-04-19T13:51:27.491+0530: 1679.955: Total time for which application threads were stopped: 0.0342493 seconds, Stopping threads took: 0.0000182 seconds
2026-04-19T13:51:27.492+0530: 1679.955: [CMS-concurrent-sweep-start]
2026-04-19T13:51:27.492+0530: 1679.955: [CMS-concurrent-sweep: 0.000/0.000 secs] [Times: user=0.00 sys=0.00, real=0.00 secs] 
2026-04-19T13:51:27.492+0530: 1679.955: [CMS-concurrent-reset-start]
2026-04-19T13:51:27.492+0530: 1679.955: [CMS-concurrent-reset: 0.000/0.000 secs] [Times: user=0.00 sys=0.00, real=0.00 secs] 
2026-04-19T13:51:37.495+0530: 1689.958: [GC (CMS Initial Mark) [1 CMS-initial-mark: 63K(64K)] 211042K(471872K), 0.0247955 secs] [Times: user=0.02 sys=0.00, real=0.03 secs] 
2026-04-19T13:51:37.520+0530: 1689.983: Total time for which application threads were stopped: 0.0252343 seconds, Stopping threads took: 0.0000466 seconds
2026-04-19T13:51:37.520+0530: 1689.984: [CMS-concurrent-mark-start]
2026-04-19T13:51:37.521+0530: 1689.984: [CMS-concurrent-mark: 0.001/0.001 secs] [Times: user=0.00 sys=0.00, real=0.00 secs] 
2026-04-19T13:51:37.521+0530: 1689.984: [CMS-concurrent-preclean-start]
2026-04-19T13:51:37.522+0530: 1689.985: [CMS-concurrent-preclean: 0.001/0.001 secs] [Times: user=0.00 sys=0.00, real=0.00 secs] 
2026-04-19T13:51:37.522+0530: 1689.985: [CMS-concurrent-abortable-preclean-start]
2026-04-19T13:51:37.522+0530: 1689.985: [CMS-concurrent-abortable-preclean: 0.000/0.000 secs] [Times: user=0.00 sys=0.00, real=0.00 secs] 
2026-04-19T13:51:37.522+0530: 1689.986: [GC (CMS Final Remark) [YG occupancy: 210978 K (471808 K)]2026-04-19T13:51:37.522+0530: 1689.986: [Rescan (parallel) , 0.0285212 secs]2026-04-19T13:51:37.550+0530: 1690.014: [weak refs processing, 0.0000277 secs]2026-04-19T13:51:37.550+0530: 1690.014: [class unloading, 0.0120459 secs]2026-04-19T13:51:37.564+0530: 1690.026: [scrub symbol table, 0.0078425 secs]2026-04-19T13:51:37.571+0530: 1690.034: [scrub string table, 0.0028787 secs][1 CMS-remark: 63K(64K)] 211042K(471872K), 0.0541108 secs] [Times: user=0.31 sys=0.00, real=0.05 secs] 
2026-04-19T13:51:37.576+0530: 1690.040: Total time for which application threads were stopped: 0.0543337 seconds, Stopping threads took: 0.0000266 seconds
2026-04-19T13:51:37.577+0530: 1690.040: [CMS-concurrent-sweep-start]
2026-04-19T13:51:37.577+0530: 1690.041: [CMS-concurrent-sweep: 0.000/0.000 secs] [Times: user=0.00 sys=0.00, real=0.00 secs] 
2026-04-19T13:51:37.577+0530: 1690.041: [CMS-concurrent-reset-start]
2026-04-19T13:51:37.577+0530: 1690.041: [CMS-concurrent-reset: 0.000/0.000 secs] [Times: user=0.00 sys=0.00, real=0.00 secs] 
2026-04-19T13:51:47.578+0530: 1700.041: [GC (CMS Initial Mark) [1 CMS-initial-mark: 63K(64K)] 211177K(471872K), 0.0184897 secs] [Times: user=0.02 sys=0.00, real=0.02 secs] 
2026-04-19T13:51:47.596+0530: 1700.059: Total time for which application threads were stopped: 0.0187644 seconds, Stopping threads took: 0.0000436 seconds
2026-04-19T13:51:47.596+0530: 1700.059: [CMS-concurrent-mark-start]
2026-04-19T13:51:47.596+0530: 1700.060: [CMS-concurrent-mark: 0.000/0.000 secs] [Times: user=0.00 sys=0.00, real=0.00 secs] 
2026-04-19T13:51:47.596+0530: 1700.060: [CMS-concurrent-preclean-start]
2026-04-19T13:51:47.597+0530: 1700.060: [CMS-concurrent-preclean: 0.000/0.000 secs] [Times: user=0.00 sys=0.00, real=0.00 secs] 
2026-04-19T13:51:47.597+0530: 1700.060: [CMS-concurrent-abortable-preclean-start]
2026-04-19T13:51:47.597+0530: 1700.060: [CMS-concurrent-abortable-preclean: 0.000/0.000 secs] [Times: user=0.00 sys=0.00, real=0.00 secs] 
2026-04-19T13:51:47.598+0530: 1700.061: [GC (CMS Final Remark) [YG occupancy: 211113 K (471808 K)]2026-04-19T13:51:47.598+0530: 1700.061: [Rescan (parallel) , 0.0268309 secs]2026-04-19T13:51:47.625+0530: 1700.088: [weak refs processing, 0.0000315 secs]2026-04-19T13:51:47.625+0530: 1700.088: [class unloading, 0.0086021 secs]2026-04-19T13:51:47.633+0530: 1700.096: [scrub symbol table, 0.0042330 secs]2026-04-19T13:51:47.637+0530: 1700.101: [scrub string table, 0.0017079 secs][1 CMS-remark: 63K(64K)] 211177K(471872K), 0.0431396 secs] [Times: user=0.30 sys=0.00, real=0.04 secs] 
2026-04-19T13:51:47.641+0530: 1700.104: Total time for which application threads were stopped: 0.0433516 seconds, Stopping threads took: 0.0000374 seconds
2026-04-19T13:51:47.641+0530: 1700.104: [CMS-concurrent-sweep-start]
2026-04-19T13:51:47.641+0530: 1700.104: [CMS-concurrent-sweep: 0.000/0.000 secs] [Times: user=0.00 sys=0.00, real=0.00 secs] 
2026-04-19T13:51:47.641+0530: 1700.104: [CMS-concurrent-reset-start]
2026-04-19T13:51:47.641+0530: 1700.104: [CMS-concurrent-reset: 0.000/0.000 secs] [Times: user=0.00 sys=0.00, real=0.00 secs] 
