Java HotSpot(TM) 64-Bit Server VM (25.481-b10) for windows-amd64 JRE (1.8.0_481-b10), built on Dec 18 2025 12:18:00 by "java_re" with MS VC++ 17.6 (VS2022)
Memory: 4k page, physical 16437444k(5250860k free), swap 24301764k(6096800k free)
CommandLine flags: -XX:+AlwaysPreTouch -XX:+CMSClassUnloadingEnabled -XX:+CMSEdenChunksRecordAlways -XX:CMSInitiatingOccupancyFraction=75 -XX:+CMSParallelInitialMarkEnabled -XX:+CMSParallelRemarkEnabled -XX:CMSWaitDuration=10000 -XX:CompileCommandFile=C:\10Node\Node2\apache-cassandra-3.11.11\conf\hotspot_compiler -XX:GCLogFileSize=10485760 -XX:+HeapDumpOnOutOfMemoryError -XX:InitialHeapSize=536870912 -XX:InitialTenuringThreshold=1 -XX:MaxHeapSize=536870912 -XX:MaxNewSize=1073741824 -XX:MaxTenuringThreshold=1 -XX:NewSize=1073741824 -XX:NumberOfGCLogFiles=10 -XX:OldPLABSize=16 -XX:OnOutOfMemoryError=taskkill /F /PID %p -XX:+PerfDisableSharedMem -XX:+PrintGC -XX:+PrintGCApplicationStoppedTime -XX:+PrintGCDateStamps -XX:+PrintGCDetails -XX:+PrintGCTimeStamps -XX:+PrintHeapAtGC -XX:+PrintPromotionFailure -XX:+PrintTenuringDistribution -XX:+ResizeTLAB -XX:StringTableSize=1000003 -XX:SurvivorRatio=8 -XX:ThreadPriorityPolicy=42 -XX:ThreadStackSize=256 -XX:-UseBiasedLocking -XX:+UseCMSInitiatingOccupancyOnly -XX:+UseCompressedClassPointers -XX:+UseCompressedOops -XX:+UseConcMarkSweepGC -XX:+UseCondCardMark -XX:+UseGCLogFileRotation -XX:-UseLargePagesIndividualAllocation -XX:-UseNUMA -XX:+UseParNewGC -XX:+UseTLAB -XX:+UseThreadPriorities 
2026-04-20T14:21:58.250+0530: 1.158: Total time for which application threads were stopped: 0.0001498 seconds, Stopping threads took: 0.0000362 seconds
2026-04-20T14:21:59.129+0530: 2.037: Total time for which application threads were stopped: 0.0000854 seconds, Stopping threads took: 0.0000151 seconds
2026-04-20T14:21:59.411+0530: 2.319: Total time for which application threads were stopped: 0.0001607 seconds, Stopping threads took: 0.0000184 seconds
2026-04-20T14:21:59.446+0530: 2.354: Total time for which application threads were stopped: 0.0001778 seconds, Stopping threads took: 0.0000285 seconds
2026-04-20T14:21:59.546+0530: 2.453: Total time for which application threads were stopped: 0.0002836 seconds, Stopping threads took: 0.0000426 seconds
2026-04-20T14:21:59.966+0530: 2.877: Total time for which application threads were stopped: 0.0005035 seconds, Stopping threads took: 0.0000587 seconds
2026-04-20T14:21:59.972+0530: 2.879: Total time for which application threads were stopped: 0.0001460 seconds, Stopping threads took: 0.0000246 seconds
2026-04-20T14:22:00.977+0530: 3.884: Total time for which application threads were stopped: 0.0001942 seconds, Stopping threads took: 0.0000375 seconds
2026-04-20T14:22:01.200+0530: 4.107: Total time for which application threads were stopped: 0.0006239 seconds, Stopping threads took: 0.0001305 seconds
2026-04-20T14:22:01.337+0530: 4.244: Total time for which application threads were stopped: 0.0004764 seconds, Stopping threads took: 0.0000737 seconds
2026-04-20T14:22:01.360+0530: 4.268: Total time for which application threads were stopped: 0.0005222 seconds, Stopping threads took: 0.0001071 seconds
2026-04-20T14:22:01.413+0530: 4.320: Total time for which application threads were stopped: 0.0003644 seconds, Stopping threads took: 0.0001887 seconds
2026-04-20T14:22:01.418+0530: 4.326: Total time for which application threads were stopped: 0.0004516 seconds, Stopping threads took: 0.0000477 seconds
2026-04-20T14:22:01.429+0530: 4.337: Total time for which application threads were stopped: 0.0004071 seconds, Stopping threads took: 0.0001812 seconds
2026-04-20T14:22:01.433+0530: 4.341: Total time for which application threads were stopped: 0.0006667 seconds, Stopping threads took: 0.0002055 seconds
2026-04-20T14:22:01.444+0530: 4.352: Total time for which application threads were stopped: 0.0005006 seconds, Stopping threads took: 0.0000701 seconds
2026-04-20T14:22:01.564+0530: 4.472: Total time for which application threads were stopped: 0.0002720 seconds, Stopping threads took: 0.0000356 seconds
2026-04-20T14:22:01.643+0530: 4.550: Total time for which application threads were stopped: 0.0006536 seconds, Stopping threads took: 0.0000885 seconds
2026-04-20T14:22:01.742+0530: 4.649: Total time for which application threads were stopped: 0.0005878 seconds, Stopping threads took: 0.0001069 seconds
2026-04-20T14:22:01.747+0530: 4.654: Total time for which application threads were stopped: 0.0003388 seconds, Stopping threads took: 0.0000828 seconds
2026-04-20T14:22:01.826+0530: 4.733: Total time for which application threads were stopped: 0.0002774 seconds, Stopping threads took: 0.0000823 seconds
2026-04-20T14:22:01.883+0530: 4.790: Total time for which application threads were stopped: 0.0001732 seconds, Stopping threads took: 0.0000426 seconds
2026-04-20T14:22:01.977+0530: 4.884: Total time for which application threads were stopped: 0.0002460 seconds, Stopping threads took: 0.0000769 seconds
2026-04-20T14:22:02.148+0530: 5.056: Total time for which application threads were stopped: 0.0002776 seconds, Stopping threads took: 0.0001075 seconds
2026-04-20T14:22:02.245+0530: 5.154: Total time for which application threads were stopped: 0.0001829 seconds, Stopping threads took: 0.0000432 seconds
2026-04-20T14:22:02.287+0530: 5.194: Total time for which application threads were stopped: 0.0002051 seconds, Stopping threads took: 0.0000358 seconds
2026-04-20T14:22:02.369+0530: 5.277: Total time for which application threads were stopped: 0.0002866 seconds, Stopping threads took: 0.0000582 seconds
2026-04-20T14:22:02.579+0530: 5.486: Total time for which application threads were stopped: 0.0002009 seconds, Stopping threads took: 0.0000325 seconds
2026-04-20T14:22:02.670+0530: 5.578: Total time for which application threads were stopped: 0.0002426 seconds, Stopping threads took: 0.0000367 seconds
2026-04-20T14:22:02.794+0530: 5.701: Total time for which application threads were stopped: 0.0002117 seconds, Stopping threads took: 0.0000359 seconds
2026-04-20T14:22:02.841+0530: 5.749: Total time for which application threads were stopped: 0.0004473 seconds, Stopping threads took: 0.0000468 seconds
2026-04-20T14:22:03.341+0530: 6.249: Total time for which application threads were stopped: 0.0002713 seconds, Stopping threads took: 0.0000561 seconds
2026-04-20T14:22:03.390+0530: 6.298: Total time for which application threads were stopped: 0.0002418 seconds, Stopping threads took: 0.0000544 seconds
2026-04-20T14:22:03.396+0530: 6.304: Total time for which application threads were stopped: 0.0006400 seconds, Stopping threads took: 0.0000372 seconds
2026-04-20T14:22:03.776+0530: 6.684: Total time for which application threads were stopped: 0.0004426 seconds, Stopping threads took: 0.0000885 seconds
{Heap before GC invocations=0 (full 0):
 par new generation   total 471808K, used 419392K [0x00000000e0000000, 0x00000000ffff0000, 0x00000000ffff0000)
  eden space 419392K, 100% used [0x00000000e0000000, 0x00000000f9990000, 0x00000000f9990000)
  from space 52416K,   0% used [0x00000000f9990000, 0x00000000f9990000, 0x00000000fccc0000)
  to   space 52416K,   0% used [0x00000000fccc0000, 0x00000000fccc0000, 0x00000000ffff0000)
 concurrent mark-sweep generation total 64K, used 0K [0x00000000ffff0000, 0x0000000100000000, 0x0000000100000000)
 Metaspace       used 26607K, capacity 27009K, committed 27196K, reserved 1073152K
  class space    used 3165K, capacity 3301K, committed 3324K, reserved 1048576K
2026-04-20T14:22:04.628+0530: 7.536: [GC (Allocation Failure) 2026-04-20T14:22:04.629+0530: 7.536: [ParNew
Desired survivor size 26836992 bytes, new threshold 1 (max 1)
- age   1:   32743952 bytes,   32743952 total
: 419392K->32122K(471808K), 0.0488031 secs] 419392K->32122K(471872K), 0.0489867 secs] [Times: user=0.14 sys=0.08, real=0.05 secs] 
Heap after GC invocations=1 (full 0):
 par new generation   total 471808K, used 32122K [0x00000000e0000000, 0x00000000ffff0000, 0x00000000ffff0000)
  eden space 419392K,   0% used [0x00000000e0000000, 0x00000000e0000000, 0x00000000f9990000)
  from space 52416K,  61% used [0x00000000fccc0000, 0x00000000fec1e9f8, 0x00000000ffff0000)
  to   space 52416K,   0% used [0x00000000f9990000, 0x00000000f9990000, 0x00000000fccc0000)
 concurrent mark-sweep generation total 64K, used 0K [0x00000000ffff0000, 0x0000000100000000, 0x0000000100000000)
 Metaspace       used 26607K, capacity 27009K, committed 27196K, reserved 1073152K
  class space    used 3165K, capacity 3301K, committed 3324K, reserved 1048576K
}
2026-04-20T14:22:04.678+0530: 7.585: Total time for which application threads were stopped: 0.0493732 seconds, Stopping threads took: 0.0000864 seconds
2026-04-20T14:22:04.679+0530: 7.586: [GC (CMS Initial Mark) [1 CMS-initial-mark: 0K(64K)] 32122K(471872K), 0.0128110 secs] [Times: user=0.02 sys=0.00, real=0.01 secs] 
2026-04-20T14:22:04.692+0530: 7.599: Total time for which application threads were stopped: 0.0132423 seconds, Stopping threads took: 0.0002453 seconds
2026-04-20T14:22:04.692+0530: 7.599: [CMS-concurrent-mark-start]
2026-04-20T14:22:04.692+0530: 7.599: [CMS-concurrent-mark: 0.000/0.000 secs] [Times: user=0.00 sys=0.00, real=0.00 secs] 
2026-04-20T14:22:04.692+0530: 7.599: [CMS-concurrent-preclean-start]
2026-04-20T14:22:04.693+0530: 7.600: [CMS-concurrent-preclean: 0.001/0.001 secs] [Times: user=0.00 sys=0.00, real=0.00 secs] 
2026-04-20T14:22:04.693+0530: 7.600: [CMS-concurrent-abortable-preclean-start]
2026-04-20T14:22:04.845+0530: 7.752: Total time for which application threads were stopped: 0.0006808 seconds, Stopping threads took: 0.0000628 seconds
2026-04-20T14:22:04.854+0530: 7.761: Total time for which application threads were stopped: 0.0002451 seconds, Stopping threads took: 0.0000620 seconds
2026-04-20T14:22:04.938+0530: 7.845: Total time for which application threads were stopped: 0.0003076 seconds, Stopping threads took: 0.0000752 seconds
2026-04-20T14:22:05.027+0530: 7.934: Total time for which application threads were stopped: 0.0001906 seconds, Stopping threads took: 0.0000438 seconds
2026-04-20T14:22:05.130+0530: 8.038: Total time for which application threads were stopped: 0.0002395 seconds, Stopping threads took: 0.0000560 seconds
2026-04-20T14:22:05.649+0530: 8.557: Total time for which application threads were stopped: 0.0004972 seconds, Stopping threads took: 0.0001665 seconds
2026-04-20T14:22:05.872+0530: 8.780: Total time for which application threads were stopped: 0.0002150 seconds, Stopping threads took: 0.0000392 seconds
2026-04-20T14:22:05.933+0530: 8.841: Total time for which application threads were stopped: 0.0002065 seconds, Stopping threads took: 0.0000381 seconds
2026-04-20T14:22:06.085+0530: 8.993: Total time for which application threads were stopped: 0.0004436 seconds, Stopping threads took: 0.0002032 seconds
2026-04-20T14:22:06.428+0530: 9.335: Total time for which application threads were stopped: 0.0002899 seconds, Stopping threads took: 0.0000594 seconds
2026-04-20T14:22:06.522+0530: 9.429: Total time for which application threads were stopped: 0.0002607 seconds, Stopping threads took: 0.0000629 seconds
2026-04-20T14:22:06.600+0530: 9.507: Total time for which application threads were stopped: 0.0002589 seconds, Stopping threads took: 0.0001283 seconds
2026-04-20T14:22:06.723+0530: 9.630: Total time for which application threads were stopped: 0.0002749 seconds, Stopping threads took: 0.0000620 seconds
2026-04-20T14:22:06.757+0530: 9.665: Total time for which application threads were stopped: 0.0006940 seconds, Stopping threads took: 0.0000634 seconds
2026-04-20T14:22:06.784+0530: 9.691: Total time for which application threads were stopped: 0.0002514 seconds, Stopping threads took: 0.0000644 seconds
2026-04-20T14:22:06.889+0530: 9.796: Total time for which application threads were stopped: 0.0002469 seconds, Stopping threads took: 0.0000755 seconds
2026-04-20T14:22:06.959+0530: 9.866: Total time for which application threads were stopped: 0.0003054 seconds, Stopping threads took: 0.0000619 seconds
2026-04-20T14:22:07.020+0530: 9.927: Total time for which application threads were stopped: 0.0002424 seconds, Stopping threads took: 0.0000664 seconds
2026-04-20T14:22:07.159+0530: 10.067: Total time for which application threads were stopped: 0.0002252 seconds, Stopping threads took: 0.0000724 seconds
2026-04-20T14:22:07.226+0530: 10.133: Total time for which application threads were stopped: 0.0002319 seconds, Stopping threads took: 0.0000725 seconds
2026-04-20T14:22:07.364+0530: 10.272: Total time for which application threads were stopped: 0.0002341 seconds, Stopping threads took: 0.0000759 seconds
2026-04-20T14:22:07.444+0530: 10.352: Total time for which application threads were stopped: 0.0002172 seconds, Stopping threads took: 0.0000641 seconds
2026-04-20T14:22:07.626+0530: 10.533: Total time for which application threads were stopped: 0.0002563 seconds, Stopping threads took: 0.0000676 seconds
2026-04-20T14:22:07.709+0530: 10.616: Total time for which application threads were stopped: 0.0002702 seconds, Stopping threads took: 0.0000669 seconds
2026-04-20T14:22:07.898+0530: 10.805: Total time for which application threads were stopped: 0.0004042 seconds, Stopping threads took: 0.0001899 seconds
2026-04-20T14:22:08.012+0530: 10.921: Total time for which application threads were stopped: 0.0002811 seconds, Stopping threads took: 0.0000472 seconds
2026-04-20T14:22:08.381+0530: 11.290: Total time for which application threads were stopped: 0.0004601 seconds, Stopping threads took: 0.0000827 seconds
2026-04-20T14:22:08.381+0530: 11.290: [CMS-concurrent-abortable-preclean: 3.012/3.690 secs] [Times: user=9.80 sys=1.75, real=3.69 secs] 
2026-04-20T14:22:08.383+0530: 11.290: [GC (CMS Final Remark) [YG occupancy: 249100 K (471808 K)]2026-04-20T14:22:08.383+0530: 11.290: [Rescan (parallel) , 0.0382170 secs]2026-04-20T14:22:08.421+0530: 11.329: [weak refs processing, 0.0000819 secs]2026-04-20T14:22:08.421+0530: 11.329: [class unloading, 0.0071844 secs]2026-04-20T14:22:08.428+0530: 11.336: [scrub symbol table, 0.0073142 secs]2026-04-20T14:22:08.436+0530: 11.343: [scrub string table, 0.0034649 secs][1 CMS-remark: 0K(64K)] 249100K(471872K), 0.0582724 secs] [Times: user=0.25 sys=0.03, real=0.06 secs] 
2026-04-20T14:22:08.441+0530: 11.349: Total time for which application threads were stopped: 0.0585906 seconds, Stopping threads took: 0.0001147 seconds
2026-04-20T14:22:08.442+0530: 11.349: [CMS-concurrent-sweep-start]
2026-04-20T14:22:08.442+0530: 11.349: [CMS-concurrent-sweep: 0.000/0.000 secs] [Times: user=0.00 sys=0.00, real=0.00 secs] 
2026-04-20T14:22:08.442+0530: 11.349: [CMS-concurrent-reset-start]
2026-04-20T14:22:08.442+0530: 11.349: [CMS-concurrent-reset: 0.000/0.000 secs] [Times: user=0.00 sys=0.00, real=0.00 secs] 
2026-04-20T14:22:09.218+0530: 12.125: Total time for which application threads were stopped: 0.0005510 seconds, Stopping threads took: 0.0001645 seconds
2026-04-20T14:22:09.866+0530: 12.774: Total time for which application threads were stopped: 0.0009542 seconds, Stopping threads took: 0.0000393 seconds
2026-04-20T14:22:09.954+0530: 12.861: Total time for which application threads were stopped: 0.0016329 seconds, Stopping threads took: 0.0001485 seconds
2026-04-20T14:22:10.099+0530: 13.007: Total time for which application threads were stopped: 0.0009114 seconds, Stopping threads took: 0.0000664 seconds
2026-04-20T14:22:11.106+0530: 14.013: Total time for which application threads were stopped: 0.0003433 seconds, Stopping threads took: 0.0001463 seconds
2026-04-20T14:22:12.117+0530: 15.024: Total time for which application threads were stopped: 0.0003324 seconds, Stopping threads took: 0.0000728 seconds
2026-04-20T14:22:12.947+0530: 15.854: Total time for which application threads were stopped: 0.0007800 seconds, Stopping threads took: 0.0003396 seconds
2026-04-20T14:22:13.332+0530: 16.240: Total time for which application threads were stopped: 0.0005341 seconds, Stopping threads took: 0.0001382 seconds
2026-04-20T14:22:14.347+0530: 17.255: Total time for which application threads were stopped: 0.0004189 seconds, Stopping threads took: 0.0001101 seconds
2026-04-20T14:22:22.409+0530: 25.317: Total time for which application threads were stopped: 0.0002981 seconds, Stopping threads took: 0.0000862 seconds
2026-04-20T14:22:23.423+0530: 26.331: Total time for which application threads were stopped: 0.0004339 seconds, Stopping threads took: 0.0000924 seconds
2026-04-20T14:22:26.452+0530: 29.360: Total time for which application threads were stopped: 0.0003722 seconds, Stopping threads took: 0.0000979 seconds
2026-04-20T14:22:27.452+0530: 30.360: Total time for which application threads were stopped: 0.0002352 seconds, Stopping threads took: 0.0000646 seconds
2026-04-20T14:22:28.456+0530: 31.363: Total time for which application threads were stopped: 0.0002518 seconds, Stopping threads took: 0.0000804 seconds
2026-04-20T14:22:29.456+0530: 32.363: Total time for which application threads were stopped: 0.0003591 seconds, Stopping threads took: 0.0000769 seconds
2026-04-20T14:22:30.468+0530: 33.375: Total time for which application threads were stopped: 0.0003637 seconds, Stopping threads took: 0.0001271 seconds
2026-04-20T14:22:31.480+0530: 34.387: Total time for which application threads were stopped: 0.0003318 seconds, Stopping threads took: 0.0000521 seconds
2026-04-20T14:22:35.525+0530: 38.432: Total time for which application threads were stopped: 0.0003621 seconds, Stopping threads took: 0.0000479 seconds
2026-04-20T14:22:36.526+0530: 39.434: Total time for which application threads were stopped: 0.0003253 seconds, Stopping threads took: 0.0001003 seconds
2026-04-20T14:22:39.564+0530: 42.471: Total time for which application threads were stopped: 0.0002588 seconds, Stopping threads took: 0.0000558 seconds
2026-04-20T14:22:41.578+0530: 44.486: Total time for which application threads were stopped: 0.0002929 seconds, Stopping threads took: 0.0000683 seconds
2026-04-20T14:22:44.580+0530: 47.487: Total time for which application threads were stopped: 0.0002540 seconds, Stopping threads took: 0.0000684 seconds
2026-04-20T14:22:45.580+0530: 48.488: Total time for which application threads were stopped: 0.0003864 seconds, Stopping threads took: 0.0001277 seconds
2026-04-20T14:22:46.581+0530: 49.488: Total time for which application threads were stopped: 0.0003504 seconds, Stopping threads took: 0.0000844 seconds
2026-04-20T14:22:48.582+0530: 51.489: Total time for which application threads were stopped: 0.0004686 seconds, Stopping threads took: 0.0001008 seconds
2026-04-20T14:22:52.583+0530: 55.491: Total time for which application threads were stopped: 0.0005664 seconds, Stopping threads took: 0.0003594 seconds
{Heap before GC invocations=1 (full 1):
 par new generation   total 471808K, used 451514K [0x00000000e0000000, 0x00000000ffff0000, 0x00000000ffff0000)
  eden space 419392K, 100% used [0x00000000e0000000, 0x00000000f9990000, 0x00000000f9990000)
  from space 52416K,  61% used [0x00000000fccc0000, 0x00000000fec1e9f8, 0x00000000ffff0000)
  to   space 52416K,   0% used [0x00000000f9990000, 0x00000000f9990000, 0x00000000fccc0000)
 concurrent mark-sweep generation total 64K, used 0K [0x00000000ffff0000, 0x0000000100000000, 0x0000000100000000)
 Metaspace       used 38092K, capacity 39217K, committed 39320K, reserved 1083392K
  class space    used 5303K, capacity 5578K, committed 5624K, reserved 1048576K
2026-04-20T14:22:53.141+0530: 56.049: [GC (Allocation Failure) 2026-04-20T14:22:53.141+0530: 56.049: [ParNew (0: promotion failure size = 514)  (1: promotion failure size = 47)  (2: promotion failure size = 3)  (3: promotion failure size = 3)  (4: promotion failure size = 48)  (5: promotion failure size = 48)  (6: promotion failure size = 3)  (7: promotion failure size = 47)  (8: promotion failure size = 2)  (9: promotion failure size = 7)  (10: promotion failure size = 3)  (11: promotion failure size = 47)  (12: promotion failure size = 3)  (promotion failed): 451514K->450284K(471808K), 0.0975840 secs]2026-04-20T14:22:53.239+0530: 56.147: [CMS: 33K->63K(64K), 0.1707877 secs] 451514K->29088K(471872K), [Metaspace: 38092K->38092K(1083392K)], 0.2685965 secs] [Times: user=0.39 sys=0.09, real=0.27 secs] 
Heap after GC invocations=2 (full 2):
 par new generation   total 471808K, used 29024K [0x00000000e0000000, 0x00000000ffff0000, 0x00000000ffff0000)
  eden space 419392K,   6% used [0x00000000e0000000, 0x00000000e1c582b8, 0x00000000f9990000)
  from space 52416K,   0% used [0x00000000f9990000, 0x00000000f9990000, 0x00000000fccc0000)
  to   space 52416K,   0% used [0x00000000fccc0000, 0x00000000fccc0000, 0x00000000ffff0000)
 concurrent mark-sweep generation total 64K, used 63K [0x00000000ffff0000, 0x0000000100000000, 0x0000000100000000)
 Metaspace       used 38092K, capacity 39217K, committed 39320K, reserved 1083392K
  class space    used 5303K, capacity 5578K, committed 5624K, reserved 1048576K
}
2026-04-20T14:22:53.410+0530: 56.318: Total time for which application threads were stopped: 0.2696609 seconds, Stopping threads took: 0.0003677 seconds
2026-04-20T14:22:53.411+0530: 56.318: [GC (CMS Initial Mark) [1 CMS-initial-mark: 63K(64K)] 38874K(471872K), 0.0230711 secs] [Times: user=0.02 sys=0.00, real=0.02 secs] 
2026-04-20T14:22:53.433+0530: 56.342: Total time for which application threads were stopped: 0.0236447 seconds, Stopping threads took: 0.0002294 seconds
2026-04-20T14:22:53.433+0530: 56.342: [CMS-concurrent-mark-start]
2026-04-20T14:22:53.435+0530: 56.342: [CMS-concurrent-mark: 0.000/0.000 secs] [Times: user=0.00 sys=0.00, real=0.00 secs] 
2026-04-20T14:22:53.435+0530: 56.342: [CMS-concurrent-preclean-start]
2026-04-20T14:22:53.435+0530: 56.343: [CMS-concurrent-preclean: 0.001/0.001 secs] [Times: user=0.00 sys=0.00, real=0.00 secs] 
2026-04-20T14:22:53.435+0530: 56.343: [CMS-concurrent-abortable-preclean-start]
2026-04-20T14:22:53.435+0530: 56.343: [CMS-concurrent-abortable-preclean: 0.000/0.000 secs] [Times: user=0.00 sys=0.00, real=0.00 secs] 
2026-04-20T14:22:53.437+0530: 56.345: [GC (CMS Final Remark) [YG occupancy: 44411 K (471808 K)]2026-04-20T14:22:53.437+0530: 56.345: [Rescan (parallel) , 0.0230988 secs]2026-04-20T14:22:53.460+0530: 56.368: [weak refs processing, 0.0000444 secs]2026-04-20T14:22:53.460+0530: 56.368: [class unloading, 0.0077663 secs]2026-04-20T14:22:53.468+0530: 56.376: [scrub symbol table, 0.0042526 secs]2026-04-20T14:22:53.472+0530: 56.380: [scrub string table, 0.0025246 secs][1 CMS-remark: 63K(64K)] 44475K(471872K), 0.0393508 secs] [Times: user=0.25 sys=0.02, real=0.04 secs] 
2026-04-20T14:22:53.477+0530: 56.384: Total time for which application threads were stopped: 0.0404456 seconds, Stopping threads took: 0.0008008 seconds
2026-04-20T14:22:53.477+0530: 56.384: [CMS-concurrent-sweep-start]
2026-04-20T14:22:53.477+0530: 56.384: [CMS-concurrent-sweep: 0.000/0.000 secs] [Times: user=0.00 sys=0.00, real=0.00 secs] 
2026-04-20T14:22:53.477+0530: 56.385: [CMS-concurrent-reset-start]
2026-04-20T14:22:53.477+0530: 56.385: [CMS-concurrent-reset: 0.000/0.000 secs] [Times: user=0.00 sys=0.00, real=0.00 secs] 
2026-04-20T14:22:54.477+0530: 57.385: Total time for which application threads were stopped: 0.0003884 seconds, Stopping threads took: 0.0000597 seconds
2026-04-20T14:22:55.478+0530: 58.386: Total time for which application threads were stopped: 0.0002789 seconds, Stopping threads took: 0.0000675 seconds
2026-04-20T14:22:58.479+0530: 61.386: Total time for which application threads were stopped: 0.0003968 seconds, Stopping threads took: 0.0001004 seconds
2026-04-20T14:22:59.480+0530: 62.387: Total time for which application threads were stopped: 0.0002953 seconds, Stopping threads took: 0.0000697 seconds
2026-04-20T14:23:00.481+0530: 63.389: Total time for which application threads were stopped: 0.0002757 seconds, Stopping threads took: 0.0000618 seconds
2026-04-20T14:23:01.490+0530: 64.397: Total time for which application threads were stopped: 0.0005024 seconds, Stopping threads took: 0.0001019 seconds
2026-04-20T14:23:02.172+0530: 65.079: Total time for which application threads were stopped: 0.0012158 seconds, Stopping threads took: 0.0000492 seconds
2026-04-20T14:23:02.219+0530: 65.126: Total time for which application threads were stopped: 0.0013477 seconds, Stopping threads took: 0.0000609 seconds
2026-04-20T14:23:02.816+0530: 65.723: Total time for which application threads were stopped: 0.0013569 seconds, Stopping threads took: 0.0000623 seconds
2026-04-20T14:23:03.485+0530: 66.392: [GC (CMS Initial Mark) [1 CMS-initial-mark: 63K(64K)] 176426K(471872K), 0.0245602 secs] [Times: user=0.09 sys=0.01, real=0.03 secs] 
2026-04-20T14:23:03.510+0530: 66.417: Total time for which application threads were stopped: 0.0252473 seconds, Stopping threads took: 0.0001952 seconds
2026-04-20T14:23:03.510+0530: 66.417: [CMS-concurrent-mark-start]
2026-04-20T14:23:03.510+0530: 66.418: [CMS-concurrent-mark: 0.000/0.000 secs] [Times: user=0.00 sys=0.00, real=0.00 secs] 
2026-04-20T14:23:03.510+0530: 66.418: [CMS-concurrent-preclean-start]
2026-04-20T14:23:03.511+0530: 66.418: [CMS-concurrent-preclean: 0.001/0.001 secs] [Times: user=0.00 sys=0.00, real=0.00 secs] 
2026-04-20T14:23:03.511+0530: 66.418: [CMS-concurrent-abortable-preclean-start]
2026-04-20T14:23:03.511+0530: 66.418: [CMS-concurrent-abortable-preclean: 0.000/0.000 secs] [Times: user=0.00 sys=0.00, real=0.00 secs] 
2026-04-20T14:23:03.511+0530: 66.419: [GC (CMS Final Remark) [YG occupancy: 176362 K (471808 K)]2026-04-20T14:23:03.511+0530: 66.419: [Rescan (parallel) , 0.0356680 secs]2026-04-20T14:23:03.547+0530: 66.455: [weak refs processing, 0.0000816 secs]2026-04-20T14:23:03.547+0530: 66.455: [class unloading, 0.0095011 secs]2026-04-20T14:23:03.557+0530: 66.464: [scrub symbol table, 0.0046639 secs]2026-04-20T14:23:03.561+0530: 66.469: [scrub string table, 0.0025870 secs][1 CMS-remark: 63K(64K)] 176426K(471872K), 0.0542214 secs] [Times: user=0.24 sys=0.03, real=0.06 secs] 
2026-04-20T14:23:03.566+0530: 66.473: Total time for which application threads were stopped: 0.0545312 seconds, Stopping threads took: 0.0000386 seconds
2026-04-20T14:23:03.566+0530: 66.473: [CMS-concurrent-sweep-start]
2026-04-20T14:23:03.566+0530: 66.473: [CMS-concurrent-sweep: 0.000/0.000 secs] [Times: user=0.00 sys=0.00, real=0.00 secs] 
2026-04-20T14:23:03.566+0530: 66.473: [CMS-concurrent-reset-start]
2026-04-20T14:23:03.566+0530: 66.473: [CMS-concurrent-reset: 0.000/0.000 secs] [Times: user=0.00 sys=0.00, real=0.00 secs] 
2026-04-20T14:23:03.855+0530: 66.762: Total time for which application threads were stopped: 0.0014760 seconds, Stopping threads took: 0.0002453 seconds
2026-04-20T14:23:04.869+0530: 67.777: Total time for which application threads were stopped: 0.0005765 seconds, Stopping threads took: 0.0001431 seconds
2026-04-20T14:23:06.895+0530: 69.803: Total time for which application threads were stopped: 0.0003457 seconds, Stopping threads took: 0.0000803 seconds
2026-04-20T14:23:07.896+0530: 70.803: Total time for which application threads were stopped: 0.0003416 seconds, Stopping threads took: 0.0001021 seconds
2026-04-20T14:23:13.572+0530: 76.480: [GC (CMS Initial Mark) [1 CMS-initial-mark: 61K(64K)] 189229K(471872K), 0.0237455 secs] [Times: user=0.12 sys=0.00, real=0.02 secs] 
2026-04-20T14:23:13.597+0530: 76.504: Total time for which application threads were stopped: 0.0242303 seconds, Stopping threads took: 0.0000980 seconds
2026-04-20T14:23:13.597+0530: 76.504: [CMS-concurrent-mark-start]
2026-04-20T14:23:13.597+0530: 76.505: [CMS-concurrent-mark: 0.000/0.000 secs] [Times: user=0.00 sys=0.00, real=0.00 secs] 
2026-04-20T14:23:13.597+0530: 76.505: [CMS-concurrent-preclean-start]
2026-04-20T14:23:13.598+0530: 76.506: [CMS-concurrent-preclean: 0.001/0.001 secs] [Times: user=0.00 sys=0.00, real=0.00 secs] 
2026-04-20T14:23:13.598+0530: 76.506: [CMS-concurrent-abortable-preclean-start]
2026-04-20T14:23:13.598+0530: 76.506: [CMS-concurrent-abortable-preclean: 0.000/0.000 secs] [Times: user=0.00 sys=0.00, real=0.00 secs] 
2026-04-20T14:23:13.598+0530: 76.506: [GC (CMS Final Remark) [YG occupancy: 189167 K (471808 K)]2026-04-20T14:23:13.598+0530: 76.506: [Rescan (parallel) , 0.0233277 secs]2026-04-20T14:23:13.626+0530: 76.533: [weak refs processing, 0.0000781 secs]2026-04-20T14:23:13.626+0530: 76.533: [class unloading, 0.0087028 secs]2026-04-20T14:23:13.634+0530: 76.542: [scrub symbol table, 0.0047263 secs]2026-04-20T14:23:13.639+0530: 76.546: [scrub string table, 0.0024562 secs][1 CMS-remark: 61K(64K)] 189229K(471872K), 0.0443494 secs] [Times: user=0.11 sys=0.01, real=0.04 secs] 
2026-04-20T14:23:13.642+0530: 76.550: Total time for which application threads were stopped: 0.0446411 seconds, Stopping threads took: 0.0000357 seconds
2026-04-20T14:23:13.644+0530: 76.551: [CMS-concurrent-sweep-start]
2026-04-20T14:23:13.644+0530: 76.551: [CMS-concurrent-sweep: 0.000/0.000 secs] [Times: user=0.00 sys=0.00, real=0.00 secs] 
2026-04-20T14:23:13.644+0530: 76.551: [CMS-concurrent-reset-start]
2026-04-20T14:23:13.644+0530: 76.551: [CMS-concurrent-reset: 0.000/0.000 secs] [Times: user=0.00 sys=0.00, real=0.00 secs] 
2026-04-20T14:23:14.642+0530: 77.550: Total time for which application threads were stopped: 0.0002078 seconds, Stopping threads took: 0.0000496 seconds
2026-04-20T14:23:15.643+0530: 78.550: Total time for which application threads were stopped: 0.0002676 seconds, Stopping threads took: 0.0000779 seconds
2026-04-20T14:23:17.644+0530: 80.551: Total time for which application threads were stopped: 0.0002253 seconds, Stopping threads took: 0.0000594 seconds
2026-04-20T14:23:20.647+0530: 83.554: Total time for which application threads were stopped: 0.0002120 seconds, Stopping threads took: 0.0000570 seconds
2026-04-20T14:23:21.647+0530: 84.555: Total time for which application threads were stopped: 0.0003805 seconds, Stopping threads took: 0.0001056 seconds
2026-04-20T14:23:22.648+0530: 85.556: Total time for which application threads were stopped: 0.0001816 seconds, Stopping threads took: 0.0000490 seconds
2026-04-20T14:23:23.644+0530: 86.552: [GC (CMS Initial Mark) [1 CMS-initial-mark: 61K(64K)] 189229K(471872K), 0.0226958 secs] [Times: user=0.02 sys=0.00, real=0.02 secs] 
2026-04-20T14:23:23.667+0530: 86.575: Total time for which application threads were stopped: 0.0231578 seconds, Stopping threads took: 0.0000914 seconds
2026-04-20T14:23:23.667+0530: 86.575: [CMS-concurrent-mark-start]
2026-04-20T14:23:23.668+0530: 86.575: [CMS-concurrent-mark: 0.000/0.000 secs] [Times: user=0.00 sys=0.00, real=0.00 secs] 
2026-04-20T14:23:23.668+0530: 86.575: [CMS-concurrent-preclean-start]
2026-04-20T14:23:23.668+0530: 86.576: [CMS-concurrent-preclean: 0.001/0.001 secs] [Times: user=0.00 sys=0.00, real=0.00 secs] 
2026-04-20T14:23:23.668+0530: 86.576: [CMS-concurrent-abortable-preclean-start]
2026-04-20T14:23:23.668+0530: 86.576: [CMS-concurrent-abortable-preclean: 0.000/0.000 secs] [Times: user=0.00 sys=0.00, real=0.00 secs] 
2026-04-20T14:23:23.669+0530: 86.576: [GC (CMS Final Remark) [YG occupancy: 189167 K (471808 K)]2026-04-20T14:23:23.669+0530: 86.576: [Rescan (parallel) , 0.0231614 secs]2026-04-20T14:23:23.692+0530: 86.600: [weak refs processing, 0.0000719 secs]2026-04-20T14:23:23.692+0530: 86.600: [class unloading, 0.0082556 secs]2026-04-20T14:23:23.700+0530: 86.608: [scrub symbol table, 0.0044413 secs]2026-04-20T14:23:23.705+0530: 86.613: [scrub string table, 0.0025077 secs][1 CMS-remark: 61K(64K)] 189229K(471872K), 0.0400955 secs] [Times: user=0.22 sys=0.05, real=0.04 secs] 
2026-04-20T14:23:23.709+0530: 86.617: Total time for which application threads were stopped: 0.0403591 seconds, Stopping threads took: 0.0000390 seconds
2026-04-20T14:23:23.709+0530: 86.617: [CMS-concurrent-sweep-start]
2026-04-20T14:23:23.710+0530: 86.617: [CMS-concurrent-sweep: 0.000/0.000 secs] [Times: user=0.00 sys=0.00, real=0.00 secs] 
2026-04-20T14:23:23.710+0530: 86.617: [CMS-concurrent-reset-start]
2026-04-20T14:23:23.710+0530: 86.617: [CMS-concurrent-reset: 0.000/0.000 secs] [Times: user=0.00 sys=0.00, real=0.00 secs] 
2026-04-20T14:23:25.711+0530: 88.618: Total time for which application threads were stopped: 0.0004011 seconds, Stopping threads took: 0.0001081 seconds
2026-04-20T14:23:27.713+0530: 90.620: Total time for which application threads were stopped: 0.0002115 seconds, Stopping threads took: 0.0000572 seconds
2026-04-20T14:23:28.715+0530: 91.622: Total time for which application threads were stopped: 0.0003264 seconds, Stopping threads took: 0.0000801 seconds
2026-04-20T14:23:29.716+0530: 92.624: Total time for which application threads were stopped: 0.0002975 seconds, Stopping threads took: 0.0000716 seconds
2026-04-20T14:23:30.717+0530: 93.624: Total time for which application threads were stopped: 0.0002401 seconds, Stopping threads took: 0.0000564 seconds
2026-04-20T14:23:33.710+0530: 96.617: [GC (CMS Initial Mark) [1 CMS-initial-mark: 61K(64K)] 189229K(471872K), 0.0231596 secs] [Times: user=0.06 sys=0.00, real=0.02 secs] 
2026-04-20T14:23:33.733+0530: 96.640: Total time for which application threads were stopped: 0.0236840 seconds, Stopping threads took: 0.0001105 seconds
2026-04-20T14:23:33.733+0530: 96.641: [CMS-concurrent-mark-start]
2026-04-20T14:23:33.734+0530: 96.641: [CMS-concurrent-mark: 0.000/0.000 secs] [Times: user=0.00 sys=0.00, real=0.00 secs] 
2026-04-20T14:23:33.734+0530: 96.641: [CMS-concurrent-preclean-start]
2026-04-20T14:23:33.734+0530: 96.642: [CMS-concurrent-preclean: 0.001/0.001 secs] [Times: user=0.00 sys=0.00, real=0.00 secs] 
2026-04-20T14:23:33.734+0530: 96.642: [CMS-concurrent-abortable-preclean-start]
2026-04-20T14:23:33.734+0530: 96.642: [CMS-concurrent-abortable-preclean: 0.000/0.000 secs] [Times: user=0.00 sys=0.00, real=0.00 secs] 
2026-04-20T14:23:33.735+0530: 96.642: [GC (CMS Final Remark) [YG occupancy: 189167 K (471808 K)]2026-04-20T14:23:33.735+0530: 96.642: [Rescan (parallel) , 0.0231446 secs]2026-04-20T14:23:33.758+0530: 96.665: [weak refs processing, 0.0000449 secs]2026-04-20T14:23:33.758+0530: 96.666: [class unloading, 0.0086554 secs]2026-04-20T14:23:33.767+0530: 96.674: [scrub symbol table, 0.0045500 secs]2026-04-20T14:23:33.772+0530: 96.679: [scrub string table, 0.0028147 secs][1 CMS-remark: 61K(64K)] 189229K(471872K), 0.0409940 secs] [Times: user=0.11 sys=0.08, real=0.04 secs] 
2026-04-20T14:23:33.776+0530: 96.683: Total time for which application threads were stopped: 0.0413659 seconds, Stopping threads took: 0.0001208 seconds
2026-04-20T14:23:33.777+0530: 96.684: [CMS-concurrent-sweep-start]
2026-04-20T14:23:33.777+0530: 96.684: [CMS-concurrent-sweep: 0.000/0.000 secs] [Times: user=0.00 sys=0.00, real=0.00 secs] 
2026-04-20T14:23:33.777+0530: 96.684: [CMS-concurrent-reset-start]
2026-04-20T14:23:33.777+0530: 96.684: [CMS-concurrent-reset: 0.000/0.000 secs] [Times: user=0.00 sys=0.00, real=0.00 secs] 
2026-04-20T14:23:34.776+0530: 97.683: Total time for which application threads were stopped: 0.0002054 seconds, Stopping threads took: 0.0000559 seconds
2026-04-20T14:23:36.777+0530: 99.685: Total time for which application threads were stopped: 0.0002968 seconds, Stopping threads took: 0.0000737 seconds
2026-04-20T14:23:37.778+0530: 100.685: Total time for which application threads were stopped: 0.0002045 seconds, Stopping threads took: 0.0000544 seconds
2026-04-20T14:23:40.779+0530: 103.686: Total time for which application threads were stopped: 0.0001950 seconds, Stopping threads took: 0.0000529 seconds
2026-04-20T14:23:41.787+0530: 104.694: Total time for which application threads were stopped: 0.0002215 seconds, Stopping threads took: 0.0000581 seconds
2026-04-20T14:23:43.778+0530: 106.686: [GC (CMS Initial Mark) [1 CMS-initial-mark: 61K(64K)] 189229K(471872K), 0.0235603 secs] [Times: user=0.11 sys=0.00, real=0.02 secs] 
2026-04-20T14:23:43.802+0530: 106.709: Total time for which application threads were stopped: 0.0240434 seconds, Stopping threads took: 0.0001097 seconds
2026-04-20T14:23:43.802+0530: 106.709: [CMS-concurrent-mark-start]
2026-04-20T14:23:43.802+0530: 106.710: [CMS-concurrent-mark: 0.000/0.000 secs] [Times: user=0.00 sys=0.00, real=0.00 secs] 
2026-04-20T14:23:43.802+0530: 106.710: [CMS-concurrent-preclean-start]
2026-04-20T14:23:43.803+0530: 106.711: [CMS-concurrent-preclean: 0.001/0.001 secs] [Times: user=0.00 sys=0.00, real=0.00 secs] 
2026-04-20T14:23:43.803+0530: 106.711: [CMS-concurrent-abortable-preclean-start]
2026-04-20T14:23:43.803+0530: 106.711: [CMS-concurrent-abortable-preclean: 0.000/0.000 secs] [Times: user=0.00 sys=0.00, real=0.00 secs] 
2026-04-20T14:23:43.804+0530: 106.711: [GC (CMS Final Remark) [YG occupancy: 189167 K (471808 K)]2026-04-20T14:23:43.804+0530: 106.712: [Rescan (parallel) , 0.0352980 secs]2026-04-20T14:23:43.840+0530: 106.747: [weak refs processing, 0.0000489 secs]2026-04-20T14:23:43.840+0530: 106.747: [class unloading, 0.0086096 secs]2026-04-20T14:23:43.848+0530: 106.756: [scrub symbol table, 0.0040906 secs]2026-04-20T14:23:43.852+0530: 106.760: [scrub string table, 0.0021729 secs][1 CMS-remark: 61K(64K)] 189229K(471872K), 0.0516479 secs] [Times: user=0.22 sys=0.01, real=0.05 secs] 
2026-04-20T14:23:43.856+0530: 106.763: Total time for which application threads were stopped: 0.0519198 seconds, Stopping threads took: 0.0000455 seconds
2026-04-20T14:23:43.860+0530: 106.767: [CMS-concurrent-sweep-start]
2026-04-20T14:23:43.860+0530: 106.767: [CMS-concurrent-sweep: 0.000/0.000 secs] [Times: user=0.00 sys=0.00, real=0.00 secs] 
2026-04-20T14:23:43.860+0530: 106.767: [CMS-concurrent-reset-start]
2026-04-20T14:23:43.860+0530: 106.767: [CMS-concurrent-reset: 0.000/0.000 secs] [Times: user=0.00 sys=0.00, real=0.00 secs] 
2026-04-20T14:23:45.866+0530: 108.774: Total time for which application threads were stopped: 0.0002509 seconds, Stopping threads took: 0.0000668 seconds
2026-04-20T14:23:46.867+0530: 109.775: Total time for which application threads were stopped: 0.0002509 seconds, Stopping threads took: 0.0000651 seconds
2026-04-20T14:23:50.869+0530: 113.776: Total time for which application threads were stopped: 0.0003320 seconds, Stopping threads took: 0.0001201 seconds
2026-04-20T14:23:53.860+0530: 116.768: [GC (CMS Initial Mark) [1 CMS-initial-mark: 61K(64K)] 189229K(471872K), 0.0222265 secs] [Times: user=0.05 sys=0.00, real=0.02 secs] 
2026-04-20T14:23:53.882+0530: 116.790: Total time for which application threads were stopped: 0.0227255 seconds, Stopping threads took: 0.0001063 seconds
2026-04-20T14:23:53.882+0530: 116.790: [CMS-concurrent-mark-start]
2026-04-20T14:23:53.883+0530: 116.791: [CMS-concurrent-mark: 0.000/0.000 secs] [Times: user=0.00 sys=0.00, real=0.00 secs] 
2026-04-20T14:23:53.883+0530: 116.791: [CMS-concurrent-preclean-start]
2026-04-20T14:23:53.883+0530: 116.791: [CMS-concurrent-preclean: 0.001/0.001 secs] [Times: user=0.00 sys=0.00, real=0.00 secs] 
2026-04-20T14:23:53.883+0530: 116.791: [CMS-concurrent-abortable-preclean-start]
2026-04-20T14:23:53.883+0530: 116.792: [CMS-concurrent-abortable-preclean: 0.000/0.000 secs] [Times: user=0.00 sys=0.00, real=0.00 secs] 
2026-04-20T14:23:53.883+0530: 116.792: [GC (CMS Final Remark) [YG occupancy: 189167 K (471808 K)]2026-04-20T14:23:53.883+0530: 116.792: [Rescan (parallel) , 0.0236187 secs]2026-04-20T14:23:53.908+0530: 116.815: [weak refs processing, 0.0000559 secs]2026-04-20T14:23:53.908+0530: 116.816: [class unloading, 0.0086671 secs]2026-04-20T14:23:53.917+0530: 116.824: [scrub symbol table, 0.0044708 secs]2026-04-20T14:23:53.922+0530: 116.829: [scrub string table, 0.0026247 secs][1 CMS-remark: 61K(64K)] 189229K(471872K), 0.0413146 secs] [Times: user=0.12 sys=0.00, real=0.04 secs] 
2026-04-20T14:23:53.926+0530: 116.833: Total time for which application threads were stopped: 0.0415530 seconds, Stopping threads took: 0.0000360 seconds
2026-04-20T14:23:53.926+0530: 116.834: [CMS-concurrent-sweep-start]
2026-04-20T14:23:53.926+0530: 116.834: [CMS-concurrent-sweep: 0.000/0.000 secs] [Times: user=0.00 sys=0.00, real=0.00 secs] 
2026-04-20T14:23:53.927+0530: 116.834: [CMS-concurrent-reset-start]
2026-04-20T14:23:53.927+0530: 116.834: [CMS-concurrent-reset: 0.000/0.000 secs] [Times: user=0.00 sys=0.00, real=0.00 secs] 
2026-04-20T14:23:54.926+0530: 117.834: Total time for which application threads were stopped: 0.0002560 seconds, Stopping threads took: 0.0000665 seconds
2026-04-20T14:23:56.939+0530: 119.846: Total time for which application threads were stopped: 0.0003080 seconds, Stopping threads took: 0.0000939 seconds
2026-04-20T14:24:03.931+0530: 126.839: [GC (CMS Initial Mark) [1 CMS-initial-mark: 61K(64K)] 189229K(471872K), 0.0222099 secs] [Times: user=0.03 sys=0.02, real=0.02 secs] 
2026-04-20T14:24:03.953+0530: 126.861: Total time for which application threads were stopped: 0.0225920 seconds, Stopping threads took: 0.0000799 seconds
2026-04-20T14:24:03.953+0530: 126.861: [CMS-concurrent-mark-start]
2026-04-20T14:24:03.953+0530: 126.862: [CMS-concurrent-mark: 0.000/0.000 secs] [Times: user=0.00 sys=0.00, real=0.00 secs] 
2026-04-20T14:24:03.953+0530: 126.862: [CMS-concurrent-preclean-start]
2026-04-20T14:24:03.955+0530: 126.862: [CMS-concurrent-preclean: 0.001/0.001 secs] [Times: user=0.02 sys=0.00, real=0.00 secs] 
2026-04-20T14:24:03.955+0530: 126.863: [CMS-concurrent-abortable-preclean-start]
2026-04-20T14:24:03.955+0530: 126.863: [CMS-concurrent-abortable-preclean: 0.000/0.000 secs] [Times: user=0.00 sys=0.00, real=0.00 secs] 
2026-04-20T14:24:03.955+0530: 126.863: [GC (CMS Final Remark) [YG occupancy: 189167 K (471808 K)]2026-04-20T14:24:03.955+0530: 126.863: [Rescan (parallel) , 0.0238882 secs]2026-04-20T14:24:03.980+0530: 126.887: [weak refs processing, 0.0000457 secs]2026-04-20T14:24:03.980+0530: 126.887: [class unloading, 0.0083289 secs]2026-04-20T14:24:03.987+0530: 126.895: [scrub symbol table, 0.0044868 secs]2026-04-20T14:24:03.992+0530: 126.900: [scrub string table, 0.0024978 secs][1 CMS-remark: 61K(64K)] 189229K(471872K), 0.0409343 secs] [Times: user=0.14 sys=0.00, real=0.04 secs] 
2026-04-20T14:24:03.996+0530: 126.904: Total time for which application threads were stopped: 0.0411429 seconds, Stopping threads took: 0.0000242 seconds
2026-04-20T14:24:03.997+0530: 126.904: [CMS-concurrent-sweep-start]
2026-04-20T14:24:03.997+0530: 126.904: [CMS-concurrent-sweep: 0.000/0.000 secs] [Times: user=0.00 sys=0.00, real=0.00 secs] 
2026-04-20T14:24:03.997+0530: 126.904: [CMS-concurrent-reset-start]
2026-04-20T14:24:03.997+0530: 126.904: [CMS-concurrent-reset: 0.000/0.000 secs] [Times: user=0.00 sys=0.00, real=0.00 secs] 
2026-04-20T14:24:05.005+0530: 127.912: Total time for which application threads were stopped: 0.0002633 seconds, Stopping threads took: 0.0000842 seconds
2026-04-20T14:24:07.019+0530: 129.927: Total time for which application threads were stopped: 0.0002379 seconds, Stopping threads took: 0.0000598 seconds
2026-04-20T14:24:14.004+0530: 136.911: [GC (CMS Initial Mark) [1 CMS-initial-mark: 61K(64K)] 189929K(471872K), 0.0238038 secs] [Times: user=0.02 sys=0.00, real=0.02 secs] 
2026-04-20T14:24:14.027+0530: 136.935: Total time for which application threads were stopped: 0.0241631 seconds, Stopping threads took: 0.0000578 seconds
2026-04-20T14:24:14.027+0530: 136.935: [CMS-concurrent-mark-start]
2026-04-20T14:24:14.027+0530: 136.935: [CMS-concurrent-mark: 0.000/0.000 secs] [Times: user=0.00 sys=0.00, real=0.00 secs] 
2026-04-20T14:24:14.027+0530: 136.935: [CMS-concurrent-preclean-start]
2026-04-20T14:24:14.028+0530: 136.936: [CMS-concurrent-preclean: 0.001/0.001 secs] [Times: user=0.00 sys=0.00, real=0.00 secs] 
2026-04-20T14:24:14.028+0530: 136.936: [CMS-concurrent-abortable-preclean-start]
2026-04-20T14:24:14.028+0530: 136.936: [CMS-concurrent-abortable-preclean: 0.000/0.000 secs] [Times: user=0.00 sys=0.00, real=0.00 secs] 
2026-04-20T14:24:14.029+0530: 136.937: [GC (CMS Final Remark) [YG occupancy: 189868 K (471808 K)]2026-04-20T14:24:14.029+0530: 136.937: [Rescan (parallel) , 0.0371369 secs]2026-04-20T14:24:14.067+0530: 136.974: [weak refs processing, 0.0000614 secs]2026-04-20T14:24:14.067+0530: 136.974: [class unloading, 0.0089476 secs]2026-04-20T14:24:14.075+0530: 136.983: [scrub symbol table, 0.0059298 secs]2026-04-20T14:24:14.082+0530: 136.989: [scrub string table, 0.0030685 secs][1 CMS-remark: 61K(64K)] 189929K(471872K), 0.0569391 secs] [Times: user=0.22 sys=0.05, real=0.06 secs] 
2026-04-20T14:24:14.086+0530: 136.994: Total time for which application threads were stopped: 0.0573203 seconds, Stopping threads took: 0.0000928 seconds
2026-04-20T14:24:14.087+0530: 136.994: [CMS-concurrent-sweep-start]
2026-04-20T14:24:14.087+0530: 136.994: [CMS-concurrent-sweep: 0.000/0.000 secs] [Times: user=0.00 sys=0.00, real=0.00 secs] 
2026-04-20T14:24:14.087+0530: 136.994: [CMS-concurrent-reset-start]
2026-04-20T14:24:14.087+0530: 136.994: [CMS-concurrent-reset: 0.000/0.000 secs] [Times: user=0.00 sys=0.00, real=0.00 secs] 
2026-04-20T14:24:15.097+0530: 138.005: Total time for which application threads were stopped: 0.0002653 seconds, Stopping threads took: 0.0000677 seconds
2026-04-20T14:24:20.163+0530: 143.070: Total time for which application threads were stopped: 0.0002152 seconds, Stopping threads took: 0.0000620 seconds
2026-04-20T14:24:21.178+0530: 144.086: Total time for which application threads were stopped: 0.0002541 seconds, Stopping threads took: 0.0000756 seconds
2026-04-20T14:24:22.188+0530: 145.095: Total time for which application threads were stopped: 0.0002740 seconds, Stopping threads took: 0.0000872 seconds
2026-04-20T14:24:24.090+0530: 146.998: [GC (CMS Initial Mark) [1 CMS-initial-mark: 61K(64K)] 189929K(471872K), 0.0245339 secs] [Times: user=0.11 sys=0.02, real=0.02 secs] 
2026-04-20T14:24:24.114+0530: 147.023: Total time for which application threads were stopped: 0.0250840 seconds, Stopping threads took: 0.0000702 seconds
2026-04-20T14:24:24.116+0530: 147.023: [CMS-concurrent-mark-start]
2026-04-20T14:24:24.116+0530: 147.023: [CMS-concurrent-mark: 0.000/0.000 secs] [Times: user=0.00 sys=0.00, real=0.00 secs] 
2026-04-20T14:24:24.117+0530: 147.024: [CMS-concurrent-preclean-start]
2026-04-20T14:24:24.117+0530: 147.024: [CMS-concurrent-preclean: 0.001/0.001 secs] [Times: user=0.00 sys=0.00, real=0.00 secs] 
2026-04-20T14:24:24.117+0530: 147.024: [CMS-concurrent-abortable-preclean-start]
2026-04-20T14:24:24.117+0530: 147.024: [CMS-concurrent-abortable-preclean: 0.000/0.000 secs] [Times: user=0.00 sys=0.00, real=0.00 secs] 
2026-04-20T14:24:24.118+0530: 147.025: [GC (CMS Final Remark) [YG occupancy: 189868 K (471808 K)]2026-04-20T14:24:24.118+0530: 147.025: [Rescan (parallel) , 0.0252147 secs]2026-04-20T14:24:24.143+0530: 147.050: [weak refs processing, 0.0000584 secs]2026-04-20T14:24:24.143+0530: 147.050: [class unloading, 0.0086420 secs]2026-04-20T14:24:24.151+0530: 147.059: [scrub symbol table, 0.0054268 secs]2026-04-20T14:24:24.157+0530: 147.064: [scrub string table, 0.0028479 secs][1 CMS-remark: 61K(64K)] 189929K(471872K), 0.0440552 secs] [Times: user=0.12 sys=0.00, real=0.04 secs] 
2026-04-20T14:24:24.161+0530: 147.069: Total time for which application threads were stopped: 0.0443407 seconds, Stopping threads took: 0.0000372 seconds
2026-04-20T14:24:24.161+0530: 147.069: [CMS-concurrent-sweep-start]
2026-04-20T14:24:24.161+0530: 147.069: [CMS-concurrent-sweep: 0.000/0.000 secs] [Times: user=0.00 sys=0.00, real=0.00 secs] 
2026-04-20T14:24:24.161+0530: 147.069: [CMS-concurrent-reset-start]
2026-04-20T14:24:24.161+0530: 147.069: [CMS-concurrent-reset: 0.000/0.000 secs] [Times: user=0.00 sys=0.00, real=0.00 secs] 
2026-04-20T14:24:32.251+0530: 155.159: Total time for which application threads were stopped: 0.0002257 seconds, Stopping threads took: 0.0000563 seconds
2026-04-20T14:24:34.171+0530: 157.079: [GC (CMS Initial Mark) [1 CMS-initial-mark: 61K(64K)] 189929K(471872K), 0.0265858 secs] [Times: user=0.11 sys=0.02, real=0.03 secs] 
2026-04-20T14:24:34.198+0530: 157.106: Total time for which application threads were stopped: 0.0271480 seconds, Stopping threads took: 0.0001116 seconds
2026-04-20T14:24:34.198+0530: 157.106: [CMS-concurrent-mark-start]
2026-04-20T14:24:34.198+0530: 157.106: [CMS-concurrent-mark: 0.000/0.000 secs] [Times: user=0.00 sys=0.00, real=0.00 secs] 
2026-04-20T14:24:34.198+0530: 157.106: [CMS-concurrent-preclean-start]
2026-04-20T14:24:34.199+0530: 157.107: [CMS-concurrent-preclean: 0.001/0.001 secs] [Times: user=0.00 sys=0.00, real=0.00 secs] 
2026-04-20T14:24:34.199+0530: 157.107: [CMS-concurrent-abortable-preclean-start]
2026-04-20T14:24:34.199+0530: 157.107: [CMS-concurrent-abortable-preclean: 0.000/0.000 secs] [Times: user=0.00 sys=0.00, real=0.00 secs] 
2026-04-20T14:24:34.199+0530: 157.107: [GC (CMS Final Remark) [YG occupancy: 189868 K (471808 K)]2026-04-20T14:24:34.199+0530: 157.107: [Rescan (parallel) , 0.0327889 secs]2026-04-20T14:24:34.233+0530: 157.140: [weak refs processing, 0.0000584 secs]2026-04-20T14:24:34.233+0530: 157.140: [class unloading, 0.0092518 secs]2026-04-20T14:24:34.242+0530: 157.149: [scrub symbol table, 0.0047450 secs]2026-04-20T14:24:34.247+0530: 157.154: [scrub string table, 0.0028480 secs][1 CMS-remark: 61K(64K)] 189929K(471872K), 0.0514647 secs] [Times: user=0.19 sys=0.02, real=0.05 secs] 
2026-04-20T14:24:34.252+0530: 157.159: Total time for which application threads were stopped: 0.0517227 seconds, Stopping threads took: 0.0000386 seconds
2026-04-20T14:24:34.252+0530: 157.159: [CMS-concurrent-sweep-start]
2026-04-20T14:24:34.252+0530: 157.159: [CMS-concurrent-sweep: 0.000/0.000 secs] [Times: user=0.00 sys=0.00, real=0.00 secs] 
2026-04-20T14:24:34.252+0530: 157.159: [CMS-concurrent-reset-start]
2026-04-20T14:24:34.252+0530: 157.159: [CMS-concurrent-reset: 0.000/0.000 secs] [Times: user=0.00 sys=0.00, real=0.00 secs] 
2026-04-20T14:24:35.255+0530: 158.162: Total time for which application threads were stopped: 0.0002608 seconds, Stopping threads took: 0.0000811 seconds
2026-04-20T14:24:42.327+0530: 165.234: Total time for which application threads were stopped: 0.0001453 seconds, Stopping threads took: 0.0000338 seconds
2026-04-20T14:24:44.262+0530: 167.170: [GC (CMS Initial Mark) [1 CMS-initial-mark: 61K(64K)] 190642K(471872K), 0.0214239 secs] [Times: user=0.05 sys=0.05, real=0.02 secs] 
2026-04-20T14:24:44.284+0530: 167.191: Total time for which application threads were stopped: 0.0216992 seconds, Stopping threads took: 0.0000390 seconds
2026-04-20T14:24:44.284+0530: 167.191: [CMS-concurrent-mark-start]
2026-04-20T14:24:44.285+0530: 167.192: [CMS-concurrent-mark: 0.001/0.001 secs] [Times: user=0.00 sys=0.00, real=0.00 secs] 
2026-04-20T14:24:44.285+0530: 167.192: [CMS-concurrent-preclean-start]
2026-04-20T14:24:44.285+0530: 167.193: [CMS-concurrent-preclean: 0.001/0.001 secs] [Times: user=0.00 sys=0.00, real=0.00 secs] 
2026-04-20T14:24:44.285+0530: 167.193: [CMS-concurrent-abortable-preclean-start]
2026-04-20T14:24:44.285+0530: 167.193: [CMS-concurrent-abortable-preclean: 0.000/0.000 secs] [Times: user=0.00 sys=0.00, real=0.00 secs] 
2026-04-20T14:24:44.286+0530: 167.193: [GC (CMS Final Remark) [YG occupancy: 190581 K (471808 K)]2026-04-20T14:24:44.286+0530: 167.194: [Rescan (parallel) , 0.0294533 secs]2026-04-20T14:24:44.316+0530: 167.223: [weak refs processing, 0.0002484 secs]2026-04-20T14:24:44.317+0530: 167.224: [class unloading, 0.0066161 secs]2026-04-20T14:24:44.323+0530: 167.230: [scrub symbol table, 0.0026682 secs]2026-04-20T14:24:44.325+0530: 167.233: [scrub string table, 0.0011684 secs][1 CMS-remark: 61K(64K)] 190642K(471872K), 0.0414324 secs] [Times: user=0.11 sys=0.05, real=0.04 secs] 
2026-04-20T14:24:44.327+0530: 167.235: Total time for which application threads were stopped: 0.0416360 seconds, Stopping threads took: 0.0000471 seconds
2026-04-20T14:24:44.327+0530: 167.235: [CMS-concurrent-sweep-start]
2026-04-20T14:24:44.327+0530: 167.235: [CMS-concurrent-sweep: 0.000/0.000 secs] [Times: user=0.00 sys=0.00, real=0.00 secs] 
2026-04-20T14:24:44.327+0530: 167.235: [CMS-concurrent-reset-start]
2026-04-20T14:24:44.327+0530: 167.235: [CMS-concurrent-reset: 0.000/0.000 secs] [Times: user=0.00 sys=0.00, real=0.00 secs] 
2026-04-20T14:24:54.327+0530: 177.235: [GC (CMS Initial Mark) [1 CMS-initial-mark: 61K(64K)] 190642K(471872K), 0.0279484 secs] [Times: user=0.06 sys=0.02, real=0.03 secs] 
2026-04-20T14:24:54.355+0530: 177.263: Total time for which application threads were stopped: 0.0283186 seconds, Stopping threads took: 0.0000617 seconds
2026-04-20T14:24:54.355+0530: 177.263: [CMS-concurrent-mark-start]
2026-04-20T14:24:54.356+0530: 177.264: [CMS-concurrent-mark: 0.000/0.000 secs] [Times: user=0.00 sys=0.00, real=0.00 secs] 
2026-04-20T14:24:54.356+0530: 177.264: [CMS-concurrent-preclean-start]
2026-04-20T14:24:54.357+0530: 177.264: [CMS-concurrent-preclean: 0.001/0.001 secs] [Times: user=0.00 sys=0.00, real=0.00 secs] 
2026-04-20T14:24:54.357+0530: 177.264: [CMS-concurrent-abortable-preclean-start]
2026-04-20T14:24:54.357+0530: 177.264: [CMS-concurrent-abortable-preclean: 0.000/0.000 secs] [Times: user=0.00 sys=0.00, real=0.00 secs] 
2026-04-20T14:24:54.357+0530: 177.265: [GC (CMS Final Remark) [YG occupancy: 190581 K (471808 K)]2026-04-20T14:24:54.357+0530: 177.265: [Rescan (parallel) , 0.0356947 secs]2026-04-20T14:24:54.393+0530: 177.301: [weak refs processing, 0.0000628 secs]2026-04-20T14:24:54.393+0530: 177.301: [class unloading, 0.0090042 secs]2026-04-20T14:24:54.402+0530: 177.310: [scrub symbol table, 0.0046188 secs]2026-04-20T14:24:54.407+0530: 177.314: [scrub string table, 0.0029126 secs][1 CMS-remark: 61K(64K)] 190642K(471872K), 0.0544972 secs] [Times: user=0.23 sys=0.01, real=0.05 secs] 
2026-04-20T14:24:54.412+0530: 177.319: Total time for which application threads were stopped: 0.0547824 seconds, Stopping threads took: 0.0000349 seconds
2026-04-20T14:24:54.412+0530: 177.319: [CMS-concurrent-sweep-start]
2026-04-20T14:24:54.412+0530: 177.320: [CMS-concurrent-sweep: 0.000/0.000 secs] [Times: user=0.00 sys=0.00, real=0.00 secs] 
2026-04-20T14:24:54.412+0530: 177.320: [CMS-concurrent-reset-start]
2026-04-20T14:24:54.412+0530: 177.320: [CMS-concurrent-reset: 0.000/0.000 secs] [Times: user=0.00 sys=0.00, real=0.00 secs] 
2026-04-20T14:24:55.424+0530: 178.332: Total time for which application threads were stopped: 0.0007018 seconds, Stopping threads took: 0.0002703 seconds
2026-04-20T14:24:56.439+0530: 179.347: Total time for which application threads were stopped: 0.0002127 seconds, Stopping threads took: 0.0000569 seconds
2026-04-20T14:24:57.440+0530: 180.348: Total time for which application threads were stopped: 0.0003367 seconds, Stopping threads took: 0.0000615 seconds
2026-04-20T14:25:01.494+0530: 184.402: Total time for which application threads were stopped: 0.0003278 seconds, Stopping threads took: 0.0000947 seconds
2026-04-20T14:25:04.417+0530: 187.324: [GC (CMS Initial Mark) [1 CMS-initial-mark: 61K(64K)] 190642K(471872K), 0.0249729 secs] [Times: user=0.09 sys=0.05, real=0.02 secs] 
2026-04-20T14:25:04.442+0530: 187.349: Total time for which application threads were stopped: 0.0253155 seconds, Stopping threads took: 0.0000657 seconds
2026-04-20T14:25:04.442+0530: 187.350: [CMS-concurrent-mark-start]
2026-04-20T14:25:04.443+0530: 187.350: [CMS-concurrent-mark: 0.000/0.000 secs] [Times: user=0.00 sys=0.00, real=0.00 secs] 
2026-04-20T14:25:04.443+0530: 187.350: [CMS-concurrent-preclean-start]
2026-04-20T14:25:04.444+0530: 187.351: [CMS-concurrent-preclean: 0.001/0.001 secs] [Times: user=0.00 sys=0.00, real=0.00 secs] 
2026-04-20T14:25:04.444+0530: 187.351: [CMS-concurrent-abortable-preclean-start]
2026-04-20T14:25:04.444+0530: 187.351: [CMS-concurrent-abortable-preclean: 0.000/0.000 secs] [Times: user=0.00 sys=0.00, real=0.00 secs] 
2026-04-20T14:25:04.444+0530: 187.351: [GC (CMS Final Remark) [YG occupancy: 190581 K (471808 K)]2026-04-20T14:25:04.444+0530: 187.351: [Rescan (parallel) , 0.0358553 secs]2026-04-20T14:25:04.480+0530: 187.387: [weak refs processing, 0.0000571 secs]2026-04-20T14:25:04.480+0530: 187.387: [class unloading, 0.0091408 secs]2026-04-20T14:25:04.490+0530: 187.397: [scrub symbol table, 0.0048883 secs]2026-04-20T14:25:04.494+0530: 187.402: [scrub string table, 0.0029214 secs][1 CMS-remark: 61K(64K)] 190642K(471872K), 0.0546993 secs] [Times: user=0.12 sys=0.00, real=0.06 secs] 
2026-04-20T14:25:04.499+0530: 187.406: Total time for which application threads were stopped: 0.0549638 seconds, Stopping threads took: 0.0000428 seconds
2026-04-20T14:25:04.499+0530: 187.407: [CMS-concurrent-sweep-start]
2026-04-20T14:25:04.499+0530: 187.407: [CMS-concurrent-sweep: 0.000/0.000 secs] [Times: user=0.00 sys=0.00, real=0.00 secs] 
2026-04-20T14:25:04.499+0530: 187.407: [CMS-concurrent-reset-start]
2026-04-20T14:25:04.499+0530: 187.407: [CMS-concurrent-reset: 0.000/0.000 secs] [Times: user=0.00 sys=0.00, real=0.00 secs] 
2026-04-20T14:25:05.510+0530: 188.417: Total time for which application threads were stopped: 0.0002132 seconds, Stopping threads took: 0.0000604 seconds
2026-04-20T14:25:13.575+0530: 196.483: Total time for which application threads were stopped: 0.0004165 seconds, Stopping threads took: 0.0001371 seconds
2026-04-20T14:25:14.500+0530: 197.407: [GC (CMS Initial Mark) [1 CMS-initial-mark: 61K(64K)] 190642K(471872K), 0.0227160 secs] [Times: user=0.06 sys=0.00, real=0.02 secs] 
2026-04-20T14:25:14.522+0530: 197.430: Total time for which application threads were stopped: 0.0230849 seconds, Stopping threads took: 0.0000674 seconds
2026-04-20T14:25:14.523+0530: 197.430: [CMS-concurrent-mark-start]
2026-04-20T14:25:14.523+0530: 197.431: [CMS-concurrent-mark: 0.001/0.001 secs] [Times: user=0.00 sys=0.00, real=0.00 secs] 
2026-04-20T14:25:14.523+0530: 197.431: [CMS-concurrent-preclean-start]
2026-04-20T14:25:14.524+0530: 197.432: [CMS-concurrent-preclean: 0.001/0.001 secs] [Times: user=0.00 sys=0.00, real=0.00 secs] 
2026-04-20T14:25:14.525+0530: 197.432: [CMS-concurrent-abortable-preclean-start]
2026-04-20T14:25:14.525+0530: 197.432: [CMS-concurrent-abortable-preclean: 0.000/0.000 secs] [Times: user=0.00 sys=0.00, real=0.00 secs] 
2026-04-20T14:25:14.525+0530: 197.432: [GC (CMS Final Remark) [YG occupancy: 190581 K (471808 K)]2026-04-20T14:25:14.525+0530: 197.432: [Rescan (parallel) , 0.0239722 secs]2026-04-20T14:25:14.549+0530: 197.457: [weak refs processing, 0.0000470 secs]2026-04-20T14:25:14.549+0530: 197.457: [class unloading, 0.0085537 secs]2026-04-20T14:25:14.557+0530: 197.465: [scrub symbol table, 0.0052333 secs]2026-04-20T14:25:14.563+0530: 197.471: [scrub string table, 0.0026965 secs][1 CMS-remark: 61K(64K)] 190642K(471872K), 0.0427423 secs] [Times: user=0.09 sys=0.05, real=0.04 secs] 
2026-04-20T14:25:14.567+0530: 197.475: Total time for which application threads were stopped: 0.0430137 seconds, Stopping threads took: 0.0000387 seconds
2026-04-20T14:25:14.568+0530: 197.476: [CMS-concurrent-sweep-start]
2026-04-20T14:25:14.568+0530: 197.476: [CMS-concurrent-sweep: 0.000/0.000 secs] [Times: user=0.00 sys=0.00, real=0.00 secs] 
2026-04-20T14:25:14.568+0530: 197.476: [CMS-concurrent-reset-start]
2026-04-20T14:25:14.568+0530: 197.476: [CMS-concurrent-reset: 0.000/0.000 secs] [Times: user=0.00 sys=0.00, real=0.00 secs] 
2026-04-20T14:25:22.600+0530: 205.508: Total time for which application threads were stopped: 0.0002920 seconds, Stopping threads took: 0.0001004 seconds
2026-04-20T14:25:24.580+0530: 207.488: [GC (CMS Initial Mark) [1 CMS-initial-mark: 61K(64K)] 190642K(471872K), 0.0254447 secs] [Times: user=0.03 sys=0.00, real=0.03 secs] 
2026-04-20T14:25:24.606+0530: 207.513: Total time for which application threads were stopped: 0.0258764 seconds, Stopping threads took: 0.0001021 seconds
2026-04-20T14:25:24.606+0530: 207.513: [CMS-concurrent-mark-start]
2026-04-20T14:25:24.607+0530: 207.514: [CMS-concurrent-mark: 0.000/0.000 secs] [Times: user=0.00 sys=0.00, real=0.00 secs] 
2026-04-20T14:25:24.607+0530: 207.514: [CMS-concurrent-preclean-start]
2026-04-20T14:25:24.607+0530: 207.515: [CMS-concurrent-preclean: 0.001/0.001 secs] [Times: user=0.00 sys=0.00, real=0.00 secs] 
2026-04-20T14:25:24.607+0530: 207.515: [CMS-concurrent-abortable-preclean-start]
2026-04-20T14:25:24.607+0530: 207.515: [CMS-concurrent-abortable-preclean: 0.000/0.000 secs] [Times: user=0.00 sys=0.00, real=0.00 secs] 
2026-04-20T14:25:24.608+0530: 207.515: [GC (CMS Final Remark) [YG occupancy: 190581 K (471808 K)]2026-04-20T14:25:24.608+0530: 207.515: [Rescan (parallel) , 0.0350630 secs]2026-04-20T14:25:24.643+0530: 207.550: [weak refs processing, 0.0000802 secs]2026-04-20T14:25:24.643+0530: 207.550: [class unloading, 0.0101828 secs]2026-04-20T14:25:24.653+0530: 207.560: [scrub symbol table, 0.0044577 secs]2026-04-20T14:25:24.657+0530: 207.565: [scrub string table, 0.0031273 secs][1 CMS-remark: 61K(64K)] 190642K(471872K), 0.0548960 secs] [Times: user=0.25 sys=0.00, real=0.05 secs] 
2026-04-20T14:25:24.662+0530: 207.570: Total time for which application threads were stopped: 0.0551667 seconds, Stopping threads took: 0.0000378 seconds
2026-04-20T14:25:24.662+0530: 207.570: [CMS-concurrent-sweep-start]
2026-04-20T14:25:24.662+0530: 207.570: [CMS-concurrent-sweep: 0.000/0.000 secs] [Times: user=0.00 sys=0.00, real=0.00 secs] 
2026-04-20T14:25:24.662+0530: 207.570: [CMS-concurrent-reset-start]
2026-04-20T14:25:24.662+0530: 207.570: [CMS-concurrent-reset: 0.000/0.000 secs] [Times: user=0.00 sys=0.00, real=0.00 secs] 
2026-04-20T14:25:34.676+0530: 217.584: [GC (CMS Initial Mark) [1 CMS-initial-mark: 61K(64K)] 191342K(471872K), 0.0250573 secs] [Times: user=0.02 sys=0.00, real=0.03 secs] 
2026-04-20T14:25:34.702+0530: 217.609: Total time for which application threads were stopped: 0.0254772 seconds, Stopping threads took: 0.0000808 seconds
2026-04-20T14:25:34.702+0530: 217.609: [CMS-concurrent-mark-start]
2026-04-20T14:25:34.702+0530: 217.609: [CMS-concurrent-mark: 0.000/0.000 secs] [Times: user=0.00 sys=0.00, real=0.00 secs] 
2026-04-20T14:25:34.702+0530: 217.609: [CMS-concurrent-preclean-start]
2026-04-20T14:25:34.703+0530: 217.610: [CMS-concurrent-preclean: 0.001/0.001 secs] [Times: user=0.00 sys=0.00, real=0.00 secs] 
2026-04-20T14:25:34.703+0530: 217.610: [CMS-concurrent-abortable-preclean-start]
2026-04-20T14:25:34.703+0530: 217.610: [CMS-concurrent-abortable-preclean: 0.000/0.000 secs] [Times: user=0.00 sys=0.00, real=0.00 secs] 
2026-04-20T14:25:34.703+0530: 217.611: [GC (CMS Final Remark) [YG occupancy: 191281 K (471808 K)]2026-04-20T14:25:34.703+0530: 217.611: [Rescan (parallel) , 0.0355926 secs]2026-04-20T14:25:34.739+0530: 217.646: [weak refs processing, 0.0000624 secs]2026-04-20T14:25:34.739+0530: 217.646: [class unloading, 0.0101707 secs]2026-04-20T14:25:34.749+0530: 217.657: [scrub symbol table, 0.0048901 secs]2026-04-20T14:25:34.753+0530: 217.662: [scrub string table, 0.0027868 secs][1 CMS-remark: 61K(64K)] 191342K(471872K), 0.0555667 secs] [Times: user=0.19 sys=0.06, real=0.06 secs] 
2026-04-20T14:25:34.759+0530: 217.666: Total time for which application threads were stopped: 0.0558224 seconds, Stopping threads took: 0.0000387 seconds
2026-04-20T14:25:34.760+0530: 217.667: [CMS-concurrent-sweep-start]
2026-04-20T14:25:34.760+0530: 217.667: [CMS-concurrent-sweep: 0.000/0.000 secs] [Times: user=0.00 sys=0.00, real=0.00 secs] 
2026-04-20T14:25:34.760+0530: 217.667: [CMS-concurrent-reset-start]
2026-04-20T14:25:34.760+0530: 217.667: [CMS-concurrent-reset: 0.000/0.000 secs] [Times: user=0.00 sys=0.00, real=0.00 secs] 
2026-04-20T14:25:35.769+0530: 218.676: Total time for which application threads were stopped: 0.0003205 seconds, Stopping threads took: 0.0000970 seconds
2026-04-20T14:25:44.764+0530: 227.672: [GC (CMS Initial Mark) [1 CMS-initial-mark: 61K(64K)] 191342K(471872K), 0.0243506 secs] [Times: user=0.12 sys=0.02, real=0.03 secs] 
2026-04-20T14:25:44.789+0530: 227.696: Total time for which application threads were stopped: 0.0248188 seconds, Stopping threads took: 0.0001206 seconds
2026-04-20T14:25:44.789+0530: 227.696: [CMS-concurrent-mark-start]
2026-04-20T14:25:44.789+0530: 227.696: [CMS-concurrent-mark: 0.000/0.000 secs] [Times: user=0.00 sys=0.00, real=0.00 secs] 
2026-04-20T14:25:44.789+0530: 227.697: [CMS-concurrent-preclean-start]
2026-04-20T14:25:44.790+0530: 227.697: [CMS-concurrent-preclean: 0.001/0.001 secs] [Times: user=0.00 sys=0.00, real=0.00 secs] 
2026-04-20T14:25:44.790+0530: 227.697: [CMS-concurrent-abortable-preclean-start]
2026-04-20T14:25:44.790+0530: 227.697: [CMS-concurrent-abortable-preclean: 0.000/0.000 secs] [Times: user=0.00 sys=0.00, real=0.00 secs] 
2026-04-20T14:25:44.790+0530: 227.698: [GC (CMS Final Remark) [YG occupancy: 191281 K (471808 K)]2026-04-20T14:25:44.791+0530: 227.698: [Rescan (parallel) , 0.0371928 secs]2026-04-20T14:25:44.828+0530: 227.735: [weak refs processing, 0.0000648 secs]2026-04-20T14:25:44.828+0530: 227.735: [class unloading, 0.0106148 secs]2026-04-20T14:25:44.837+0530: 227.746: [scrub symbol table, 0.0046551 secs]2026-04-20T14:25:44.843+0530: 227.750: [scrub string table, 0.0026100 secs][1 CMS-remark: 61K(64K)] 191342K(471872K), 0.0570058 secs] [Times: user=0.20 sys=0.00, real=0.06 secs] 
2026-04-20T14:25:44.847+0530: 227.755: Total time for which application threads were stopped: 0.0572478 seconds, Stopping threads took: 0.0000421 seconds
2026-04-20T14:25:44.848+0530: 227.755: [CMS-concurrent-sweep-start]
2026-04-20T14:25:44.848+0530: 227.755: [CMS-concurrent-sweep: 0.000/0.000 secs] [Times: user=0.00 sys=0.00, real=0.00 secs] 
2026-04-20T14:25:44.848+0530: 227.755: [CMS-concurrent-reset-start]
2026-04-20T14:25:44.848+0530: 227.755: [CMS-concurrent-reset: 0.000/0.000 secs] [Times: user=0.00 sys=0.00, real=0.00 secs] 
2026-04-20T14:25:54.849+0530: 237.756: [GC (CMS Initial Mark) [1 CMS-initial-mark: 61K(64K)] 191342K(471872K), 0.0253890 secs] [Times: user=0.02 sys=0.00, real=0.03 secs] 
2026-04-20T14:25:54.875+0530: 237.782: Total time for which application threads were stopped: 0.0258808 seconds, Stopping threads took: 0.0001492 seconds
2026-04-20T14:25:54.875+0530: 237.782: [CMS-concurrent-mark-start]
2026-04-20T14:25:54.875+0530: 237.782: [CMS-concurrent-mark: 0.000/0.000 secs] [Times: user=0.00 sys=0.00, real=0.00 secs] 
2026-04-20T14:25:54.875+0530: 237.782: [CMS-concurrent-preclean-start]
2026-04-20T14:25:54.876+0530: 237.783: [CMS-concurrent-preclean: 0.001/0.001 secs] [Times: user=0.00 sys=0.00, real=0.00 secs] 
2026-04-20T14:25:54.876+0530: 237.783: [CMS-concurrent-abortable-preclean-start]
2026-04-20T14:25:54.876+0530: 237.783: [CMS-concurrent-abortable-preclean: 0.000/0.000 secs] [Times: user=0.00 sys=0.00, real=0.00 secs] 
2026-04-20T14:25:54.876+0530: 237.784: [GC (CMS Final Remark) [YG occupancy: 191281 K (471808 K)]2026-04-20T14:25:54.876+0530: 237.784: [Rescan (parallel) , 0.0351043 secs]2026-04-20T14:25:54.912+0530: 237.819: [weak refs processing, 0.0000846 secs]2026-04-20T14:25:54.912+0530: 237.819: [class unloading, 0.0097437 secs]2026-04-20T14:25:54.922+0530: 237.829: [scrub symbol table, 0.0046280 secs]2026-04-20T14:25:54.926+0530: 237.833: [scrub string table, 0.0028431 secs][1 CMS-remark: 61K(64K)] 191342K(471872K), 0.0541452 secs] [Times: user=0.23 sys=0.00, real=0.05 secs] 
2026-04-20T14:25:54.930+0530: 237.838: Total time for which application threads were stopped: 0.0543841 seconds, Stopping threads took: 0.0000384 seconds
2026-04-20T14:25:54.931+0530: 237.838: [CMS-concurrent-sweep-start]
2026-04-20T14:25:54.931+0530: 237.838: [CMS-concurrent-sweep: 0.000/0.000 secs] [Times: user=0.00 sys=0.00, real=0.00 secs] 
2026-04-20T14:25:54.931+0530: 237.838: [CMS-concurrent-reset-start]
2026-04-20T14:25:54.931+0530: 237.838: [CMS-concurrent-reset: 0.000/0.000 secs] [Times: user=0.00 sys=0.00, real=0.00 secs] 
2026-04-20T14:26:00.998+0530: 243.905: Total time for which application threads were stopped: 0.0002360 seconds, Stopping threads took: 0.0000793 seconds
2026-04-20T14:26:04.943+0530: 247.850: [GC (CMS Initial Mark) [1 CMS-initial-mark: 61K(64K)] 191342K(471872K), 0.0202089 secs] [Times: user=0.00 sys=0.01, real=0.02 secs] 
2026-04-20T14:26:04.962+0530: 247.870: Total time for which application threads were stopped: 0.0205569 seconds, Stopping threads took: 0.0000627 seconds
2026-04-20T14:26:04.962+0530: 247.870: [CMS-concurrent-mark-start]
2026-04-20T14:26:04.963+0530: 247.871: [CMS-concurrent-mark: 0.000/0.000 secs] [Times: user=0.00 sys=0.00, real=0.00 secs] 
2026-04-20T14:26:04.963+0530: 247.871: [CMS-concurrent-preclean-start]
2026-04-20T14:26:04.964+0530: 247.871: [CMS-concurrent-preclean: 0.001/0.001 secs] [Times: user=0.00 sys=0.00, real=0.00 secs] 
2026-04-20T14:26:04.964+0530: 247.872: [CMS-concurrent-abortable-preclean-start]
2026-04-20T14:26:04.965+0530: 247.872: [CMS-concurrent-abortable-preclean: 0.000/0.000 secs] [Times: user=0.00 sys=0.00, real=0.00 secs] 
2026-04-20T14:26:04.965+0530: 247.872: [GC (CMS Final Remark) [YG occupancy: 191281 K (471808 K)]2026-04-20T14:26:04.965+0530: 247.872: [Rescan (parallel) , 0.0192459 secs]2026-04-20T14:26:04.984+0530: 247.891: [weak refs processing, 0.0000684 secs]2026-04-20T14:26:04.984+0530: 247.891: [class unloading, 0.0109934 secs]2026-04-20T14:26:04.995+0530: 247.902: [scrub symbol table, 0.0067284 secs]2026-04-20T14:26:05.002+0530: 247.909: [scrub string table, 0.0035306 secs][1 CMS-remark: 61K(64K)] 191342K(471872K), 0.0429614 secs] [Times: user=0.11 sys=0.00, real=0.04 secs] 
2026-04-20T14:26:05.008+0530: 247.915: Total time for which application threads were stopped: 0.0433043 seconds, Stopping threads took: 0.0000373 seconds
2026-04-20T14:26:05.008+0530: 247.915: [CMS-concurrent-sweep-start]
2026-04-20T14:26:05.008+0530: 247.915: [CMS-concurrent-sweep: 0.000/0.000 secs] [Times: user=0.00 sys=0.00, real=0.00 secs] 
2026-04-20T14:26:05.008+0530: 247.915: [CMS-concurrent-reset-start]
2026-04-20T14:26:05.008+0530: 247.915: [CMS-concurrent-reset: 0.000/0.000 secs] [Times: user=0.00 sys=0.00, real=0.00 secs] 
2026-04-20T14:26:06.016+0530: 248.923: Total time for which application threads were stopped: 0.0002099 seconds, Stopping threads took: 0.0000742 seconds
2026-04-20T14:26:12.062+0530: 254.969: Total time for which application threads were stopped: 0.0001711 seconds, Stopping threads took: 0.0000483 seconds
2026-04-20T14:26:14.076+0530: 256.983: Total time for which application threads were stopped: 0.0002043 seconds, Stopping threads took: 0.0000496 seconds
2026-04-20T14:26:15.014+0530: 257.922: [GC (CMS Initial Mark) [1 CMS-initial-mark: 61K(64K)] 191342K(471872K), 0.0245178 secs] [Times: user=0.09 sys=0.05, real=0.03 secs] 
2026-04-20T14:26:15.039+0530: 257.946: Total time for which application threads were stopped: 0.0248461 seconds, Stopping threads took: 0.0000533 seconds
2026-04-20T14:26:15.039+0530: 257.946: [CMS-concurrent-mark-start]
2026-04-20T14:26:15.040+0530: 257.947: [CMS-concurrent-mark: 0.000/0.000 secs] [Times: user=0.00 sys=0.00, real=0.00 secs] 
2026-04-20T14:26:15.040+0530: 257.947: [CMS-concurrent-preclean-start]
2026-04-20T14:26:15.041+0530: 257.948: [CMS-concurrent-preclean: 0.001/0.001 secs] [Times: user=0.00 sys=0.00, real=0.00 secs] 
2026-04-20T14:26:15.041+0530: 257.948: [CMS-concurrent-abortable-preclean-start]
2026-04-20T14:26:15.041+0530: 257.948: [CMS-concurrent-abortable-preclean: 0.000/0.000 secs] [Times: user=0.00 sys=0.00, real=0.00 secs] 
2026-04-20T14:26:15.041+0530: 257.948: [GC (CMS Final Remark) [YG occupancy: 191281 K (471808 K)]2026-04-20T14:26:15.041+0530: 257.948: [Rescan (parallel) , 0.0365540 secs]2026-04-20T14:26:15.077+0530: 257.985: [weak refs processing, 0.0000434 secs]2026-04-20T14:26:15.077+0530: 257.985: [class unloading, 0.0082451 secs]2026-04-20T14:26:15.086+0530: 257.993: [scrub symbol table, 0.0047324 secs]2026-04-20T14:26:15.090+0530: 257.998: [scrub string table, 0.0026172 secs][1 CMS-remark: 61K(64K)] 191342K(471872K), 0.0543129 secs] [Times: user=0.25 sys=0.01, real=0.05 secs] 
2026-04-20T14:26:15.095+0530: 258.003: Total time for which application threads were stopped: 0.0546112 seconds, Stopping threads took: 0.0000359 seconds
2026-04-20T14:26:15.095+0530: 258.003: [CMS-concurrent-sweep-start]
2026-04-20T14:26:15.095+0530: 258.003: [CMS-concurrent-sweep: 0.000/0.000 secs] [Times: user=0.00 sys=0.00, real=0.00 secs] 
2026-04-20T14:26:15.095+0530: 258.003: [CMS-concurrent-reset-start]
2026-04-20T14:26:15.095+0530: 258.003: [CMS-concurrent-reset: 0.000/0.000 secs] [Times: user=0.00 sys=0.00, real=0.00 secs] 
2026-04-20T14:26:25.103+0530: 268.011: [GC (CMS Initial Mark) [1 CMS-initial-mark: 61K(64K)] 191342K(471872K), 0.0261410 secs] [Times: user=0.09 sys=0.03, real=0.03 secs] 
2026-04-20T14:26:25.129+0530: 268.037: Total time for which application threads were stopped: 0.0264835 seconds, Stopping threads took: 0.0000600 seconds
2026-04-20T14:26:25.129+0530: 268.037: [CMS-concurrent-mark-start]
2026-04-20T14:26:25.130+0530: 268.037: [CMS-concurrent-mark: 0.001/0.001 secs] [Times: user=0.00 sys=0.00, real=0.00 secs] 
2026-04-20T14:26:25.130+0530: 268.038: [CMS-concurrent-preclean-start]
2026-04-20T14:26:25.130+0530: 268.038: [CMS-concurrent-preclean: 0.001/0.001 secs] [Times: user=0.00 sys=0.00, real=0.00 secs] 
2026-04-20T14:26:25.131+0530: 268.039: [CMS-concurrent-abortable-preclean-start]
2026-04-20T14:26:25.131+0530: 268.039: [CMS-concurrent-abortable-preclean: 0.000/0.000 secs] [Times: user=0.00 sys=0.00, real=0.00 secs] 
2026-04-20T14:26:25.131+0530: 268.039: [GC (CMS Final Remark) [YG occupancy: 191281 K (471808 K)]2026-04-20T14:26:25.131+0530: 268.039: [Rescan (parallel) , 0.0242930 secs]2026-04-20T14:26:25.156+0530: 268.063: [weak refs processing, 0.0000800 secs]2026-04-20T14:26:25.156+0530: 268.063: [class unloading, 0.0106111 secs]2026-04-20T14:26:25.166+0530: 268.074: [scrub symbol table, 0.0055758 secs]2026-04-20T14:26:25.172+0530: 268.080: [scrub string table, 0.0027172 secs][1 CMS-remark: 61K(64K)] 191342K(471872K), 0.0450715 secs] [Times: user=0.05 sys=0.08, real=0.05 secs] 
2026-04-20T14:26:25.177+0530: 268.084: Total time for which application threads were stopped: 0.0453073 seconds, Stopping threads took: 0.0000373 seconds
2026-04-20T14:26:25.177+0530: 268.085: [CMS-concurrent-sweep-start]
2026-04-20T14:26:25.177+0530: 268.085: [CMS-concurrent-sweep: 0.000/0.000 secs] [Times: user=0.00 sys=0.00, real=0.00 secs] 
2026-04-20T14:26:25.177+0530: 268.085: [CMS-concurrent-reset-start]
2026-04-20T14:26:25.178+0530: 268.085: [CMS-concurrent-reset: 0.000/0.000 secs] [Times: user=0.00 sys=0.00, real=0.00 secs] 
2026-04-20T14:26:35.187+0530: 278.094: [GC (CMS Initial Mark) [1 CMS-initial-mark: 61K(64K)] 192055K(471872K), 0.0238891 secs] [Times: user=0.14 sys=0.00, real=0.02 secs] 
2026-04-20T14:26:35.211+0530: 278.118: Total time for which application threads were stopped: 0.0241907 seconds, Stopping threads took: 0.0000496 seconds
2026-04-20T14:26:35.211+0530: 278.119: [CMS-concurrent-mark-start]
2026-04-20T14:26:35.211+0530: 278.119: [CMS-concurrent-mark: 0.000/0.000 secs] [Times: user=0.00 sys=0.00, real=0.00 secs] 
2026-04-20T14:26:35.211+0530: 278.119: [CMS-concurrent-preclean-start]
2026-04-20T14:26:35.212+0530: 278.120: [CMS-concurrent-preclean: 0.001/0.001 secs] [Times: user=0.00 sys=0.00, real=0.00 secs] 
2026-04-20T14:26:35.212+0530: 278.120: [CMS-concurrent-abortable-preclean-start]
2026-04-20T14:26:35.212+0530: 278.120: [CMS-concurrent-abortable-preclean: 0.000/0.000 secs] [Times: user=0.00 sys=0.00, real=0.00 secs] 
2026-04-20T14:26:35.213+0530: 278.120: [GC (CMS Final Remark) [YG occupancy: 191994 K (471808 K)]2026-04-20T14:26:35.213+0530: 278.120: [Rescan (parallel) , 0.0206228 secs]2026-04-20T14:26:35.233+0530: 278.141: [weak refs processing, 0.0000426 secs]2026-04-20T14:26:35.233+0530: 278.141: [class unloading, 0.0097692 secs]2026-04-20T14:26:35.242+0530: 278.151: [scrub symbol table, 0.0048240 secs]2026-04-20T14:26:35.248+0530: 278.155: [scrub string table, 0.0025386 secs][1 CMS-remark: 61K(64K)] 192055K(471872K), 0.0400448 secs] [Times: user=0.11 sys=0.02, real=0.04 secs] 
2026-04-20T14:26:35.253+0530: 278.160: Total time for which application threads were stopped: 0.0403765 seconds, Stopping threads took: 0.0000373 seconds
2026-04-20T14:26:35.253+0530: 278.161: [CMS-concurrent-sweep-start]
2026-04-20T14:26:35.253+0530: 278.161: [CMS-concurrent-sweep: 0.000/0.000 secs] [Times: user=0.00 sys=0.00, real=0.00 secs] 
2026-04-20T14:26:35.253+0530: 278.161: [CMS-concurrent-reset-start]
2026-04-20T14:26:35.253+0530: 278.161: [CMS-concurrent-reset: 0.000/0.000 secs] [Times: user=0.00 sys=0.00, real=0.00 secs] 
2026-04-20T14:26:40.312+0530: 283.220: Total time for which application threads were stopped: 0.0002837 seconds, Stopping threads took: 0.0000763 seconds
2026-04-20T14:26:45.254+0530: 288.161: [GC (CMS Initial Mark) [1 CMS-initial-mark: 61K(64K)] 192755K(471872K), 0.0228385 secs] [Times: user=0.01 sys=0.00, real=0.02 secs] 
2026-04-20T14:26:45.277+0530: 288.184: Total time for which application threads were stopped: 0.0231509 seconds, Stopping threads took: 0.0000550 seconds
2026-04-20T14:26:45.277+0530: 288.185: [CMS-concurrent-mark-start]
2026-04-20T14:26:45.277+0530: 288.185: [CMS-concurrent-mark: 0.000/0.000 secs] [Times: user=0.00 sys=0.00, real=0.00 secs] 
2026-04-20T14:26:45.277+0530: 288.185: [CMS-concurrent-preclean-start]
2026-04-20T14:26:45.278+0530: 288.186: [CMS-concurrent-preclean: 0.001/0.001 secs] [Times: user=0.00 sys=0.00, real=0.00 secs] 
2026-04-20T14:26:45.278+0530: 288.186: [CMS-concurrent-abortable-preclean-start]
2026-04-20T14:26:45.278+0530: 288.186: [CMS-concurrent-abortable-preclean: 0.000/0.000 secs] [Times: user=0.00 sys=0.00, real=0.00 secs] 
2026-04-20T14:26:45.278+0530: 288.186: [GC (CMS Final Remark) [YG occupancy: 192694 K (471808 K)]2026-04-20T14:26:45.278+0530: 288.186: [Rescan (parallel) , 0.0259781 secs]2026-04-20T14:26:45.305+0530: 288.212: [weak refs processing, 0.0000588 secs]2026-04-20T14:26:45.305+0530: 288.212: [class unloading, 0.0086550 secs]2026-04-20T14:26:45.313+0530: 288.221: [scrub symbol table, 0.0050266 secs]2026-04-20T14:26:45.318+0530: 288.226: [scrub string table, 0.0026847 secs][1 CMS-remark: 61K(64K)] 192755K(471872K), 0.0443910 secs] [Times: user=0.24 sys=0.03, real=0.04 secs] 
2026-04-20T14:26:45.323+0530: 288.231: Total time for which application threads were stopped: 0.0446364 seconds, Stopping threads took: 0.0000376 seconds
2026-04-20T14:26:45.323+0530: 288.231: [CMS-concurrent-sweep-start]
2026-04-20T14:26:45.323+0530: 288.231: [CMS-concurrent-sweep: 0.000/0.000 secs] [Times: user=0.00 sys=0.00, real=0.00 secs] 
2026-04-20T14:26:45.324+0530: 288.231: [CMS-concurrent-reset-start]
2026-04-20T14:26:45.324+0530: 288.231: [CMS-concurrent-reset: 0.000/0.000 secs] [Times: user=0.00 sys=0.00, real=0.00 secs] 
2026-04-20T14:26:46.335+0530: 289.242: Total time for which application threads were stopped: 0.0003307 seconds, Stopping threads took: 0.0000980 seconds
2026-04-20T14:26:49.344+0530: 292.251: Total time for which application threads were stopped: 0.0002089 seconds, Stopping threads took: 0.0000548 seconds
2026-04-20T14:26:55.333+0530: 298.240: [GC (CMS Initial Mark) [1 CMS-initial-mark: 61K(64K)] 192755K(471872K), 0.0236427 secs] [Times: user=0.00 sys=0.02, real=0.02 secs] 
2026-04-20T14:26:55.357+0530: 298.264: Total time for which application threads were stopped: 0.0241775 seconds, Stopping threads took: 0.0000586 seconds
2026-04-20T14:26:55.357+0530: 298.264: [CMS-concurrent-mark-start]
2026-04-20T14:26:55.357+0530: 298.264: [CMS-concurrent-mark: 0.000/0.000 secs] [Times: user=0.00 sys=0.00, real=0.00 secs] 
2026-04-20T14:26:55.357+0530: 298.265: [CMS-concurrent-preclean-start]
2026-04-20T14:26:55.358+0530: 298.265: [CMS-concurrent-preclean: 0.001/0.001 secs] [Times: user=0.00 sys=0.00, real=0.00 secs] 
2026-04-20T14:26:55.358+0530: 298.265: [CMS-concurrent-abortable-preclean-start]
2026-04-20T14:26:55.358+0530: 298.265: [CMS-concurrent-abortable-preclean: 0.000/0.000 secs] [Times: user=0.00 sys=0.00, real=0.00 secs] 
2026-04-20T14:26:55.358+0530: 298.265: [GC (CMS Final Remark) [YG occupancy: 192694 K (471808 K)]2026-04-20T14:26:55.358+0530: 298.266: [Rescan (parallel) , 0.0369283 secs]2026-04-20T14:26:55.396+0530: 298.303: [weak refs processing, 0.0000591 secs]2026-04-20T14:26:55.396+0530: 298.303: [class unloading, 0.0091159 secs]2026-04-20T14:26:55.405+0530: 298.312: [scrub symbol table, 0.0045081 secs]2026-04-20T14:26:55.409+0530: 298.316: [scrub string table, 0.0030190 secs][1 CMS-remark: 61K(64K)] 192755K(471872K), 0.0557979 secs] [Times: user=0.22 sys=0.03, real=0.06 secs] 
2026-04-20T14:26:55.414+0530: 298.321: Total time for which application threads were stopped: 0.0560522 seconds, Stopping threads took: 0.0000367 seconds
2026-04-20T14:26:55.414+0530: 298.322: [CMS-concurrent-sweep-start]
2026-04-20T14:26:55.414+0530: 298.322: [CMS-concurrent-sweep: 0.000/0.000 secs] [Times: user=0.00 sys=0.00, real=0.00 secs] 
2026-04-20T14:26:55.414+0530: 298.322: [CMS-concurrent-reset-start]
2026-04-20T14:26:55.414+0530: 298.322: [CMS-concurrent-reset: 0.000/0.000 secs] [Times: user=0.00 sys=0.00, real=0.00 secs] 
2026-04-20T14:27:01.452+0530: 304.360: Total time for which application threads were stopped: 0.0002494 seconds, Stopping threads took: 0.0000724 seconds
2026-04-20T14:27:05.416+0530: 308.323: [GC (CMS Initial Mark) [1 CMS-initial-mark: 61K(64K)] 192755K(471872K), 0.0248812 secs] [Times: user=0.09 sys=0.01, real=0.02 secs] 
2026-04-20T14:27:05.440+0530: 308.348: Total time for which application threads were stopped: 0.0252480 seconds, Stopping threads took: 0.0000678 seconds
2026-04-20T14:27:05.440+0530: 308.348: [CMS-concurrent-mark-start]
2026-04-20T14:27:05.441+0530: 308.349: [CMS-concurrent-mark: 0.000/0.000 secs] [Times: user=0.00 sys=0.00, real=0.00 secs] 
2026-04-20T14:27:05.441+0530: 308.349: [CMS-concurrent-preclean-start]
2026-04-20T14:27:05.443+0530: 308.350: [CMS-concurrent-preclean: 0.001/0.001 secs] [Times: user=0.00 sys=0.00, real=0.00 secs] 
2026-04-20T14:27:05.443+0530: 308.350: [CMS-concurrent-abortable-preclean-start]
2026-04-20T14:27:05.443+0530: 308.350: [CMS-concurrent-abortable-preclean: 0.000/0.000 secs] [Times: user=0.00 sys=0.00, real=0.00 secs] 
2026-04-20T14:27:05.443+0530: 308.350: [GC (CMS Final Remark) [YG occupancy: 192694 K (471808 K)]2026-04-20T14:27:05.443+0530: 308.350: [Rescan (parallel) , 0.0346047 secs]2026-04-20T14:27:05.477+0530: 308.385: [weak refs processing, 0.0000456 secs]2026-04-20T14:27:05.477+0530: 308.385: [class unloading, 0.0093058 secs]2026-04-20T14:27:05.487+0530: 308.394: [scrub symbol table, 0.0045033 secs]2026-04-20T14:27:05.491+0530: 308.399: [scrub string table, 0.0025684 secs][1 CMS-remark: 61K(64K)] 192755K(471872K), 0.0530012 secs] [Times: user=0.14 sys=0.00, real=0.05 secs] 
2026-04-20T14:27:05.496+0530: 308.403: Total time for which application threads were stopped: 0.0532641 seconds, Stopping threads took: 0.0000625 seconds
2026-04-20T14:27:05.496+0530: 308.403: [CMS-concurrent-sweep-start]
2026-04-20T14:27:05.496+0530: 308.403: [CMS-concurrent-sweep: 0.000/0.000 secs] [Times: user=0.00 sys=0.00, real=0.00 secs] 
2026-04-20T14:27:05.496+0530: 308.403: [CMS-concurrent-reset-start]
2026-04-20T14:27:05.496+0530: 308.403: [CMS-concurrent-reset: 0.000/0.000 secs] [Times: user=0.00 sys=0.00, real=0.00 secs] 
2026-04-20T14:27:12.562+0530: 315.469: Total time for which application threads were stopped: 0.0002550 seconds, Stopping threads took: 0.0000751 seconds
2026-04-20T14:27:14.590+0530: 317.498: Total time for which application threads were stopped: 0.0002131 seconds, Stopping threads took: 0.0000597 seconds
2026-04-20T14:27:15.497+0530: 318.404: [GC (CMS Initial Mark) [1 CMS-initial-mark: 61K(64K)] 192755K(471872K), 0.0194937 secs] [Times: user=0.09 sys=0.02, real=0.02 secs] 
2026-04-20T14:27:15.516+0530: 318.423: Total time for which application threads were stopped: 0.0198303 seconds, Stopping threads took: 0.0000921 seconds
2026-04-20T14:27:15.516+0530: 318.424: [CMS-concurrent-mark-start]
2026-04-20T14:27:15.517+0530: 318.424: [CMS-concurrent-mark: 0.000/0.000 secs] [Times: user=0.00 sys=0.00, real=0.00 secs] 
2026-04-20T14:27:15.517+0530: 318.424: [CMS-concurrent-preclean-start]
2026-04-20T14:27:15.517+0530: 318.425: [CMS-concurrent-preclean: 0.001/0.001 secs] [Times: user=0.00 sys=0.00, real=0.00 secs] 
2026-04-20T14:27:15.517+0530: 318.425: [CMS-concurrent-abortable-preclean-start]
2026-04-20T14:27:15.517+0530: 318.425: [CMS-concurrent-abortable-preclean: 0.000/0.000 secs] [Times: user=0.00 sys=0.00, real=0.00 secs] 
2026-04-20T14:27:15.518+0530: 318.425: [GC (CMS Final Remark) [YG occupancy: 192694 K (471808 K)]2026-04-20T14:27:15.518+0530: 318.425: [Rescan (parallel) , 0.0404818 secs]2026-04-20T14:27:15.559+0530: 318.466: [weak refs processing, 0.0000578 secs]2026-04-20T14:27:15.559+0530: 318.466: [class unloading, 0.0112022 secs]2026-04-20T14:27:15.570+0530: 318.477: [scrub symbol table, 0.0048561 secs]2026-04-20T14:27:15.575+0530: 318.482: [scrub string table, 0.0025181 secs][1 CMS-remark: 61K(64K)] 192755K(471872K), 0.0608772 secs] [Times: user=0.09 sys=0.03, real=0.06 secs] 
2026-04-20T14:27:15.579+0530: 318.486: Total time for which application threads were stopped: 0.0611076 seconds, Stopping threads took: 0.0000356 seconds
2026-04-20T14:27:15.579+0530: 318.486: [CMS-concurrent-sweep-start]
2026-04-20T14:27:15.579+0530: 318.486: [CMS-concurrent-sweep: 0.000/0.000 secs] [Times: user=0.00 sys=0.00, real=0.00 secs] 
2026-04-20T14:27:15.579+0530: 318.486: [CMS-concurrent-reset-start]
2026-04-20T14:27:15.579+0530: 318.487: [CMS-concurrent-reset: 0.000/0.000 secs] [Times: user=0.00 sys=0.00, real=0.00 secs] 
2026-04-20T14:27:16.584+0530: 319.492: Total time for which application threads were stopped: 0.0004177 seconds, Stopping threads took: 0.0001093 seconds
2026-04-20T14:27:25.587+0530: 328.494: [GC (CMS Initial Mark) [1 CMS-initial-mark: 61K(64K)] 193454K(471872K), 0.0268600 secs] [Times: user=0.05 sys=0.00, real=0.03 secs] 
2026-04-20T14:27:25.614+0530: 328.521: Total time for which application threads were stopped: 0.0272367 seconds, Stopping threads took: 0.0000596 seconds
2026-04-20T14:27:25.614+0530: 328.521: [CMS-concurrent-mark-start]
2026-04-20T14:27:25.614+0530: 328.522: [CMS-concurrent-mark: 0.000/0.000 secs] [Times: user=0.00 sys=0.00, real=0.00 secs] 
2026-04-20T14:27:25.614+0530: 328.522: [CMS-concurrent-preclean-start]
2026-04-20T14:27:25.615+0530: 328.523: [CMS-concurrent-preclean: 0.001/0.001 secs] [Times: user=0.00 sys=0.00, real=0.00 secs] 
2026-04-20T14:27:25.616+0530: 328.523: [CMS-concurrent-abortable-preclean-start]
2026-04-20T14:27:25.616+0530: 328.523: [CMS-concurrent-abortable-preclean: 0.000/0.000 secs] [Times: user=0.00 sys=0.00, real=0.00 secs] 
2026-04-20T14:27:25.616+0530: 328.523: [GC (CMS Final Remark) [YG occupancy: 193393 K (471808 K)]2026-04-20T14:27:25.616+0530: 328.524: [Rescan (parallel) , 0.0310701 secs]2026-04-20T14:27:25.647+0530: 328.555: [weak refs processing, 0.0000563 secs]2026-04-20T14:27:25.647+0530: 328.555: [class unloading, 0.0090356 secs]2026-04-20T14:27:25.657+0530: 328.564: [scrub symbol table, 0.0053558 secs]2026-04-20T14:27:25.661+0530: 328.569: [scrub string table, 0.0030081 secs][1 CMS-remark: 61K(64K)] 193454K(471872K), 0.0509409 secs] [Times: user=0.22 sys=0.05, real=0.05 secs] 
2026-04-20T14:27:25.667+0530: 328.575: Total time for which application threads were stopped: 0.0512303 seconds, Stopping threads took: 0.0000551 seconds
2026-04-20T14:27:25.667+0530: 328.575: [CMS-concurrent-sweep-start]
2026-04-20T14:27:25.667+0530: 328.575: [CMS-concurrent-sweep: 0.000/0.000 secs] [Times: user=0.00 sys=0.00, real=0.00 secs] 
2026-04-20T14:27:25.667+0530: 328.575: [CMS-concurrent-reset-start]
2026-04-20T14:27:25.667+0530: 328.575: [CMS-concurrent-reset: 0.000/0.000 secs] [Times: user=0.00 sys=0.00, real=0.00 secs] 
2026-04-20T14:27:35.674+0530: 338.581: [GC (CMS Initial Mark) [1 CMS-initial-mark: 61K(64K)] 193454K(471872K), 0.0238617 secs] [Times: user=0.02 sys=0.00, real=0.02 secs] 
2026-04-20T14:27:35.698+0530: 338.605: Total time for which application threads were stopped: 0.0241551 seconds, Stopping threads took: 0.0000513 seconds
2026-04-20T14:27:35.698+0530: 338.605: [CMS-concurrent-mark-start]
2026-04-20T14:27:35.699+0530: 338.606: [CMS-concurrent-mark: 0.000/0.000 secs] [Times: user=0.00 sys=0.00, real=0.00 secs] 
2026-04-20T14:27:35.699+0530: 338.606: [CMS-concurrent-preclean-start]
2026-04-20T14:27:35.699+0530: 338.607: [CMS-concurrent-preclean: 0.001/0.001 secs] [Times: user=0.00 sys=0.00, real=0.00 secs] 
2026-04-20T14:27:35.699+0530: 338.607: [CMS-concurrent-abortable-preclean-start]
2026-04-20T14:27:35.699+0530: 338.607: [CMS-concurrent-abortable-preclean: 0.000/0.000 secs] [Times: user=0.00 sys=0.00, real=0.00 secs] 
2026-04-20T14:27:35.700+0530: 338.607: [GC (CMS Final Remark) [YG occupancy: 193393 K (471808 K)]2026-04-20T14:27:35.700+0530: 338.607: [Rescan (parallel) , 0.0301375 secs]2026-04-20T14:27:35.730+0530: 338.637: [weak refs processing, 0.0000684 secs]2026-04-20T14:27:35.730+0530: 338.637: [class unloading, 0.0124389 secs]2026-04-20T14:27:35.743+0530: 338.650: [scrub symbol table, 0.0077541 secs]2026-04-20T14:27:35.750+0530: 338.658: [scrub string table, 0.0035675 secs][1 CMS-remark: 61K(64K)] 193454K(471872K), 0.0564024 secs] [Times: user=0.22 sys=0.05, real=0.06 secs] 
2026-04-20T14:27:35.756+0530: 338.664: Total time for which application threads were stopped: 0.0566908 seconds, Stopping threads took: 0.0000418 seconds
2026-04-20T14:27:35.757+0530: 338.664: [CMS-concurrent-sweep-start]
2026-04-20T14:27:35.757+0530: 338.664: [CMS-concurrent-sweep: 0.000/0.000 secs] [Times: user=0.00 sys=0.00, real=0.00 secs] 
2026-04-20T14:27:35.757+0530: 338.664: [CMS-concurrent-reset-start]
2026-04-20T14:27:35.757+0530: 338.664: [CMS-concurrent-reset: 0.000/0.000 secs] [Times: user=0.00 sys=0.00, real=0.00 secs] 
2026-04-20T14:27:39.782+0530: 342.689: Total time for which application threads were stopped: 0.0004020 seconds, Stopping threads took: 0.0000531 seconds
2026-04-20T14:27:40.793+0530: 343.700: Total time for which application threads were stopped: 0.0003224 seconds, Stopping threads took: 0.0001347 seconds
2026-04-20T14:27:41.806+0530: 344.714: Total time for which application threads were stopped: 0.0001971 seconds, Stopping threads took: 0.0000515 seconds
2026-04-20T14:27:45.766+0530: 348.673: [GC (CMS Initial Mark) [1 CMS-initial-mark: 60K(64K)] 205662K(471872K), 0.0244149 secs] [Times: user=0.09 sys=0.00, real=0.02 secs] 
2026-04-20T14:27:45.790+0530: 348.698: Total time for which application threads were stopped: 0.0247756 seconds, Stopping threads took: 0.0000648 seconds
2026-04-20T14:27:45.790+0530: 348.698: [CMS-concurrent-mark-start]
2026-04-20T14:27:45.790+0530: 348.698: [CMS-concurrent-mark: 0.001/0.001 secs] [Times: user=0.00 sys=0.00, real=0.00 secs] 
2026-04-20T14:27:45.790+0530: 348.698: [CMS-concurrent-preclean-start]
2026-04-20T14:27:45.792+0530: 348.699: [CMS-concurrent-preclean: 0.001/0.001 secs] [Times: user=0.00 sys=0.00, real=0.00 secs] 
2026-04-20T14:27:45.792+0530: 348.699: [CMS-concurrent-abortable-preclean-start]
2026-04-20T14:27:45.792+0530: 348.699: [CMS-concurrent-abortable-preclean: 0.000/0.000 secs] [Times: user=0.00 sys=0.00, real=0.00 secs] 
2026-04-20T14:27:45.792+0530: 348.699: [GC (CMS Final Remark) [YG occupancy: 205601 K (471808 K)]2026-04-20T14:27:45.792+0530: 348.699: [Rescan (parallel) , 0.0360595 secs]2026-04-20T14:27:45.828+0530: 348.736: [weak refs processing, 0.0000623 secs]2026-04-20T14:27:45.828+0530: 348.736: [class unloading, 0.0093642 secs]2026-04-20T14:27:45.837+0530: 348.745: [scrub symbol table, 0.0053646 secs]2026-04-20T14:27:45.843+0530: 348.750: [scrub string table, 0.0037894 secs][1 CMS-remark: 60K(64K)] 205662K(471872K), 0.0566220 secs] [Times: user=0.22 sys=0.03, real=0.06 secs] 
2026-04-20T14:27:45.848+0530: 348.756: Total time for which application threads were stopped: 0.0568722 seconds, Stopping threads took: 0.0000378 seconds
2026-04-20T14:27:45.849+0530: 348.756: [CMS-concurrent-sweep-start]
2026-04-20T14:27:45.849+0530: 348.756: [CMS-concurrent-sweep: 0.000/0.000 secs] [Times: user=0.00 sys=0.00, real=0.00 secs] 
2026-04-20T14:27:45.849+0530: 348.757: [CMS-concurrent-reset-start]
2026-04-20T14:27:45.849+0530: 348.757: [CMS-concurrent-reset: 0.000/0.000 secs] [Times: user=0.00 sys=0.00, real=0.00 secs] 
2026-04-20T14:27:54.932+0530: 357.840: Total time for which application threads were stopped: 0.0002562 seconds, Stopping threads took: 0.0000753 seconds
2026-04-20T14:27:55.857+0530: 358.764: [GC (CMS Initial Mark) [1 CMS-initial-mark: 60K(64K)] 206363K(471872K), 0.0258914 secs] [Times: user=0.08 sys=0.01, real=0.03 secs] 
2026-04-20T14:27:55.883+0530: 358.790: Total time for which application threads were stopped: 0.0262417 seconds, Stopping threads took: 0.0000555 seconds
2026-04-20T14:27:55.883+0530: 358.790: [CMS-concurrent-mark-start]
2026-04-20T14:27:55.883+0530: 358.791: [CMS-concurrent-mark: 0.000/0.000 secs] [Times: user=0.00 sys=0.00, real=0.00 secs] 
2026-04-20T14:27:55.883+0530: 358.791: [CMS-concurrent-preclean-start]
2026-04-20T14:27:55.883+0530: 358.792: [CMS-concurrent-preclean: 0.001/0.001 secs] [Times: user=0.00 sys=0.00, real=0.00 secs] 
2026-04-20T14:27:55.885+0530: 358.792: [CMS-concurrent-abortable-preclean-start]
2026-04-20T14:27:55.885+0530: 358.792: [CMS-concurrent-abortable-preclean: 0.000/0.000 secs] [Times: user=0.00 sys=0.00, real=0.00 secs] 
2026-04-20T14:27:55.885+0530: 358.792: [GC (CMS Final Remark) [YG occupancy: 206302 K (471808 K)]2026-04-20T14:27:55.885+0530: 358.792: [Rescan (parallel) , 0.0262459 secs]2026-04-20T14:27:55.911+0530: 358.819: [weak refs processing, 0.0000385 secs]2026-04-20T14:27:55.911+0530: 358.819: [class unloading, 0.0113449 secs]2026-04-20T14:27:55.922+0530: 358.830: [scrub symbol table, 0.0044817 secs]2026-04-20T14:27:55.927+0530: 358.835: [scrub string table, 0.0025971 secs][1 CMS-remark: 60K(64K)] 206363K(471872K), 0.0466026 secs] [Times: user=0.23 sys=0.00, real=0.05 secs] 
2026-04-20T14:27:55.931+0530: 358.839: Total time for which application threads were stopped: 0.0468563 seconds, Stopping threads took: 0.0000453 seconds
2026-04-20T14:27:55.932+0530: 358.839: [CMS-concurrent-sweep-start]
2026-04-20T14:27:55.932+0530: 358.839: [CMS-concurrent-sweep: 0.000/0.000 secs] [Times: user=0.00 sys=0.00, real=0.00 secs] 
2026-04-20T14:27:55.932+0530: 358.839: [CMS-concurrent-reset-start]
2026-04-20T14:27:55.932+0530: 358.839: [CMS-concurrent-reset: 0.000/0.000 secs] [Times: user=0.00 sys=0.00, real=0.00 secs] 
2026-04-20T14:28:05.939+0530: 368.847: [GC (CMS Initial Mark) [1 CMS-initial-mark: 60K(64K)] 207569K(471872K), 0.0263949 secs] [Times: user=0.03 sys=0.00, real=0.03 secs] 
2026-04-20T14:28:05.966+0530: 368.873: Total time for which application threads were stopped: 0.0269024 seconds, Stopping threads took: 0.0001119 seconds
2026-04-20T14:28:05.966+0530: 368.874: [CMS-concurrent-mark-start]
2026-04-20T14:28:05.967+0530: 368.874: [CMS-concurrent-mark: 0.000/0.000 secs] [Times: user=0.00 sys=0.00, real=0.00 secs] 
2026-04-20T14:28:05.967+0530: 368.874: [CMS-concurrent-preclean-start]
2026-04-20T14:28:05.967+0530: 368.875: [CMS-concurrent-preclean: 0.001/0.001 secs] [Times: user=0.00 sys=0.00, real=0.00 secs] 
2026-04-20T14:28:05.967+0530: 368.875: [CMS-concurrent-abortable-preclean-start]
2026-04-20T14:28:05.967+0530: 368.875: [CMS-concurrent-abortable-preclean: 0.000/0.000 secs] [Times: user=0.00 sys=0.00, real=0.00 secs] 
2026-04-20T14:28:05.967+0530: 368.875: [GC (CMS Final Remark) [YG occupancy: 207508 K (471808 K)]2026-04-20T14:28:05.967+0530: 368.875: [Rescan (parallel) , 0.0260255 secs]2026-04-20T14:28:05.994+0530: 368.901: [weak refs processing, 0.0000601 secs]2026-04-20T14:28:05.994+0530: 368.901: [class unloading, 0.0115630 secs]2026-04-20T14:28:06.005+0530: 368.913: [scrub symbol table, 0.0066389 secs]2026-04-20T14:28:06.012+0530: 368.920: [scrub string table, 0.0030194 secs][1 CMS-remark: 60K(64K)] 207569K(471872K), 0.0498706 secs] [Times: user=0.23 sys=0.02, real=0.05 secs] 
2026-04-20T14:28:06.018+0530: 368.925: Total time for which application threads were stopped: 0.0503733 seconds, Stopping threads took: 0.0000367 seconds
2026-04-20T14:28:06.018+0530: 368.925: [CMS-concurrent-sweep-start]
2026-04-20T14:28:06.018+0530: 368.925: [CMS-concurrent-sweep: 0.000/0.000 secs] [Times: user=0.00 sys=0.00, real=0.00 secs] 
2026-04-20T14:28:06.018+0530: 368.926: [CMS-concurrent-reset-start]
2026-04-20T14:28:06.018+0530: 368.926: [CMS-concurrent-reset: 0.000/0.000 secs] [Times: user=0.00 sys=0.00, real=0.00 secs] 
2026-04-20T14:28:16.031+0530: 378.939: [GC (CMS Initial Mark) [1 CMS-initial-mark: 60K(64K)] 207569K(471872K), 0.0251365 secs] [Times: user=0.05 sys=0.02, real=0.03 secs] 
2026-04-20T14:28:16.057+0530: 378.964: Total time for which application threads were stopped: 0.0257848 seconds, Stopping threads took: 0.0003558 seconds
2026-04-20T14:28:16.057+0530: 378.964: [CMS-concurrent-mark-start]
2026-04-20T14:28:16.057+0530: 378.965: [CMS-concurrent-mark: 0.000/0.000 secs] [Times: user=0.00 sys=0.00, real=0.00 secs] 
2026-04-20T14:28:16.057+0530: 378.965: [CMS-concurrent-preclean-start]
2026-04-20T14:28:16.057+0530: 378.965: [CMS-concurrent-preclean: 0.001/0.001 secs] [Times: user=0.00 sys=0.00, real=0.00 secs] 
2026-04-20T14:28:16.057+0530: 378.965: [CMS-concurrent-abortable-preclean-start]
2026-04-20T14:28:16.057+0530: 378.966: [CMS-concurrent-abortable-preclean: 0.000/0.000 secs] [Times: user=0.00 sys=0.00, real=0.00 secs] 
2026-04-20T14:28:16.057+0530: 378.966: [GC (CMS Final Remark) [YG occupancy: 207508 K (471808 K)]2026-04-20T14:28:16.057+0530: 378.966: [Rescan (parallel) , 0.0285525 secs]2026-04-20T14:28:16.087+0530: 378.994: [weak refs processing, 0.0000496 secs]2026-04-20T14:28:16.087+0530: 378.994: [class unloading, 0.0086955 secs]2026-04-20T14:28:16.095+0530: 379.003: [scrub symbol table, 0.0047456 secs]2026-04-20T14:28:16.100+0530: 379.008: [scrub string table, 0.0025239 secs][1 CMS-remark: 60K(64K)] 207569K(471872K), 0.0465689 secs] [Times: user=0.17 sys=0.03, real=0.05 secs] 
2026-04-20T14:28:16.105+0530: 379.012: Total time for which application threads were stopped: 0.0468193 seconds, Stopping threads took: 0.0000354 seconds
2026-04-20T14:28:16.105+0530: 379.013: [CMS-concurrent-sweep-start]
2026-04-20T14:28:16.105+0530: 379.013: [CMS-concurrent-sweep: 0.000/0.000 secs] [Times: user=0.00 sys=0.00, real=0.00 secs] 
2026-04-20T14:28:16.105+0530: 379.013: [CMS-concurrent-reset-start]
2026-04-20T14:28:16.105+0530: 379.013: [CMS-concurrent-reset: 0.000/0.000 secs] [Times: user=0.00 sys=0.00, real=0.00 secs] 
2026-04-20T14:28:24.122+0530: 387.030: Total time for which application threads were stopped: 0.0003885 seconds, Stopping threads took: 0.0000974 seconds
2026-04-20T14:28:25.123+0530: 388.030: Total time for which application threads were stopped: 0.0004135 seconds, Stopping threads took: 0.0000533 seconds
2026-04-20T14:28:26.105+0530: 389.013: [GC (CMS Initial Mark) [1 CMS-initial-mark: 57K(64K)] 222456K(471872K), 0.0239744 secs] [Times: user=0.12 sys=0.00, real=0.03 secs] 
2026-04-20T14:28:26.130+0530: 389.037: Total time for which application threads were stopped: 0.0244438 seconds, Stopping threads took: 0.0000569 seconds
2026-04-20T14:28:26.130+0530: 389.037: [CMS-concurrent-mark-start]
2026-04-20T14:28:26.130+0530: 389.038: [CMS-concurrent-mark: 0.000/0.000 secs] [Times: user=0.00 sys=0.00, real=0.00 secs] 
2026-04-20T14:28:26.131+0530: 389.038: [CMS-concurrent-preclean-start]
2026-04-20T14:28:26.131+0530: 389.038: [CMS-concurrent-preclean: 0.001/0.001 secs] [Times: user=0.00 sys=0.00, real=0.00 secs] 
2026-04-20T14:28:26.131+0530: 389.039: [CMS-concurrent-abortable-preclean-start]
2026-04-20T14:28:26.131+0530: 389.039: [CMS-concurrent-abortable-preclean: 0.000/0.000 secs] [Times: user=0.00 sys=0.00, real=0.00 secs] 
2026-04-20T14:28:26.132+0530: 389.039: [GC (CMS Final Remark) [YG occupancy: 222398 K (471808 K)]2026-04-20T14:28:26.132+0530: 389.039: [Rescan (parallel) , 0.0254193 secs]2026-04-20T14:28:26.157+0530: 389.065: [weak refs processing, 0.0000659 secs]2026-04-20T14:28:26.157+0530: 389.065: [class unloading, 0.0106613 secs]2026-04-20T14:28:26.168+0530: 389.075: [scrub symbol table, 0.0063516 secs]2026-04-20T14:28:26.174+0530: 389.082: [scrub string table, 0.0037862 secs][1 CMS-remark: 57K(64K)] 222456K(471872K), 0.0484419 secs] [Times: user=0.09 sys=0.06, real=0.05 secs] 
2026-04-20T14:28:26.180+0530: 389.088: Total time for which application threads were stopped: 0.0487896 seconds, Stopping threads took: 0.0000615 seconds
2026-04-20T14:28:26.180+0530: 389.088: [CMS-concurrent-sweep-start]
2026-04-20T14:28:26.180+0530: 389.088: [CMS-concurrent-sweep: 0.000/0.000 secs] [Times: user=0.00 sys=0.00, real=0.00 secs] 
2026-04-20T14:28:26.180+0530: 389.088: [CMS-concurrent-reset-start]
2026-04-20T14:28:26.180+0530: 389.088: [CMS-concurrent-reset: 0.000/0.000 secs] [Times: user=0.00 sys=0.00, real=0.00 secs] 
2026-04-20T14:28:27.181+0530: 390.089: Total time for which application threads were stopped: 0.0003618 seconds, Stopping threads took: 0.0000807 seconds
2026-04-20T14:28:32.183+0530: 395.090: Total time for which application threads were stopped: 0.0002013 seconds, Stopping threads took: 0.0000526 seconds
2026-04-20T14:28:36.180+0530: 399.088: [GC (CMS Initial Mark) [1 CMS-initial-mark: 57K(64K)] 224179K(471872K), 0.0315569 secs] [Times: user=0.14 sys=0.00, real=0.03 secs] 
2026-04-20T14:28:36.211+0530: 399.119: Total time for which application threads were stopped: 0.0319239 seconds, Stopping threads took: 0.0000487 seconds
2026-04-20T14:28:36.211+0530: 399.120: [CMS-concurrent-mark-start]
2026-04-20T14:28:36.213+0530: 399.120: [CMS-concurrent-mark: 0.000/0.000 secs] [Times: user=0.00 sys=0.00, real=0.00 secs] 
2026-04-20T14:28:36.213+0530: 399.120: [CMS-concurrent-preclean-start]
2026-04-20T14:28:36.214+0530: 399.121: [CMS-concurrent-preclean: 0.001/0.001 secs] [Times: user=0.00 sys=0.00, real=0.00 secs] 
2026-04-20T14:28:36.214+0530: 399.121: [CMS-concurrent-abortable-preclean-start]
2026-04-20T14:28:36.214+0530: 399.121: [CMS-concurrent-abortable-preclean: 0.000/0.000 secs] [Times: user=0.00 sys=0.00, real=0.00 secs] 
2026-04-20T14:28:36.214+0530: 399.121: [GC (CMS Final Remark) [YG occupancy: 224121 K (471808 K)]2026-04-20T14:28:36.214+0530: 399.121: [Rescan (parallel) , 0.0276157 secs]2026-04-20T14:28:36.242+0530: 399.149: [weak refs processing, 0.0000366 secs]2026-04-20T14:28:36.242+0530: 399.149: [class unloading, 0.0103844 secs]2026-04-20T14:28:36.252+0530: 399.160: [scrub symbol table, 0.0074358 secs]2026-04-20T14:28:36.260+0530: 399.167: [scrub string table, 0.0026519 secs][1 CMS-remark: 57K(64K)] 224179K(471872K), 0.0500615 secs] [Times: user=0.17 sys=0.01, real=0.05 secs] 
2026-04-20T14:28:36.264+0530: 399.172: Total time for which application threads were stopped: 0.0503683 seconds, Stopping threads took: 0.0000669 seconds
2026-04-20T14:28:36.264+0530: 399.172: [CMS-concurrent-sweep-start]
2026-04-20T14:28:36.264+0530: 399.172: [CMS-concurrent-sweep: 0.000/0.000 secs] [Times: user=0.00 sys=0.00, real=0.00 secs] 
2026-04-20T14:28:36.264+0530: 399.172: [CMS-concurrent-reset-start]
2026-04-20T14:28:36.264+0530: 399.172: [CMS-concurrent-reset: 0.000/0.000 secs] [Times: user=0.00 sys=0.00, real=0.00 secs] 
2026-04-20T14:28:46.264+0530: 409.172: [GC (CMS Initial Mark) [1 CMS-initial-mark: 57K(64K)] 224179K(471872K), 0.0332713 secs] [Times: user=0.14 sys=0.00, real=0.04 secs] 
2026-04-20T14:28:46.300+0530: 409.208: Total time for which application threads were stopped: 0.0362601 seconds, Stopping threads took: 0.0000773 seconds
2026-04-20T14:28:46.300+0530: 409.208: [CMS-concurrent-mark-start]
2026-04-20T14:28:46.301+0530: 409.208: [CMS-concurrent-mark: 0.000/0.000 secs] [Times: user=0.00 sys=0.00, real=0.00 secs] 
2026-04-20T14:28:46.301+0530: 409.209: [CMS-concurrent-preclean-start]
2026-04-20T14:28:46.302+0530: 409.209: [CMS-concurrent-preclean: 0.001/0.001 secs] [Times: user=0.00 sys=0.00, real=0.00 secs] 
2026-04-20T14:28:46.302+0530: 409.210: [CMS-concurrent-abortable-preclean-start]
2026-04-20T14:28:46.302+0530: 409.210: [CMS-concurrent-abortable-preclean: 0.000/0.000 secs] [Times: user=0.00 sys=0.00, real=0.00 secs] 
2026-04-20T14:28:46.302+0530: 409.210: [GC (CMS Final Remark) [YG occupancy: 224121 K (471808 K)]2026-04-20T14:28:46.302+0530: 409.210: [Rescan (parallel) , 0.0278656 secs]2026-04-20T14:28:46.331+0530: 409.238: [weak refs processing, 0.0000563 secs]2026-04-20T14:28:46.331+0530: 409.238: [class unloading, 0.0090973 secs]2026-04-20T14:28:46.340+0530: 409.247: [scrub symbol table, 0.0050636 secs]2026-04-20T14:28:46.344+0530: 409.252: [scrub string table, 0.0026083 secs][1 CMS-remark: 57K(64K)] 224179K(471872K), 0.0467154 secs] [Times: user=0.27 sys=0.00, real=0.05 secs] 
2026-04-20T14:28:46.348+0530: 409.257: Total time for which application threads were stopped: 0.0470277 seconds, Stopping threads took: 0.0000725 seconds
2026-04-20T14:28:46.350+0530: 409.257: [CMS-concurrent-sweep-start]
2026-04-20T14:28:46.350+0530: 409.257: [CMS-concurrent-sweep: 0.000/0.000 secs] [Times: user=0.00 sys=0.00, real=0.00 secs] 
2026-04-20T14:28:46.350+0530: 409.257: [CMS-concurrent-reset-start]
2026-04-20T14:28:46.350+0530: 409.257: [CMS-concurrent-reset: 0.000/0.000 secs] [Times: user=0.00 sys=0.00, real=0.00 secs] 
2026-04-20T14:28:54.427+0530: 417.334: Total time for which application threads were stopped: 0.0002610 seconds, Stopping threads took: 0.0000689 seconds
2026-04-20T14:28:56.350+0530: 419.257: [GC (CMS Initial Mark) [1 CMS-initial-mark: 57K(64K)] 224179K(471872K), 0.0265071 secs] [Times: user=0.09 sys=0.03, real=0.03 secs] 
2026-04-20T14:28:56.376+0530: 419.284: Total time for which application threads were stopped: 0.0269091 seconds, Stopping threads took: 0.0000627 seconds
2026-04-20T14:28:56.377+0530: 419.284: [CMS-concurrent-mark-start]
2026-04-20T14:28:56.377+0530: 419.285: [CMS-concurrent-mark: 0.000/0.000 secs] [Times: user=0.00 sys=0.00, real=0.00 secs] 
2026-04-20T14:28:56.377+0530: 419.285: [CMS-concurrent-preclean-start]
2026-04-20T14:28:56.378+0530: 419.286: [CMS-concurrent-preclean: 0.001/0.001 secs] [Times: user=0.00 sys=0.00, real=0.00 secs] 
2026-04-20T14:28:56.378+0530: 419.286: [CMS-concurrent-abortable-preclean-start]
2026-04-20T14:28:56.378+0530: 419.286: [CMS-concurrent-abortable-preclean: 0.000/0.000 secs] [Times: user=0.00 sys=0.00, real=0.00 secs] 
2026-04-20T14:28:56.378+0530: 419.286: [GC (CMS Final Remark) [YG occupancy: 224121 K (471808 K)]2026-04-20T14:28:56.378+0530: 419.286: [Rescan (parallel) , 0.0285821 secs]2026-04-20T14:28:56.407+0530: 419.315: [weak refs processing, 0.0000896 secs]2026-04-20T14:28:56.408+0530: 419.315: [class unloading, 0.0091464 secs]2026-04-20T14:28:56.416+0530: 419.324: [scrub symbol table, 0.0055036 secs]2026-04-20T14:28:56.422+0530: 419.330: [scrub string table, 0.0036189 secs][1 CMS-remark: 57K(64K)] 224179K(471872K), 0.0494687 secs] [Times: user=0.16 sys=0.00, real=0.05 secs] 
2026-04-20T14:28:56.428+0530: 419.336: Total time for which application threads were stopped: 0.0497544 seconds, Stopping threads took: 0.0000422 seconds
2026-04-20T14:28:56.428+0530: 419.336: [CMS-concurrent-sweep-start]
2026-04-20T14:28:56.429+0530: 419.336: [CMS-concurrent-sweep: 0.000/0.000 secs] [Times: user=0.00 sys=0.00, real=0.00 secs] 
2026-04-20T14:28:56.429+0530: 419.336: [CMS-concurrent-reset-start]
2026-04-20T14:28:56.429+0530: 419.336: [CMS-concurrent-reset: 0.000/0.000 secs] [Times: user=0.00 sys=0.00, real=0.00 secs] 
2026-04-20T14:28:57.442+0530: 420.350: Total time for which application threads were stopped: 0.0003247 seconds, Stopping threads took: 0.0000814 seconds
2026-04-20T14:29:06.428+0530: 429.336: [GC (CMS Initial Mark) [1 CMS-initial-mark: 57K(64K)] 224879K(471872K), 0.0236873 secs] [Times: user=0.09 sys=0.03, real=0.02 secs] 
2026-04-20T14:29:06.452+0530: 429.359: Total time for which application threads were stopped: 0.0240724 seconds, Stopping threads took: 0.0000546 seconds
2026-04-20T14:29:06.452+0530: 429.360: [CMS-concurrent-mark-start]
2026-04-20T14:29:06.452+0530: 429.360: [CMS-concurrent-mark: 0.000/0.000 secs] [Times: user=0.00 sys=0.00, real=0.00 secs] 
2026-04-20T14:29:06.453+0530: 429.360: [CMS-concurrent-preclean-start]
2026-04-20T14:29:06.453+0530: 429.361: [CMS-concurrent-preclean: 0.001/0.001 secs] [Times: user=0.00 sys=0.00, real=0.00 secs] 
2026-04-20T14:29:06.453+0530: 429.361: [CMS-concurrent-abortable-preclean-start]
2026-04-20T14:29:06.453+0530: 429.361: [CMS-concurrent-abortable-preclean: 0.000/0.000 secs] [Times: user=0.00 sys=0.00, real=0.00 secs] 
2026-04-20T14:29:06.453+0530: 429.361: [GC (CMS Final Remark) [YG occupancy: 224821 K (471808 K)]2026-04-20T14:29:06.453+0530: 429.361: [Rescan (parallel) , 0.0279348 secs]2026-04-20T14:29:06.482+0530: 429.389: [weak refs processing, 0.0000764 secs]2026-04-20T14:29:06.482+0530: 429.389: [class unloading, 0.0083023 secs]2026-04-20T14:29:06.490+0530: 429.397: [scrub symbol table, 0.0044355 secs]2026-04-20T14:29:06.494+0530: 429.402: [scrub string table, 0.0025337 secs][1 CMS-remark: 57K(64K)] 224879K(471872K), 0.0453623 secs] [Times: user=0.17 sys=0.06, real=0.05 secs] 
2026-04-20T14:29:06.499+0530: 429.406: Total time for which application threads were stopped: 0.0456126 seconds, Stopping threads took: 0.0000376 seconds
2026-04-20T14:29:06.499+0530: 429.407: [CMS-concurrent-sweep-start]
2026-04-20T14:29:06.499+0530: 429.407: [CMS-concurrent-sweep: 0.000/0.000 secs] [Times: user=0.00 sys=0.00, real=0.00 secs] 
2026-04-20T14:29:06.499+0530: 429.407: [CMS-concurrent-reset-start]
2026-04-20T14:29:06.499+0530: 429.407: [CMS-concurrent-reset: 0.000/0.000 secs] [Times: user=0.00 sys=0.00, real=0.00 secs] 
2026-04-20T14:29:09.505+0530: 432.412: Total time for which application threads were stopped: 0.0002215 seconds, Stopping threads took: 0.0000582 seconds
2026-04-20T14:29:16.507+0530: 439.414: [GC (CMS Initial Mark) [1 CMS-initial-mark: 57K(64K)] 224879K(471872K), 0.0232461 secs] [Times: user=0.12 sys=0.00, real=0.02 secs] 
2026-04-20T14:29:16.530+0530: 439.438: Total time for which application threads were stopped: 0.0237022 seconds, Stopping threads took: 0.0000686 seconds
2026-04-20T14:29:16.530+0530: 439.438: [CMS-concurrent-mark-start]
2026-04-20T14:29:16.530+0530: 439.438: [CMS-concurrent-mark: 0.001/0.001 secs] [Times: user=0.00 sys=0.00, real=0.00 secs] 
2026-04-20T14:29:16.530+0530: 439.438: [CMS-concurrent-preclean-start]
2026-04-20T14:29:16.532+0530: 439.439: [CMS-concurrent-preclean: 0.001/0.001 secs] [Times: user=0.00 sys=0.00, real=0.00 secs] 
2026-04-20T14:29:16.532+0530: 439.439: [CMS-concurrent-abortable-preclean-start]
2026-04-20T14:29:16.532+0530: 439.439: [CMS-concurrent-abortable-preclean: 0.000/0.000 secs] [Times: user=0.00 sys=0.00, real=0.00 secs] 
2026-04-20T14:29:16.532+0530: 439.440: [GC (CMS Final Remark) [YG occupancy: 224821 K (471808 K)]2026-04-20T14:29:16.532+0530: 439.440: [Rescan (parallel) , 0.0248691 secs]2026-04-20T14:29:16.557+0530: 439.465: [weak refs processing, 0.0000554 secs]2026-04-20T14:29:16.557+0530: 439.465: [class unloading, 0.0093333 secs]2026-04-20T14:29:16.567+0530: 439.474: [scrub symbol table, 0.0051348 secs]2026-04-20T14:29:16.572+0530: 439.479: [scrub string table, 0.0028042 secs][1 CMS-remark: 57K(64K)] 224879K(471872K), 0.0442284 secs] [Times: user=0.22 sys=0.00, real=0.04 secs] 
2026-04-20T14:29:16.577+0530: 439.484: Total time for which application threads were stopped: 0.0444768 seconds, Stopping threads took: 0.0000372 seconds
2026-04-20T14:29:16.577+0530: 439.484: [CMS-concurrent-sweep-start]
2026-04-20T14:29:16.577+0530: 439.484: [CMS-concurrent-sweep: 0.000/0.000 secs] [Times: user=0.00 sys=0.00, real=0.00 secs] 
2026-04-20T14:29:16.577+0530: 439.484: [CMS-concurrent-reset-start]
2026-04-20T14:29:16.577+0530: 439.484: [CMS-concurrent-reset: 0.000/0.000 secs] [Times: user=0.00 sys=0.00, real=0.00 secs] 
2026-04-20T14:29:21.594+0530: 444.502: Total time for which application threads were stopped: 0.0005094 seconds, Stopping threads took: 0.0001009 seconds
2026-04-20T14:29:23.600+0530: 446.508: Total time for which application threads were stopped: 0.0002657 seconds, Stopping threads took: 0.0000828 seconds
2026-04-20T14:29:26.581+0530: 449.488: [GC (CMS Initial Mark) [1 CMS-initial-mark: 57K(64K)] 227684K(471872K), 0.0245774 secs] [Times: user=0.03 sys=0.00, real=0.02 secs] 
2026-04-20T14:29:26.605+0530: 449.512: Total time for which application threads were stopped: 0.0250249 seconds, Stopping threads took: 0.0000894 seconds
2026-04-20T14:29:26.605+0530: 449.513: [CMS-concurrent-mark-start]
2026-04-20T14:29:26.606+0530: 449.513: [CMS-concurrent-mark: 0.000/0.000 secs] [Times: user=0.00 sys=0.00, real=0.00 secs] 
2026-04-20T14:29:26.606+0530: 449.513: [CMS-concurrent-preclean-start]
2026-04-20T14:29:26.607+0530: 449.514: [CMS-concurrent-preclean: 0.001/0.001 secs] [Times: user=0.00 sys=0.00, real=0.00 secs] 
2026-04-20T14:29:26.607+0530: 449.514: [CMS-concurrent-abortable-preclean-start]
2026-04-20T14:29:26.607+0530: 449.514: [CMS-concurrent-abortable-preclean: 0.000/0.000 secs] [Times: user=0.00 sys=0.00, real=0.00 secs] 
2026-04-20T14:29:26.607+0530: 449.514: [GC (CMS Final Remark) [YG occupancy: 227626 K (471808 K)]2026-04-20T14:29:26.607+0530: 449.514: [Rescan (parallel) , 0.0255338 secs]2026-04-20T14:29:26.633+0530: 449.540: [weak refs processing, 0.0000655 secs]2026-04-20T14:29:26.633+0530: 449.540: [class unloading, 0.0096139 secs]2026-04-20T14:29:26.642+0530: 449.550: [scrub symbol table, 0.0050247 secs]2026-04-20T14:29:26.647+0530: 449.555: [scrub string table, 0.0026091 secs][1 CMS-remark: 57K(64K)] 227684K(471872K), 0.0450617 secs] [Times: user=0.19 sys=0.06, real=0.04 secs] 
2026-04-20T14:29:26.652+0530: 449.559: Total time for which application threads were stopped: 0.0453199 seconds, Stopping threads took: 0.0000358 seconds
2026-04-20T14:29:26.652+0530: 449.560: [CMS-concurrent-sweep-start]
2026-04-20T14:29:26.652+0530: 449.560: [CMS-concurrent-sweep: 0.000/0.000 secs] [Times: user=0.00 sys=0.00, real=0.00 secs] 
2026-04-20T14:29:26.652+0530: 449.560: [CMS-concurrent-reset-start]
2026-04-20T14:29:26.652+0530: 449.560: [CMS-concurrent-reset: 0.000/0.000 secs] [Times: user=0.00 sys=0.00, real=0.00 secs] 
2026-04-20T14:29:27.652+0530: 450.560: Total time for which application threads were stopped: 0.0002755 seconds, Stopping threads took: 0.0000781 seconds
2026-04-20T14:29:31.654+0530: 454.561: Total time for which application threads were stopped: 0.0002458 seconds, Stopping threads took: 0.0000597 seconds
2026-04-20T14:29:36.653+0530: 459.560: [GC (CMS Initial Mark) [1 CMS-initial-mark: 57K(64K)] 227684K(471872K), 0.0265238 secs] [Times: user=0.11 sys=0.03, real=0.03 secs] 
2026-04-20T14:29:36.680+0530: 459.587: Total time for which application threads were stopped: 0.0268413 seconds, Stopping threads took: 0.0000514 seconds
2026-04-20T14:29:36.680+0530: 459.587: [CMS-concurrent-mark-start]
2026-04-20T14:29:36.680+0530: 459.587: [CMS-concurrent-mark: 0.000/0.000 secs] [Times: user=0.00 sys=0.00, real=0.00 secs] 
2026-04-20T14:29:36.680+0530: 459.587: [CMS-concurrent-preclean-start]
2026-04-20T14:29:36.681+0530: 459.588: [CMS-concurrent-preclean: 0.001/0.001 secs] [Times: user=0.00 sys=0.00, real=0.00 secs] 
2026-04-20T14:29:36.681+0530: 459.588: [CMS-concurrent-abortable-preclean-start]
2026-04-20T14:29:36.681+0530: 459.588: [CMS-concurrent-abortable-preclean: 0.000/0.000 secs] [Times: user=0.00 sys=0.00, real=0.00 secs] 
2026-04-20T14:29:36.681+0530: 459.588: [GC (CMS Final Remark) [YG occupancy: 227626 K (471808 K)]2026-04-20T14:29:36.681+0530: 459.588: [Rescan (parallel) , 0.0274476 secs]2026-04-20T14:29:36.709+0530: 459.616: [weak refs processing, 0.0000445 secs]2026-04-20T14:29:36.709+0530: 459.616: [class unloading, 0.0092098 secs]2026-04-20T14:29:36.718+0530: 459.625: [scrub symbol table, 0.0047061 secs]2026-04-20T14:29:36.723+0530: 459.630: [scrub string table, 0.0025645 secs][1 CMS-remark: 57K(64K)] 227684K(471872K), 0.0461004 secs] [Times: user=0.16 sys=0.03, real=0.05 secs] 
2026-04-20T14:29:36.727+0530: 459.635: Total time for which application threads were stopped: 0.0463710 seconds, Stopping threads took: 0.0000378 seconds
2026-04-20T14:29:36.727+0530: 459.635: [CMS-concurrent-sweep-start]
2026-04-20T14:29:36.727+0530: 459.635: [CMS-concurrent-sweep: 0.000/0.000 secs] [Times: user=0.00 sys=0.00, real=0.00 secs] 
2026-04-20T14:29:36.727+0530: 459.635: [CMS-concurrent-reset-start]
2026-04-20T14:29:36.727+0530: 459.635: [CMS-concurrent-reset: 0.000/0.000 secs] [Times: user=0.00 sys=0.00, real=0.00 secs] 
2026-04-20T14:29:37.733+0530: 460.640: Total time for which application threads were stopped: 0.0002417 seconds, Stopping threads took: 0.0000727 seconds
2026-04-20T14:29:46.734+0530: 469.642: [GC (CMS Initial Mark) [1 CMS-initial-mark: 57K(64K)] 227684K(471872K), 0.0285484 secs] [Times: user=0.09 sys=0.00, real=0.03 secs] 
2026-04-20T14:29:46.762+0530: 469.670: Total time for which application threads were stopped: 0.0289808 seconds, Stopping threads took: 0.0000885 seconds
2026-04-20T14:29:46.762+0530: 469.670: [CMS-concurrent-mark-start]
2026-04-20T14:29:46.763+0530: 469.671: [CMS-concurrent-mark: 0.000/0.000 secs] [Times: user=0.00 sys=0.00, real=0.00 secs] 
2026-04-20T14:29:46.763+0530: 469.671: [CMS-concurrent-preclean-start]
2026-04-20T14:29:46.764+0530: 469.672: [CMS-concurrent-preclean: 0.001/0.001 secs] [Times: user=0.00 sys=0.00, real=0.00 secs] 
2026-04-20T14:29:46.764+0530: 469.672: [CMS-concurrent-abortable-preclean-start]
2026-04-20T14:29:46.764+0530: 469.672: [CMS-concurrent-abortable-preclean: 0.000/0.000 secs] [Times: user=0.00 sys=0.00, real=0.00 secs] 
2026-04-20T14:29:46.764+0530: 469.672: [GC (CMS Final Remark) [YG occupancy: 227626 K (471808 K)]2026-04-20T14:29:46.764+0530: 469.672: [Rescan (parallel) , 0.0257548 secs]2026-04-20T14:29:46.791+0530: 469.698: [weak refs processing, 0.0000331 secs]2026-04-20T14:29:46.791+0530: 469.698: [class unloading, 0.0069927 secs]2026-04-20T14:29:46.797+0530: 469.705: [scrub symbol table, 0.0058341 secs]2026-04-20T14:29:46.804+0530: 469.711: [scrub string table, 0.0030514 secs][1 CMS-remark: 57K(64K)] 227684K(471872K), 0.0441210 secs] [Times: user=0.17 sys=0.00, real=0.05 secs] 
2026-04-20T14:29:46.809+0530: 469.716: Total time for which application threads were stopped: 0.0444710 seconds, Stopping threads took: 0.0000418 seconds
2026-04-20T14:29:46.809+0530: 469.717: [CMS-concurrent-sweep-start]
2026-04-20T14:29:46.809+0530: 469.717: [CMS-concurrent-sweep: 0.000/0.000 secs] [Times: user=0.00 sys=0.00, real=0.00 secs] 
2026-04-20T14:29:46.809+0530: 469.717: [CMS-concurrent-reset-start]
2026-04-20T14:29:46.809+0530: 469.717: [CMS-concurrent-reset: 0.000/0.000 secs] [Times: user=0.00 sys=0.00, real=0.00 secs] 
2026-04-20T14:29:47.812+0530: 470.720: Total time for which application threads were stopped: 0.0004591 seconds, Stopping threads took: 0.0000808 seconds
2026-04-20T14:29:56.816+0530: 479.724: [GC (CMS Initial Mark) [1 CMS-initial-mark: 57K(64K)] 227684K(471872K), 0.0238942 secs] [Times: user=0.11 sys=0.02, real=0.02 secs] 
2026-04-20T14:29:56.840+0530: 479.748: Total time for which application threads were stopped: 0.0243277 seconds, Stopping threads took: 0.0000748 seconds
2026-04-20T14:29:56.840+0530: 479.748: [CMS-concurrent-mark-start]
2026-04-20T14:29:56.841+0530: 479.748: [CMS-concurrent-mark: 0.000/0.000 secs] [Times: user=0.00 sys=0.00, real=0.00 secs] 
2026-04-20T14:29:56.841+0530: 479.748: [CMS-concurrent-preclean-start]
2026-04-20T14:29:56.842+0530: 479.749: [CMS-concurrent-preclean: 0.001/0.001 secs] [Times: user=0.00 sys=0.00, real=0.00 secs] 
2026-04-20T14:29:56.842+0530: 479.749: [CMS-concurrent-abortable-preclean-start]
2026-04-20T14:29:56.842+0530: 479.749: [CMS-concurrent-abortable-preclean: 0.000/0.000 secs] [Times: user=0.00 sys=0.00, real=0.00 secs] 
2026-04-20T14:29:56.842+0530: 479.750: [GC (CMS Final Remark) [YG occupancy: 227626 K (471808 K)]2026-04-20T14:29:56.842+0530: 479.750: [Rescan (parallel) , 0.0253991 secs]2026-04-20T14:29:56.868+0530: 479.775: [weak refs processing, 0.0000652 secs]2026-04-20T14:29:56.868+0530: 479.775: [class unloading, 0.0115773 secs]2026-04-20T14:29:56.879+0530: 479.787: [scrub symbol table, 0.0057032 secs]2026-04-20T14:29:56.885+0530: 479.793: [scrub string table, 0.0029569 secs][1 CMS-remark: 57K(64K)] 227684K(471872K), 0.0481869 secs] [Times: user=0.20 sys=0.02, real=0.05 secs] 
2026-04-20T14:29:56.891+0530: 479.798: Total time for which application threads were stopped: 0.0485358 seconds, Stopping threads took: 0.0000466 seconds
2026-04-20T14:29:56.891+0530: 479.798: [CMS-concurrent-sweep-start]
2026-04-20T14:29:56.891+0530: 479.798: [CMS-concurrent-sweep: 0.000/0.000 secs] [Times: user=0.00 sys=0.00, real=0.00 secs] 
2026-04-20T14:29:56.891+0530: 479.798: [CMS-concurrent-reset-start]
2026-04-20T14:29:56.891+0530: 479.798: [CMS-concurrent-reset: 0.000/0.000 secs] [Times: user=0.00 sys=0.00, real=0.00 secs] 
2026-04-20T14:30:01.895+0530: 484.802: Total time for which application threads were stopped: 0.0001892 seconds, Stopping threads took: 0.0000621 seconds
2026-04-20T14:30:06.891+0530: 489.799: [GC (CMS Initial Mark) [1 CMS-initial-mark: 57K(64K)] 227684K(471872K), 0.0211770 secs] [Times: user=0.05 sys=0.03, real=0.02 secs] 
2026-04-20T14:30:06.913+0530: 489.820: Total time for which application threads were stopped: 0.0215227 seconds, Stopping threads took: 0.0000567 seconds
2026-04-20T14:30:06.913+0530: 489.820: [CMS-concurrent-mark-start]
2026-04-20T14:30:06.913+0530: 489.820: [CMS-concurrent-mark: 0.000/0.000 secs] [Times: user=0.00 sys=0.00, real=0.00 secs] 
2026-04-20T14:30:06.913+0530: 489.821: [CMS-concurrent-preclean-start]
2026-04-20T14:30:06.913+0530: 489.821: [CMS-concurrent-preclean: 0.001/0.001 secs] [Times: user=0.00 sys=0.00, real=0.00 secs] 
2026-04-20T14:30:06.913+0530: 489.821: [CMS-concurrent-abortable-preclean-start]
2026-04-20T14:30:06.913+0530: 489.821: [CMS-concurrent-abortable-preclean: 0.000/0.000 secs] [Times: user=0.00 sys=0.00, real=0.00 secs] 
2026-04-20T14:30:06.914+0530: 489.822: [GC (CMS Final Remark) [YG occupancy: 227626 K (471808 K)]2026-04-20T14:30:06.914+0530: 489.822: [Rescan (parallel) , 0.0240907 secs]2026-04-20T14:30:06.938+0530: 489.846: [weak refs processing, 0.0000676 secs]2026-04-20T14:30:06.939+0530: 489.846: [class unloading, 0.0098199 secs]2026-04-20T14:30:06.948+0530: 489.856: [scrub symbol table, 0.0046108 secs]2026-04-20T14:30:06.953+0530: 489.861: [scrub string table, 0.0025879 secs][1 CMS-remark: 57K(64K)] 227684K(471872K), 0.0432493 secs] [Times: user=0.12 sys=0.03, real=0.04 secs] 
2026-04-20T14:30:06.957+0530: 489.865: Total time for which application threads were stopped: 0.0435472 seconds, Stopping threads took: 0.0000354 seconds
2026-04-20T14:30:06.958+0530: 489.865: [CMS-concurrent-sweep-start]
2026-04-20T14:30:06.958+0530: 489.865: [CMS-concurrent-sweep: 0.000/0.000 secs] [Times: user=0.00 sys=0.00, real=0.00 secs] 
2026-04-20T14:30:06.958+0530: 489.866: [CMS-concurrent-reset-start]
2026-04-20T14:30:06.958+0530: 489.866: [CMS-concurrent-reset: 0.000/0.000 secs] [Times: user=0.00 sys=0.00, real=0.00 secs] 
2026-04-20T14:30:11.960+0530: 494.868: Total time for which application threads were stopped: 0.0003588 seconds, Stopping threads took: 0.0000930 seconds
2026-04-20T14:30:16.958+0530: 499.865: [GC (CMS Initial Mark) [1 CMS-initial-mark: 57K(64K)] 229097K(471872K), 0.0245021 secs] [Times: user=0.03 sys=0.00, real=0.02 secs] 
2026-04-20T14:30:16.981+0530: 499.890: Total time for which application threads were stopped: 0.0248144 seconds, Stopping threads took: 0.0000489 seconds
2026-04-20T14:30:16.981+0530: 499.890: [CMS-concurrent-mark-start]
2026-04-20T14:30:16.983+0530: 499.890: [CMS-concurrent-mark: 0.000/0.000 secs] [Times: user=0.00 sys=0.00, real=0.00 secs] 
2026-04-20T14:30:16.983+0530: 499.890: [CMS-concurrent-preclean-start]
2026-04-20T14:30:16.983+0530: 499.891: [CMS-concurrent-preclean: 0.001/0.001 secs] [Times: user=0.00 sys=0.00, real=0.00 secs] 
2026-04-20T14:30:16.983+0530: 499.891: [CMS-concurrent-abortable-preclean-start]
2026-04-20T14:30:16.983+0530: 499.891: [CMS-concurrent-abortable-preclean: 0.000/0.000 secs] [Times: user=0.00 sys=0.00, real=0.00 secs] 
2026-04-20T14:30:16.984+0530: 499.891: [GC (CMS Final Remark) [YG occupancy: 229039 K (471808 K)]2026-04-20T14:30:16.984+0530: 499.891: [Rescan (parallel) , 0.0256658 secs]2026-04-20T14:30:17.010+0530: 499.917: [weak refs processing, 0.0000638 secs]2026-04-20T14:30:17.010+0530: 499.917: [class unloading, 0.0119455 secs]2026-04-20T14:30:17.022+0530: 499.929: [scrub symbol table, 0.0064783 secs]2026-04-20T14:30:17.028+0530: 499.936: [scrub string table, 0.0036856 secs][1 CMS-remark: 57K(64K)] 229097K(471872K), 0.0511482 secs] [Times: user=0.23 sys=0.00, real=0.05 secs] 
2026-04-20T14:30:17.035+0530: 499.942: Total time for which application threads were stopped: 0.0513986 seconds, Stopping threads took: 0.0000369 seconds
2026-04-20T14:30:17.036+0530: 499.943: [CMS-concurrent-sweep-start]
2026-04-20T14:30:17.036+0530: 499.943: [CMS-concurrent-sweep: 0.000/0.000 secs] [Times: user=0.00 sys=0.00, real=0.00 secs] 
2026-04-20T14:30:17.036+0530: 499.943: [CMS-concurrent-reset-start]
2026-04-20T14:30:17.036+0530: 499.943: [CMS-concurrent-reset: 0.000/0.000 secs] [Times: user=0.00 sys=0.00, real=0.00 secs] 
2026-04-20T14:30:22.067+0530: 504.974: Total time for which application threads were stopped: 0.0004324 seconds, Stopping threads took: 0.0001100 seconds
2026-04-20T14:30:27.042+0530: 509.950: [GC (CMS Initial Mark) [1 CMS-initial-mark: 57K(64K)] 229097K(471872K), 0.0249059 secs] [Times: user=0.14 sys=0.00, real=0.02 secs] 
2026-04-20T14:30:27.066+0530: 509.975: Total time for which application threads were stopped: 0.0255135 seconds, Stopping threads took: 0.0001126 seconds
2026-04-20T14:30:27.068+0530: 509.975: [CMS-concurrent-mark-start]
2026-04-20T14:30:27.068+0530: 509.975: [CMS-concurrent-mark: 0.000/0.000 secs] [Times: user=0.00 sys=0.00, real=0.00 secs] 
2026-04-20T14:30:27.068+0530: 509.975: [CMS-concurrent-preclean-start]
2026-04-20T14:30:27.069+0530: 509.976: [CMS-concurrent-preclean: 0.001/0.001 secs] [Times: user=0.00 sys=0.00, real=0.00 secs] 
2026-04-20T14:30:27.069+0530: 509.976: [CMS-concurrent-abortable-preclean-start]
2026-04-20T14:30:27.069+0530: 509.976: [CMS-concurrent-abortable-preclean: 0.000/0.000 secs] [Times: user=0.00 sys=0.00, real=0.00 secs] 
2026-04-20T14:30:27.069+0530: 509.977: [GC (CMS Final Remark) [YG occupancy: 229039 K (471808 K)]2026-04-20T14:30:27.069+0530: 509.977: [Rescan (parallel) , 0.0321089 secs]2026-04-20T14:30:27.102+0530: 510.009: [weak refs processing, 0.0000564 secs]2026-04-20T14:30:27.102+0530: 510.009: [class unloading, 0.0102706 secs]2026-04-20T14:30:27.112+0530: 510.019: [scrub symbol table, 0.0045068 secs]2026-04-20T14:30:27.116+0530: 510.024: [scrub string table, 0.0030238 secs][1 CMS-remark: 57K(64K)] 229097K(471872K), 0.0521313 secs] [Times: user=0.14 sys=0.02, real=0.05 secs] 
2026-04-20T14:30:27.121+0530: 510.029: Total time for which application threads were stopped: 0.0524217 seconds, Stopping threads took: 0.0000649 seconds
2026-04-20T14:30:27.122+0530: 510.029: [CMS-concurrent-sweep-start]
2026-04-20T14:30:27.122+0530: 510.029: [CMS-concurrent-sweep: 0.000/0.000 secs] [Times: user=0.00 sys=0.00, real=0.00 secs] 
2026-04-20T14:30:27.122+0530: 510.029: [CMS-concurrent-reset-start]
2026-04-20T14:30:27.122+0530: 510.029: [CMS-concurrent-reset: 0.000/0.000 secs] [Times: user=0.00 sys=0.00, real=0.00 secs] 
2026-04-20T14:30:32.126+0530: 515.033: Total time for which application threads were stopped: 0.0002369 seconds, Stopping threads took: 0.0000624 seconds
2026-04-20T14:30:37.123+0530: 520.030: [GC (CMS Initial Mark) [1 CMS-initial-mark: 57K(64K)] 229097K(471872K), 0.0245805 secs] [Times: user=0.14 sys=0.00, real=0.02 secs] 
2026-04-20T14:30:37.147+0530: 520.054: Total time for which application threads were stopped: 0.0249597 seconds, Stopping threads took: 0.0000672 seconds
2026-04-20T14:30:37.147+0530: 520.054: [CMS-concurrent-mark-start]
2026-04-20T14:30:37.148+0530: 520.055: [CMS-concurrent-mark: 0.001/0.001 secs] [Times: user=0.00 sys=0.00, real=0.00 secs] 
2026-04-20T14:30:37.148+0530: 520.055: [CMS-concurrent-preclean-start]
2026-04-20T14:30:37.148+0530: 520.056: [CMS-concurrent-preclean: 0.001/0.001 secs] [Times: user=0.00 sys=0.00, real=0.00 secs] 
2026-04-20T14:30:37.148+0530: 520.056: [CMS-concurrent-abortable-preclean-start]
2026-04-20T14:30:37.148+0530: 520.056: [CMS-concurrent-abortable-preclean: 0.000/0.000 secs] [Times: user=0.00 sys=0.00, real=0.00 secs] 
2026-04-20T14:30:37.149+0530: 520.056: [GC (CMS Final Remark) [YG occupancy: 229039 K (471808 K)]2026-04-20T14:30:37.149+0530: 520.056: [Rescan (parallel) , 0.0253650 secs]2026-04-20T14:30:37.175+0530: 520.082: [weak refs processing, 0.0000583 secs]2026-04-20T14:30:37.175+0530: 520.082: [class unloading, 0.0089864 secs]2026-04-20T14:30:37.183+0530: 520.091: [scrub symbol table, 0.0048517 secs]2026-04-20T14:30:37.188+0530: 520.096: [scrub string table, 0.0025089 secs][1 CMS-remark: 57K(64K)] 229097K(471872K), 0.0439751 secs] [Times: user=0.22 sys=0.05, real=0.04 secs] 
2026-04-20T14:30:37.193+0530: 520.100: Total time for which application threads were stopped: 0.0442385 seconds, Stopping threads took: 0.0000387 seconds
2026-04-20T14:30:37.193+0530: 520.101: [CMS-concurrent-sweep-start]
2026-04-20T14:30:37.193+0530: 520.101: [CMS-concurrent-sweep: 0.000/0.000 secs] [Times: user=0.00 sys=0.00, real=0.00 secs] 
2026-04-20T14:30:37.194+0530: 520.101: [CMS-concurrent-reset-start]
2026-04-20T14:30:37.194+0530: 520.101: [CMS-concurrent-reset: 0.000/0.000 secs] [Times: user=0.00 sys=0.00, real=0.00 secs] 
2026-04-20T14:30:47.202+0530: 530.110: [GC (CMS Initial Mark) [1 CMS-initial-mark: 57K(64K)] 229097K(471872K), 0.0294943 secs] [Times: user=0.12 sys=0.02, real=0.03 secs] 
2026-04-20T14:30:47.232+0530: 530.140: Total time for which application threads were stopped: 0.0300163 seconds, Stopping threads took: 0.0000891 seconds
2026-04-20T14:30:47.232+0530: 530.140: [CMS-concurrent-mark-start]
2026-04-20T14:30:47.233+0530: 530.140: [CMS-concurrent-mark: 0.000/0.000 secs] [Times: user=0.00 sys=0.00, real=0.00 secs] 
2026-04-20T14:30:47.233+0530: 530.140: [CMS-concurrent-preclean-start]
2026-04-20T14:30:47.234+0530: 530.141: [CMS-concurrent-preclean: 0.001/0.001 secs] [Times: user=0.00 sys=0.00, real=0.00 secs] 
2026-04-20T14:30:47.234+0530: 530.141: [CMS-concurrent-abortable-preclean-start]
2026-04-20T14:30:47.234+0530: 530.141: [CMS-concurrent-abortable-preclean: 0.000/0.000 secs] [Times: user=0.00 sys=0.00, real=0.00 secs] 
2026-04-20T14:30:47.234+0530: 530.142: [GC (CMS Final Remark) [YG occupancy: 229039 K (471808 K)]2026-04-20T14:30:47.234+0530: 530.142: [Rescan (parallel) , 0.0273788 secs]2026-04-20T14:30:47.262+0530: 530.169: [weak refs processing, 0.0000346 secs]2026-04-20T14:30:47.262+0530: 530.169: [class unloading, 0.0138127 secs]2026-04-20T14:30:47.275+0530: 530.183: [scrub symbol table, 0.0047703 secs]2026-04-20T14:30:47.281+0530: 530.188: [scrub string table, 0.0025415 secs][1 CMS-remark: 57K(64K)] 229097K(471872K), 0.0508584 secs] [Times: user=0.17 sys=0.03, real=0.05 secs] 
2026-04-20T14:30:47.285+0530: 530.192: Total time for which application threads were stopped: 0.0511914 seconds, Stopping threads took: 0.0000454 seconds
2026-04-20T14:30:47.285+0530: 530.193: [CMS-concurrent-sweep-start]
2026-04-20T14:30:47.285+0530: 530.193: [CMS-concurrent-sweep: 0.000/0.000 secs] [Times: user=0.00 sys=0.00, real=0.00 secs] 
2026-04-20T14:30:47.285+0530: 530.193: [CMS-concurrent-reset-start]
2026-04-20T14:30:47.285+0530: 530.193: [CMS-concurrent-reset: 0.000/0.000 secs] [Times: user=0.00 sys=0.00, real=0.00 secs] 
2026-04-20T14:30:57.290+0530: 540.197: [GC (CMS Initial Mark) [1 CMS-initial-mark: 57K(64K)] 229097K(471872K), 0.0243249 secs] [Times: user=0.09 sys=0.03, real=0.02 secs] 
2026-04-20T14:30:57.312+0530: 540.221: Total time for which application threads were stopped: 0.0247679 seconds, Stopping threads took: 0.0000960 seconds
2026-04-20T14:30:57.314+0530: 540.221: [CMS-concurrent-mark-start]
2026-04-20T14:30:57.314+0530: 540.222: [CMS-concurrent-mark: 0.000/0.000 secs] [Times: user=0.00 sys=0.00, real=0.00 secs] 
2026-04-20T14:30:57.314+0530: 540.222: [CMS-concurrent-preclean-start]
2026-04-20T14:30:57.315+0530: 540.222: [CMS-concurrent-preclean: 0.001/0.001 secs] [Times: user=0.00 sys=0.00, real=0.00 secs] 
2026-04-20T14:30:57.315+0530: 540.223: [CMS-concurrent-abortable-preclean-start]
2026-04-20T14:30:57.315+0530: 540.223: [CMS-concurrent-abortable-preclean: 0.000/0.000 secs] [Times: user=0.00 sys=0.00, real=0.00 secs] 
2026-04-20T14:30:57.315+0530: 540.223: [GC (CMS Final Remark) [YG occupancy: 229039 K (471808 K)]2026-04-20T14:30:57.315+0530: 540.223: [Rescan (parallel) , 0.0249264 secs]2026-04-20T14:30:57.341+0530: 540.248: [weak refs processing, 0.0000559 secs]2026-04-20T14:30:57.341+0530: 540.248: [class unloading, 0.0090625 secs]2026-04-20T14:30:57.350+0530: 540.257: [scrub symbol table, 0.0047304 secs]2026-04-20T14:30:57.355+0530: 540.262: [scrub string table, 0.0025178 secs][1 CMS-remark: 57K(64K)] 229097K(471872K), 0.0432968 secs] [Times: user=0.14 sys=0.00, real=0.04 secs] 
2026-04-20T14:30:57.359+0530: 540.266: Total time for which application threads were stopped: 0.0435486 seconds, Stopping threads took: 0.0000381 seconds
2026-04-20T14:30:57.359+0530: 540.267: [CMS-concurrent-sweep-start]
2026-04-20T14:30:57.359+0530: 540.267: [CMS-concurrent-sweep: 0.000/0.000 secs] [Times: user=0.00 sys=0.00, real=0.00 secs] 
2026-04-20T14:30:57.359+0530: 540.267: [CMS-concurrent-reset-start]
2026-04-20T14:30:57.359+0530: 540.267: [CMS-concurrent-reset: 0.000/0.000 secs] [Times: user=0.00 sys=0.00, real=0.00 secs] 
2026-04-20T14:31:07.360+0530: 550.268: [GC (CMS Initial Mark) [1 CMS-initial-mark: 57K(64K)] 229344K(471872K), 0.0255711 secs] [Times: user=0.12 sys=0.02, real=0.03 secs] 
2026-04-20T14:31:07.387+0530: 550.294: Total time for which application threads were stopped: 0.0260553 seconds, Stopping threads took: 0.0001107 seconds
2026-04-20T14:31:07.387+0530: 550.294: [CMS-concurrent-mark-start]
2026-04-20T14:31:07.387+0530: 550.294: [CMS-concurrent-mark: 0.000/0.000 secs] [Times: user=0.00 sys=0.00, real=0.00 secs] 
2026-04-20T14:31:07.387+0530: 550.294: [CMS-concurrent-preclean-start]
2026-04-20T14:31:07.388+0530: 550.295: [CMS-concurrent-preclean: 0.001/0.001 secs] [Times: user=0.00 sys=0.00, real=0.00 secs] 
2026-04-20T14:31:07.388+0530: 550.295: [CMS-concurrent-abortable-preclean-start]
2026-04-20T14:31:07.388+0530: 550.295: [CMS-concurrent-abortable-preclean: 0.000/0.000 secs] [Times: user=0.00 sys=0.00, real=0.00 secs] 
2026-04-20T14:31:07.388+0530: 550.295: [GC (CMS Final Remark) [YG occupancy: 229286 K (471808 K)]2026-04-20T14:31:07.388+0530: 550.295: [Rescan (parallel) , 0.0229995 secs]2026-04-20T14:31:07.411+0530: 550.318: [weak refs processing, 0.0000557 secs]2026-04-20T14:31:07.411+0530: 550.319: [class unloading, 0.0089254 secs]2026-04-20T14:31:07.420+0530: 550.328: [scrub symbol table, 0.0049930 secs]2026-04-20T14:31:07.425+0530: 550.333: [scrub string table, 0.0026754 secs][1 CMS-remark: 57K(64K)] 229344K(471872K), 0.0415999 secs] [Times: user=0.22 sys=0.03, real=0.04 secs] 
2026-04-20T14:31:07.430+0530: 550.337: Total time for which application threads were stopped: 0.0418960 seconds, Stopping threads took: 0.0000400 seconds
2026-04-20T14:31:07.430+0530: 550.337: [CMS-concurrent-sweep-start]
2026-04-20T14:31:07.430+0530: 550.337: [CMS-concurrent-sweep: 0.000/0.000 secs] [Times: user=0.00 sys=0.00, real=0.00 secs] 
2026-04-20T14:31:07.430+0530: 550.337: [CMS-concurrent-reset-start]
2026-04-20T14:31:07.430+0530: 550.337: [CMS-concurrent-reset: 0.000/0.000 secs] [Times: user=0.00 sys=0.00, real=0.00 secs] 
2026-04-20T14:31:17.430+0530: 560.338: [GC (CMS Initial Mark) [1 CMS-initial-mark: 57K(64K)] 229344K(471872K), 0.0213346 secs] [Times: user=0.11 sys=0.02, real=0.02 secs] 
2026-04-20T14:31:17.451+0530: 560.359: Total time for which application threads were stopped: 0.0216303 seconds, Stopping threads took: 0.0000456 seconds
2026-04-20T14:31:17.451+0530: 560.359: [CMS-concurrent-mark-start]
2026-04-20T14:31:17.451+0530: 560.359: [CMS-concurrent-mark: 0.000/0.000 secs] [Times: user=0.00 sys=0.00, real=0.00 secs] 
2026-04-20T14:31:17.451+0530: 560.359: [CMS-concurrent-preclean-start]
2026-04-20T14:31:17.453+0530: 560.360: [CMS-concurrent-preclean: 0.001/0.001 secs] [Times: user=0.00 sys=0.00, real=0.00 secs] 
2026-04-20T14:31:17.453+0530: 560.360: [CMS-concurrent-abortable-preclean-start]
2026-04-20T14:31:17.453+0530: 560.360: [CMS-concurrent-abortable-preclean: 0.000/0.000 secs] [Times: user=0.00 sys=0.00, real=0.00 secs] 
2026-04-20T14:31:17.453+0530: 560.360: [GC (CMS Final Remark) [YG occupancy: 229286 K (471808 K)]2026-04-20T14:31:17.453+0530: 560.361: [Rescan (parallel) , 0.0253015 secs]2026-04-20T14:31:17.478+0530: 560.386: [weak refs processing, 0.0000465 secs]2026-04-20T14:31:17.478+0530: 560.386: [class unloading, 0.0097763 secs]2026-04-20T14:31:17.488+0530: 560.396: [scrub symbol table, 0.0045359 secs]2026-04-20T14:31:17.493+0530: 560.400: [scrub string table, 0.0026958 secs][1 CMS-remark: 57K(64K)] 229344K(471872K), 0.0444058 secs] [Times: user=0.20 sys=0.03, real=0.04 secs] 
2026-04-20T14:31:17.497+0530: 560.405: Total time for which application threads were stopped: 0.0446488 seconds, Stopping threads took: 0.0000352 seconds
2026-04-20T14:31:17.498+0530: 560.405: [CMS-concurrent-sweep-start]
2026-04-20T14:31:17.498+0530: 560.405: [CMS-concurrent-sweep: 0.000/0.000 secs] [Times: user=0.00 sys=0.00, real=0.00 secs] 
2026-04-20T14:31:17.498+0530: 560.405: [CMS-concurrent-reset-start]
2026-04-20T14:31:17.498+0530: 560.405: [CMS-concurrent-reset: 0.000/0.000 secs] [Times: user=0.00 sys=0.00, real=0.00 secs] 
2026-04-20T14:31:27.498+0530: 570.406: [GC (CMS Initial Mark) [1 CMS-initial-mark: 57K(64K)] 230044K(471872K), 0.0225677 secs] [Times: user=0.11 sys=0.00, real=0.02 secs] 
2026-04-20T14:31:27.521+0530: 570.429: Total time for which application threads were stopped: 0.0230640 seconds, Stopping threads took: 0.0000667 seconds
2026-04-20T14:31:27.521+0530: 570.429: [CMS-concurrent-mark-start]
2026-04-20T14:31:27.521+0530: 570.429: [CMS-concurrent-mark: 0.000/0.000 secs] [Times: user=0.00 sys=0.00, real=0.00 secs] 
2026-04-20T14:31:27.522+0530: 570.429: [CMS-concurrent-preclean-start]
2026-04-20T14:31:27.522+0530: 570.430: [CMS-concurrent-preclean: 0.001/0.001 secs] [Times: user=0.00 sys=0.00, real=0.00 secs] 
2026-04-20T14:31:27.523+0530: 570.430: [CMS-concurrent-abortable-preclean-start]
2026-04-20T14:31:27.523+0530: 570.430: [CMS-concurrent-abortable-preclean: 0.000/0.000 secs] [Times: user=0.00 sys=0.00, real=0.00 secs] 
2026-04-20T14:31:27.523+0530: 570.430: [GC (CMS Final Remark) [YG occupancy: 229986 K (471808 K)]2026-04-20T14:31:27.523+0530: 570.430: [Rescan (parallel) , 0.0274069 secs]2026-04-20T14:31:27.550+0530: 570.458: [weak refs processing, 0.0000482 secs]2026-04-20T14:31:27.550+0530: 570.458: [class unloading, 0.0090988 secs]2026-04-20T14:31:27.559+0530: 570.467: [scrub symbol table, 0.0046309 secs]2026-04-20T14:31:27.564+0530: 570.472: [scrub string table, 0.0027357 secs][1 CMS-remark: 57K(64K)] 230044K(471872K), 0.0459410 secs] [Times: user=0.19 sys=0.06, real=0.05 secs] 
2026-04-20T14:31:27.569+0530: 570.476: Total time for which application threads were stopped: 0.0461970 seconds, Stopping threads took: 0.0000415 seconds
2026-04-20T14:31:27.569+0530: 570.477: [CMS-concurrent-sweep-start]
2026-04-20T14:31:27.570+0530: 570.477: [CMS-concurrent-sweep: 0.000/0.000 secs] [Times: user=0.00 sys=0.00, real=0.00 secs] 
2026-04-20T14:31:27.570+0530: 570.477: [CMS-concurrent-reset-start]
2026-04-20T14:31:27.570+0530: 570.477: [CMS-concurrent-reset: 0.000/0.000 secs] [Times: user=0.00 sys=0.00, real=0.00 secs] 
2026-04-20T14:31:29.569+0530: 572.477: Total time for which application threads were stopped: 0.0002092 seconds, Stopping threads took: 0.0000462 seconds
2026-04-20T14:31:31.570+0530: 574.478: Total time for which application threads were stopped: 0.0003194 seconds, Stopping threads took: 0.0000781 seconds
2026-04-20T14:31:37.570+0530: 580.477: [GC (CMS Initial Mark) [1 CMS-initial-mark: 57K(64K)] 230044K(471872K), 0.0281405 secs] [Times: user=0.11 sys=0.01, real=0.03 secs] 
2026-04-20T14:31:37.597+0530: 580.505: Total time for which application threads were stopped: 0.0284522 seconds, Stopping threads took: 0.0000529 seconds
2026-04-20T14:31:37.598+0530: 580.505: [CMS-concurrent-mark-start]
2026-04-20T14:31:37.598+0530: 580.506: [CMS-concurrent-mark: 0.000/0.000 secs] [Times: user=0.00 sys=0.00, real=0.00 secs] 
2026-04-20T14:31:37.598+0530: 580.506: [CMS-concurrent-preclean-start]
2026-04-20T14:31:37.598+0530: 580.507: [CMS-concurrent-preclean: 0.001/0.001 secs] [Times: user=0.00 sys=0.00, real=0.00 secs] 
2026-04-20T14:31:37.598+0530: 580.507: [CMS-concurrent-abortable-preclean-start]
2026-04-20T14:31:37.598+0530: 580.507: [CMS-concurrent-abortable-preclean: 0.000/0.000 secs] [Times: user=0.00 sys=0.00, real=0.00 secs] 
2026-04-20T14:31:37.598+0530: 580.507: [GC (CMS Final Remark) [YG occupancy: 229986 K (471808 K)]2026-04-20T14:31:37.598+0530: 580.507: [Rescan (parallel) , 0.0291154 secs]2026-04-20T14:31:37.629+0530: 580.536: [weak refs processing, 0.0000617 secs]2026-04-20T14:31:37.629+0530: 580.536: [class unloading, 0.0098190 secs]2026-04-20T14:31:37.639+0530: 580.546: [scrub symbol table, 0.0046030 secs]2026-04-20T14:31:37.644+0530: 580.551: [scrub string table, 0.0023843 secs][1 CMS-remark: 57K(64K)] 230044K(471872K), 0.0479026 secs] [Times: user=0.23 sys=0.00, real=0.05 secs] 
2026-04-20T14:31:37.648+0530: 580.555: Total time for which application threads were stopped: 0.0481888 seconds, Stopping threads took: 0.0000368 seconds
2026-04-20T14:31:37.648+0530: 580.555: [CMS-concurrent-sweep-start]
2026-04-20T14:31:37.648+0530: 580.555: [CMS-concurrent-sweep: 0.000/0.000 secs] [Times: user=0.00 sys=0.00, real=0.00 secs] 
2026-04-20T14:31:37.648+0530: 580.555: [CMS-concurrent-reset-start]
2026-04-20T14:31:37.648+0530: 580.555: [CMS-concurrent-reset: 0.000/0.000 secs] [Times: user=0.00 sys=0.00, real=0.00 secs] 
2026-04-20T14:31:38.655+0530: 581.563: Total time for which application threads were stopped: 0.0003057 seconds, Stopping threads took: 0.0000808 seconds
2026-04-20T14:31:47.655+0530: 590.562: [GC (CMS Initial Mark) [1 CMS-initial-mark: 57K(64K)] 230743K(471872K), 0.0248272 secs] [Times: user=0.11 sys=0.03, real=0.03 secs] 
2026-04-20T14:31:47.680+0530: 590.587: Total time for which application threads were stopped: 0.0251821 seconds, Stopping threads took: 0.0000582 seconds
2026-04-20T14:31:47.681+0530: 590.588: [CMS-concurrent-mark-start]
2026-04-20T14:31:47.681+0530: 590.588: [CMS-concurrent-mark: 0.000/0.000 secs] [Times: user=0.00 sys=0.00, real=0.00 secs] 
2026-04-20T14:31:47.681+0530: 590.588: [CMS-concurrent-preclean-start]
2026-04-20T14:31:47.682+0530: 590.589: [CMS-concurrent-preclean: 0.001/0.001 secs] [Times: user=0.00 sys=0.00, real=0.00 secs] 
2026-04-20T14:31:47.682+0530: 590.589: [CMS-concurrent-abortable-preclean-start]
2026-04-20T14:31:47.682+0530: 590.589: [CMS-concurrent-abortable-preclean: 0.000/0.000 secs] [Times: user=0.00 sys=0.00, real=0.00 secs] 
2026-04-20T14:31:47.682+0530: 590.589: [GC (CMS Final Remark) [YG occupancy: 230685 K (471808 K)]2026-04-20T14:31:47.682+0530: 590.589: [Rescan (parallel) , 0.0280339 secs]2026-04-20T14:31:47.710+0530: 590.617: [weak refs processing, 0.0000814 secs]2026-04-20T14:31:47.710+0530: 590.617: [class unloading, 0.0099467 secs]2026-04-20T14:31:47.720+0530: 590.627: [scrub symbol table, 0.0064484 secs]2026-04-20T14:31:47.726+0530: 590.634: [scrub string table, 0.0025592 secs][1 CMS-remark: 57K(64K)] 230743K(471872K), 0.0490538 secs] [Times: user=0.19 sys=0.05, real=0.05 secs] 
2026-04-20T14:31:47.731+0530: 590.638: Total time for which application threads were stopped: 0.0493022 seconds, Stopping threads took: 0.0000374 seconds
2026-04-20T14:31:47.731+0530: 590.638: [CMS-concurrent-sweep-start]
2026-04-20T14:31:47.731+0530: 590.639: [CMS-concurrent-sweep: 0.000/0.000 secs] [Times: user=0.00 sys=0.00, real=0.00 secs] 
2026-04-20T14:31:47.731+0530: 590.639: [CMS-concurrent-reset-start]
2026-04-20T14:31:47.731+0530: 590.639: [CMS-concurrent-reset: 0.000/0.000 secs] [Times: user=0.00 sys=0.00, real=0.00 secs] 
2026-04-20T14:31:48.746+0530: 591.653: Total time for which application threads were stopped: 0.0002137 seconds, Stopping threads took: 0.0000557 seconds
2026-04-20T14:31:57.742+0530: 600.649: [GC (CMS Initial Mark) [1 CMS-initial-mark: 57K(64K)] 231442K(471872K), 0.0204920 secs] [Times: user=0.08 sys=0.03, real=0.02 secs] 
2026-04-20T14:31:57.762+0530: 600.670: Total time for which application threads were stopped: 0.0208102 seconds, Stopping threads took: 0.0000444 seconds
2026-04-20T14:31:57.762+0530: 600.670: [CMS-concurrent-mark-start]
2026-04-20T14:31:57.762+0530: 600.670: [CMS-concurrent-mark: 0.000/0.000 secs] [Times: user=0.00 sys=0.00, real=0.00 secs] 
2026-04-20T14:31:57.762+0530: 600.670: [CMS-concurrent-preclean-start]
2026-04-20T14:31:57.764+0530: 600.671: [CMS-concurrent-preclean: 0.001/0.001 secs] [Times: user=0.00 sys=0.00, real=0.00 secs] 
2026-04-20T14:31:57.764+0530: 600.671: [CMS-concurrent-abortable-preclean-start]
2026-04-20T14:31:57.764+0530: 600.671: [CMS-concurrent-abortable-preclean: 0.000/0.000 secs] [Times: user=0.00 sys=0.00, real=0.00 secs] 
2026-04-20T14:31:57.764+0530: 600.671: [GC (CMS Final Remark) [YG occupancy: 231384 K (471808 K)]2026-04-20T14:31:57.764+0530: 600.672: [Rescan (parallel) , 0.0272288 secs]2026-04-20T14:31:57.792+0530: 600.699: [weak refs processing, 0.0000602 secs]2026-04-20T14:31:57.792+0530: 600.699: [class unloading, 0.0091561 secs]2026-04-20T14:31:57.800+0530: 600.708: [scrub symbol table, 0.0052228 secs]2026-04-20T14:31:57.806+0530: 600.713: [scrub string table, 0.0021306 secs][1 CMS-remark: 57K(64K)] 231442K(471872K), 0.0456452 secs] [Times: user=0.23 sys=0.02, real=0.05 secs] 
2026-04-20T14:31:57.810+0530: 600.717: Total time for which application threads were stopped: 0.0460199 seconds, Stopping threads took: 0.0001747 seconds
2026-04-20T14:31:57.810+0530: 600.717: [CMS-concurrent-sweep-start]
2026-04-20T14:31:57.810+0530: 600.717: [CMS-concurrent-sweep: 0.000/0.000 secs] [Times: user=0.00 sys=0.00, real=0.00 secs] 
2026-04-20T14:31:57.810+0530: 600.717: [CMS-concurrent-reset-start]
2026-04-20T14:31:57.810+0530: 600.717: [CMS-concurrent-reset: 0.000/0.000 secs] [Times: user=0.00 sys=0.00, real=0.00 secs] 
2026-04-20T14:31:58.820+0530: 601.727: Total time for which application threads were stopped: 0.0001828 seconds, Stopping threads took: 0.0000459 seconds
2026-04-20T14:32:02.862+0530: 605.769: Total time for which application threads were stopped: 0.0002368 seconds, Stopping threads took: 0.0000734 seconds
2026-04-20T14:32:07.812+0530: 610.720: [GC (CMS Initial Mark) [1 CMS-initial-mark: 57K(64K)] 232402K(471872K), 0.0276493 secs] [Times: user=0.09 sys=0.00, real=0.03 secs] 
2026-04-20T14:32:07.841+0530: 610.748: Total time for which application threads were stopped: 0.0280492 seconds, Stopping threads took: 0.0000564 seconds
2026-04-20T14:32:07.841+0530: 610.748: [CMS-concurrent-mark-start]
2026-04-20T14:32:07.841+0530: 610.748: [CMS-concurrent-mark: 0.000/0.000 secs] [Times: user=0.00 sys=0.00, real=0.00 secs] 
2026-04-20T14:32:07.841+0530: 610.748: [CMS-concurrent-preclean-start]
2026-04-20T14:32:07.842+0530: 610.749: [CMS-concurrent-preclean: 0.001/0.001 secs] [Times: user=0.00 sys=0.00, real=0.00 secs] 
2026-04-20T14:32:07.842+0530: 610.749: [CMS-concurrent-abortable-preclean-start]
2026-04-20T14:32:07.842+0530: 610.749: [CMS-concurrent-abortable-preclean: 0.000/0.000 secs] [Times: user=0.00 sys=0.00, real=0.00 secs] 
2026-04-20T14:32:07.843+0530: 610.750: [GC (CMS Final Remark) [YG occupancy: 232344 K (471808 K)]2026-04-20T14:32:07.843+0530: 610.750: [Rescan (parallel) , 0.0321254 secs]2026-04-20T14:32:07.875+0530: 610.782: [weak refs processing, 0.0000370 secs]2026-04-20T14:32:07.875+0530: 610.782: [class unloading, 0.0089897 secs]2026-04-20T14:32:07.883+0530: 610.791: [scrub symbol table, 0.0046993 secs]2026-04-20T14:32:07.887+0530: 610.796: [scrub string table, 0.0026090 secs][1 CMS-remark: 57K(64K)] 232402K(471872K), 0.0504164 secs] [Times: user=0.22 sys=0.02, real=0.05 secs] 
2026-04-20T14:32:07.892+0530: 610.800: Total time for which application threads were stopped: 0.0507146 seconds, Stopping threads took: 0.0000736 seconds
2026-04-20T14:32:07.892+0530: 610.801: [CMS-concurrent-sweep-start]
2026-04-20T14:32:07.892+0530: 610.801: [CMS-concurrent-sweep: 0.000/0.000 secs] [Times: user=0.00 sys=0.00, real=0.00 secs] 
2026-04-20T14:32:07.892+0530: 610.801: [CMS-concurrent-reset-start]
2026-04-20T14:32:07.892+0530: 610.801: [CMS-concurrent-reset: 0.000/0.000 secs] [Times: user=0.00 sys=0.00, real=0.00 secs] 
2026-04-20T14:32:16.957+0530: 619.864: Total time for which application threads were stopped: 0.0003410 seconds, Stopping threads took: 0.0001034 seconds
2026-04-20T14:32:17.894+0530: 620.801: [GC (CMS Initial Mark) [1 CMS-initial-mark: 57K(64K)] 232402K(471872K), 0.0236599 secs] [Times: user=0.12 sys=0.00, real=0.02 secs] 
2026-04-20T14:32:17.918+0530: 620.825: Total time for which application threads were stopped: 0.0240631 seconds, Stopping threads took: 0.0000802 seconds
2026-04-20T14:32:17.918+0530: 620.825: [CMS-concurrent-mark-start]
2026-04-20T14:32:17.919+0530: 620.826: [CMS-concurrent-mark: 0.000/0.000 secs] [Times: user=0.00 sys=0.00, real=0.00 secs] 
2026-04-20T14:32:17.919+0530: 620.826: [CMS-concurrent-preclean-start]
2026-04-20T14:32:17.919+0530: 620.827: [CMS-concurrent-preclean: 0.001/0.001 secs] [Times: user=0.00 sys=0.00, real=0.00 secs] 
2026-04-20T14:32:17.919+0530: 620.827: [CMS-concurrent-abortable-preclean-start]
2026-04-20T14:32:17.919+0530: 620.827: [CMS-concurrent-abortable-preclean: 0.000/0.000 secs] [Times: user=0.00 sys=0.00, real=0.00 secs] 
2026-04-20T14:32:17.920+0530: 620.827: [GC (CMS Final Remark) [YG occupancy: 232344 K (471808 K)]2026-04-20T14:32:17.920+0530: 620.827: [Rescan (parallel) , 0.0266977 secs]2026-04-20T14:32:17.946+0530: 620.854: [weak refs processing, 0.0000469 secs]2026-04-20T14:32:17.946+0530: 620.854: [class unloading, 0.0092729 secs]2026-04-20T14:32:17.956+0530: 620.863: [scrub symbol table, 0.0052871 secs]2026-04-20T14:32:17.961+0530: 620.868: [scrub string table, 0.0030126 secs][1 CMS-remark: 57K(64K)] 232402K(471872K), 0.0464357 secs] [Times: user=0.24 sys=0.03, real=0.05 secs] 
2026-04-20T14:32:17.966+0530: 620.873: Total time for which application threads were stopped: 0.0467172 seconds, Stopping threads took: 0.0000347 seconds
2026-04-20T14:32:17.966+0530: 620.874: [CMS-concurrent-sweep-start]
2026-04-20T14:32:17.966+0530: 620.874: [CMS-concurrent-sweep: 0.000/0.000 secs] [Times: user=0.00 sys=0.00, real=0.00 secs] 
2026-04-20T14:32:17.967+0530: 620.874: [CMS-concurrent-reset-start]
2026-04-20T14:32:17.967+0530: 620.874: [CMS-concurrent-reset: 0.000/0.000 secs] [Times: user=0.00 sys=0.00, real=0.00 secs] 
2026-04-20T14:32:24.970+0530: 627.878: Total time for which application threads were stopped: 0.0003344 seconds, Stopping threads took: 0.0000723 seconds
2026-04-20T14:32:27.967+0530: 630.874: [GC (CMS Initial Mark) [1 CMS-initial-mark: 57K(64K)] 232402K(471872K), 0.0256684 secs] [Times: user=0.08 sys=0.06, real=0.03 secs] 
2026-04-20T14:32:27.992+0530: 630.900: Total time for which application threads were stopped: 0.0259867 seconds, Stopping threads took: 0.0000470 seconds
2026-04-20T14:32:27.992+0530: 630.900: [CMS-concurrent-mark-start]
2026-04-20T14:32:27.992+0530: 630.900: [CMS-concurrent-mark: 0.000/0.000 secs] [Times: user=0.00 sys=0.00, real=0.00 secs] 
2026-04-20T14:32:27.992+0530: 630.900: [CMS-concurrent-preclean-start]
2026-04-20T14:32:27.994+0530: 630.901: [CMS-concurrent-preclean: 0.001/0.001 secs] [Times: user=0.00 sys=0.00, real=0.00 secs] 
2026-04-20T14:32:27.994+0530: 630.901: [CMS-concurrent-abortable-preclean-start]
2026-04-20T14:32:27.994+0530: 630.901: [CMS-concurrent-abortable-preclean: 0.000/0.000 secs] [Times: user=0.00 sys=0.00, real=0.00 secs] 
2026-04-20T14:32:27.994+0530: 630.902: [GC (CMS Final Remark) [YG occupancy: 232344 K (471808 K)]2026-04-20T14:32:27.994+0530: 630.902: [Rescan (parallel) , 0.0285654 secs]2026-04-20T14:32:28.023+0530: 630.930: [weak refs processing, 0.0000623 secs]2026-04-20T14:32:28.023+0530: 630.930: [class unloading, 0.0088250 secs]2026-04-20T14:32:28.032+0530: 630.939: [scrub symbol table, 0.0043693 secs]2026-04-20T14:32:28.036+0530: 630.944: [scrub string table, 0.0024443 secs][1 CMS-remark: 57K(64K)] 232402K(471872K), 0.0462709 secs] [Times: user=0.23 sys=0.03, real=0.05 secs] 
2026-04-20T14:32:28.041+0530: 630.948: Total time for which application threads were stopped: 0.0466419 seconds, Stopping threads took: 0.0000987 seconds
2026-04-20T14:32:28.041+0530: 630.948: [CMS-concurrent-sweep-start]
2026-04-20T14:32:28.041+0530: 630.948: [CMS-concurrent-sweep: 0.000/0.000 secs] [Times: user=0.00 sys=0.00, real=0.00 secs] 
2026-04-20T14:32:28.041+0530: 630.948: [CMS-concurrent-reset-start]
2026-04-20T14:32:28.041+0530: 630.948: [CMS-concurrent-reset: 0.000/0.000 secs] [Times: user=0.00 sys=0.00, real=0.00 secs] 
2026-04-20T14:32:29.054+0530: 631.961: Total time for which application threads were stopped: 0.0003472 seconds, Stopping threads took: 0.0001001 seconds
2026-04-20T14:32:38.048+0530: 640.955: [GC (CMS Initial Mark) [1 CMS-initial-mark: 57K(64K)] 233102K(471872K), 0.0255837 secs] [Times: user=0.08 sys=0.05, real=0.02 secs] 
2026-04-20T14:32:38.073+0530: 640.981: Total time for which application threads were stopped: 0.0259825 seconds, Stopping threads took: 0.0000608 seconds
2026-04-20T14:32:38.073+0530: 640.981: [CMS-concurrent-mark-start]
2026-04-20T14:32:38.074+0530: 640.981: [CMS-concurrent-mark: 0.000/0.000 secs] [Times: user=0.00 sys=0.00, real=0.00 secs] 
2026-04-20T14:32:38.074+0530: 640.981: [CMS-concurrent-preclean-start]
2026-04-20T14:32:38.075+0530: 640.982: [CMS-concurrent-preclean: 0.001/0.001 secs] [Times: user=0.00 sys=0.00, real=0.00 secs] 
2026-04-20T14:32:38.075+0530: 640.982: [CMS-concurrent-abortable-preclean-start]
2026-04-20T14:32:38.075+0530: 640.982: [CMS-concurrent-abortable-preclean: 0.000/0.000 secs] [Times: user=0.00 sys=0.00, real=0.00 secs] 
2026-04-20T14:32:38.076+0530: 640.983: [GC (CMS Final Remark) [YG occupancy: 233045 K (471808 K)]2026-04-20T14:32:38.076+0530: 640.983: [Rescan (parallel) , 0.0281531 secs]2026-04-20T14:32:38.104+0530: 641.011: [weak refs processing, 0.0000418 secs]2026-04-20T14:32:38.104+0530: 641.011: [class unloading, 0.0092284 secs]2026-04-20T14:32:38.113+0530: 641.020: [scrub symbol table, 0.0042386 secs]2026-04-20T14:32:38.117+0530: 641.025: [scrub string table, 0.0025110 secs][1 CMS-remark: 57K(64K)] 233102K(471872K), 0.0461400 secs] [Times: user=0.20 sys=0.05, real=0.05 secs] 
2026-04-20T14:32:38.121+0530: 641.029: Total time for which application threads were stopped: 0.0464084 seconds, Stopping threads took: 0.0000461 seconds
2026-04-20T14:32:38.122+0530: 641.029: [CMS-concurrent-sweep-start]
2026-04-20T14:32:38.122+0530: 641.029: [CMS-concurrent-sweep: 0.000/0.000 secs] [Times: user=0.00 sys=0.00, real=0.00 secs] 
2026-04-20T14:32:38.122+0530: 641.029: [CMS-concurrent-reset-start]
2026-04-20T14:32:38.122+0530: 641.029: [CMS-concurrent-reset: 0.000/0.000 secs] [Times: user=0.00 sys=0.00, real=0.00 secs] 
2026-04-20T14:32:40.143+0530: 643.050: Total time for which application threads were stopped: 0.0006572 seconds, Stopping threads took: 0.0001022 seconds
2026-04-20T14:32:42.157+0530: 645.065: Total time for which application threads were stopped: 0.0003513 seconds, Stopping threads took: 0.0000574 seconds
2026-04-20T14:32:48.135+0530: 651.043: [GC (CMS Initial Mark) [1 CMS-initial-mark: 57K(64K)] 244985K(471872K), 0.0293878 secs] [Times: user=0.06 sys=0.00, real=0.03 secs] 
2026-04-20T14:32:48.165+0530: 651.072: Total time for which application threads were stopped: 0.0298968 seconds, Stopping threads took: 0.0000961 seconds
2026-04-20T14:32:48.166+0530: 651.073: [CMS-concurrent-mark-start]
2026-04-20T14:32:48.166+0530: 651.073: [CMS-concurrent-mark: 0.000/0.000 secs] [Times: user=0.00 sys=0.00, real=0.00 secs] 
2026-04-20T14:32:48.166+0530: 651.073: [CMS-concurrent-preclean-start]
2026-04-20T14:32:48.166+0530: 651.074: [CMS-concurrent-preclean: 0.001/0.001 secs] [Times: user=0.00 sys=0.00, real=0.00 secs] 
2026-04-20T14:32:48.167+0530: 651.074: [CMS-concurrent-abortable-preclean-start]
2026-04-20T14:32:48.167+0530: 651.074: [CMS-concurrent-abortable-preclean: 0.000/0.000 secs] [Times: user=0.00 sys=0.00, real=0.00 secs] 
2026-04-20T14:32:48.167+0530: 651.075: [GC (CMS Final Remark) [YG occupancy: 244928 K (471808 K)]2026-04-20T14:32:48.167+0530: 651.075: [Rescan (parallel) , 0.0296466 secs]2026-04-20T14:32:48.197+0530: 651.104: [weak refs processing, 0.0000479 secs]2026-04-20T14:32:48.197+0530: 651.104: [class unloading, 0.0112550 secs]2026-04-20T14:32:48.209+0530: 651.116: [scrub symbol table, 0.0036172 secs]2026-04-20T14:32:48.212+0530: 651.119: [scrub string table, 0.0020790 secs][1 CMS-remark: 57K(64K)] 244985K(471872K), 0.0482369 secs] [Times: user=0.27 sys=0.00, real=0.05 secs] 
2026-04-20T14:32:48.216+0530: 651.123: Total time for which application threads were stopped: 0.0485014 seconds, Stopping threads took: 0.0000675 seconds
2026-04-20T14:32:48.232+0530: 651.140: [CMS-concurrent-sweep-start]
2026-04-20T14:32:48.233+0530: 651.140: [CMS-concurrent-sweep: 0.000/0.000 secs] [Times: user=0.00 sys=0.00, real=0.00 secs] 
2026-04-20T14:32:48.233+0530: 651.140: [CMS-concurrent-reset-start]
2026-04-20T14:32:48.233+0530: 651.140: [CMS-concurrent-reset: 0.000/0.000 secs] [Times: user=0.00 sys=0.00, real=0.00 secs] 
2026-04-20T14:32:58.232+0530: 661.140: [GC (CMS Initial Mark) [1 CMS-initial-mark: 57K(64K)] 244985K(471872K), 0.0290525 secs] [Times: user=0.14 sys=0.02, real=0.03 secs] 
2026-04-20T14:32:58.261+0530: 661.169: Total time for which application threads were stopped: 0.0295348 seconds, Stopping threads took: 0.0000988 seconds
2026-04-20T14:32:58.261+0530: 661.169: [CMS-concurrent-mark-start]
2026-04-20T14:32:58.262+0530: 661.169: [CMS-concurrent-mark: 0.000/0.000 secs] [Times: user=0.00 sys=0.00, real=0.00 secs] 
2026-04-20T14:32:58.262+0530: 661.170: [CMS-concurrent-preclean-start]
2026-04-20T14:32:58.262+0530: 661.170: [CMS-concurrent-preclean: 0.001/0.001 secs] [Times: user=0.00 sys=0.00, real=0.00 secs] 
2026-04-20T14:32:58.262+0530: 661.170: [CMS-concurrent-abortable-preclean-start]
2026-04-20T14:32:58.262+0530: 661.170: [CMS-concurrent-abortable-preclean: 0.000/0.000 secs] [Times: user=0.00 sys=0.00, real=0.00 secs] 
2026-04-20T14:32:58.263+0530: 661.171: [GC (CMS Final Remark) [YG occupancy: 244928 K (471808 K)]2026-04-20T14:32:58.263+0530: 661.171: [Rescan (parallel) , 0.0289606 secs]2026-04-20T14:32:58.292+0530: 661.200: [weak refs processing, 0.0000454 secs]2026-04-20T14:32:58.292+0530: 661.200: [class unloading, 0.0092907 secs]2026-04-20T14:32:58.301+0530: 661.209: [scrub symbol table, 0.0046286 secs]2026-04-20T14:32:58.306+0530: 661.214: [scrub string table, 0.0027544 secs][1 CMS-remark: 57K(64K)] 244985K(471872K), 0.0479543 secs] [Times: user=0.22 sys=0.05, real=0.05 secs] 
2026-04-20T14:32:58.311+0530: 661.219: Total time for which application threads were stopped: 0.0482234 seconds, Stopping threads took: 0.0000353 seconds
2026-04-20T14:32:58.311+0530: 661.219: [CMS-concurrent-sweep-start]
2026-04-20T14:32:58.311+0530: 661.219: [CMS-concurrent-sweep: 0.000/0.000 secs] [Times: user=0.00 sys=0.00, real=0.00 secs] 
2026-04-20T14:32:58.311+0530: 661.219: [CMS-concurrent-reset-start]
2026-04-20T14:32:58.311+0530: 661.219: [CMS-concurrent-reset: 0.000/0.000 secs] [Times: user=0.00 sys=0.00, real=0.00 secs] 
2026-04-20T14:33:02.355+0530: 665.262: Total time for which application threads were stopped: 0.0002788 seconds, Stopping threads took: 0.0000583 seconds
2026-04-20T14:33:04.372+0530: 667.279: Total time for which application threads were stopped: 0.0001706 seconds, Stopping threads took: 0.0000440 seconds
2026-04-20T14:33:08.323+0530: 671.230: [GC (CMS Initial Mark) [1 CMS-initial-mark: 57K(64K)] 245698K(471872K), 0.0241311 secs] [Times: user=0.11 sys=0.03, real=0.02 secs] 
2026-04-20T14:33:08.347+0530: 671.254: Total time for which application threads were stopped: 0.0246432 seconds, Stopping threads took: 0.0000947 seconds
2026-04-20T14:33:08.347+0530: 671.254: [CMS-concurrent-mark-start]
2026-04-20T14:33:08.347+0530: 671.255: [CMS-concurrent-mark: 0.000/0.000 secs] [Times: user=0.00 sys=0.00, real=0.00 secs] 
2026-04-20T14:33:08.347+0530: 671.255: [CMS-concurrent-preclean-start]
2026-04-20T14:33:08.348+0530: 671.256: [CMS-concurrent-preclean: 0.001/0.001 secs] [Times: user=0.00 sys=0.00, real=0.00 secs] 
2026-04-20T14:33:08.348+0530: 671.256: [CMS-concurrent-abortable-preclean-start]
2026-04-20T14:33:08.348+0530: 671.256: [CMS-concurrent-abortable-preclean: 0.000/0.000 secs] [Times: user=0.00 sys=0.00, real=0.00 secs] 
2026-04-20T14:33:08.349+0530: 671.256: [GC (CMS Final Remark) [YG occupancy: 245641 K (471808 K)]2026-04-20T14:33:08.349+0530: 671.256: [Rescan (parallel) , 0.0295883 secs]2026-04-20T14:33:08.378+0530: 671.286: [weak refs processing, 0.0000594 secs]2026-04-20T14:33:08.378+0530: 671.286: [class unloading, 0.0112899 secs]2026-04-20T14:33:08.389+0530: 671.297: [scrub symbol table, 0.0046683 secs]2026-04-20T14:33:08.395+0530: 671.302: [scrub string table, 0.0025409 secs][1 CMS-remark: 57K(64K)] 245698K(471872K), 0.0501703 secs] [Times: user=0.20 sys=0.03, real=0.05 secs] 
2026-04-20T14:33:08.399+0530: 671.306: Total time for which application threads were stopped: 0.0504309 seconds, Stopping threads took: 0.0000388 seconds
2026-04-20T14:33:08.399+0530: 671.307: [CMS-concurrent-sweep-start]
2026-04-20T14:33:08.399+0530: 671.307: [CMS-concurrent-sweep: 0.000/0.000 secs] [Times: user=0.00 sys=0.00, real=0.00 secs] 
2026-04-20T14:33:08.399+0530: 671.307: [CMS-concurrent-reset-start]
2026-04-20T14:33:08.399+0530: 671.307: [CMS-concurrent-reset: 0.000/0.000 secs] [Times: user=0.00 sys=0.00, real=0.00 secs] 
2026-04-20T14:33:18.400+0530: 681.307: [GC (CMS Initial Mark) [1 CMS-initial-mark: 57K(64K)] 246397K(471872K), 0.0287246 secs] [Times: user=0.11 sys=0.02, real=0.03 secs] 
2026-04-20T14:33:18.429+0530: 681.336: Total time for which application threads were stopped: 0.0290982 seconds, Stopping threads took: 0.0000613 seconds
2026-04-20T14:33:18.429+0530: 681.336: [CMS-concurrent-mark-start]
2026-04-20T14:33:18.429+0530: 681.337: [CMS-concurrent-mark: 0.000/0.000 secs] [Times: user=0.00 sys=0.00, real=0.00 secs] 
2026-04-20T14:33:18.429+0530: 681.337: [CMS-concurrent-preclean-start]
2026-04-20T14:33:18.429+0530: 681.338: [CMS-concurrent-preclean: 0.001/0.001 secs] [Times: user=0.00 sys=0.00, real=0.00 secs] 
2026-04-20T14:33:18.429+0530: 681.338: [CMS-concurrent-abortable-preclean-start]
2026-04-20T14:33:18.429+0530: 681.338: [CMS-concurrent-abortable-preclean: 0.000/0.000 secs] [Times: user=0.00 sys=0.00, real=0.00 secs] 
2026-04-20T14:33:18.431+0530: 681.338: [GC (CMS Final Remark) [YG occupancy: 246340 K (471808 K)]2026-04-20T14:33:18.431+0530: 681.338: [Rescan (parallel) , 0.0305277 secs]2026-04-20T14:33:18.462+0530: 681.369: [weak refs processing, 0.0000674 secs]2026-04-20T14:33:18.462+0530: 681.369: [class unloading, 0.0118471 secs]2026-04-20T14:33:18.474+0530: 681.381: [scrub symbol table, 0.0067749 secs]2026-04-20T14:33:18.480+0530: 681.388: [scrub string table, 0.0048739 secs][1 CMS-remark: 57K(64K)] 246397K(471872K), 0.0562381 secs] [Times: user=0.25 sys=0.03, real=0.06 secs] 
2026-04-20T14:33:18.487+0530: 681.395: Total time for which application threads were stopped: 0.0565828 seconds, Stopping threads took: 0.0000609 seconds
2026-04-20T14:33:18.487+0530: 681.395: [CMS-concurrent-sweep-start]
2026-04-20T14:33:18.487+0530: 681.395: [CMS-concurrent-sweep: 0.000/0.000 secs] [Times: user=0.00 sys=0.00, real=0.00 secs] 
2026-04-20T14:33:18.487+0530: 681.395: [CMS-concurrent-reset-start]
2026-04-20T14:33:18.487+0530: 681.395: [CMS-concurrent-reset: 0.000/0.000 secs] [Times: user=0.00 sys=0.00, real=0.00 secs] 
2026-04-20T14:33:28.489+0530: 691.396: [GC (CMS Initial Mark) [1 CMS-initial-mark: 57K(64K)] 246397K(471872K), 0.0250253 secs] [Times: user=0.08 sys=0.05, real=0.02 secs] 
2026-04-20T14:33:28.514+0530: 691.421: Total time for which application threads were stopped: 0.0254782 seconds, Stopping threads took: 0.0000568 seconds
2026-04-20T14:33:28.514+0530: 691.421: [CMS-concurrent-mark-start]
2026-04-20T14:33:28.514+0530: 691.422: [CMS-concurrent-mark: 0.000/0.000 secs] [Times: user=0.00 sys=0.00, real=0.00 secs] 
2026-04-20T14:33:28.514+0530: 691.422: [CMS-concurrent-preclean-start]
2026-04-20T14:33:28.514+0530: 691.422: [CMS-concurrent-preclean: 0.001/0.001 secs] [Times: user=0.00 sys=0.00, real=0.00 secs] 
2026-04-20T14:33:28.514+0530: 691.422: [CMS-concurrent-abortable-preclean-start]
2026-04-20T14:33:28.514+0530: 691.422: [CMS-concurrent-abortable-preclean: 0.000/0.000 secs] [Times: user=0.00 sys=0.00, real=0.00 secs] 
2026-04-20T14:33:28.516+0530: 691.423: [GC (CMS Final Remark) [YG occupancy: 246340 K (471808 K)]2026-04-20T14:33:28.516+0530: 691.423: [Rescan (parallel) , 0.0285279 secs]2026-04-20T14:33:28.545+0530: 691.452: [weak refs processing, 0.0000589 secs]2026-04-20T14:33:28.545+0530: 691.452: [class unloading, 0.0117503 secs]2026-04-20T14:33:28.555+0530: 691.463: [scrub symbol table, 0.0048748 secs]2026-04-20T14:33:28.560+0530: 691.468: [scrub string table, 0.0032652 secs][1 CMS-remark: 57K(64K)] 246397K(471872K), 0.0510055 secs] [Times: user=0.19 sys=0.06, real=0.05 secs] 
2026-04-20T14:33:28.567+0530: 691.474: Total time for which application threads were stopped: 0.0513880 seconds, Stopping threads took: 0.0001474 seconds
2026-04-20T14:33:28.567+0530: 691.474: [CMS-concurrent-sweep-start]
2026-04-20T14:33:28.567+0530: 691.474: [CMS-concurrent-sweep: 0.000/0.000 secs] [Times: user=0.00 sys=0.00, real=0.00 secs] 
2026-04-20T14:33:28.567+0530: 691.475: [CMS-concurrent-reset-start]
2026-04-20T14:33:28.567+0530: 691.475: [CMS-concurrent-reset: 0.000/0.000 secs] [Times: user=0.00 sys=0.00, real=0.00 secs] 
2026-04-20T14:33:38.569+0530: 701.477: [GC (CMS Initial Mark) [1 CMS-initial-mark: 57K(64K)] 247098K(471872K), 0.0280543 secs] [Times: user=0.14 sys=0.00, real=0.03 secs] 
2026-04-20T14:33:38.597+0530: 701.505: Total time for which application threads were stopped: 0.0286294 seconds, Stopping threads took: 0.0001382 seconds
2026-04-20T14:33:38.597+0530: 701.505: [CMS-concurrent-mark-start]
2026-04-20T14:33:38.598+0530: 701.505: [CMS-concurrent-mark: 0.000/0.000 secs] [Times: user=0.00 sys=0.00, real=0.00 secs] 
2026-04-20T14:33:38.598+0530: 701.506: [CMS-concurrent-preclean-start]
2026-04-20T14:33:38.599+0530: 701.506: [CMS-concurrent-preclean: 0.001/0.001 secs] [Times: user=0.00 sys=0.00, real=0.00 secs] 
2026-04-20T14:33:38.599+0530: 701.506: [CMS-concurrent-abortable-preclean-start]
2026-04-20T14:33:38.599+0530: 701.506: [CMS-concurrent-abortable-preclean: 0.000/0.000 secs] [Times: user=0.00 sys=0.00, real=0.00 secs] 
2026-04-20T14:33:38.599+0530: 701.507: [GC (CMS Final Remark) [YG occupancy: 247040 K (471808 K)]2026-04-20T14:33:38.599+0530: 701.507: [Rescan (parallel) , 0.0294447 secs]2026-04-20T14:33:38.629+0530: 701.536: [weak refs processing, 0.0000540 secs]2026-04-20T14:33:38.629+0530: 701.536: [class unloading, 0.0106677 secs]2026-04-20T14:33:38.639+0530: 701.547: [scrub symbol table, 0.0048688 secs]2026-04-20T14:33:38.644+0530: 701.552: [scrub string table, 0.0025361 secs][1 CMS-remark: 57K(64K)] 247098K(471872K), 0.0499652 secs] [Times: user=0.23 sys=0.03, real=0.05 secs] 
2026-04-20T14:33:38.650+0530: 701.557: Total time for which application threads were stopped: 0.0503167 seconds, Stopping threads took: 0.0000342 seconds
2026-04-20T14:33:38.650+0530: 701.557: [CMS-concurrent-sweep-start]
2026-04-20T14:33:38.650+0530: 701.557: [CMS-concurrent-sweep: 0.000/0.000 secs] [Times: user=0.00 sys=0.00, real=0.00 secs] 
2026-04-20T14:33:38.650+0530: 701.557: [CMS-concurrent-reset-start]
2026-04-20T14:33:38.650+0530: 701.557: [CMS-concurrent-reset: 0.000/0.000 secs] [Times: user=0.00 sys=0.00, real=0.00 secs] 
2026-04-20T14:33:48.657+0530: 711.565: [GC (CMS Initial Mark) [1 CMS-initial-mark: 57K(64K)] 247098K(471872K), 0.0331750 secs] [Times: user=0.11 sys=0.01, real=0.03 secs] 
2026-04-20T14:33:48.691+0530: 711.598: Total time for which application threads were stopped: 0.0335671 seconds, Stopping threads took: 0.0000650 seconds
2026-04-20T14:33:48.691+0530: 711.598: [CMS-concurrent-mark-start]
2026-04-20T14:33:48.691+0530: 711.599: [CMS-concurrent-mark: 0.000/0.000 secs] [Times: user=0.00 sys=0.00, real=0.00 secs] 
2026-04-20T14:33:48.691+0530: 711.599: [CMS-concurrent-preclean-start]
2026-04-20T14:33:48.693+0530: 711.600: [CMS-concurrent-preclean: 0.001/0.001 secs] [Times: user=0.00 sys=0.00, real=0.00 secs] 
2026-04-20T14:33:48.693+0530: 711.600: [CMS-concurrent-abortable-preclean-start]
2026-04-20T14:33:48.693+0530: 711.600: [CMS-concurrent-abortable-preclean: 0.000/0.000 secs] [Times: user=0.00 sys=0.00, real=0.00 secs] 
2026-04-20T14:33:48.693+0530: 711.600: [GC (CMS Final Remark) [YG occupancy: 247040 K (471808 K)]2026-04-20T14:33:48.693+0530: 711.600: [Rescan (parallel) , 0.0328530 secs]2026-04-20T14:33:48.726+0530: 711.633: [weak refs processing, 0.0000608 secs]2026-04-20T14:33:48.726+0530: 711.633: [class unloading, 0.0096378 secs]2026-04-20T14:33:48.735+0530: 711.643: [scrub symbol table, 0.0043649 secs]2026-04-20T14:33:48.739+0530: 711.647: [scrub string table, 0.0023135 secs][1 CMS-remark: 57K(64K)] 247098K(471872K), 0.0512193 secs] [Times: user=0.20 sys=0.03, real=0.05 secs] 
2026-04-20T14:33:48.744+0530: 711.651: Total time for which application threads were stopped: 0.0514727 seconds, Stopping threads took: 0.0000393 seconds
2026-04-20T14:33:48.744+0530: 711.652: [CMS-concurrent-sweep-start]
2026-04-20T14:33:48.744+0530: 711.652: [CMS-concurrent-sweep: 0.000/0.000 secs] [Times: user=0.00 sys=0.00, real=0.00 secs] 
2026-04-20T14:33:48.744+0530: 711.652: [CMS-concurrent-reset-start]
2026-04-20T14:33:48.744+0530: 711.652: [CMS-concurrent-reset: 0.000/0.000 secs] [Times: user=0.00 sys=0.00, real=0.00 secs] 
2026-04-20T14:33:53.785+0530: 716.692: Total time for which application threads were stopped: 0.0002732 seconds, Stopping threads took: 0.0000723 seconds
2026-04-20T14:33:58.747+0530: 721.654: [GC (CMS Initial Mark) [1 CMS-initial-mark: 57K(64K)] 247811K(471872K), 0.0293545 secs] [Times: user=0.12 sys=0.02, real=0.03 secs] 
2026-04-20T14:33:58.776+0530: 721.684: Total time for which application threads were stopped: 0.0301494 seconds, Stopping threads took: 0.0003360 seconds
2026-04-20T14:33:58.776+0530: 721.684: [CMS-concurrent-mark-start]
2026-04-20T14:33:58.777+0530: 721.684: [CMS-concurrent-mark: 0.000/0.000 secs] [Times: user=0.00 sys=0.00, real=0.00 secs] 
2026-04-20T14:33:58.777+0530: 721.685: [CMS-concurrent-preclean-start]
2026-04-20T14:33:58.777+0530: 721.685: [CMS-concurrent-preclean: 0.001/0.001 secs] [Times: user=0.00 sys=0.00, real=0.00 secs] 
2026-04-20T14:33:58.778+0530: 721.685: [CMS-concurrent-abortable-preclean-start]
2026-04-20T14:33:58.778+0530: 721.685: [CMS-concurrent-abortable-preclean: 0.000/0.000 secs] [Times: user=0.00 sys=0.00, real=0.00 secs] 
2026-04-20T14:33:58.778+0530: 721.686: [GC (CMS Final Remark) [YG occupancy: 247753 K (471808 K)]2026-04-20T14:33:58.778+0530: 721.686: [Rescan (parallel) , 0.0299787 secs]2026-04-20T14:33:58.808+0530: 721.716: [weak refs processing, 0.0000462 secs]2026-04-20T14:33:58.808+0530: 721.716: [class unloading, 0.0094050 secs]2026-04-20T14:33:58.817+0530: 721.725: [scrub symbol table, 0.0045911 secs]2026-04-20T14:33:58.822+0530: 721.730: [scrub string table, 0.0032346 secs][1 CMS-remark: 57K(64K)] 247811K(471872K), 0.0494031 secs] [Times: user=0.23 sys=0.03, real=0.05 secs] 
2026-04-20T14:33:58.827+0530: 721.735: Total time for which application threads were stopped: 0.0496483 seconds, Stopping threads took: 0.0000372 seconds
2026-04-20T14:33:58.828+0530: 721.735: [CMS-concurrent-sweep-start]
2026-04-20T14:33:58.828+0530: 721.736: [CMS-concurrent-sweep: 0.000/0.000 secs] [Times: user=0.00 sys=0.00, real=0.00 secs] 
2026-04-20T14:33:58.828+0530: 721.736: [CMS-concurrent-reset-start]
2026-04-20T14:33:58.828+0530: 721.736: [CMS-concurrent-reset: 0.000/0.000 secs] [Times: user=0.00 sys=0.00, real=0.00 secs] 
2026-04-20T14:34:02.866+0530: 725.774: Total time for which application threads were stopped: 0.0005025 seconds, Stopping threads took: 0.0001085 seconds
2026-04-20T14:34:08.838+0530: 731.745: [GC (CMS Initial Mark) [1 CMS-initial-mark: 57K(64K)] 247811K(471872K), 0.0310938 secs] [Times: user=0.11 sys=0.03, real=0.03 secs] 
2026-04-20T14:34:08.869+0530: 731.776: Total time for which application threads were stopped: 0.0317020 seconds, Stopping threads took: 0.0000904 seconds
2026-04-20T14:34:08.869+0530: 731.776: [CMS-concurrent-mark-start]
2026-04-20T14:34:08.869+0530: 731.777: [CMS-concurrent-mark: 0.000/0.000 secs] [Times: user=0.00 sys=0.00, real=0.00 secs] 
2026-04-20T14:34:08.869+0530: 731.777: [CMS-concurrent-preclean-start]
2026-04-20T14:34:08.869+0530: 731.777: [CMS-concurrent-preclean: 0.001/0.001 secs] [Times: user=0.00 sys=0.00, real=0.00 secs] 
2026-04-20T14:34:08.869+0530: 731.777: [CMS-concurrent-abortable-preclean-start]
2026-04-20T14:34:08.869+0530: 731.777: [CMS-concurrent-abortable-preclean: 0.000/0.000 secs] [Times: user=0.00 sys=0.00, real=0.00 secs] 
2026-04-20T14:34:08.869+0530: 731.778: [GC (CMS Final Remark) [YG occupancy: 247753 K (471808 K)]2026-04-20T14:34:08.869+0530: 731.778: [Rescan (parallel) , 0.0299001 secs]2026-04-20T14:34:08.900+0530: 731.808: [weak refs processing, 0.0000443 secs]2026-04-20T14:34:08.900+0530: 731.808: [class unloading, 0.0092226 secs]2026-04-20T14:34:08.910+0530: 731.817: [scrub symbol table, 0.0047576 secs]2026-04-20T14:34:08.914+0530: 731.822: [scrub string table, 0.0027225 secs][1 CMS-remark: 57K(64K)] 247811K(471872K), 0.0486934 secs] [Times: user=0.24 sys=0.00, real=0.05 secs] 
2026-04-20T14:34:08.919+0530: 731.826: Total time for which application threads were stopped: 0.0489563 seconds, Stopping threads took: 0.0000372 seconds
2026-04-20T14:34:08.920+0530: 731.827: [CMS-concurrent-sweep-start]
2026-04-20T14:34:08.920+0530: 731.827: [CMS-concurrent-sweep: 0.000/0.000 secs] [Times: user=0.00 sys=0.00, real=0.00 secs] 
2026-04-20T14:34:08.920+0530: 731.827: [CMS-concurrent-reset-start]
2026-04-20T14:34:08.920+0530: 731.827: [CMS-concurrent-reset: 0.000/0.000 secs] [Times: user=0.00 sys=0.00, real=0.00 secs] 
2026-04-20T14:34:18.932+0530: 741.840: [GC (CMS Initial Mark) [1 CMS-initial-mark: 57K(64K)] 247811K(471872K), 0.0318624 secs] [Times: user=0.14 sys=0.00, real=0.03 secs] 
2026-04-20T14:34:18.964+0530: 741.872: Total time for which application threads were stopped: 0.0323431 seconds, Stopping threads took: 0.0000887 seconds
2026-04-20T14:34:18.964+0530: 741.872: [CMS-concurrent-mark-start]
2026-04-20T14:34:18.964+0530: 741.872: [CMS-concurrent-mark: 0.000/0.000 secs] [Times: user=0.00 sys=0.00, real=0.00 secs] 
2026-04-20T14:34:18.964+0530: 741.872: [CMS-concurrent-preclean-start]
2026-04-20T14:34:18.964+0530: 741.873: [CMS-concurrent-preclean: 0.001/0.001 secs] [Times: user=0.00 sys=0.00, real=0.00 secs] 
2026-04-20T14:34:18.964+0530: 741.873: [CMS-concurrent-abortable-preclean-start]
2026-04-20T14:34:18.964+0530: 741.873: [CMS-concurrent-abortable-preclean: 0.000/0.000 secs] [Times: user=0.00 sys=0.00, real=0.00 secs] 
2026-04-20T14:34:18.966+0530: 741.873: [GC (CMS Final Remark) [YG occupancy: 247753 K (471808 K)]2026-04-20T14:34:18.966+0530: 741.873: [Rescan (parallel) , 0.0295546 secs]2026-04-20T14:34:18.995+0530: 741.903: [weak refs processing, 0.0000557 secs]2026-04-20T14:34:18.995+0530: 741.903: [class unloading, 0.0142716 secs]2026-04-20T14:34:19.009+0530: 741.917: [scrub symbol table, 0.0049612 secs]2026-04-20T14:34:19.014+0530: 741.922: [scrub string table, 0.0024641 secs][1 CMS-remark: 57K(64K)] 247811K(471872K), 0.0532350 secs] [Times: user=0.20 sys=0.05, real=0.05 secs] 
2026-04-20T14:34:19.019+0530: 741.926: Total time for which application threads were stopped: 0.0534926 seconds, Stopping threads took: 0.0000428 seconds
2026-04-20T14:34:19.019+0530: 741.927: [CMS-concurrent-sweep-start]
2026-04-20T14:34:19.019+0530: 741.927: [CMS-concurrent-sweep: 0.000/0.000 secs] [Times: user=0.00 sys=0.00, real=0.00 secs] 
2026-04-20T14:34:19.019+0530: 741.927: [CMS-concurrent-reset-start]
2026-04-20T14:34:19.019+0530: 741.927: [CMS-concurrent-reset: 0.000/0.000 secs] [Times: user=0.00 sys=0.00, real=0.00 secs] 
2026-04-20T14:34:29.024+0530: 751.931: [GC (CMS Initial Mark) [1 CMS-initial-mark: 57K(64K)] 247811K(471872K), 0.0308401 secs] [Times: user=0.09 sys=0.00, real=0.03 secs] 
2026-04-20T14:34:29.054+0530: 751.962: Total time for which application threads were stopped: 0.0313008 seconds, Stopping threads took: 0.0000894 seconds
2026-04-20T14:34:29.054+0530: 751.962: [CMS-concurrent-mark-start]
2026-04-20T14:34:29.054+0530: 751.962: [CMS-concurrent-mark: 0.000/0.000 secs] [Times: user=0.00 sys=0.00, real=0.00 secs] 
2026-04-20T14:34:29.054+0530: 751.962: [CMS-concurrent-preclean-start]
2026-04-20T14:34:29.055+0530: 751.963: [CMS-concurrent-preclean: 0.001/0.001 secs] [Times: user=0.00 sys=0.00, real=0.00 secs] 
2026-04-20T14:34:29.055+0530: 751.963: [CMS-concurrent-abortable-preclean-start]
2026-04-20T14:34:29.055+0530: 751.963: [CMS-concurrent-abortable-preclean: 0.000/0.000 secs] [Times: user=0.00 sys=0.00, real=0.00 secs] 
2026-04-20T14:34:29.056+0530: 751.964: [GC (CMS Final Remark) [YG occupancy: 247753 K (471808 K)]2026-04-20T14:34:29.056+0530: 751.964: [Rescan (parallel) , 0.0291624 secs]2026-04-20T14:34:29.085+0530: 751.993: [weak refs processing, 0.0000477 secs]2026-04-20T14:34:29.085+0530: 751.993: [class unloading, 0.0097494 secs]2026-04-20T14:34:29.095+0530: 752.003: [scrub symbol table, 0.0047657 secs]2026-04-20T14:34:29.100+0530: 752.008: [scrub string table, 0.0029466 secs][1 CMS-remark: 57K(64K)] 247811K(471872K), 0.0489653 secs] [Times: user=0.20 sys=0.05, real=0.05 secs] 
2026-04-20T14:34:29.106+0530: 752.013: Total time for which application threads were stopped: 0.0493543 seconds, Stopping threads took: 0.0000379 seconds
2026-04-20T14:34:29.106+0530: 752.013: [CMS-concurrent-sweep-start]
2026-04-20T14:34:29.106+0530: 752.013: [CMS-concurrent-sweep: 0.000/0.000 secs] [Times: user=0.00 sys=0.00, real=0.00 secs] 
2026-04-20T14:34:29.106+0530: 752.013: [CMS-concurrent-reset-start]
2026-04-20T14:34:29.106+0530: 752.013: [CMS-concurrent-reset: 0.000/0.000 secs] [Times: user=0.00 sys=0.00, real=0.00 secs] 
2026-04-20T14:34:32.135+0530: 755.042: Total time for which application threads were stopped: 0.0002566 seconds, Stopping threads took: 0.0000691 seconds
2026-04-20T14:34:39.119+0530: 762.026: [GC (CMS Initial Mark) [1 CMS-initial-mark: 57K(64K)] 247811K(471872K), 0.0292303 secs] [Times: user=0.11 sys=0.03, real=0.03 secs] 
2026-04-20T14:34:39.149+0530: 762.056: Total time for which application threads were stopped: 0.0297049 seconds, Stopping threads took: 0.0000949 seconds
2026-04-20T14:34:39.149+0530: 762.056: [CMS-concurrent-mark-start]
2026-04-20T14:34:39.149+0530: 762.056: [CMS-concurrent-mark: 0.000/0.000 secs] [Times: user=0.00 sys=0.00, real=0.00 secs] 
2026-04-20T14:34:39.149+0530: 762.056: [CMS-concurrent-preclean-start]
2026-04-20T14:34:39.150+0530: 762.057: [CMS-concurrent-preclean: 0.001/0.001 secs] [Times: user=0.00 sys=0.00, real=0.00 secs] 
2026-04-20T14:34:39.150+0530: 762.057: [CMS-concurrent-abortable-preclean-start]
2026-04-20T14:34:39.150+0530: 762.057: [CMS-concurrent-abortable-preclean: 0.000/0.000 secs] [Times: user=0.00 sys=0.00, real=0.00 secs] 
2026-04-20T14:34:39.150+0530: 762.057: [GC (CMS Final Remark) [YG occupancy: 247753 K (471808 K)]2026-04-20T14:34:39.150+0530: 762.057: [Rescan (parallel) , 0.0304942 secs]2026-04-20T14:34:39.181+0530: 762.088: [weak refs processing, 0.0000517 secs]2026-04-20T14:34:39.181+0530: 762.088: [class unloading, 0.0088602 secs]2026-04-20T14:34:39.190+0530: 762.097: [scrub symbol table, 0.0046347 secs]2026-04-20T14:34:39.194+0530: 762.101: [scrub string table, 0.0026497 secs][1 CMS-remark: 57K(64K)] 247811K(471872K), 0.0488738 secs] [Times: user=0.17 sys=0.06, real=0.05 secs] 
2026-04-20T14:34:39.199+0530: 762.106: Total time for which application threads were stopped: 0.0491870 seconds, Stopping threads took: 0.0000634 seconds
2026-04-20T14:34:39.199+0530: 762.106: [CMS-concurrent-sweep-start]
2026-04-20T14:34:39.199+0530: 762.106: [CMS-concurrent-sweep: 0.000/0.000 secs] [Times: user=0.00 sys=0.00, real=0.00 secs] 
2026-04-20T14:34:39.199+0530: 762.107: [CMS-concurrent-reset-start]
2026-04-20T14:34:39.199+0530: 762.107: [CMS-concurrent-reset: 0.000/0.000 secs] [Times: user=0.00 sys=0.00, real=0.00 secs] 
2026-04-20T14:34:40.205+0530: 763.113: Total time for which application threads were stopped: 0.0002535 seconds, Stopping threads took: 0.0000702 seconds
2026-04-20T14:34:41.209+0530: 764.117: Total time for which application threads were stopped: 0.0002737 seconds, Stopping threads took: 0.0001119 seconds
2026-04-20T14:34:49.208+0530: 772.115: [GC (CMS Initial Mark) [1 CMS-initial-mark: 57K(64K)] 248511K(471872K), 0.0277001 secs] [Times: user=0.06 sys=0.03, real=0.03 secs] 
2026-04-20T14:34:49.236+0530: 772.143: Total time for which application threads were stopped: 0.0280671 seconds, Stopping threads took: 0.0000878 seconds
2026-04-20T14:34:49.236+0530: 772.143: [CMS-concurrent-mark-start]
2026-04-20T14:34:49.236+0530: 772.143: [CMS-concurrent-mark: 0.000/0.000 secs] [Times: user=0.00 sys=0.00, real=0.00 secs] 
2026-04-20T14:34:49.236+0530: 772.143: [CMS-concurrent-preclean-start]
2026-04-20T14:34:49.237+0530: 772.144: [CMS-concurrent-preclean: 0.001/0.001 secs] [Times: user=0.00 sys=0.00, real=0.00 secs] 
2026-04-20T14:34:49.237+0530: 772.144: [CMS-concurrent-abortable-preclean-start]
2026-04-20T14:34:49.237+0530: 772.144: [CMS-concurrent-abortable-preclean: 0.000/0.000 secs] [Times: user=0.00 sys=0.00, real=0.00 secs] 
2026-04-20T14:34:49.237+0530: 772.145: [GC (CMS Final Remark) [YG occupancy: 248453 K (471808 K)]2026-04-20T14:34:49.237+0530: 772.145: [Rescan (parallel) , 0.0299903 secs]2026-04-20T14:34:49.267+0530: 772.175: [weak refs processing, 0.0000456 secs]2026-04-20T14:34:49.267+0530: 772.175: [class unloading, 0.0089107 secs]2026-04-20T14:34:49.276+0530: 772.184: [scrub symbol table, 0.0045111 secs]2026-04-20T14:34:49.281+0530: 772.188: [scrub string table, 0.0025894 secs][1 CMS-remark: 57K(64K)] 248511K(471872K), 0.0480766 secs] [Times: user=0.12 sys=0.03, real=0.05 secs] 
2026-04-20T14:34:49.285+0530: 772.193: Total time for which application threads were stopped: 0.0483238 seconds, Stopping threads took: 0.0000356 seconds
2026-04-20T14:34:49.285+0530: 772.193: [CMS-concurrent-sweep-start]
2026-04-20T14:34:49.286+0530: 772.193: [CMS-concurrent-sweep: 0.000/0.000 secs] [Times: user=0.00 sys=0.00, real=0.00 secs] 
2026-04-20T14:34:49.286+0530: 772.193: [CMS-concurrent-reset-start]
2026-04-20T14:34:49.286+0530: 772.193: [CMS-concurrent-reset: 0.000/0.000 secs] [Times: user=0.00 sys=0.00, real=0.00 secs] 
2026-04-20T14:34:58.355+0530: 781.262: Total time for which application threads were stopped: 0.0002195 seconds, Stopping threads took: 0.0000592 seconds
2026-04-20T14:34:59.294+0530: 782.201: [GC (CMS Initial Mark) [1 CMS-initial-mark: 57K(64K)] 248511K(471872K), 0.0286758 secs] [Times: user=0.11 sys=0.03, real=0.03 secs] 
2026-04-20T14:34:59.322+0530: 782.230: Total time for which application threads were stopped: 0.0292470 seconds, Stopping threads took: 0.0001181 seconds
2026-04-20T14:34:59.323+0530: 782.230: [CMS-concurrent-mark-start]
2026-04-20T14:34:59.323+0530: 782.231: [CMS-concurrent-mark: 0.000/0.000 secs] [Times: user=0.00 sys=0.00, real=0.00 secs] 
2026-04-20T14:34:59.323+0530: 782.231: [CMS-concurrent-preclean-start]
2026-04-20T14:34:59.324+0530: 782.232: [CMS-concurrent-preclean: 0.001/0.001 secs] [Times: user=0.00 sys=0.00, real=0.00 secs] 
2026-04-20T14:34:59.324+0530: 782.232: [CMS-concurrent-abortable-preclean-start]
2026-04-20T14:34:59.324+0530: 782.232: [CMS-concurrent-abortable-preclean: 0.000/0.000 secs] [Times: user=0.00 sys=0.00, real=0.00 secs] 
2026-04-20T14:34:59.325+0530: 782.232: [GC (CMS Final Remark) [YG occupancy: 248453 K (471808 K)]2026-04-20T14:34:59.325+0530: 782.232: [Rescan (parallel) , 0.0297357 secs]2026-04-20T14:34:59.355+0530: 782.262: [weak refs processing, 0.0000462 secs]2026-04-20T14:34:59.355+0530: 782.262: [class unloading, 0.0090856 secs]2026-04-20T14:34:59.364+0530: 782.271: [scrub symbol table, 0.0044875 secs]2026-04-20T14:34:59.369+0530: 782.276: [scrub string table, 0.0024963 secs][1 CMS-remark: 57K(64K)] 248511K(471872K), 0.0479864 secs] [Times: user=0.24 sys=0.02, real=0.05 secs] 
2026-04-20T14:34:59.372+0530: 782.280: Total time for which application threads were stopped: 0.0482406 seconds, Stopping threads took: 0.0000374 seconds
2026-04-20T14:34:59.373+0530: 782.281: [CMS-concurrent-sweep-start]
2026-04-20T14:34:59.373+0530: 782.281: [CMS-concurrent-sweep: 0.000/0.000 secs] [Times: user=0.00 sys=0.00, real=0.00 secs] 
2026-04-20T14:34:59.373+0530: 782.281: [CMS-concurrent-reset-start]
2026-04-20T14:34:59.373+0530: 782.281: [CMS-concurrent-reset: 0.000/0.000 secs] [Times: user=0.00 sys=0.00, real=0.00 secs] 
2026-04-20T14:35:02.400+0530: 785.308: Total time for which application threads were stopped: 0.0002575 seconds, Stopping threads took: 0.0000771 seconds
2026-04-20T14:35:09.384+0530: 792.293: [GC (CMS Initial Mark) [1 CMS-initial-mark: 57K(64K)] 248758K(471872K), 0.0313197 secs] [Times: user=0.12 sys=0.01, real=0.03 secs] 
2026-04-20T14:35:09.416+0530: 792.324: Total time for which application threads were stopped: 0.0332939 seconds, Stopping threads took: 0.0001031 seconds
2026-04-20T14:35:09.416+0530: 792.324: [CMS-concurrent-mark-start]
2026-04-20T14:35:09.417+0530: 792.325: [CMS-concurrent-mark: 0.000/0.000 secs] [Times: user=0.00 sys=0.00, real=0.00 secs] 
2026-04-20T14:35:09.417+0530: 792.325: [CMS-concurrent-preclean-start]
2026-04-20T14:35:09.418+0530: 792.325: [CMS-concurrent-preclean: 0.001/0.001 secs] [Times: user=0.00 sys=0.00, real=0.00 secs] 
2026-04-20T14:35:09.418+0530: 792.325: [CMS-concurrent-abortable-preclean-start]
2026-04-20T14:35:09.418+0530: 792.326: [CMS-concurrent-abortable-preclean: 0.000/0.000 secs] [Times: user=0.00 sys=0.00, real=0.00 secs] 
2026-04-20T14:35:09.418+0530: 792.326: [GC (CMS Final Remark) [YG occupancy: 248700 K (471808 K)]2026-04-20T14:35:09.418+0530: 792.326: [Rescan (parallel) , 0.0290955 secs]2026-04-20T14:35:09.448+0530: 792.355: [weak refs processing, 0.0000559 secs]2026-04-20T14:35:09.448+0530: 792.355: [class unloading, 0.0094576 secs]2026-04-20T14:35:09.457+0530: 792.365: [scrub symbol table, 0.0055133 secs]2026-04-20T14:35:09.463+0530: 792.370: [scrub string table, 0.0037296 secs][1 CMS-remark: 57K(64K)] 248758K(471872K), 0.0506718 secs] [Times: user=0.19 sys=0.03, real=0.05 secs] 
2026-04-20T14:35:09.469+0530: 792.377: Total time for which application threads were stopped: 0.0509359 seconds, Stopping threads took: 0.0000345 seconds
2026-04-20T14:35:09.469+0530: 792.377: [CMS-concurrent-sweep-start]
2026-04-20T14:35:09.469+0530: 792.377: [CMS-concurrent-sweep: 0.000/0.000 secs] [Times: user=0.00 sys=0.00, real=0.00 secs] 
2026-04-20T14:35:09.469+0530: 792.377: [CMS-concurrent-reset-start]
2026-04-20T14:35:09.469+0530: 792.377: [CMS-concurrent-reset: 0.000/0.000 secs] [Times: user=0.00 sys=0.00, real=0.00 secs] 
2026-04-20T14:35:19.470+0530: 802.378: [GC (CMS Initial Mark) [1 CMS-initial-mark: 57K(64K)] 248758K(471872K), 0.0290776 secs] [Times: user=0.12 sys=0.00, real=0.03 secs] 
2026-04-20T14:35:19.500+0530: 802.407: Total time for which application threads were stopped: 0.0296090 seconds, Stopping threads took: 0.0001315 seconds
2026-04-20T14:35:19.500+0530: 802.407: [CMS-concurrent-mark-start]
2026-04-20T14:35:19.500+0530: 802.408: [CMS-concurrent-mark: 0.000/0.000 secs] [Times: user=0.00 sys=0.00, real=0.00 secs] 
2026-04-20T14:35:19.500+0530: 802.408: [CMS-concurrent-preclean-start]
2026-04-20T14:35:19.501+0530: 802.409: [CMS-concurrent-preclean: 0.001/0.001 secs] [Times: user=0.00 sys=0.00, real=0.00 secs] 
2026-04-20T14:35:19.501+0530: 802.409: [CMS-concurrent-abortable-preclean-start]
2026-04-20T14:35:19.501+0530: 802.409: [CMS-concurrent-abortable-preclean: 0.000/0.000 secs] [Times: user=0.00 sys=0.00, real=0.00 secs] 
2026-04-20T14:35:19.501+0530: 802.409: [GC (CMS Final Remark) [YG occupancy: 248700 K (471808 K)]2026-04-20T14:35:19.501+0530: 802.409: [Rescan (parallel) , 0.0299756 secs]2026-04-20T14:35:19.532+0530: 802.439: [weak refs processing, 0.0000500 secs]2026-04-20T14:35:19.532+0530: 802.439: [class unloading, 0.0095044 secs]2026-04-20T14:35:19.541+0530: 802.449: [scrub symbol table, 0.0044770 secs]2026-04-20T14:35:19.545+0530: 802.453: [scrub string table, 0.0026790 secs][1 CMS-remark: 57K(64K)] 248758K(471872K), 0.0488713 secs] [Times: user=0.14 sys=0.03, real=0.05 secs] 
2026-04-20T14:35:19.551+0530: 802.458: Total time for which application threads were stopped: 0.0491684 seconds, Stopping threads took: 0.0000621 seconds
2026-04-20T14:35:19.551+0530: 802.458: [CMS-concurrent-sweep-start]
2026-04-20T14:35:19.551+0530: 802.458: [CMS-concurrent-sweep: 0.000/0.000 secs] [Times: user=0.00 sys=0.00, real=0.00 secs] 
2026-04-20T14:35:19.551+0530: 802.458: [CMS-concurrent-reset-start]
2026-04-20T14:35:19.551+0530: 802.458: [CMS-concurrent-reset: 0.000/0.000 secs] [Times: user=0.00 sys=0.00, real=0.00 secs] 
2026-04-20T14:35:24.606+0530: 807.514: Total time for which application threads were stopped: 0.0003723 seconds, Stopping threads took: 0.0000871 seconds
2026-04-20T14:35:29.559+0530: 812.467: [GC (CMS Initial Mark) [1 CMS-initial-mark: 57K(64K)] 248758K(471872K), 0.0297020 secs] [Times: user=0.11 sys=0.03, real=0.03 secs] 
2026-04-20T14:35:29.589+0530: 812.497: Total time for which application threads were stopped: 0.0302093 seconds, Stopping threads took: 0.0000989 seconds
2026-04-20T14:35:29.589+0530: 812.497: [CMS-concurrent-mark-start]
2026-04-20T14:35:29.590+0530: 812.497: [CMS-concurrent-mark: 0.000/0.000 secs] [Times: user=0.00 sys=0.00, real=0.00 secs] 
2026-04-20T14:35:29.590+0530: 812.497: [CMS-concurrent-preclean-start]
2026-04-20T14:35:29.590+0530: 812.498: [CMS-concurrent-preclean: 0.001/0.001 secs] [Times: user=0.00 sys=0.00, real=0.00 secs] 
2026-04-20T14:35:29.590+0530: 812.498: [CMS-concurrent-abortable-preclean-start]
2026-04-20T14:35:29.590+0530: 812.498: [CMS-concurrent-abortable-preclean: 0.000/0.000 secs] [Times: user=0.00 sys=0.00, real=0.00 secs] 
2026-04-20T14:35:29.590+0530: 812.499: [GC (CMS Final Remark) [YG occupancy: 248700 K (471808 K)]2026-04-20T14:35:29.590+0530: 812.499: [Rescan (parallel) , 0.0295776 secs]2026-04-20T14:35:29.621+0530: 812.528: [weak refs processing, 0.0000591 secs]2026-04-20T14:35:29.621+0530: 812.528: [class unloading, 0.0093183 secs]2026-04-20T14:35:29.630+0530: 812.538: [scrub symbol table, 0.0044723 secs]2026-04-20T14:35:29.635+0530: 812.542: [scrub string table, 0.0026815 secs][1 CMS-remark: 57K(64K)] 248758K(471872K), 0.0481684 secs] [Times: user=0.27 sys=0.00, real=0.05 secs] 
2026-04-20T14:35:29.639+0530: 812.547: Total time for which application threads were stopped: 0.0484426 seconds, Stopping threads took: 0.0000448 seconds
2026-04-20T14:35:29.640+0530: 812.547: [CMS-concurrent-sweep-start]
2026-04-20T14:35:29.640+0530: 812.547: [CMS-concurrent-sweep: 0.000/0.000 secs] [Times: user=0.00 sys=0.00, real=0.00 secs] 
2026-04-20T14:35:29.640+0530: 812.547: [CMS-concurrent-reset-start]
2026-04-20T14:35:29.640+0530: 812.547: [CMS-concurrent-reset: 0.000/0.000 secs] [Times: user=0.00 sys=0.00, real=0.00 secs] 
2026-04-20T14:35:39.648+0530: 822.556: [GC (CMS Initial Mark) [1 CMS-initial-mark: 57K(64K)] 248758K(471872K), 0.0314385 secs] [Times: user=0.12 sys=0.00, real=0.03 secs] 
2026-04-20T14:35:39.680+0530: 822.587: Total time for which application threads were stopped: 0.0317823 seconds, Stopping threads took: 0.0000563 seconds
2026-04-20T14:35:39.680+0530: 822.587: [CMS-concurrent-mark-start]
2026-04-20T14:35:39.680+0530: 822.587: [CMS-concurrent-mark: 0.000/0.000 secs] [Times: user=0.00 sys=0.00, real=0.00 secs] 
2026-04-20T14:35:39.680+0530: 822.588: [CMS-concurrent-preclean-start]
2026-04-20T14:35:39.680+0530: 822.588: [CMS-concurrent-preclean: 0.001/0.001 secs] [Times: user=0.00 sys=0.00, real=0.00 secs] 
2026-04-20T14:35:39.680+0530: 822.588: [CMS-concurrent-abortable-preclean-start]
2026-04-20T14:35:39.680+0530: 822.588: [CMS-concurrent-abortable-preclean: 0.000/0.000 secs] [Times: user=0.00 sys=0.00, real=0.00 secs] 
2026-04-20T14:35:39.681+0530: 822.589: [GC (CMS Final Remark) [YG occupancy: 248700 K (471808 K)]2026-04-20T14:35:39.681+0530: 822.589: [Rescan (parallel) , 0.0302173 secs]2026-04-20T14:35:39.712+0530: 822.619: [weak refs processing, 0.0000316 secs]2026-04-20T14:35:39.712+0530: 822.619: [class unloading, 0.0111484 secs]2026-04-20T14:35:39.723+0530: 822.630: [scrub symbol table, 0.0047877 secs]2026-04-20T14:35:39.728+0530: 822.635: [scrub string table, 0.0031111 secs][1 CMS-remark: 57K(64K)] 248758K(471872K), 0.0520265 secs] [Times: user=0.20 sys=0.03, real=0.05 secs] 
2026-04-20T14:35:39.733+0530: 822.641: Total time for which application threads were stopped: 0.0523155 seconds, Stopping threads took: 0.0000343 seconds
2026-04-20T14:35:39.733+0530: 822.641: [CMS-concurrent-sweep-start]
2026-04-20T14:35:39.733+0530: 822.641: [CMS-concurrent-sweep: 0.000/0.000 secs] [Times: user=0.00 sys=0.00, real=0.00 secs] 
2026-04-20T14:35:39.733+0530: 822.641: [CMS-concurrent-reset-start]
2026-04-20T14:35:39.733+0530: 822.641: [CMS-concurrent-reset: 0.000/0.000 secs] [Times: user=0.00 sys=0.00, real=0.00 secs] 
2026-04-20T14:35:49.747+0530: 832.655: [GC (CMS Initial Mark) [1 CMS-initial-mark: 57K(64K)] 249471K(471872K), 0.0295994 secs] [Times: user=0.12 sys=0.00, real=0.03 secs] 
2026-04-20T14:35:49.778+0530: 832.685: Total time for which application threads were stopped: 0.0300298 seconds, Stopping threads took: 0.0000825 seconds
2026-04-20T14:35:49.778+0530: 832.685: [CMS-concurrent-mark-start]
2026-04-20T14:35:49.778+0530: 832.685: [CMS-concurrent-mark: 0.000/0.000 secs] [Times: user=0.00 sys=0.00, real=0.00 secs] 
2026-04-20T14:35:49.778+0530: 832.685: [CMS-concurrent-preclean-start]
2026-04-20T14:35:49.779+0530: 832.686: [CMS-concurrent-preclean: 0.001/0.001 secs] [Times: user=0.00 sys=0.00, real=0.00 secs] 
2026-04-20T14:35:49.779+0530: 832.686: [CMS-concurrent-abortable-preclean-start]
2026-04-20T14:35:49.779+0530: 832.686: [CMS-concurrent-abortable-preclean: 0.000/0.000 secs] [Times: user=0.00 sys=0.00, real=0.00 secs] 
2026-04-20T14:35:49.780+0530: 832.687: [GC (CMS Final Remark) [YG occupancy: 249413 K (471808 K)]2026-04-20T14:35:49.780+0530: 832.687: [Rescan (parallel) , 0.0323052 secs]2026-04-20T14:35:49.812+0530: 832.719: [weak refs processing, 0.0000306 secs]2026-04-20T14:35:49.812+0530: 832.719: [class unloading, 0.0094517 secs]2026-04-20T14:35:49.822+0530: 832.729: [scrub symbol table, 0.0051825 secs]2026-04-20T14:35:49.827+0530: 832.734: [scrub string table, 0.0030375 secs][1 CMS-remark: 57K(64K)] 249471K(471872K), 0.0524607 secs] [Times: user=0.19 sys=0.02, real=0.05 secs] 
2026-04-20T14:35:49.831+0530: 832.739: Total time for which application threads were stopped: 0.0527438 seconds, Stopping threads took: 0.0000483 seconds
2026-04-20T14:35:49.832+0530: 832.740: [CMS-concurrent-sweep-start]
2026-04-20T14:35:49.832+0530: 832.740: [CMS-concurrent-sweep: 0.000/0.000 secs] [Times: user=0.00 sys=0.00, real=0.00 secs] 
2026-04-20T14:35:49.832+0530: 832.740: [CMS-concurrent-reset-start]
2026-04-20T14:35:49.832+0530: 832.740: [CMS-concurrent-reset: 0.000/0.000 secs] [Times: user=0.00 sys=0.00, real=0.00 secs] 
2026-04-20T14:35:59.840+0530: 842.747: [GC (CMS Initial Mark) [1 CMS-initial-mark: 57K(64K)] 250171K(471872K), 0.0301879 secs] [Times: user=0.12 sys=0.02, real=0.03 secs] 
2026-04-20T14:35:59.870+0530: 842.778: Total time for which application threads were stopped: 0.0307166 seconds, Stopping threads took: 0.0001317 seconds
2026-04-20T14:35:59.871+0530: 842.778: [CMS-concurrent-mark-start]
2026-04-20T14:35:59.871+0530: 842.778: [CMS-concurrent-mark: 0.000/0.000 secs] [Times: user=0.00 sys=0.00, real=0.00 secs] 
2026-04-20T14:35:59.871+0530: 842.778: [CMS-concurrent-preclean-start]
2026-04-20T14:35:59.871+0530: 842.779: [CMS-concurrent-preclean: 0.001/0.001 secs] [Times: user=0.00 sys=0.00, real=0.00 secs] 
2026-04-20T14:35:59.871+0530: 842.779: [CMS-concurrent-abortable-preclean-start]
2026-04-20T14:35:59.871+0530: 842.779: [CMS-concurrent-abortable-preclean: 0.000/0.000 secs] [Times: user=0.00 sys=0.00, real=0.00 secs] 
2026-04-20T14:35:59.871+0530: 842.779: [GC (CMS Final Remark) [YG occupancy: 250113 K (471808 K)]2026-04-20T14:35:59.872+0530: 842.779: [Rescan (parallel) , 0.0296107 secs]2026-04-20T14:35:59.902+0530: 842.809: [weak refs processing, 0.0000600 secs]2026-04-20T14:35:59.902+0530: 842.809: [class unloading, 0.0093401 secs]2026-04-20T14:35:59.911+0530: 842.819: [scrub symbol table, 0.0046399 secs]2026-04-20T14:35:59.916+0530: 842.823: [scrub string table, 0.0027221 secs][1 CMS-remark: 57K(64K)] 250171K(471872K), 0.0484778 secs] [Times: user=0.22 sys=0.03, real=0.05 secs] 
2026-04-20T14:35:59.921+0530: 842.828: Total time for which application threads were stopped: 0.0487260 seconds, Stopping threads took: 0.0000371 seconds
2026-04-20T14:35:59.921+0530: 842.828: [CMS-concurrent-sweep-start]
2026-04-20T14:35:59.921+0530: 842.828: [CMS-concurrent-sweep: 0.000/0.000 secs] [Times: user=0.00 sys=0.00, real=0.00 secs] 
2026-04-20T14:35:59.921+0530: 842.829: [CMS-concurrent-reset-start]
2026-04-20T14:35:59.921+0530: 842.829: [CMS-concurrent-reset: 0.000/0.000 secs] [Times: user=0.00 sys=0.00, real=0.00 secs] 
2026-04-20T14:36:01.946+0530: 844.853: Total time for which application threads were stopped: 0.0002621 seconds, Stopping threads took: 0.0000627 seconds
2026-04-20T14:36:09.932+0530: 852.840: [GC (CMS Initial Mark) [1 CMS-initial-mark: 57K(64K)] 251363K(471872K), 0.0291801 secs] [Times: user=0.11 sys=0.03, real=0.03 secs] 
2026-04-20T14:36:09.961+0530: 852.869: Total time for which application threads were stopped: 0.0297125 seconds, Stopping threads took: 0.0001063 seconds
2026-04-20T14:36:09.961+0530: 852.869: [CMS-concurrent-mark-start]
2026-04-20T14:36:09.962+0530: 852.870: [CMS-concurrent-mark: 0.000/0.000 secs] [Times: user=0.00 sys=0.00, real=0.00 secs] 
2026-04-20T14:36:09.962+0530: 852.870: [CMS-concurrent-preclean-start]
2026-04-20T14:36:09.962+0530: 852.870: [CMS-concurrent-preclean: 0.001/0.001 secs] [Times: user=0.00 sys=0.00, real=0.00 secs] 
2026-04-20T14:36:09.962+0530: 852.870: [CMS-concurrent-abortable-preclean-start]
2026-04-20T14:36:09.962+0530: 852.870: [CMS-concurrent-abortable-preclean: 0.000/0.000 secs] [Times: user=0.00 sys=0.00, real=0.00 secs] 
2026-04-20T14:36:09.964+0530: 852.871: [GC (CMS Final Remark) [YG occupancy: 251306 K (471808 K)]2026-04-20T14:36:09.964+0530: 852.871: [Rescan (parallel) , 0.0306106 secs]2026-04-20T14:36:09.994+0530: 852.902: [weak refs processing, 0.0000541 secs]2026-04-20T14:36:09.994+0530: 852.902: [class unloading, 0.0093332 secs]2026-04-20T14:36:10.003+0530: 852.911: [scrub symbol table, 0.0057760 secs]2026-04-20T14:36:10.009+0530: 852.917: [scrub string table, 0.0025542 secs][1 CMS-remark: 57K(64K)] 251363K(471872K), 0.0504206 secs] [Times: user=0.25 sys=0.00, real=0.05 secs] 
2026-04-20T14:36:10.014+0530: 852.921: Total time for which application threads were stopped: 0.0507079 seconds, Stopping threads took: 0.0000438 seconds
2026-04-20T14:36:10.014+0530: 852.922: [CMS-concurrent-sweep-start]
2026-04-20T14:36:10.014+0530: 852.922: [CMS-concurrent-sweep: 0.000/0.000 secs] [Times: user=0.00 sys=0.00, real=0.00 secs] 
2026-04-20T14:36:10.014+0530: 852.922: [CMS-concurrent-reset-start]
2026-04-20T14:36:10.014+0530: 852.922: [CMS-concurrent-reset: 0.000/0.000 secs] [Times: user=0.00 sys=0.00, real=0.00 secs] 
2026-04-20T14:36:12.038+0530: 854.946: Total time for which application threads were stopped: 0.0002911 seconds, Stopping threads took: 0.0000852 seconds
2026-04-20T14:36:20.018+0530: 862.925: [GC (CMS Initial Mark) [1 CMS-initial-mark: 57K(64K)] 251363K(471872K), 0.0268561 secs] [Times: user=0.09 sys=0.03, real=0.03 secs] 
2026-04-20T14:36:20.045+0530: 862.952: Total time for which application threads were stopped: 0.0272518 seconds, Stopping threads took: 0.0000486 seconds
2026-04-20T14:36:20.045+0530: 862.952: [CMS-concurrent-mark-start]
2026-04-20T14:36:20.045+0530: 862.953: [CMS-concurrent-mark: 0.000/0.000 secs] [Times: user=0.00 sys=0.00, real=0.00 secs] 
2026-04-20T14:36:20.045+0530: 862.953: [CMS-concurrent-preclean-start]
2026-04-20T14:36:20.046+0530: 862.954: [CMS-concurrent-preclean: 0.001/0.001 secs] [Times: user=0.00 sys=0.00, real=0.00 secs] 
2026-04-20T14:36:20.047+0530: 862.954: [CMS-concurrent-abortable-preclean-start]
2026-04-20T14:36:20.047+0530: 862.954: [CMS-concurrent-abortable-preclean: 0.000/0.000 secs] [Times: user=0.00 sys=0.00, real=0.00 secs] 
2026-04-20T14:36:20.047+0530: 862.954: [GC (CMS Final Remark) [YG occupancy: 251306 K (471808 K)]2026-04-20T14:36:20.047+0530: 862.954: [Rescan (parallel) , 0.0309406 secs]2026-04-20T14:36:20.078+0530: 862.985: [weak refs processing, 0.0000544 secs]2026-04-20T14:36:20.078+0530: 862.985: [class unloading, 0.0089934 secs]2026-04-20T14:36:20.087+0530: 862.994: [scrub symbol table, 0.0046355 secs]2026-04-20T14:36:20.091+0530: 862.999: [scrub string table, 0.0025511 secs][1 CMS-remark: 57K(64K)] 251363K(471872K), 0.0492604 secs] [Times: user=0.19 sys=0.05, real=0.05 secs] 
2026-04-20T14:36:20.096+0530: 863.003: Total time for which application threads were stopped: 0.0495426 seconds, Stopping threads took: 0.0000423 seconds
2026-04-20T14:36:20.096+0530: 863.004: [CMS-concurrent-sweep-start]
2026-04-20T14:36:20.096+0530: 863.004: [CMS-concurrent-sweep: 0.000/0.000 secs] [Times: user=0.00 sys=0.00, real=0.00 secs] 
2026-04-20T14:36:20.096+0530: 863.004: [CMS-concurrent-reset-start]
2026-04-20T14:36:20.096+0530: 863.004: [CMS-concurrent-reset: 0.000/0.000 secs] [Times: user=0.00 sys=0.00, real=0.00 secs] 
2026-04-20T14:36:25.129+0530: 868.036: Total time for which application threads were stopped: 0.0004281 seconds, Stopping threads took: 0.0001508 seconds
2026-04-20T14:36:26.130+0530: 869.038: Total time for which application threads were stopped: 0.0004445 seconds, Stopping threads took: 0.0000975 seconds
2026-04-20T14:36:30.108+0530: 873.016: [GC (CMS Initial Mark) [1 CMS-initial-mark: 57K(64K)] 251363K(471872K), 0.0274081 secs] [Times: user=0.14 sys=0.00, real=0.03 secs] 
2026-04-20T14:36:30.136+0530: 873.043: Total time for which application threads were stopped: 0.0277630 seconds, Stopping threads took: 0.0000603 seconds
2026-04-20T14:36:30.136+0530: 873.043: [CMS-concurrent-mark-start]
2026-04-20T14:36:30.136+0530: 873.044: [CMS-concurrent-mark: 0.000/0.000 secs] [Times: user=0.00 sys=0.00, real=0.00 secs] 
2026-04-20T14:36:30.136+0530: 873.044: [CMS-concurrent-preclean-start]
2026-04-20T14:36:30.137+0530: 873.044: [CMS-concurrent-preclean: 0.001/0.001 secs] [Times: user=0.00 sys=0.00, real=0.00 secs] 
2026-04-20T14:36:30.137+0530: 873.044: [CMS-concurrent-abortable-preclean-start]
2026-04-20T14:36:30.137+0530: 873.044: [CMS-concurrent-abortable-preclean: 0.000/0.000 secs] [Times: user=0.00 sys=0.00, real=0.00 secs] 
2026-04-20T14:36:30.138+0530: 873.045: [GC (CMS Final Remark) [YG occupancy: 251306 K (471808 K)]2026-04-20T14:36:30.138+0530: 873.045: [Rescan (parallel) , 0.0299855 secs]2026-04-20T14:36:30.168+0530: 873.075: [weak refs processing, 0.0000573 secs]2026-04-20T14:36:30.168+0530: 873.075: [class unloading, 0.0096189 secs]2026-04-20T14:36:30.177+0530: 873.085: [scrub symbol table, 0.0043557 secs]2026-04-20T14:36:30.181+0530: 873.089: [scrub string table, 0.0025015 secs][1 CMS-remark: 57K(64K)] 251363K(471872K), 0.0487498 secs] [Times: user=0.22 sys=0.02, real=0.05 secs] 
2026-04-20T14:36:30.187+0530: 873.094: Total time for which application threads were stopped: 0.0490474 seconds, Stopping threads took: 0.0000369 seconds
2026-04-20T14:36:30.187+0530: 873.094: [CMS-concurrent-sweep-start]
2026-04-20T14:36:30.187+0530: 873.094: [CMS-concurrent-sweep: 0.000/0.000 secs] [Times: user=0.00 sys=0.00, real=0.00 secs] 
2026-04-20T14:36:30.187+0530: 873.094: [CMS-concurrent-reset-start]
2026-04-20T14:36:30.187+0530: 873.094: [CMS-concurrent-reset: 0.000/0.000 secs] [Times: user=0.00 sys=0.00, real=0.00 secs] 
2026-04-20T14:36:32.201+0530: 875.108: Total time for which application threads were stopped: 0.0004634 seconds, Stopping threads took: 0.0001036 seconds
2026-04-20T14:36:40.201+0530: 883.108: [GC (CMS Initial Mark) [1 CMS-initial-mark: 57K(64K)] 251363K(471872K), 0.0295890 secs] [Times: user=0.12 sys=0.02, real=0.03 secs] 
2026-04-20T14:36:40.231+0530: 883.138: Total time for which application threads were stopped: 0.0301165 seconds, Stopping threads took: 0.0001032 seconds
2026-04-20T14:36:40.231+0530: 883.138: [CMS-concurrent-mark-start]
2026-04-20T14:36:40.231+0530: 883.139: [CMS-concurrent-mark: 0.000/0.000 secs] [Times: user=0.00 sys=0.00, real=0.00 secs] 
2026-04-20T14:36:40.231+0530: 883.139: [CMS-concurrent-preclean-start]
2026-04-20T14:36:40.232+0530: 883.139: [CMS-concurrent-preclean: 0.001/0.001 secs] [Times: user=0.00 sys=0.00, real=0.00 secs] 
2026-04-20T14:36:40.232+0530: 883.139: [CMS-concurrent-abortable-preclean-start]
2026-04-20T14:36:40.232+0530: 883.139: [CMS-concurrent-abortable-preclean: 0.000/0.000 secs] [Times: user=0.00 sys=0.00, real=0.00 secs] 
2026-04-20T14:36:40.232+0530: 883.140: [GC (CMS Final Remark) [YG occupancy: 251306 K (471808 K)]2026-04-20T14:36:40.232+0530: 883.140: [Rescan (parallel) , 0.0295301 secs]2026-04-20T14:36:40.262+0530: 883.169: [weak refs processing, 0.0000445 secs]2026-04-20T14:36:40.262+0530: 883.169: [class unloading, 0.0090553 secs]2026-04-20T14:36:40.271+0530: 883.178: [scrub symbol table, 0.0046545 secs]2026-04-20T14:36:40.275+0530: 883.183: [scrub string table, 0.0026761 secs][1 CMS-remark: 57K(64K)] 251363K(471872K), 0.0479610 secs] [Times: user=0.23 sys=0.03, real=0.05 secs] 
2026-04-20T14:36:40.281+0530: 883.188: Total time for which application threads were stopped: 0.0482267 seconds, Stopping threads took: 0.0000433 seconds
2026-04-20T14:36:40.281+0530: 883.188: [CMS-concurrent-sweep-start]
2026-04-20T14:36:40.281+0530: 883.188: [CMS-concurrent-sweep: 0.000/0.000 secs] [Times: user=0.00 sys=0.00, real=0.00 secs] 
2026-04-20T14:36:40.281+0530: 883.188: [CMS-concurrent-reset-start]
2026-04-20T14:36:40.281+0530: 883.188: [CMS-concurrent-reset: 0.000/0.000 secs] [Times: user=0.00 sys=0.00, real=0.00 secs] 
2026-04-20T14:36:41.281+0530: 884.189: Total time for which application threads were stopped: 0.0004043 seconds, Stopping threads took: 0.0001642 seconds
2026-04-20T14:36:42.291+0530: 885.199: Total time for which application threads were stopped: 0.0004941 seconds, Stopping threads took: 0.0001669 seconds
2026-04-20T14:36:50.287+0530: 893.194: [GC (CMS Initial Mark) [1 CMS-initial-mark: 57K(64K)] 251363K(471872K), 0.0299327 secs] [Times: user=0.14 sys=0.00, real=0.03 secs] 
2026-04-20T14:36:50.317+0530: 893.224: Total time for which application threads were stopped: 0.0303894 seconds, Stopping threads took: 0.0001165 seconds
2026-04-20T14:36:50.317+0530: 893.224: [CMS-concurrent-mark-start]
2026-04-20T14:36:50.318+0530: 893.225: [CMS-concurrent-mark: 0.000/0.000 secs] [Times: user=0.00 sys=0.00, real=0.00 secs] 
2026-04-20T14:36:50.318+0530: 893.225: [CMS-concurrent-preclean-start]
2026-04-20T14:36:50.318+0530: 893.225: [CMS-concurrent-preclean: 0.001/0.001 secs] [Times: user=0.00 sys=0.00, real=0.00 secs] 
2026-04-20T14:36:50.318+0530: 893.225: [CMS-concurrent-abortable-preclean-start]
2026-04-20T14:36:50.318+0530: 893.225: [CMS-concurrent-abortable-preclean: 0.000/0.000 secs] [Times: user=0.00 sys=0.00, real=0.00 secs] 
2026-04-20T14:36:50.319+0530: 893.226: [GC (CMS Final Remark) [YG occupancy: 251306 K (471808 K)]2026-04-20T14:36:50.319+0530: 893.226: [Rescan (parallel) , 0.0311936 secs]2026-04-20T14:36:50.349+0530: 893.257: [weak refs processing, 0.0000476 secs]2026-04-20T14:36:50.349+0530: 893.257: [class unloading, 0.0089348 secs]2026-04-20T14:36:50.358+0530: 893.266: [scrub symbol table, 0.0047410 secs]2026-04-20T14:36:50.363+0530: 893.271: [scrub string table, 0.0029730 secs][1 CMS-remark: 57K(64K)] 251363K(471872K), 0.0499317 secs] [Times: user=0.25 sys=0.00, real=0.05 secs] 
2026-04-20T14:36:50.368+0530: 893.276: Total time for which application threads were stopped: 0.0501951 seconds, Stopping threads took: 0.0000368 seconds
2026-04-20T14:36:50.369+0530: 893.276: [CMS-concurrent-sweep-start]
2026-04-20T14:36:50.369+0530: 893.276: [CMS-concurrent-sweep: 0.000/0.000 secs] [Times: user=0.00 sys=0.00, real=0.00 secs] 
2026-04-20T14:36:50.369+0530: 893.276: [CMS-concurrent-reset-start]
2026-04-20T14:36:50.369+0530: 893.276: [CMS-concurrent-reset: 0.000/0.000 secs] [Times: user=0.00 sys=0.00, real=0.00 secs] 
2026-04-20T14:36:52.386+0530: 895.294: Total time for which application threads were stopped: 0.0005028 seconds, Stopping threads took: 0.0001196 seconds
2026-04-20T14:37:00.375+0530: 903.282: [GC (CMS Initial Mark) [1 CMS-initial-mark: 57K(64K)] 251363K(471872K), 0.0269562 secs] [Times: user=0.06 sys=0.03, real=0.03 secs] 
2026-04-20T14:37:00.402+0530: 903.310: Total time for which application threads were stopped: 0.0272340 seconds, Stopping threads took: 0.0000496 seconds
2026-04-20T14:37:00.402+0530: 903.310: [CMS-concurrent-mark-start]
2026-04-20T14:37:00.402+0530: 903.310: [CMS-concurrent-mark: 0.000/0.000 secs] [Times: user=0.00 sys=0.00, real=0.00 secs] 
2026-04-20T14:37:00.402+0530: 903.310: [CMS-concurrent-preclean-start]
2026-04-20T14:37:00.403+0530: 903.311: [CMS-concurrent-preclean: 0.001/0.001 secs] [Times: user=0.00 sys=0.00, real=0.00 secs] 
2026-04-20T14:37:00.403+0530: 903.311: [CMS-concurrent-abortable-preclean-start]
2026-04-20T14:37:00.403+0530: 903.311: [CMS-concurrent-abortable-preclean: 0.000/0.000 secs] [Times: user=0.00 sys=0.00, real=0.00 secs] 
2026-04-20T14:37:00.404+0530: 903.311: [GC (CMS Final Remark) [YG occupancy: 251306 K (471808 K)]2026-04-20T14:37:00.404+0530: 903.311: [Rescan (parallel) , 0.0314018 secs]2026-04-20T14:37:00.435+0530: 903.343: [weak refs processing, 0.0000606 secs]2026-04-20T14:37:00.435+0530: 903.343: [class unloading, 0.0097950 secs]2026-04-20T14:37:00.445+0530: 903.353: [scrub symbol table, 0.0049479 secs]2026-04-20T14:37:00.450+0530: 903.358: [scrub string table, 0.0023991 secs][1 CMS-remark: 57K(64K)] 251363K(471872K), 0.0509959 secs] [Times: user=0.23 sys=0.03, real=0.05 secs] 
2026-04-20T14:37:00.455+0530: 903.362: Total time for which application threads were stopped: 0.0512828 seconds, Stopping threads took: 0.0000385 seconds
2026-04-20T14:37:00.455+0530: 903.362: [CMS-concurrent-sweep-start]
2026-04-20T14:37:00.455+0530: 903.363: [CMS-concurrent-sweep: 0.000/0.000 secs] [Times: user=0.00 sys=0.00, real=0.00 secs] 
2026-04-20T14:37:00.455+0530: 903.363: [CMS-concurrent-reset-start]
2026-04-20T14:37:00.455+0530: 903.363: [CMS-concurrent-reset: 0.000/0.000 secs] [Times: user=0.00 sys=0.00, real=0.00 secs] 
2026-04-20T14:37:01.470+0530: 904.378: Total time for which application threads were stopped: 0.0002058 seconds, Stopping threads took: 0.0000666 seconds
2026-04-20T14:37:02.485+0530: 905.393: Total time for which application threads were stopped: 0.0003762 seconds, Stopping threads took: 0.0001187 seconds
2026-04-20T14:37:10.460+0530: 913.368: [GC (CMS Initial Mark) [1 CMS-initial-mark: 57K(64K)] 252064K(471872K), 0.0289883 secs] [Times: user=0.11 sys=0.03, real=0.03 secs] 
2026-04-20T14:37:10.490+0530: 913.397: Total time for which application threads were stopped: 0.0294278 seconds, Stopping threads took: 0.0000909 seconds
2026-04-20T14:37:10.490+0530: 913.397: [CMS-concurrent-mark-start]
2026-04-20T14:37:10.491+0530: 913.398: [CMS-concurrent-mark: 0.000/0.000 secs] [Times: user=0.00 sys=0.00, real=0.00 secs] 
2026-04-20T14:37:10.491+0530: 913.398: [CMS-concurrent-preclean-start]
2026-04-20T14:37:10.491+0530: 913.399: [CMS-concurrent-preclean: 0.001/0.001 secs] [Times: user=0.00 sys=0.00, real=0.00 secs] 
2026-04-20T14:37:10.491+0530: 913.399: [CMS-concurrent-abortable-preclean-start]
2026-04-20T14:37:10.491+0530: 913.399: [CMS-concurrent-abortable-preclean: 0.000/0.000 secs] [Times: user=0.00 sys=0.00, real=0.00 secs] 
2026-04-20T14:37:10.492+0530: 913.399: [GC (CMS Final Remark) [YG occupancy: 252006 K (471808 K)]2026-04-20T14:37:10.492+0530: 913.399: [Rescan (parallel) , 0.0304519 secs]2026-04-20T14:37:10.522+0530: 913.430: [weak refs processing, 0.0000592 secs]2026-04-20T14:37:10.523+0530: 913.430: [class unloading, 0.0090562 secs]2026-04-20T14:37:10.531+0530: 913.439: [scrub symbol table, 0.0044322 secs]2026-04-20T14:37:10.536+0530: 913.443: [scrub string table, 0.0026859 secs][1 CMS-remark: 57K(64K)] 252064K(471872K), 0.0486879 secs] [Times: user=0.25 sys=0.02, real=0.05 secs] 
2026-04-20T14:37:10.540+0530: 913.448: Total time for which application threads were stopped: 0.0489433 seconds, Stopping threads took: 0.0000453 seconds
2026-04-20T14:37:10.541+0530: 913.448: [CMS-concurrent-sweep-start]
2026-04-20T14:37:10.541+0530: 913.448: [CMS-concurrent-sweep: 0.000/0.000 secs] [Times: user=0.00 sys=0.00, real=0.00 secs] 
2026-04-20T14:37:10.541+0530: 913.448: [CMS-concurrent-reset-start]
2026-04-20T14:37:10.541+0530: 913.448: [CMS-concurrent-reset: 0.000/0.000 secs] [Times: user=0.00 sys=0.00, real=0.00 secs] 
2026-04-20T14:37:12.556+0530: 915.463: Total time for which application threads were stopped: 0.0004792 seconds, Stopping threads took: 0.0001539 seconds
2026-04-20T14:37:20.555+0530: 923.462: [GC (CMS Initial Mark) [1 CMS-initial-mark: 57K(64K)] 252064K(471872K), 0.0280705 secs] [Times: user=0.12 sys=0.02, real=0.03 secs] 
2026-04-20T14:37:20.583+0530: 923.490: Total time for which application threads were stopped: 0.0285427 seconds, Stopping threads took: 0.0000966 seconds
2026-04-20T14:37:20.583+0530: 923.490: [CMS-concurrent-mark-start]
2026-04-20T14:37:20.583+0530: 923.491: [CMS-concurrent-mark: 0.000/0.000 secs] [Times: user=0.00 sys=0.00, real=0.00 secs] 
2026-04-20T14:37:20.583+0530: 923.491: [CMS-concurrent-preclean-start]
2026-04-20T14:37:20.584+0530: 923.492: [CMS-concurrent-preclean: 0.001/0.001 secs] [Times: user=0.00 sys=0.00, real=0.00 secs] 
2026-04-20T14:37:20.584+0530: 923.492: [CMS-concurrent-abortable-preclean-start]
2026-04-20T14:37:20.584+0530: 923.492: [CMS-concurrent-abortable-preclean: 0.000/0.000 secs] [Times: user=0.00 sys=0.00, real=0.00 secs] 
2026-04-20T14:37:20.585+0530: 923.492: [GC (CMS Final Remark) [YG occupancy: 252006 K (471808 K)]2026-04-20T14:37:20.585+0530: 923.492: [Rescan (parallel) , 0.0306252 secs]2026-04-20T14:37:20.615+0530: 923.523: [weak refs processing, 0.0000489 secs]2026-04-20T14:37:20.615+0530: 923.523: [class unloading, 0.0091727 secs]2026-04-20T14:37:20.625+0530: 923.532: [scrub symbol table, 0.0046220 secs]2026-04-20T14:37:20.629+0530: 923.537: [scrub string table, 0.0025902 secs][1 CMS-remark: 57K(64K)] 252064K(471872K), 0.0492179 secs] [Times: user=0.23 sys=0.02, real=0.05 secs] 
2026-04-20T14:37:20.634+0530: 923.541: Total time for which application threads were stopped: 0.0494675 seconds, Stopping threads took: 0.0000332 seconds
2026-04-20T14:37:20.634+0530: 923.542: [CMS-concurrent-sweep-start]
2026-04-20T14:37:20.634+0530: 923.542: [CMS-concurrent-sweep: 0.000/0.000 secs] [Times: user=0.00 sys=0.00, real=0.00 secs] 
2026-04-20T14:37:20.634+0530: 923.542: [CMS-concurrent-reset-start]
2026-04-20T14:37:20.634+0530: 923.542: [CMS-concurrent-reset: 0.000/0.000 secs] [Times: user=0.00 sys=0.00, real=0.00 secs] 
2026-04-20T14:37:30.648+0530: 933.555: [GC (CMS Initial Mark) [1 CMS-initial-mark: 57K(64K)] 252777K(471872K), 0.0291390 secs] [Times: user=0.12 sys=0.01, real=0.03 secs] 
2026-04-20T14:37:30.677+0530: 933.584: Total time for which application threads were stopped: 0.0296553 seconds, Stopping threads took: 0.0001039 seconds
2026-04-20T14:37:30.677+0530: 933.585: [CMS-concurrent-mark-start]
2026-04-20T14:37:30.678+0530: 933.585: [CMS-concurrent-mark: 0.000/0.000 secs] [Times: user=0.00 sys=0.00, real=0.00 secs] 
2026-04-20T14:37:30.678+0530: 933.585: [CMS-concurrent-preclean-start]
2026-04-20T14:37:30.679+0530: 933.586: [CMS-concurrent-preclean: 0.001/0.001 secs] [Times: user=0.00 sys=0.00, real=0.00 secs] 
2026-04-20T14:37:30.679+0530: 933.586: [CMS-concurrent-abortable-preclean-start]
2026-04-20T14:37:30.679+0530: 933.586: [CMS-concurrent-abortable-preclean: 0.000/0.000 secs] [Times: user=0.00 sys=0.00, real=0.00 secs] 
2026-04-20T14:37:30.679+0530: 933.586: [GC (CMS Final Remark) [YG occupancy: 252719 K (471808 K)]2026-04-20T14:37:30.679+0530: 933.586: [Rescan (parallel) , 0.0312771 secs]2026-04-20T14:37:30.710+0530: 933.618: [weak refs processing, 0.0000459 secs]2026-04-20T14:37:30.710+0530: 933.618: [class unloading, 0.0089670 secs]2026-04-20T14:37:30.719+0530: 933.627: [scrub symbol table, 0.0046821 secs]2026-04-20T14:37:30.724+0530: 933.631: [scrub string table, 0.0027477 secs][1 CMS-remark: 57K(64K)] 252777K(471872K), 0.0497323 secs] [Times: user=0.25 sys=0.02, real=0.05 secs] 
2026-04-20T14:37:30.728+0530: 933.636: Total time for which application threads were stopped: 0.0500574 seconds, Stopping threads took: 0.0000422 seconds
2026-04-20T14:37:30.729+0530: 933.636: [CMS-concurrent-sweep-start]
2026-04-20T14:37:30.729+0530: 933.636: [CMS-concurrent-sweep: 0.000/0.000 secs] [Times: user=0.00 sys=0.00, real=0.00 secs] 
2026-04-20T14:37:30.729+0530: 933.637: [CMS-concurrent-reset-start]
2026-04-20T14:37:30.729+0530: 933.637: [CMS-concurrent-reset: 0.000/0.000 secs] [Times: user=0.00 sys=0.00, real=0.00 secs] 
2026-04-20T14:37:39.825+0530: 942.733: Total time for which application threads were stopped: 0.0004230 seconds, Stopping threads took: 0.0002007 seconds
2026-04-20T14:37:40.735+0530: 943.642: [GC (CMS Initial Mark) [1 CMS-initial-mark: 57K(64K)] 264660K(471872K), 0.0323132 secs] [Times: user=0.12 sys=0.05, real=0.03 secs] 
2026-04-20T14:37:40.767+0530: 943.675: Total time for which application threads were stopped: 0.0329057 seconds, Stopping threads took: 0.0001511 seconds
2026-04-20T14:37:40.767+0530: 943.675: [CMS-concurrent-mark-start]
2026-04-20T14:37:40.768+0530: 943.675: [CMS-concurrent-mark: 0.000/0.000 secs] [Times: user=0.00 sys=0.00, real=0.00 secs] 
2026-04-20T14:37:40.768+0530: 943.675: [CMS-concurrent-preclean-start]
2026-04-20T14:37:40.769+0530: 943.676: [CMS-concurrent-preclean: 0.001/0.001 secs] [Times: user=0.00 sys=0.00, real=0.00 secs] 
2026-04-20T14:37:40.769+0530: 943.676: [CMS-concurrent-abortable-preclean-start]
2026-04-20T14:37:40.769+0530: 943.676: [CMS-concurrent-abortable-preclean: 0.000/0.000 secs] [Times: user=0.00 sys=0.00, real=0.00 secs] 
2026-04-20T14:37:40.769+0530: 943.677: [GC (CMS Final Remark) [YG occupancy: 264602 K (471808 K)]2026-04-20T14:37:40.769+0530: 943.677: [Rescan (parallel) , 0.0331197 secs]2026-04-20T14:37:40.803+0530: 943.710: [weak refs processing, 0.0000641 secs]2026-04-20T14:37:40.803+0530: 943.710: [class unloading, 0.0095177 secs]2026-04-20T14:37:40.812+0530: 943.720: [scrub symbol table, 0.0047220 secs]2026-04-20T14:37:40.817+0530: 943.724: [scrub string table, 0.0027165 secs][1 CMS-remark: 57K(64K)] 264660K(471872K), 0.0522154 secs] [Times: user=0.25 sys=0.02, real=0.05 secs] 
2026-04-20T14:37:40.822+0530: 943.729: Total time for which application threads were stopped: 0.0525263 seconds, Stopping threads took: 0.0000452 seconds
2026-04-20T14:37:40.822+0530: 943.729: [CMS-concurrent-sweep-start]
2026-04-20T14:37:40.822+0530: 943.729: [CMS-concurrent-sweep: 0.000/0.000 secs] [Times: user=0.00 sys=0.00, real=0.00 secs] 
2026-04-20T14:37:40.822+0530: 943.730: [CMS-concurrent-reset-start]
2026-04-20T14:37:40.822+0530: 943.730: [CMS-concurrent-reset: 0.000/0.000 secs] [Times: user=0.00 sys=0.00, real=0.00 secs] 
2026-04-20T14:37:50.828+0530: 953.736: [GC (CMS Initial Mark) [1 CMS-initial-mark: 57K(64K)] 264660K(471872K), 0.0323252 secs] [Times: user=0.24 sys=0.02, real=0.03 secs] 
2026-04-20T14:37:50.861+0530: 953.769: Total time for which application threads were stopped: 0.0327696 seconds, Stopping threads took: 0.0000942 seconds
2026-04-20T14:37:50.861+0530: 953.769: [CMS-concurrent-mark-start]
2026-04-20T14:37:50.862+0530: 953.769: [CMS-concurrent-mark: 0.000/0.000 secs] [Times: user=0.00 sys=0.00, real=0.00 secs] 
2026-04-20T14:37:50.862+0530: 953.769: [CMS-concurrent-preclean-start]
2026-04-20T14:37:50.862+0530: 953.770: [CMS-concurrent-preclean: 0.001/0.001 secs] [Times: user=0.00 sys=0.00, real=0.00 secs] 
2026-04-20T14:37:50.862+0530: 953.770: [CMS-concurrent-abortable-preclean-start]
2026-04-20T14:37:50.862+0530: 953.770: [CMS-concurrent-abortable-preclean: 0.000/0.000 secs] [Times: user=0.00 sys=0.00, real=0.00 secs] 
2026-04-20T14:37:50.863+0530: 953.770: [GC (CMS Final Remark) [YG occupancy: 264602 K (471808 K)]2026-04-20T14:37:50.863+0530: 953.770: [Rescan (parallel) , 0.0318469 secs]2026-04-20T14:37:50.895+0530: 953.802: [weak refs processing, 0.0000450 secs]2026-04-20T14:37:50.895+0530: 953.802: [class unloading, 0.0097178 secs]2026-04-20T14:37:50.905+0530: 953.812: [scrub symbol table, 0.0046500 secs]2026-04-20T14:37:50.909+0530: 953.817: [scrub string table, 0.0025036 secs][1 CMS-remark: 57K(64K)] 264660K(471872K), 0.0507758 secs] [Times: user=0.24 sys=0.03, real=0.05 secs] 
2026-04-20T14:37:50.913+0530: 953.821: Total time for which application threads were stopped: 0.0510516 seconds, Stopping threads took: 0.0000457 seconds
2026-04-20T14:37:50.914+0530: 953.821: [CMS-concurrent-sweep-start]
2026-04-20T14:37:50.914+0530: 953.821: [CMS-concurrent-sweep: 0.000/0.000 secs] [Times: user=0.00 sys=0.00, real=0.00 secs] 
2026-04-20T14:37:50.914+0530: 953.822: [CMS-concurrent-reset-start]
2026-04-20T14:37:50.914+0530: 953.822: [CMS-concurrent-reset: 0.000/0.000 secs] [Times: user=0.00 sys=0.00, real=0.00 secs] 
2026-04-20T14:37:52.930+0530: 955.837: Total time for which application threads were stopped: 0.0002198 seconds, Stopping threads took: 0.0000766 seconds
2026-04-20T14:37:58.962+0530: 961.870: Total time for which application threads were stopped: 0.0003695 seconds, Stopping threads took: 0.0001032 seconds
2026-04-20T14:37:59.975+0530: 962.883: Total time for which application threads were stopped: 0.0002809 seconds, Stopping threads took: 0.0000797 seconds
2026-04-20T14:38:00.924+0530: 963.831: [GC (CMS Initial Mark) [1 CMS-initial-mark: 57K(64K)] 264660K(471872K), 0.0314007 secs] [Times: user=0.12 sys=0.02, real=0.03 secs] 
2026-04-20T14:38:00.956+0530: 963.863: Total time for which application threads were stopped: 0.0319737 seconds, Stopping threads took: 0.0000915 seconds
2026-04-20T14:38:00.956+0530: 963.863: [CMS-concurrent-mark-start]
2026-04-20T14:38:00.956+0530: 963.863: [CMS-concurrent-mark: 0.000/0.000 secs] [Times: user=0.00 sys=0.00, real=0.00 secs] 
2026-04-20T14:38:00.956+0530: 963.863: [CMS-concurrent-preclean-start]
2026-04-20T14:38:00.957+0530: 963.864: [CMS-concurrent-preclean: 0.001/0.001 secs] [Times: user=0.00 sys=0.00, real=0.00 secs] 
2026-04-20T14:38:00.957+0530: 963.864: [CMS-concurrent-abortable-preclean-start]
2026-04-20T14:38:00.957+0530: 963.864: [CMS-concurrent-abortable-preclean: 0.000/0.000 secs] [Times: user=0.00 sys=0.00, real=0.00 secs] 
2026-04-20T14:38:00.957+0530: 963.865: [GC (CMS Final Remark) [YG occupancy: 264602 K (471808 K)]2026-04-20T14:38:00.957+0530: 963.865: [Rescan (parallel) , 0.0310881 secs]2026-04-20T14:38:00.988+0530: 963.896: [weak refs processing, 0.0000507 secs]2026-04-20T14:38:00.988+0530: 963.896: [class unloading, 0.0093697 secs]2026-04-20T14:38:00.998+0530: 963.905: [scrub symbol table, 0.0048175 secs]2026-04-20T14:38:01.003+0530: 963.910: [scrub string table, 0.0034707 secs][1 CMS-remark: 57K(64K)] 264660K(471872K), 0.0515249 secs] [Times: user=0.23 sys=0.03, real=0.05 secs] 
2026-04-20T14:38:01.009+0530: 963.916: Total time for which application threads were stopped: 0.0518083 seconds, Stopping threads took: 0.0000366 seconds
2026-04-20T14:38:01.009+0530: 963.916: [CMS-concurrent-sweep-start]
2026-04-20T14:38:01.009+0530: 963.917: [CMS-concurrent-sweep: 0.000/0.000 secs] [Times: user=0.00 sys=0.00, real=0.00 secs] 
2026-04-20T14:38:01.009+0530: 963.917: [CMS-concurrent-reset-start]
2026-04-20T14:38:01.009+0530: 963.917: [CMS-concurrent-reset: 0.000/0.000 secs] [Times: user=0.00 sys=0.00, real=0.00 secs] 
2026-04-20T14:38:02.014+0530: 964.922: Total time for which application threads were stopped: 0.0001935 seconds, Stopping threads took: 0.0000583 seconds
2026-04-20T14:38:11.017+0530: 973.924: [GC (CMS Initial Mark) [1 CMS-initial-mark: 57K(64K)] 265373K(471872K), 0.0314719 secs] [Times: user=0.09 sys=0.02, real=0.03 secs] 
2026-04-20T14:38:11.049+0530: 973.956: Total time for which application threads were stopped: 0.0320483 seconds, Stopping threads took: 0.0000767 seconds
2026-04-20T14:38:11.049+0530: 973.956: [CMS-concurrent-mark-start]
2026-04-20T14:38:11.049+0530: 973.957: [CMS-concurrent-mark: 0.000/0.000 secs] [Times: user=0.00 sys=0.00, real=0.00 secs] 
2026-04-20T14:38:11.049+0530: 973.957: [CMS-concurrent-preclean-start]
2026-04-20T14:38:11.050+0530: 973.958: [CMS-concurrent-preclean: 0.001/0.001 secs] [Times: user=0.00 sys=0.00, real=0.00 secs] 
2026-04-20T14:38:11.050+0530: 973.958: [CMS-concurrent-abortable-preclean-start]
2026-04-20T14:38:11.050+0530: 973.958: [CMS-concurrent-abortable-preclean: 0.000/0.000 secs] [Times: user=0.00 sys=0.00, real=0.00 secs] 
2026-04-20T14:38:11.051+0530: 973.958: [GC (CMS Final Remark) [YG occupancy: 265315 K (471808 K)]2026-04-20T14:38:11.051+0530: 973.958: [Rescan (parallel) , 0.0309706 secs]2026-04-20T14:38:11.082+0530: 973.989: [weak refs processing, 0.0000565 secs]2026-04-20T14:38:11.082+0530: 973.989: [class unloading, 0.0096496 secs]2026-04-20T14:38:11.091+0530: 973.999: [scrub symbol table, 0.0045793 secs]2026-04-20T14:38:11.096+0530: 974.003: [scrub string table, 0.0025086 secs][1 CMS-remark: 57K(64K)] 265373K(471872K), 0.0498531 secs] [Times: user=0.22 sys=0.03, real=0.05 secs] 
2026-04-20T14:38:11.100+0530: 974.008: Total time for which application threads were stopped: 0.0500870 seconds, Stopping threads took: 0.0000352 seconds
2026-04-20T14:38:11.100+0530: 974.008: [CMS-concurrent-sweep-start]
2026-04-20T14:38:11.100+0530: 974.008: [CMS-concurrent-sweep: 0.000/0.000 secs] [Times: user=0.00 sys=0.00, real=0.00 secs] 
2026-04-20T14:38:11.100+0530: 974.008: [CMS-concurrent-reset-start]
2026-04-20T14:38:11.100+0530: 974.008: [CMS-concurrent-reset: 0.000/0.000 secs] [Times: user=0.00 sys=0.00, real=0.00 secs] 
2026-04-20T14:38:21.108+0530: 984.015: [GC (CMS Initial Mark) [1 CMS-initial-mark: 57K(64K)] 266073K(471872K), 0.0290058 secs] [Times: user=0.20 sys=0.05, real=0.03 secs] 
2026-04-20T14:38:21.137+0530: 984.044: Total time for which application threads were stopped: 0.0293728 seconds, Stopping threads took: 0.0000551 seconds
2026-04-20T14:38:21.137+0530: 984.044: [CMS-concurrent-mark-start]
2026-04-20T14:38:21.137+0530: 984.044: [CMS-concurrent-mark: 0.000/0.000 secs] [Times: user=0.00 sys=0.00, real=0.00 secs] 
2026-04-20T14:38:21.137+0530: 984.044: [CMS-concurrent-preclean-start]
2026-04-20T14:38:21.138+0530: 984.045: [CMS-concurrent-preclean: 0.001/0.001 secs] [Times: user=0.00 sys=0.00, real=0.00 secs] 
2026-04-20T14:38:21.138+0530: 984.045: [CMS-concurrent-abortable-preclean-start]
2026-04-20T14:38:21.138+0530: 984.045: [CMS-concurrent-abortable-preclean: 0.000/0.000 secs] [Times: user=0.00 sys=0.00, real=0.00 secs] 
2026-04-20T14:38:21.138+0530: 984.046: [GC (CMS Final Remark) [YG occupancy: 266016 K (471808 K)]2026-04-20T14:38:21.138+0530: 984.046: [Rescan (parallel) , 0.0307651 secs]2026-04-20T14:38:21.169+0530: 984.077: [weak refs processing, 0.0000611 secs]2026-04-20T14:38:21.169+0530: 984.077: [class unloading, 0.0165833 secs]2026-04-20T14:38:21.186+0530: 984.093: [scrub symbol table, 0.0054028 secs]2026-04-20T14:38:21.191+0530: 984.099: [scrub string table, 0.0025944 secs][1 CMS-remark: 57K(64K)] 266073K(471872K), 0.0577413 secs] [Times: user=0.25 sys=0.02, real=0.06 secs] 
2026-04-20T14:38:21.196+0530: 984.103: Total time for which application threads were stopped: 0.0580481 seconds, Stopping threads took: 0.0000642 seconds
2026-04-20T14:38:21.197+0530: 984.104: [CMS-concurrent-sweep-start]
2026-04-20T14:38:21.197+0530: 984.104: [CMS-concurrent-sweep: 0.000/0.000 secs] [Times: user=0.00 sys=0.00, real=0.00 secs] 
2026-04-20T14:38:21.197+0530: 984.104: [CMS-concurrent-reset-start]
2026-04-20T14:38:21.197+0530: 984.104: [CMS-concurrent-reset: 0.000/0.000 secs] [Times: user=0.00 sys=0.00, real=0.00 secs] 
2026-04-20T14:38:22.204+0530: 985.111: Total time for which application threads were stopped: 0.0005505 seconds, Stopping threads took: 0.0001768 seconds
2026-04-20T14:38:31.201+0530: 994.109: [GC (CMS Initial Mark) [1 CMS-initial-mark: 57K(64K)] 266073K(471872K), 0.0308763 secs] [Times: user=0.23 sys=0.01, real=0.03 secs] 
2026-04-20T14:38:31.233+0530: 994.140: Total time for which application threads were stopped: 0.0313582 seconds, Stopping threads took: 0.0001026 seconds
2026-04-20T14:38:31.233+0530: 994.140: [CMS-concurrent-mark-start]
2026-04-20T14:38:31.233+0530: 994.141: [CMS-concurrent-mark: 0.000/0.000 secs] [Times: user=0.00 sys=0.00, real=0.00 secs] 
2026-04-20T14:38:31.233+0530: 994.141: [CMS-concurrent-preclean-start]
2026-04-20T14:38:31.233+0530: 994.141: [CMS-concurrent-preclean: 0.001/0.001 secs] [Times: user=0.00 sys=0.00, real=0.00 secs] 
2026-04-20T14:38:31.233+0530: 994.141: [CMS-concurrent-abortable-preclean-start]
2026-04-20T14:38:31.233+0530: 994.141: [CMS-concurrent-abortable-preclean: 0.000/0.000 secs] [Times: user=0.00 sys=0.00, real=0.00 secs] 
2026-04-20T14:38:31.235+0530: 994.142: [GC (CMS Final Remark) [YG occupancy: 266016 K (471808 K)]2026-04-20T14:38:31.235+0530: 994.142: [Rescan (parallel) , 0.0316948 secs]2026-04-20T14:38:31.266+0530: 994.173: [weak refs processing, 0.0000618 secs]2026-04-20T14:38:31.266+0530: 994.174: [class unloading, 0.0093583 secs]2026-04-20T14:38:31.275+0530: 994.183: [scrub symbol table, 0.0047568 secs]2026-04-20T14:38:31.280+0530: 994.188: [scrub string table, 0.0025868 secs][1 CMS-remark: 57K(64K)] 266073K(471872K), 0.0505250 secs] [Times: user=0.25 sys=0.03, real=0.05 secs] 
2026-04-20T14:38:31.285+0530: 994.192: Total time for which application threads were stopped: 0.0507739 seconds, Stopping threads took: 0.0000391 seconds
2026-04-20T14:38:31.285+0530: 994.193: [CMS-concurrent-sweep-start]
2026-04-20T14:38:31.285+0530: 994.193: [CMS-concurrent-sweep: 0.000/0.000 secs] [Times: user=0.00 sys=0.00, real=0.00 secs] 
2026-04-20T14:38:31.285+0530: 994.193: [CMS-concurrent-reset-start]
2026-04-20T14:38:31.285+0530: 994.193: [CMS-concurrent-reset: 0.000/0.000 secs] [Times: user=0.00 sys=0.00, real=0.00 secs] 
2026-04-20T14:38:41.285+0530: 1004.193: [GC (CMS Initial Mark) [1 CMS-initial-mark: 57K(64K)] 266073K(471872K), 0.0353698 secs] [Times: user=0.12 sys=0.00, real=0.04 secs] 
2026-04-20T14:38:41.321+0530: 1004.229: Total time for which application threads were stopped: 0.0358972 seconds, Stopping threads took: 0.0001129 seconds
2026-04-20T14:38:41.322+0530: 1004.229: [CMS-concurrent-mark-start]
2026-04-20T14:38:41.322+0530: 1004.229: [CMS-concurrent-mark: 0.000/0.000 secs] [Times: user=0.00 sys=0.00, real=0.00 secs] 
2026-04-20T14:38:41.322+0530: 1004.229: [CMS-concurrent-preclean-start]
2026-04-20T14:38:41.323+0530: 1004.230: [CMS-concurrent-preclean: 0.001/0.001 secs] [Times: user=0.00 sys=0.00, real=0.00 secs] 
2026-04-20T14:38:41.323+0530: 1004.230: [CMS-concurrent-abortable-preclean-start]
2026-04-20T14:38:41.323+0530: 1004.230: [CMS-concurrent-abortable-preclean: 0.000/0.000 secs] [Times: user=0.00 sys=0.00, real=0.00 secs] 
2026-04-20T14:38:41.323+0530: 1004.231: [GC (CMS Final Remark) [YG occupancy: 266016 K (471808 K)]2026-04-20T14:38:41.323+0530: 1004.231: [Rescan (parallel) , 0.0332798 secs]2026-04-20T14:38:41.357+0530: 1004.264: [weak refs processing, 0.0000560 secs]2026-04-20T14:38:41.357+0530: 1004.264: [class unloading, 0.0113824 secs]2026-04-20T14:38:41.368+0530: 1004.275: [scrub symbol table, 0.0065103 secs]2026-04-20T14:38:41.375+0530: 1004.282: [scrub string table, 0.0039761 secs][1 CMS-remark: 57K(64K)] 266073K(471872K), 0.0581770 secs] [Times: user=0.25 sys=0.03, real=0.06 secs] 
2026-04-20T14:38:41.381+0530: 1004.289: Total time for which application threads were stopped: 0.0584801 seconds, Stopping threads took: 0.0000456 seconds
2026-04-20T14:38:41.382+0530: 1004.289: [CMS-concurrent-sweep-start]
2026-04-20T14:38:41.382+0530: 1004.289: [CMS-concurrent-sweep: 0.000/0.000 secs] [Times: user=0.00 sys=0.00, real=0.00 secs] 
2026-04-20T14:38:41.382+0530: 1004.289: [CMS-concurrent-reset-start]
2026-04-20T14:38:41.382+0530: 1004.289: [CMS-concurrent-reset: 0.000/0.000 secs] [Times: user=0.00 sys=0.00, real=0.00 secs] 
2026-04-20T14:38:51.393+0530: 1014.301: [GC (CMS Initial Mark) [1 CMS-initial-mark: 57K(64K)] 266073K(471872K), 0.0304421 secs] [Times: user=0.11 sys=0.03, real=0.03 secs] 
2026-04-20T14:38:51.424+0530: 1014.331: Total time for which application threads were stopped: 0.0309559 seconds, Stopping threads took: 0.0001353 seconds
2026-04-20T14:38:51.424+0530: 1014.331: [CMS-concurrent-mark-start]
2026-04-20T14:38:51.424+0530: 1014.332: [CMS-concurrent-mark: 0.000/0.000 secs] [Times: user=0.00 sys=0.00, real=0.00 secs] 
2026-04-20T14:38:51.424+0530: 1014.332: [CMS-concurrent-preclean-start]
2026-04-20T14:38:51.425+0530: 1014.332: [CMS-concurrent-preclean: 0.001/0.001 secs] [Times: user=0.00 sys=0.00, real=0.00 secs] 
2026-04-20T14:38:51.425+0530: 1014.333: [CMS-concurrent-abortable-preclean-start]
2026-04-20T14:38:51.425+0530: 1014.333: [CMS-concurrent-abortable-preclean: 0.000/0.000 secs] [Times: user=0.00 sys=0.00, real=0.00 secs] 
2026-04-20T14:38:51.425+0530: 1014.333: [GC (CMS Final Remark) [YG occupancy: 266016 K (471808 K)]2026-04-20T14:38:51.425+0530: 1014.333: [Rescan (parallel) , 0.0309398 secs]2026-04-20T14:38:51.457+0530: 1014.364: [weak refs processing, 0.0000560 secs]2026-04-20T14:38:51.457+0530: 1014.364: [class unloading, 0.0101664 secs]2026-04-20T14:38:51.467+0530: 1014.374: [scrub symbol table, 0.0054841 secs]2026-04-20T14:38:51.472+0530: 1014.380: [scrub string table, 0.0043130 secs][1 CMS-remark: 57K(64K)] 266073K(471872K), 0.0532605 secs] [Times: user=0.19 sys=0.03, real=0.05 secs] 
2026-04-20T14:38:51.479+0530: 1014.386: Total time for which application threads were stopped: 0.0536339 seconds, Stopping threads took: 0.0000551 seconds
2026-04-20T14:38:51.479+0530: 1014.387: [CMS-concurrent-sweep-start]
2026-04-20T14:38:51.480+0530: 1014.387: [CMS-concurrent-sweep: 0.000/0.000 secs] [Times: user=0.00 sys=0.00, real=0.00 secs] 
2026-04-20T14:38:51.480+0530: 1014.387: [CMS-concurrent-reset-start]
2026-04-20T14:38:51.480+0530: 1014.387: [CMS-concurrent-reset: 0.000/0.000 secs] [Times: user=0.00 sys=0.00, real=0.00 secs] 
2026-04-20T14:38:52.485+0530: 1015.392: Total time for which application threads were stopped: 0.0002589 seconds, Stopping threads took: 0.0000854 seconds
2026-04-20T14:38:54.503+0530: 1017.410: Total time for which application threads were stopped: 0.0003667 seconds, Stopping threads took: 0.0001083 seconds
2026-04-20T14:39:01.493+0530: 1024.400: [GC (CMS Initial Mark) [1 CMS-initial-mark: 57K(64K)] 266772K(471872K), 0.0329872 secs] [Times: user=0.14 sys=0.00, real=0.03 secs] 
2026-04-20T14:39:01.525+0530: 1024.433: Total time for which application threads were stopped: 0.0334658 seconds, Stopping threads took: 0.0001030 seconds
2026-04-20T14:39:01.526+0530: 1024.433: [CMS-concurrent-mark-start]
2026-04-20T14:39:01.526+0530: 1024.433: [CMS-concurrent-mark: 0.000/0.000 secs] [Times: user=0.00 sys=0.00, real=0.00 secs] 
2026-04-20T14:39:01.526+0530: 1024.434: [CMS-concurrent-preclean-start]
2026-04-20T14:39:01.527+0530: 1024.434: [CMS-concurrent-preclean: 0.001/0.001 secs] [Times: user=0.00 sys=0.00, real=0.00 secs] 
2026-04-20T14:39:01.527+0530: 1024.434: [CMS-concurrent-abortable-preclean-start]
2026-04-20T14:39:01.527+0530: 1024.434: [CMS-concurrent-abortable-preclean: 0.000/0.000 secs] [Times: user=0.00 sys=0.00, real=0.00 secs] 
2026-04-20T14:39:01.527+0530: 1024.435: [GC (CMS Final Remark) [YG occupancy: 266715 K (471808 K)]2026-04-20T14:39:01.527+0530: 1024.435: [Rescan (parallel) , 0.0315679 secs]2026-04-20T14:39:01.559+0530: 1024.466: [weak refs processing, 0.0000596 secs]2026-04-20T14:39:01.559+0530: 1024.466: [class unloading, 0.0128563 secs]2026-04-20T14:39:01.572+0530: 1024.479: [scrub symbol table, 0.0058250 secs]2026-04-20T14:39:01.578+0530: 1024.485: [scrub string table, 0.0025997 secs][1 CMS-remark: 57K(64K)] 266772K(471872K), 0.0550997 secs] [Times: user=0.27 sys=0.00, real=0.06 secs] 
2026-04-20T14:39:01.583+0530: 1024.490: Total time for which application threads were stopped: 0.0553654 seconds, Stopping threads took: 0.0000371 seconds
2026-04-20T14:39:01.583+0530: 1024.490: [CMS-concurrent-sweep-start]
2026-04-20T14:39:01.583+0530: 1024.490: [CMS-concurrent-sweep: 0.000/0.000 secs] [Times: user=0.00 sys=0.00, real=0.00 secs] 
2026-04-20T14:39:01.583+0530: 1024.490: [CMS-concurrent-reset-start]
2026-04-20T14:39:01.583+0530: 1024.490: [CMS-concurrent-reset: 0.000/0.000 secs] [Times: user=0.00 sys=0.00, real=0.00 secs] 
2026-04-20T14:39:11.583+0530: 1034.491: [GC (CMS Initial Mark) [1 CMS-initial-mark: 57K(64K)] 266772K(471872K), 0.0295542 secs] [Times: user=0.14 sys=0.00, real=0.03 secs] 
2026-04-20T14:39:11.613+0530: 1034.520: Total time for which application threads were stopped: 0.0300265 seconds, Stopping threads took: 0.0001194 seconds
2026-04-20T14:39:11.613+0530: 1034.520: [CMS-concurrent-mark-start]
2026-04-20T14:39:11.613+0530: 1034.521: [CMS-concurrent-mark: 0.000/0.000 secs] [Times: user=0.00 sys=0.00, real=0.00 secs] 
2026-04-20T14:39:11.613+0530: 1034.521: [CMS-concurrent-preclean-start]
2026-04-20T14:39:11.614+0530: 1034.521: [CMS-concurrent-preclean: 0.001/0.001 secs] [Times: user=0.00 sys=0.00, real=0.00 secs] 
2026-04-20T14:39:11.614+0530: 1034.521: [CMS-concurrent-abortable-preclean-start]
2026-04-20T14:39:11.614+0530: 1034.521: [CMS-concurrent-abortable-preclean: 0.000/0.000 secs] [Times: user=0.00 sys=0.00, real=0.00 secs] 
2026-04-20T14:39:11.614+0530: 1034.522: [GC (CMS Final Remark) [YG occupancy: 266715 K (471808 K)]2026-04-20T14:39:11.614+0530: 1034.522: [Rescan (parallel) , 0.0318173 secs]2026-04-20T14:39:11.647+0530: 1034.554: [weak refs processing, 0.0000556 secs]2026-04-20T14:39:11.647+0530: 1034.554: [class unloading, 0.0110063 secs]2026-04-20T14:39:11.657+0530: 1034.565: [scrub symbol table, 0.0053478 secs]2026-04-20T14:39:11.662+0530: 1034.570: [scrub string table, 0.0033583 secs][1 CMS-remark: 57K(64K)] 266772K(471872K), 0.0538187 secs] [Times: user=0.23 sys=0.03, real=0.05 secs] 
2026-04-20T14:39:11.668+0530: 1034.576: Total time for which application threads were stopped: 0.0541178 seconds, Stopping threads took: 0.0000427 seconds
2026-04-20T14:39:11.669+0530: 1034.576: [CMS-concurrent-sweep-start]
2026-04-20T14:39:11.669+0530: 1034.576: [CMS-concurrent-sweep: 0.000/0.000 secs] [Times: user=0.00 sys=0.00, real=0.00 secs] 
2026-04-20T14:39:11.669+0530: 1034.576: [CMS-concurrent-reset-start]
2026-04-20T14:39:11.669+0530: 1034.576: [CMS-concurrent-reset: 0.000/0.000 secs] [Times: user=0.00 sys=0.00, real=0.00 secs] 
2026-04-20T14:39:21.683+0530: 1044.591: [GC (CMS Initial Mark) [1 CMS-initial-mark: 57K(64K)] 267485K(471872K), 0.0314098 secs] [Times: user=0.23 sys=0.02, real=0.03 secs] 
2026-04-20T14:39:21.716+0530: 1044.623: Total time for which application threads were stopped: 0.0318750 seconds, Stopping threads took: 0.0000958 seconds
2026-04-20T14:39:21.716+0530: 1044.623: [CMS-concurrent-mark-start]
2026-04-20T14:39:21.716+0530: 1044.623: [CMS-concurrent-mark: 0.000/0.000 secs] [Times: user=0.00 sys=0.00, real=0.00 secs] 
2026-04-20T14:39:21.716+0530: 1044.623: [CMS-concurrent-preclean-start]
2026-04-20T14:39:21.716+0530: 1044.624: [CMS-concurrent-preclean: 0.001/0.001 secs] [Times: user=0.00 sys=0.00, real=0.00 secs] 
2026-04-20T14:39:21.716+0530: 1044.624: [CMS-concurrent-abortable-preclean-start]
2026-04-20T14:39:21.716+0530: 1044.624: [CMS-concurrent-abortable-preclean: 0.000/0.000 secs] [Times: user=0.00 sys=0.00, real=0.00 secs] 
2026-04-20T14:39:21.716+0530: 1044.624: [GC (CMS Final Remark) [YG occupancy: 267428 K (471808 K)]2026-04-20T14:39:21.716+0530: 1044.624: [Rescan (parallel) , 0.0309736 secs]2026-04-20T14:39:21.748+0530: 1044.655: [weak refs processing, 0.0000433 secs]2026-04-20T14:39:21.748+0530: 1044.655: [class unloading, 0.0089915 secs]2026-04-20T14:39:21.757+0530: 1044.665: [scrub symbol table, 0.0045559 secs]2026-04-20T14:39:21.762+0530: 1044.669: [scrub string table, 0.0025283 secs][1 CMS-remark: 57K(64K)] 267485K(471872K), 0.0491271 secs] [Times: user=0.25 sys=0.01, real=0.05 secs] 
2026-04-20T14:39:21.766+0530: 1044.674: Total time for which application threads were stopped: 0.0493728 seconds, Stopping threads took: 0.0000364 seconds
2026-04-20T14:39:21.766+0530: 1044.674: [CMS-concurrent-sweep-start]
2026-04-20T14:39:21.766+0530: 1044.674: [CMS-concurrent-sweep: 0.000/0.000 secs] [Times: user=0.00 sys=0.00, real=0.00 secs] 
2026-04-20T14:39:21.766+0530: 1044.674: [CMS-concurrent-reset-start]
2026-04-20T14:39:21.766+0530: 1044.674: [CMS-concurrent-reset: 0.000/0.000 secs] [Times: user=0.00 sys=0.00, real=0.00 secs] 
2026-04-20T14:39:22.776+0530: 1045.683: Total time for which application threads were stopped: 0.0004805 seconds, Stopping threads took: 0.0001229 seconds
2026-04-20T14:39:23.778+0530: 1046.686: Total time for which application threads were stopped: 0.0002502 seconds, Stopping threads took: 0.0000485 seconds
2026-04-20T14:39:25.805+0530: 1048.712: Total time for which application threads were stopped: 0.0003477 seconds, Stopping threads took: 0.0001011 seconds
2026-04-20T14:39:26.808+0530: 1049.715: Total time for which application threads were stopped: 0.0002397 seconds, Stopping threads took: 0.0000700 seconds
2026-04-20T14:39:31.777+0530: 1054.685: [GC (CMS Initial Mark) [1 CMS-initial-mark: 57K(64K)] 268186K(471872K), 0.0302960 secs] [Times: user=0.23 sys=0.02, real=0.03 secs] 
2026-04-20T14:39:31.809+0530: 1054.716: Total time for which application threads were stopped: 0.0308577 seconds, Stopping threads took: 0.0001189 seconds
2026-04-20T14:39:31.809+0530: 1054.716: [CMS-concurrent-mark-start]
2026-04-20T14:39:31.809+0530: 1054.716: [CMS-concurrent-mark: 0.000/0.000 secs] [Times: user=0.00 sys=0.00, real=0.00 secs] 
2026-04-20T14:39:31.809+0530: 1054.716: [CMS-concurrent-preclean-start]
2026-04-20T14:39:31.810+0530: 1054.717: [CMS-concurrent-preclean: 0.001/0.001 secs] [Times: user=0.00 sys=0.00, real=0.00 secs] 
2026-04-20T14:39:31.810+0530: 1054.717: [CMS-concurrent-abortable-preclean-start]
2026-04-20T14:39:31.810+0530: 1054.717: [CMS-concurrent-abortable-preclean: 0.000/0.000 secs] [Times: user=0.00 sys=0.00, real=0.00 secs] 
2026-04-20T14:39:31.810+0530: 1054.717: [GC (CMS Final Remark) [YG occupancy: 268128 K (471808 K)]2026-04-20T14:39:31.810+0530: 1054.717: [Rescan (parallel) , 0.0322865 secs]2026-04-20T14:39:31.842+0530: 1054.750: [weak refs processing, 0.0000638 secs]2026-04-20T14:39:31.842+0530: 1054.750: [class unloading, 0.0093458 secs]2026-04-20T14:39:31.852+0530: 1054.759: [scrub symbol table, 0.0046366 secs]2026-04-20T14:39:31.856+0530: 1054.764: [scrub string table, 0.0025122 secs][1 CMS-remark: 57K(64K)] 268186K(471872K), 0.0508798 secs] [Times: user=0.25 sys=0.02, real=0.05 secs] 
2026-04-20T14:39:31.861+0530: 1054.768: Total time for which application threads were stopped: 0.0511240 seconds, Stopping threads took: 0.0000358 seconds
2026-04-20T14:39:31.861+0530: 1054.769: [CMS-concurrent-sweep-start]
2026-04-20T14:39:31.861+0530: 1054.769: [CMS-concurrent-sweep: 0.000/0.000 secs] [Times: user=0.00 sys=0.00, real=0.00 secs] 
2026-04-20T14:39:31.861+0530: 1054.769: [CMS-concurrent-reset-start]
2026-04-20T14:39:31.861+0530: 1054.769: [CMS-concurrent-reset: 0.000/0.000 secs] [Times: user=0.00 sys=0.00, real=0.00 secs] 
2026-04-20T14:39:34.890+0530: 1057.797: Total time for which application threads were stopped: 0.0003695 seconds, Stopping threads took: 0.0000995 seconds
2026-04-20T14:39:35.890+0530: 1058.798: Total time for which application threads were stopped: 0.0003719 seconds, Stopping threads took: 0.0001071 seconds
2026-04-20T14:39:41.873+0530: 1064.780: [GC (CMS Initial Mark) [1 CMS-initial-mark: 57K(64K)] 268186K(471872K), 0.0327814 secs] [Times: user=0.25 sys=0.00, real=0.03 secs] 
2026-04-20T14:39:41.905+0530: 1064.813: Total time for which application threads were stopped: 0.0331632 seconds, Stopping threads took: 0.0000722 seconds
2026-04-20T14:39:41.906+0530: 1064.813: [CMS-concurrent-mark-start]
2026-04-20T14:39:41.906+0530: 1064.814: [CMS-concurrent-mark: 0.000/0.000 secs] [Times: user=0.00 sys=0.00, real=0.00 secs] 
2026-04-20T14:39:41.906+0530: 1064.814: [CMS-concurrent-preclean-start]
2026-04-20T14:39:41.907+0530: 1064.815: [CMS-concurrent-preclean: 0.001/0.001 secs] [Times: user=0.00 sys=0.00, real=0.00 secs] 
2026-04-20T14:39:41.907+0530: 1064.815: [CMS-concurrent-abortable-preclean-start]
2026-04-20T14:39:41.907+0530: 1064.815: [CMS-concurrent-abortable-preclean: 0.000/0.000 secs] [Times: user=0.00 sys=0.00, real=0.00 secs] 
2026-04-20T14:39:41.907+0530: 1064.815: [GC (CMS Final Remark) [YG occupancy: 268128 K (471808 K)]2026-04-20T14:39:41.907+0530: 1064.815: [Rescan (parallel) , 0.0326888 secs]2026-04-20T14:39:41.940+0530: 1064.848: [weak refs processing, 0.0000544 secs]2026-04-20T14:39:41.940+0530: 1064.848: [class unloading, 0.0102456 secs]2026-04-20T14:39:41.950+0530: 1064.858: [scrub symbol table, 0.0045120 secs]2026-04-20T14:39:41.955+0530: 1064.863: [scrub string table, 0.0026528 secs][1 CMS-remark: 57K(64K)] 268186K(471872K), 0.0523339 secs] [Times: user=0.31 sys=0.03, real=0.05 secs] 
2026-04-20T14:39:41.960+0530: 1064.867: Total time for which application threads were stopped: 0.0525840 seconds, Stopping threads took: 0.0000374 seconds
2026-04-20T14:39:41.960+0530: 1064.868: [CMS-concurrent-sweep-start]
2026-04-20T14:39:41.961+0530: 1064.868: [CMS-concurrent-sweep: 0.000/0.000 secs] [Times: user=0.00 sys=0.00, real=0.00 secs] 
2026-04-20T14:39:41.961+0530: 1064.868: [CMS-concurrent-reset-start]
2026-04-20T14:39:41.961+0530: 1064.868: [CMS-concurrent-reset: 0.000/0.000 secs] [Times: user=0.00 sys=0.00, real=0.00 secs] 
2026-04-20T14:39:51.967+0530: 1074.875: [GC (CMS Initial Mark) [1 CMS-initial-mark: 57K(64K)] 268186K(471872K), 0.0307131 secs] [Times: user=0.23 sys=0.02, real=0.03 secs] 
2026-04-20T14:39:51.998+0530: 1074.906: Total time for which application threads were stopped: 0.0310311 seconds, Stopping threads took: 0.0000512 seconds
2026-04-20T14:39:51.998+0530: 1074.906: [CMS-concurrent-mark-start]
2026-04-20T14:39:51.998+0530: 1074.906: [CMS-concurrent-mark: 0.000/0.000 secs] [Times: user=0.00 sys=0.00, real=0.00 secs] 
2026-04-20T14:39:51.998+0530: 1074.906: [CMS-concurrent-preclean-start]
2026-04-20T14:39:51.998+0530: 1074.907: [CMS-concurrent-preclean: 0.001/0.001 secs] [Times: user=0.00 sys=0.00, real=0.00 secs] 
2026-04-20T14:39:52.000+0530: 1074.907: [CMS-concurrent-abortable-preclean-start]
2026-04-20T14:39:52.000+0530: 1074.907: [CMS-concurrent-abortable-preclean: 0.000/0.000 secs] [Times: user=0.00 sys=0.00, real=0.00 secs] 
2026-04-20T14:39:52.000+0530: 1074.907: [GC (CMS Final Remark) [YG occupancy: 268128 K (471808 K)]2026-04-20T14:39:52.000+0530: 1074.907: [Rescan (parallel) , 0.0331095 secs]2026-04-20T14:39:52.033+0530: 1074.940: [weak refs processing, 0.0000528 secs]2026-04-20T14:39:52.033+0530: 1074.940: [class unloading, 0.0103820 secs]2026-04-20T14:39:52.044+0530: 1074.951: [scrub symbol table, 0.0047338 secs]2026-04-20T14:39:52.048+0530: 1074.956: [scrub string table, 0.0023970 secs][1 CMS-remark: 57K(64K)] 268186K(471872K), 0.0526725 secs] [Times: user=0.27 sys=0.00, real=0.05 secs] 
2026-04-20T14:39:52.053+0530: 1074.960: Total time for which application threads were stopped: 0.0529582 seconds, Stopping threads took: 0.0000364 seconds
2026-04-20T14:39:52.053+0530: 1074.960: [CMS-concurrent-sweep-start]
2026-04-20T14:39:52.053+0530: 1074.960: [CMS-concurrent-sweep: 0.000/0.000 secs] [Times: user=0.00 sys=0.00, real=0.00 secs] 
2026-04-20T14:39:52.053+0530: 1074.960: [CMS-concurrent-reset-start]
2026-04-20T14:39:52.053+0530: 1074.960: [CMS-concurrent-reset: 0.000/0.000 secs] [Times: user=0.00 sys=0.00, real=0.00 secs] 
2026-04-20T14:40:02.056+0530: 1084.963: [GC (CMS Initial Mark) [1 CMS-initial-mark: 57K(64K)] 268186K(471872K), 0.0307572 secs] [Times: user=0.08 sys=0.06, real=0.03 secs] 
2026-04-20T14:40:02.086+0530: 1084.994: Total time for which application threads were stopped: 0.0310980 seconds, Stopping threads took: 0.0000574 seconds
2026-04-20T14:40:02.086+0530: 1084.994: [CMS-concurrent-mark-start]
2026-04-20T14:40:02.088+0530: 1084.995: [CMS-concurrent-mark: 0.001/0.001 secs] [Times: user=0.00 sys=0.00, real=0.00 secs] 
2026-04-20T14:40:02.088+0530: 1084.995: [CMS-concurrent-preclean-start]
2026-04-20T14:40:02.088+0530: 1084.996: [CMS-concurrent-preclean: 0.001/0.001 secs] [Times: user=0.00 sys=0.00, real=0.00 secs] 
2026-04-20T14:40:02.088+0530: 1084.996: [CMS-concurrent-abortable-preclean-start]
2026-04-20T14:40:02.088+0530: 1084.996: [CMS-concurrent-abortable-preclean: 0.000/0.000 secs] [Times: user=0.00 sys=0.00, real=0.00 secs] 
2026-04-20T14:40:02.089+0530: 1084.996: [GC (CMS Final Remark) [YG occupancy: 268128 K (471808 K)]2026-04-20T14:40:02.089+0530: 1084.997: [Rescan (parallel) , 0.0383360 secs]2026-04-20T14:40:02.128+0530: 1085.035: [weak refs processing, 0.0000863 secs]2026-04-20T14:40:02.128+0530: 1085.035: [class unloading, 0.0121603 secs]2026-04-20T14:40:02.139+0530: 1085.047: [scrub symbol table, 0.0074619 secs]2026-04-20T14:40:02.147+0530: 1085.055: [scrub string table, 0.0037741 secs][1 CMS-remark: 57K(64K)] 268186K(471872K), 0.0647271 secs] [Times: user=0.27 sys=0.02, real=0.07 secs] 
2026-04-20T14:40:02.154+0530: 1085.061: Total time for which application threads were stopped: 0.0650624 seconds, Stopping threads took: 0.0000590 seconds
2026-04-20T14:40:02.154+0530: 1085.062: [CMS-concurrent-sweep-start]
2026-04-20T14:40:02.154+0530: 1085.062: [CMS-concurrent-sweep: 0.000/0.000 secs] [Times: user=0.00 sys=0.00, real=0.00 secs] 
2026-04-20T14:40:02.154+0530: 1085.062: [CMS-concurrent-reset-start]
2026-04-20T14:40:02.154+0530: 1085.062: [CMS-concurrent-reset: 0.000/0.000 secs] [Times: user=0.00 sys=0.00, real=0.00 secs] 
2026-04-20T14:40:03.166+0530: 1086.073: Total time for which application threads were stopped: 0.0002023 seconds, Stopping threads took: 0.0000688 seconds
2026-04-20T14:40:12.159+0530: 1095.066: [GC (CMS Initial Mark) [1 CMS-initial-mark: 57K(64K)] 268679K(471872K), 0.0349281 secs] [Times: user=0.14 sys=0.00, real=0.04 secs] 
2026-04-20T14:40:12.194+0530: 1095.101: Total time for which application threads were stopped: 0.0353378 seconds, Stopping threads took: 0.0000793 seconds
2026-04-20T14:40:12.194+0530: 1095.102: [CMS-concurrent-mark-start]
2026-04-20T14:40:12.194+0530: 1095.102: [CMS-concurrent-mark: 0.000/0.000 secs] [Times: user=0.00 sys=0.00, real=0.00 secs] 
2026-04-20T14:40:12.194+0530: 1095.102: [CMS-concurrent-preclean-start]
2026-04-20T14:40:12.196+0530: 1095.103: [CMS-concurrent-preclean: 0.001/0.001 secs] [Times: user=0.00 sys=0.00, real=0.00 secs] 
2026-04-20T14:40:12.196+0530: 1095.103: [CMS-concurrent-abortable-preclean-start]
2026-04-20T14:40:12.196+0530: 1095.103: [CMS-concurrent-abortable-preclean: 0.000/0.000 secs] [Times: user=0.00 sys=0.00, real=0.00 secs] 
2026-04-20T14:40:12.196+0530: 1095.103: [GC (CMS Final Remark) [YG occupancy: 268621 K (471808 K)]2026-04-20T14:40:12.196+0530: 1095.103: [Rescan (parallel) , 0.0320032 secs]2026-04-20T14:40:12.228+0530: 1095.135: [weak refs processing, 0.0000569 secs]2026-04-20T14:40:12.228+0530: 1095.135: [class unloading, 0.0089036 secs]2026-04-20T14:40:12.237+0530: 1095.144: [scrub symbol table, 0.0046314 secs]2026-04-20T14:40:12.242+0530: 1095.149: [scrub string table, 0.0025261 secs][1 CMS-remark: 57K(64K)] 268679K(471872K), 0.0501636 secs] [Times: user=0.23 sys=0.02, real=0.05 secs] 
2026-04-20T14:40:12.246+0530: 1095.153: Total time for which application threads were stopped: 0.0504232 seconds, Stopping threads took: 0.0000372 seconds
2026-04-20T14:40:12.246+0530: 1095.154: [CMS-concurrent-sweep-start]
2026-04-20T14:40:12.246+0530: 1095.154: [CMS-concurrent-sweep: 0.000/0.000 secs] [Times: user=0.00 sys=0.00, real=0.00 secs] 
2026-04-20T14:40:12.247+0530: 1095.154: [CMS-concurrent-reset-start]
2026-04-20T14:40:12.247+0530: 1095.154: [CMS-concurrent-reset: 0.000/0.000 secs] [Times: user=0.00 sys=0.00, real=0.00 secs] 
2026-04-20T14:40:14.261+0530: 1097.168: Total time for which application threads were stopped: 0.0004255 seconds, Stopping threads took: 0.0001502 seconds
2026-04-20T14:40:15.275+0530: 1098.182: Total time for which application threads were stopped: 0.0003107 seconds, Stopping threads took: 0.0000880 seconds
2026-04-20T14:40:17.288+0530: 1100.196: Total time for which application threads were stopped: 0.0007617 seconds, Stopping threads took: 0.0004250 seconds
2026-04-20T14:40:22.259+0530: 1105.167: [GC (CMS Initial Mark) [1 CMS-initial-mark: 57K(64K)] 268679K(471872K), 0.0293149 secs] [Times: user=0.11 sys=0.03, real=0.03 secs] 
2026-04-20T14:40:22.289+0530: 1105.196: Total time for which application threads were stopped: 0.0298404 seconds, Stopping threads took: 0.0001140 seconds
2026-04-20T14:40:22.289+0530: 1105.196: [CMS-concurrent-mark-start]
2026-04-20T14:40:22.289+0530: 1105.197: [CMS-concurrent-mark: 0.000/0.000 secs] [Times: user=0.00 sys=0.00, real=0.00 secs] 
2026-04-20T14:40:22.289+0530: 1105.197: [CMS-concurrent-preclean-start]
2026-04-20T14:40:22.290+0530: 1105.197: [CMS-concurrent-preclean: 0.001/0.001 secs] [Times: user=0.00 sys=0.00, real=0.00 secs] 
2026-04-20T14:40:22.290+0530: 1105.198: [CMS-concurrent-abortable-preclean-start]
2026-04-20T14:40:22.290+0530: 1105.198: [CMS-concurrent-abortable-preclean: 0.000/0.000 secs] [Times: user=0.00 sys=0.00, real=0.00 secs] 
2026-04-20T14:40:22.290+0530: 1105.198: [GC (CMS Final Remark) [YG occupancy: 268621 K (471808 K)]2026-04-20T14:40:22.290+0530: 1105.198: [Rescan (parallel) , 0.0327466 secs]2026-04-20T14:40:22.323+0530: 1105.231: [weak refs processing, 0.0000630 secs]2026-04-20T14:40:22.323+0530: 1105.231: [class unloading, 0.0088151 secs]2026-04-20T14:40:22.332+0530: 1105.240: [scrub symbol table, 0.0048428 secs]2026-04-20T14:40:22.338+0530: 1105.245: [scrub string table, 0.0027163 secs][1 CMS-remark: 57K(64K)] 268679K(471872K), 0.0512364 secs] [Times: user=0.25 sys=0.00, real=0.05 secs] 
2026-04-20T14:40:22.342+0530: 1105.249: Total time for which application threads were stopped: 0.0515159 seconds, Stopping threads took: 0.0000729 seconds
2026-04-20T14:40:22.342+0530: 1105.250: [CMS-concurrent-sweep-start]
2026-04-20T14:40:22.343+0530: 1105.250: [CMS-concurrent-sweep: 0.000/0.000 secs] [Times: user=0.00 sys=0.00, real=0.00 secs] 
2026-04-20T14:40:22.343+0530: 1105.250: [CMS-concurrent-reset-start]
2026-04-20T14:40:22.343+0530: 1105.250: [CMS-concurrent-reset: 0.000/0.000 secs] [Times: user=0.00 sys=0.00, real=0.00 secs] 
2026-04-20T14:40:26.378+0530: 1109.285: Total time for which application threads were stopped: 0.0002815 seconds, Stopping threads took: 0.0000766 seconds
2026-04-20T14:40:28.401+0530: 1111.309: Total time for which application threads were stopped: 0.0003737 seconds, Stopping threads took: 0.0000960 seconds
2026-04-20T14:40:32.349+0530: 1115.256: [GC (CMS Initial Mark) [1 CMS-initial-mark: 57K(64K)] 268679K(471872K), 0.0314547 secs] [Times: user=0.11 sys=0.03, real=0.03 secs] 
2026-04-20T14:40:32.380+0530: 1115.288: Total time for which application threads were stopped: 0.0317664 seconds, Stopping threads took: 0.0000541 seconds
2026-04-20T14:40:32.380+0530: 1115.288: [CMS-concurrent-mark-start]
2026-04-20T14:40:32.380+0530: 1115.288: [CMS-concurrent-mark: 0.000/0.000 secs] [Times: user=0.00 sys=0.00, real=0.00 secs] 
2026-04-20T14:40:32.381+0530: 1115.288: [CMS-concurrent-preclean-start]
2026-04-20T14:40:32.381+0530: 1115.289: [CMS-concurrent-preclean: 0.001/0.001 secs] [Times: user=0.00 sys=0.00, real=0.00 secs] 
2026-04-20T14:40:32.382+0530: 1115.289: [CMS-concurrent-abortable-preclean-start]
2026-04-20T14:40:32.382+0530: 1115.289: [CMS-concurrent-abortable-preclean: 0.000/0.000 secs] [Times: user=0.00 sys=0.00, real=0.00 secs] 
2026-04-20T14:40:32.382+0530: 1115.290: [GC (CMS Final Remark) [YG occupancy: 268621 K (471808 K)]2026-04-20T14:40:32.382+0530: 1115.290: [Rescan (parallel) , 0.0328671 secs]2026-04-20T14:40:32.415+0530: 1115.323: [weak refs processing, 0.0000650 secs]2026-04-20T14:40:32.415+0530: 1115.323: [class unloading, 0.0110321 secs]2026-04-20T14:40:32.426+0530: 1115.334: [scrub symbol table, 0.0054346 secs]2026-04-20T14:40:32.432+0530: 1115.339: [scrub string table, 0.0038949 secs][1 CMS-remark: 57K(64K)] 268679K(471872K), 0.0560798 secs] [Times: user=0.24 sys=0.01, real=0.06 secs] 
2026-04-20T14:40:32.437+0530: 1115.346: Total time for which application threads were stopped: 0.0564372 seconds, Stopping threads took: 0.0000768 seconds
2026-04-20T14:40:32.439+0530: 1115.346: [CMS-concurrent-sweep-start]
2026-04-20T14:40:32.439+0530: 1115.346: [CMS-concurrent-sweep: 0.000/0.000 secs] [Times: user=0.00 sys=0.00, real=0.00 secs] 
2026-04-20T14:40:32.439+0530: 1115.346: [CMS-concurrent-reset-start]
2026-04-20T14:40:32.439+0530: 1115.346: [CMS-concurrent-reset: 0.000/0.000 secs] [Times: user=0.00 sys=0.00, real=0.00 secs] 
2026-04-20T14:40:39.482+0530: 1122.390: Total time for which application threads were stopped: 0.0004254 seconds, Stopping threads took: 0.0001364 seconds
2026-04-20T14:40:42.448+0530: 1125.355: [GC (CMS Initial Mark) [1 CMS-initial-mark: 57K(64K)] 270777K(471872K), 0.0307268 secs] [Times: user=0.14 sys=0.00, real=0.03 secs] 
2026-04-20T14:40:42.478+0530: 1125.386: Total time for which application threads were stopped: 0.0311364 seconds, Stopping threads took: 0.0000745 seconds
2026-04-20T14:40:42.478+0530: 1125.386: [CMS-concurrent-mark-start]
2026-04-20T14:40:42.480+0530: 1125.387: [CMS-concurrent-mark: 0.001/0.001 secs] [Times: user=0.00 sys=0.00, real=0.00 secs] 
2026-04-20T14:40:42.480+0530: 1125.387: [CMS-concurrent-preclean-start]
2026-04-20T14:40:42.480+0530: 1125.388: [CMS-concurrent-preclean: 0.001/0.001 secs] [Times: user=0.00 sys=0.00, real=0.00 secs] 
2026-04-20T14:40:42.480+0530: 1125.388: [CMS-concurrent-abortable-preclean-start]
2026-04-20T14:40:42.480+0530: 1125.388: [CMS-concurrent-abortable-preclean: 0.000/0.000 secs] [Times: user=0.00 sys=0.00, real=0.00 secs] 
2026-04-20T14:40:42.481+0530: 1125.389: [GC (CMS Final Remark) [YG occupancy: 270720 K (471808 K)]2026-04-20T14:40:42.481+0530: 1125.389: [Rescan (parallel) , 0.0321523 secs]2026-04-20T14:40:42.513+0530: 1125.421: [weak refs processing, 0.0000454 secs]2026-04-20T14:40:42.513+0530: 1125.421: [class unloading, 0.0093155 secs]2026-04-20T14:40:42.523+0530: 1125.430: [scrub symbol table, 0.0051215 secs]2026-04-20T14:40:42.528+0530: 1125.436: [scrub string table, 0.0024962 secs][1 CMS-remark: 57K(64K)] 270777K(471872K), 0.0511350 secs] [Times: user=0.25 sys=0.00, real=0.05 secs] 
2026-04-20T14:40:42.532+0530: 1125.440: Total time for which application threads were stopped: 0.0513842 seconds, Stopping threads took: 0.0000366 seconds
2026-04-20T14:40:42.533+0530: 1125.440: [CMS-concurrent-sweep-start]
2026-04-20T14:40:42.533+0530: 1125.440: [CMS-concurrent-sweep: 0.000/0.000 secs] [Times: user=0.02 sys=0.00, real=0.00 secs] 
2026-04-20T14:40:42.533+0530: 1125.441: [CMS-concurrent-reset-start]
2026-04-20T14:40:42.533+0530: 1125.441: [CMS-concurrent-reset: 0.000/0.000 secs] [Times: user=0.00 sys=0.00, real=0.00 secs] 
2026-04-20T14:40:52.538+0530: 1135.445: [GC (CMS Initial Mark) [1 CMS-initial-mark: 57K(64K)] 270777K(471872K), 0.0325571 secs] [Times: user=0.14 sys=0.00, real=0.03 secs] 
2026-04-20T14:40:52.571+0530: 1135.478: Total time for which application threads were stopped: 0.0330500 seconds, Stopping threads took: 0.0000978 seconds
2026-04-20T14:40:52.571+0530: 1135.478: [CMS-concurrent-mark-start]
2026-04-20T14:40:52.571+0530: 1135.479: [CMS-concurrent-mark: 0.000/0.000 secs] [Times: user=0.00 sys=0.00, real=0.00 secs] 
2026-04-20T14:40:52.572+0530: 1135.479: [CMS-concurrent-preclean-start]
2026-04-20T14:40:52.572+0530: 1135.479: [CMS-concurrent-preclean: 0.001/0.001 secs] [Times: user=0.00 sys=0.00, real=0.00 secs] 
2026-04-20T14:40:52.572+0530: 1135.479: [CMS-concurrent-abortable-preclean-start]
2026-04-20T14:40:52.572+0530: 1135.479: [CMS-concurrent-abortable-preclean: 0.000/0.000 secs] [Times: user=0.00 sys=0.00, real=0.00 secs] 
2026-04-20T14:40:52.572+0530: 1135.480: [GC (CMS Final Remark) [YG occupancy: 270720 K (471808 K)]2026-04-20T14:40:52.572+0530: 1135.480: [Rescan (parallel) , 0.0317851 secs]2026-04-20T14:40:52.604+0530: 1135.512: [weak refs processing, 0.0000469 secs]2026-04-20T14:40:52.604+0530: 1135.512: [class unloading, 0.0090653 secs]2026-04-20T14:40:52.612+0530: 1135.521: [scrub symbol table, 0.0061056 secs]2026-04-20T14:40:52.619+0530: 1135.527: [scrub string table, 0.0025958 secs][1 CMS-remark: 57K(64K)] 270777K(471872K), 0.0517614 secs] [Times: user=0.23 sys=0.00, real=0.05 secs] 
2026-04-20T14:40:52.624+0530: 1135.532: Total time for which application threads were stopped: 0.0520101 seconds, Stopping threads took: 0.0000374 seconds
2026-04-20T14:40:52.625+0530: 1135.532: [CMS-concurrent-sweep-start]
2026-04-20T14:40:52.625+0530: 1135.532: [CMS-concurrent-sweep: 0.000/0.000 secs] [Times: user=0.00 sys=0.00, real=0.00 secs] 
2026-04-20T14:40:52.625+0530: 1135.532: [CMS-concurrent-reset-start]
2026-04-20T14:40:52.625+0530: 1135.532: [CMS-concurrent-reset: 0.000/0.000 secs] [Times: user=0.00 sys=0.00, real=0.00 secs] 
2026-04-20T14:40:59.682+0530: 1142.589: Total time for which application threads were stopped: 0.0011892 seconds, Stopping threads took: 0.0007096 seconds
2026-04-20T14:41:02.629+0530: 1145.536: [GC (CMS Initial Mark) [1 CMS-initial-mark: 57K(64K)] 271271K(471872K), 0.0321894 secs] [Times: user=0.11 sys=0.03, real=0.03 secs] 
2026-04-20T14:41:02.661+0530: 1145.568: Total time for which application threads were stopped: 0.0327166 seconds, Stopping threads took: 0.0000816 seconds
2026-04-20T14:41:02.661+0530: 1145.568: [CMS-concurrent-mark-start]
2026-04-20T14:41:02.662+0530: 1145.569: [CMS-concurrent-mark: 0.000/0.000 secs] [Times: user=0.00 sys=0.00, real=0.00 secs] 
2026-04-20T14:41:02.662+0530: 1145.569: [CMS-concurrent-preclean-start]
2026-04-20T14:41:02.662+0530: 1145.570: [CMS-concurrent-preclean: 0.001/0.001 secs] [Times: user=0.00 sys=0.00, real=0.00 secs] 
2026-04-20T14:41:02.662+0530: 1145.570: [CMS-concurrent-abortable-preclean-start]
2026-04-20T14:41:02.662+0530: 1145.570: [CMS-concurrent-abortable-preclean: 0.000/0.000 secs] [Times: user=0.00 sys=0.00, real=0.00 secs] 
2026-04-20T14:41:02.662+0530: 1145.570: [GC (CMS Final Remark) [YG occupancy: 271213 K (471808 K)]2026-04-20T14:41:02.662+0530: 1145.570: [Rescan (parallel) , 0.0322474 secs]2026-04-20T14:41:02.695+0530: 1145.602: [weak refs processing, 0.0000454 secs]2026-04-20T14:41:02.695+0530: 1145.602: [class unloading, 0.0087947 secs]2026-04-20T14:41:02.703+0530: 1145.611: [scrub symbol table, 0.0048021 secs]2026-04-20T14:41:02.709+0530: 1145.616: [scrub string table, 0.0025066 secs][1 CMS-remark: 57K(64K)] 271271K(471872K), 0.0504391 secs] [Times: user=0.24 sys=0.01, real=0.05 secs] 
2026-04-20T14:41:02.713+0530: 1145.620: Total time for which application threads were stopped: 0.0506803 seconds, Stopping threads took: 0.0000370 seconds
2026-04-20T14:41:02.713+0530: 1145.621: [CMS-concurrent-sweep-start]
2026-04-20T14:41:02.713+0530: 1145.621: [CMS-concurrent-sweep: 0.000/0.000 secs] [Times: user=0.00 sys=0.00, real=0.00 secs] 
2026-04-20T14:41:02.713+0530: 1145.621: [CMS-concurrent-reset-start]
2026-04-20T14:41:02.713+0530: 1145.621: [CMS-concurrent-reset: 0.000/0.000 secs] [Times: user=0.00 sys=0.00, real=0.00 secs] 
2026-04-20T14:41:12.728+0530: 1155.636: [GC (CMS Initial Mark) [1 CMS-initial-mark: 57K(64K)] 271984K(471872K), 0.0339056 secs] [Times: user=0.20 sys=0.03, real=0.03 secs] 
2026-04-20T14:41:12.763+0530: 1155.670: Total time for which application threads were stopped: 0.0342747 seconds, Stopping threads took: 0.0000741 seconds
2026-04-20T14:41:12.763+0530: 1155.670: [CMS-concurrent-mark-start]
2026-04-20T14:41:12.763+0530: 1155.671: [CMS-concurrent-mark: 0.000/0.000 secs] [Times: user=0.00 sys=0.00, real=0.00 secs] 
2026-04-20T14:41:12.763+0530: 1155.671: [CMS-concurrent-preclean-start]
2026-04-20T14:41:12.764+0530: 1155.672: [CMS-concurrent-preclean: 0.001/0.001 secs] [Times: user=0.00 sys=0.00, real=0.00 secs] 
2026-04-20T14:41:12.764+0530: 1155.672: [CMS-concurrent-abortable-preclean-start]
2026-04-20T14:41:12.764+0530: 1155.672: [CMS-concurrent-abortable-preclean: 0.000/0.000 secs] [Times: user=0.00 sys=0.00, real=0.00 secs] 
2026-04-20T14:41:12.764+0530: 1155.672: [GC (CMS Final Remark) [YG occupancy: 271926 K (471808 K)]2026-04-20T14:41:12.764+0530: 1155.672: [Rescan (parallel) , 0.0320487 secs]2026-04-20T14:41:12.797+0530: 1155.704: [weak refs processing, 0.0000642 secs]2026-04-20T14:41:12.797+0530: 1155.704: [class unloading, 0.0097315 secs]2026-04-20T14:41:12.807+0530: 1155.714: [scrub symbol table, 0.0047635 secs]2026-04-20T14:41:12.812+0530: 1155.719: [scrub string table, 0.0025330 secs][1 CMS-remark: 57K(64K)] 271984K(471872K), 0.0513692 secs] [Times: user=0.22 sys=0.03, real=0.05 secs] 
2026-04-20T14:41:12.816+0530: 1155.723: Total time for which application threads were stopped: 0.0516368 seconds, Stopping threads took: 0.0000375 seconds
2026-04-20T14:41:12.816+0530: 1155.724: [CMS-concurrent-sweep-start]
2026-04-20T14:41:12.816+0530: 1155.724: [CMS-concurrent-sweep: 0.000/0.000 secs] [Times: user=0.00 sys=0.00, real=0.00 secs] 
2026-04-20T14:41:12.816+0530: 1155.724: [CMS-concurrent-reset-start]
2026-04-20T14:41:12.816+0530: 1155.724: [CMS-concurrent-reset: 0.000/0.000 secs] [Times: user=0.00 sys=0.00, real=0.00 secs] 
2026-04-20T14:41:22.822+0530: 1165.730: [GC (CMS Initial Mark) [1 CMS-initial-mark: 57K(64K)] 271984K(471872K), 0.0332394 secs] [Times: user=0.22 sys=0.00, real=0.03 secs] 
2026-04-20T14:41:22.855+0530: 1165.763: Total time for which application threads were stopped: 0.0338501 seconds, Stopping threads took: 0.0001032 seconds
2026-04-20T14:41:22.855+0530: 1165.763: [CMS-concurrent-mark-start]
2026-04-20T14:41:22.856+0530: 1165.763: [CMS-concurrent-mark: 0.000/0.000 secs] [Times: user=0.00 sys=0.00, real=0.00 secs] 
2026-04-20T14:41:22.856+0530: 1165.764: [CMS-concurrent-preclean-start]
2026-04-20T14:41:22.857+0530: 1165.764: [CMS-concurrent-preclean: 0.001/0.001 secs] [Times: user=0.00 sys=0.00, real=0.00 secs] 
2026-04-20T14:41:22.857+0530: 1165.764: [CMS-concurrent-abortable-preclean-start]
2026-04-20T14:41:22.857+0530: 1165.764: [CMS-concurrent-abortable-preclean: 0.000/0.000 secs] [Times: user=0.00 sys=0.00, real=0.00 secs] 
2026-04-20T14:41:22.857+0530: 1165.765: [GC (CMS Final Remark) [YG occupancy: 271926 K (471808 K)]2026-04-20T14:41:22.857+0530: 1165.765: [Rescan (parallel) , 0.0309516 secs]2026-04-20T14:41:22.922+0530: 1165.829: [weak refs processing, 0.0002717 secs]2026-04-20T14:41:22.922+0530: 1165.830: [class unloading, 0.0100164 secs]2026-04-20T14:41:22.931+0530: 1165.840: [scrub symbol table, 0.0045282 secs]2026-04-20T14:41:22.937+0530: 1165.844: [scrub string table, 0.0027763 secs][1 CMS-remark: 57K(64K)] 271984K(471872K), 0.0841803 secs] [Times: user=0.25 sys=0.02, real=0.08 secs] 
2026-04-20T14:41:22.942+0530: 1165.849: Total time for which application threads were stopped: 0.0844237 seconds, Stopping threads took: 0.0000362 seconds
2026-04-20T14:41:22.942+0530: 1165.849: [CMS-concurrent-sweep-start]
2026-04-20T14:41:22.942+0530: 1165.849: [CMS-concurrent-sweep: 0.000/0.000 secs] [Times: user=0.00 sys=0.00, real=0.00 secs] 
2026-04-20T14:41:22.942+0530: 1165.849: [CMS-concurrent-reset-start]
2026-04-20T14:41:22.942+0530: 1165.849: [CMS-concurrent-reset: 0.000/0.000 secs] [Times: user=0.00 sys=0.00, real=0.00 secs] 
2026-04-20T14:41:32.954+0530: 1175.862: [GC (CMS Initial Mark) [1 CMS-initial-mark: 57K(64K)] 271984K(471872K), 0.0359163 secs] [Times: user=0.14 sys=0.00, real=0.04 secs] 
2026-04-20T14:41:32.991+0530: 1175.898: Total time for which application threads were stopped: 0.0363033 seconds, Stopping threads took: 0.0000847 seconds
2026-04-20T14:41:32.991+0530: 1175.898: [CMS-concurrent-mark-start]
2026-04-20T14:41:32.992+0530: 1175.899: [CMS-concurrent-mark: 0.001/0.001 secs] [Times: user=0.00 sys=0.00, real=0.00 secs] 
2026-04-20T14:41:32.992+0530: 1175.899: [CMS-concurrent-preclean-start]
2026-04-20T14:41:32.993+0530: 1175.900: [CMS-concurrent-preclean: 0.001/0.001 secs] [Times: user=0.00 sys=0.00, real=0.00 secs] 
2026-04-20T14:41:32.993+0530: 1175.900: [CMS-concurrent-abortable-preclean-start]
2026-04-20T14:41:32.993+0530: 1175.900: [CMS-concurrent-abortable-preclean: 0.000/0.000 secs] [Times: user=0.00 sys=0.00, real=0.00 secs] 
2026-04-20T14:41:32.993+0530: 1175.900: [GC (CMS Final Remark) [YG occupancy: 271926 K (471808 K)]2026-04-20T14:41:32.993+0530: 1175.900: [Rescan (parallel) , 0.0297915 secs]2026-04-20T14:41:33.023+0530: 1175.930: [weak refs processing, 0.0000369 secs]2026-04-20T14:41:33.023+0530: 1175.930: [class unloading, 0.0095501 secs]2026-04-20T14:41:33.033+0530: 1175.940: [scrub symbol table, 0.0045870 secs]2026-04-20T14:41:33.037+0530: 1175.945: [scrub string table, 0.0035168 secs][1 CMS-remark: 57K(64K)] 271984K(471872K), 0.0503557 secs] [Times: user=0.20 sys=0.00, real=0.05 secs] 
2026-04-20T14:41:33.044+0530: 1175.951: Total time for which application threads were stopped: 0.0506202 seconds, Stopping threads took: 0.0000401 seconds
2026-04-20T14:41:33.044+0530: 1175.951: [CMS-concurrent-sweep-start]
2026-04-20T14:41:33.044+0530: 1175.951: [CMS-concurrent-sweep: 0.000/0.000 secs] [Times: user=0.00 sys=0.00, real=0.00 secs] 
2026-04-20T14:41:33.044+0530: 1175.951: [CMS-concurrent-reset-start]
2026-04-20T14:41:33.044+0530: 1175.951: [CMS-concurrent-reset: 0.000/0.000 secs] [Times: user=0.00 sys=0.00, real=0.00 secs] 
2026-04-20T14:41:43.048+0530: 1185.955: [GC (CMS Initial Mark) [1 CMS-initial-mark: 57K(64K)] 271984K(471872K), 0.0300140 secs] [Times: user=0.14 sys=0.00, real=0.03 secs] 
2026-04-20T14:41:43.077+0530: 1185.985: Total time for which application threads were stopped: 0.0303687 seconds, Stopping threads took: 0.0000688 seconds
2026-04-20T14:41:43.078+0530: 1185.986: [CMS-concurrent-mark-start]
2026-04-20T14:41:43.078+0530: 1185.986: [CMS-concurrent-mark: 0.000/0.000 secs] [Times: user=0.00 sys=0.00, real=0.00 secs] 
2026-04-20T14:41:43.078+0530: 1185.986: [CMS-concurrent-preclean-start]
2026-04-20T14:41:43.079+0530: 1185.987: [CMS-concurrent-preclean: 0.001/0.001 secs] [Times: user=0.00 sys=0.00, real=0.00 secs] 
2026-04-20T14:41:43.079+0530: 1185.987: [CMS-concurrent-abortable-preclean-start]
2026-04-20T14:41:43.079+0530: 1185.987: [CMS-concurrent-abortable-preclean: 0.000/0.000 secs] [Times: user=0.00 sys=0.00, real=0.00 secs] 
2026-04-20T14:41:43.080+0530: 1185.988: [GC (CMS Final Remark) [YG occupancy: 271926 K (471808 K)]2026-04-20T14:41:43.080+0530: 1185.988: [Rescan (parallel) , 0.0335389 secs]2026-04-20T14:41:43.114+0530: 1186.021: [weak refs processing, 0.0000585 secs]2026-04-20T14:41:43.114+0530: 1186.021: [class unloading, 0.0098802 secs]2026-04-20T14:41:43.124+0530: 1186.031: [scrub symbol table, 0.0046561 secs]2026-04-20T14:41:43.128+0530: 1186.036: [scrub string table, 0.0025402 secs][1 CMS-remark: 57K(64K)] 271984K(471872K), 0.0527996 secs] [Times: user=0.22 sys=0.02, real=0.05 secs] 
2026-04-20T14:41:43.133+0530: 1186.040: Total time for which application threads were stopped: 0.0530760 seconds, Stopping threads took: 0.0000430 seconds
2026-04-20T14:41:43.134+0530: 1186.041: [CMS-concurrent-sweep-start]
2026-04-20T14:41:43.134+0530: 1186.041: [CMS-concurrent-sweep: 0.000/0.000 secs] [Times: user=0.00 sys=0.00, real=0.00 secs] 
2026-04-20T14:41:43.134+0530: 1186.041: [CMS-concurrent-reset-start]
2026-04-20T14:41:43.134+0530: 1186.041: [CMS-concurrent-reset: 0.000/0.000 secs] [Times: user=0.00 sys=0.00, real=0.00 secs] 
2026-04-20T14:41:53.147+0530: 1196.054: [GC (CMS Initial Mark) [1 CMS-initial-mark: 57K(64K)] 272684K(471872K), 0.0304883 secs] [Times: user=0.14 sys=0.00, real=0.03 secs] 
2026-04-20T14:41:53.178+0530: 1196.085: Total time for which application threads were stopped: 0.0309484 seconds, Stopping threads took: 0.0000772 seconds
2026-04-20T14:41:53.178+0530: 1196.085: [CMS-concurrent-mark-start]
2026-04-20T14:41:53.178+0530: 1196.086: [CMS-concurrent-mark: 0.000/0.000 secs] [Times: user=0.00 sys=0.00, real=0.00 secs] 
2026-04-20T14:41:53.178+0530: 1196.086: [CMS-concurrent-preclean-start]
2026-04-20T14:41:53.179+0530: 1196.086: [CMS-concurrent-preclean: 0.001/0.001 secs] [Times: user=0.00 sys=0.00, real=0.00 secs] 
2026-04-20T14:41:53.179+0530: 1196.086: [CMS-concurrent-abortable-preclean-start]
2026-04-20T14:41:53.179+0530: 1196.086: [CMS-concurrent-abortable-preclean: 0.000/0.000 secs] [Times: user=0.00 sys=0.00, real=0.00 secs] 
2026-04-20T14:41:53.179+0530: 1196.087: [GC (CMS Final Remark) [YG occupancy: 272626 K (471808 K)]2026-04-20T14:41:53.179+0530: 1196.087: [Rescan (parallel) , 0.0326564 secs]2026-04-20T14:41:53.212+0530: 1196.119: [weak refs processing, 0.0000473 secs]2026-04-20T14:41:53.212+0530: 1196.119: [class unloading, 0.0089727 secs]2026-04-20T14:41:53.221+0530: 1196.128: [scrub symbol table, 0.0048298 secs]2026-04-20T14:41:53.226+0530: 1196.133: [scrub string table, 0.0025952 secs][1 CMS-remark: 57K(64K)] 272684K(471872K), 0.0511342 secs] [Times: user=0.25 sys=0.00, real=0.05 secs] 
2026-04-20T14:41:53.231+0530: 1196.138: Total time for which application threads were stopped: 0.0513678 seconds, Stopping threads took: 0.0000364 seconds
2026-04-20T14:41:53.231+0530: 1196.138: [CMS-concurrent-sweep-start]
2026-04-20T14:41:53.231+0530: 1196.138: [CMS-concurrent-sweep: 0.000/0.000 secs] [Times: user=0.00 sys=0.00, real=0.00 secs] 
2026-04-20T14:41:53.231+0530: 1196.138: [CMS-concurrent-reset-start]
2026-04-20T14:41:53.231+0530: 1196.138: [CMS-concurrent-reset: 0.000/0.000 secs] [Times: user=0.00 sys=0.00, real=0.00 secs] 
2026-04-20T14:42:02.319+0530: 1205.226: Total time for which application threads were stopped: 0.0004177 seconds, Stopping threads took: 0.0001399 seconds
2026-04-20T14:42:03.236+0530: 1206.144: [GC (CMS Initial Mark) [1 CMS-initial-mark: 57K(64K)] 272684K(471872K), 0.0312497 secs] [Times: user=0.12 sys=0.03, real=0.03 secs] 
2026-04-20T14:42:03.268+0530: 1206.175: Total time for which application threads were stopped: 0.0318789 seconds, Stopping threads took: 0.0001463 seconds
2026-04-20T14:42:03.268+0530: 1206.175: [CMS-concurrent-mark-start]
2026-04-20T14:42:03.268+0530: 1206.175: [CMS-concurrent-mark: 0.000/0.000 secs] [Times: user=0.00 sys=0.00, real=0.00 secs] 
2026-04-20T14:42:03.268+0530: 1206.176: [CMS-concurrent-preclean-start]
2026-04-20T14:42:03.269+0530: 1206.176: [CMS-concurrent-preclean: 0.001/0.001 secs] [Times: user=0.00 sys=0.00, real=0.00 secs] 
2026-04-20T14:42:03.269+0530: 1206.176: [CMS-concurrent-abortable-preclean-start]
2026-04-20T14:42:03.269+0530: 1206.176: [CMS-concurrent-abortable-preclean: 0.000/0.000 secs] [Times: user=0.00 sys=0.00, real=0.00 secs] 
2026-04-20T14:42:03.269+0530: 1206.177: [GC (CMS Final Remark) [YG occupancy: 272626 K (471808 K)]2026-04-20T14:42:03.269+0530: 1206.177: [Rescan (parallel) , 0.0320466 secs]2026-04-20T14:42:03.302+0530: 1206.209: [weak refs processing, 0.0000616 secs]2026-04-20T14:42:03.302+0530: 1206.209: [class unloading, 0.0090732 secs]2026-04-20T14:42:03.310+0530: 1206.218: [scrub symbol table, 0.0045313 secs]2026-04-20T14:42:03.314+0530: 1206.223: [scrub string table, 0.0028322 secs][1 CMS-remark: 57K(64K)] 272684K(471872K), 0.0506033 secs] [Times: user=0.27 sys=0.00, real=0.05 secs] 
2026-04-20T14:42:03.320+0530: 1206.227: Total time for which application threads were stopped: 0.0508486 seconds, Stopping threads took: 0.0000369 seconds
2026-04-20T14:42:03.320+0530: 1206.228: [CMS-concurrent-sweep-start]
2026-04-20T14:42:03.320+0530: 1206.228: [CMS-concurrent-sweep: 0.000/0.000 secs] [Times: user=0.00 sys=0.00, real=0.00 secs] 
2026-04-20T14:42:03.320+0530: 1206.228: [CMS-concurrent-reset-start]
2026-04-20T14:42:03.320+0530: 1206.228: [CMS-concurrent-reset: 0.000/0.000 secs] [Times: user=0.00 sys=0.00, real=0.00 secs] 
2026-04-20T14:42:04.333+0530: 1207.241: Total time for which application threads were stopped: 0.0005199 seconds, Stopping threads took: 0.0001362 seconds
2026-04-20T14:42:13.323+0530: 1216.231: [GC (CMS Initial Mark) [1 CMS-initial-mark: 57K(64K)] 272684K(471872K), 0.0297330 secs] [Times: user=0.12 sys=0.01, real=0.03 secs] 
2026-04-20T14:42:13.353+0530: 1216.260: Total time for which application threads were stopped: 0.0301534 seconds, Stopping threads took: 0.0001288 seconds
2026-04-20T14:42:13.353+0530: 1216.260: [CMS-concurrent-mark-start]
2026-04-20T14:42:13.353+0530: 1216.261: [CMS-concurrent-mark: 0.001/0.001 secs] [Times: user=0.00 sys=0.00, real=0.00 secs] 
2026-04-20T14:42:13.353+0530: 1216.261: [CMS-concurrent-preclean-start]
2026-04-20T14:42:13.355+0530: 1216.262: [CMS-concurrent-preclean: 0.001/0.001 secs] [Times: user=0.00 sys=0.00, real=0.00 secs] 
2026-04-20T14:42:13.355+0530: 1216.262: [CMS-concurrent-abortable-preclean-start]
2026-04-20T14:42:13.355+0530: 1216.262: [CMS-concurrent-abortable-preclean: 0.000/0.000 secs] [Times: user=0.00 sys=0.00, real=0.00 secs] 
2026-04-20T14:42:13.355+0530: 1216.262: [GC (CMS Final Remark) [YG occupancy: 272626 K (471808 K)]2026-04-20T14:42:13.355+0530: 1216.262: [Rescan (parallel) , 0.0327377 secs]2026-04-20T14:42:13.388+0530: 1216.295: [weak refs processing, 0.0000475 secs]2026-04-20T14:42:13.388+0530: 1216.295: [class unloading, 0.0089897 secs]2026-04-20T14:42:13.397+0530: 1216.304: [scrub symbol table, 0.0044952 secs]2026-04-20T14:42:13.401+0530: 1216.309: [scrub string table, 0.0026826 secs][1 CMS-remark: 57K(64K)] 272684K(471872K), 0.0510135 secs] [Times: user=0.20 sys=0.06, real=0.05 secs] 
2026-04-20T14:42:13.406+0530: 1216.313: Total time for which application threads were stopped: 0.0512868 seconds, Stopping threads took: 0.0000364 seconds
2026-04-20T14:42:13.406+0530: 1216.314: [CMS-concurrent-sweep-start]
2026-04-20T14:42:13.406+0530: 1216.314: [CMS-concurrent-sweep: 0.000/0.000 secs] [Times: user=0.00 sys=0.00, real=0.00 secs] 
2026-04-20T14:42:13.406+0530: 1216.314: [CMS-concurrent-reset-start]
2026-04-20T14:42:13.406+0530: 1216.314: [CMS-concurrent-reset: 0.000/0.000 secs] [Times: user=0.00 sys=0.00, real=0.00 secs] 
2026-04-20T14:42:23.413+0530: 1226.320: [GC (CMS Initial Mark) [1 CMS-initial-mark: 57K(64K)] 272684K(471872K), 0.0299572 secs] [Times: user=0.14 sys=0.00, real=0.03 secs] 
2026-04-20T14:42:23.442+0530: 1226.350: Total time for which application threads were stopped: 0.0304552 seconds, Stopping threads took: 0.0001169 seconds
2026-04-20T14:42:23.442+0530: 1226.350: [CMS-concurrent-mark-start]
2026-04-20T14:42:23.443+0530: 1226.351: [CMS-concurrent-mark: 0.000/0.000 secs] [Times: user=0.00 sys=0.00, real=0.00 secs] 
2026-04-20T14:42:23.443+0530: 1226.351: [CMS-concurrent-preclean-start]
2026-04-20T14:42:23.443+0530: 1226.351: [CMS-concurrent-preclean: 0.001/0.001 secs] [Times: user=0.00 sys=0.00, real=0.00 secs] 
2026-04-20T14:42:23.444+0530: 1226.351: [CMS-concurrent-abortable-preclean-start]
2026-04-20T14:42:23.444+0530: 1226.351: [CMS-concurrent-abortable-preclean: 0.000/0.000 secs] [Times: user=0.00 sys=0.00, real=0.00 secs] 
2026-04-20T14:42:23.444+0530: 1226.352: [GC (CMS Final Remark) [YG occupancy: 272626 K (471808 K)]2026-04-20T14:42:23.444+0530: 1226.352: [Rescan (parallel) , 0.0313067 secs]2026-04-20T14:42:23.476+0530: 1226.383: [weak refs processing, 0.0000347 secs]2026-04-20T14:42:23.476+0530: 1226.383: [class unloading, 0.0107749 secs]2026-04-20T14:42:23.487+0530: 1226.394: [scrub symbol table, 0.0047235 secs]2026-04-20T14:42:23.492+0530: 1226.399: [scrub string table, 0.0025938 secs][1 CMS-remark: 57K(64K)] 272684K(471872K), 0.0515557 secs] [Times: user=0.25 sys=0.01, real=0.05 secs] 
2026-04-20T14:42:23.496+0530: 1226.404: Total time for which application threads were stopped: 0.0518351 seconds, Stopping threads took: 0.0000376 seconds
2026-04-20T14:42:23.497+0530: 1226.404: [CMS-concurrent-sweep-start]
2026-04-20T14:42:23.497+0530: 1226.404: [CMS-concurrent-sweep: 0.000/0.000 secs] [Times: user=0.00 sys=0.00, real=0.00 secs] 
2026-04-20T14:42:23.497+0530: 1226.404: [CMS-concurrent-reset-start]
2026-04-20T14:42:23.497+0530: 1226.404: [CMS-concurrent-reset: 0.000/0.000 secs] [Times: user=0.00 sys=0.00, real=0.00 secs] 
2026-04-20T14:42:33.504+0530: 1236.411: [GC (CMS Initial Mark) [1 CMS-initial-mark: 57K(64K)] 272684K(471872K), 0.0316123 secs] [Times: user=0.14 sys=0.00, real=0.03 secs] 
2026-04-20T14:42:33.536+0530: 1236.443: Total time for which application threads were stopped: 0.0321326 seconds, Stopping threads took: 0.0001277 seconds
2026-04-20T14:42:33.536+0530: 1236.443: [CMS-concurrent-mark-start]
2026-04-20T14:42:33.536+0530: 1236.443: [CMS-concurrent-mark: 0.000/0.000 secs] [Times: user=0.00 sys=0.00, real=0.00 secs] 
2026-04-20T14:42:33.536+0530: 1236.443: [CMS-concurrent-preclean-start]
2026-04-20T14:42:33.537+0530: 1236.444: [CMS-concurrent-preclean: 0.001/0.001 secs] [Times: user=0.00 sys=0.00, real=0.00 secs] 
2026-04-20T14:42:33.537+0530: 1236.444: [CMS-concurrent-abortable-preclean-start]
2026-04-20T14:42:33.537+0530: 1236.444: [CMS-concurrent-abortable-preclean: 0.000/0.000 secs] [Times: user=0.00 sys=0.00, real=0.00 secs] 
2026-04-20T14:42:33.537+0530: 1236.444: [GC (CMS Final Remark) [YG occupancy: 272626 K (471808 K)]2026-04-20T14:42:33.537+0530: 1236.444: [Rescan (parallel) , 0.0309975 secs]2026-04-20T14:42:33.568+0530: 1236.475: [weak refs processing, 0.0000328 secs]2026-04-20T14:42:33.568+0530: 1236.476: [class unloading, 0.0095186 secs]2026-04-20T14:42:33.578+0530: 1236.485: [scrub symbol table, 0.0043958 secs]2026-04-20T14:42:33.582+0530: 1236.490: [scrub string table, 0.0027509 secs][1 CMS-remark: 57K(64K)] 272684K(471872K), 0.0497949 secs] [Times: user=0.22 sys=0.05, real=0.05 secs] 
2026-04-20T14:42:33.587+0530: 1236.494: Total time for which application threads were stopped: 0.0500628 seconds, Stopping threads took: 0.0000359 seconds
2026-04-20T14:42:33.587+0530: 1236.495: [CMS-concurrent-sweep-start]
2026-04-20T14:42:33.587+0530: 1236.495: [CMS-concurrent-sweep: 0.000/0.000 secs] [Times: user=0.00 sys=0.00, real=0.00 secs] 
2026-04-20T14:42:33.587+0530: 1236.495: [CMS-concurrent-reset-start]
2026-04-20T14:42:33.587+0530: 1236.495: [CMS-concurrent-reset: 0.000/0.000 secs] [Times: user=0.00 sys=0.00, real=0.00 secs] 
2026-04-20T14:42:40.652+0530: 1243.559: Total time for which application threads were stopped: 0.0004797 seconds, Stopping threads took: 0.0001045 seconds
2026-04-20T14:42:42.662+0530: 1245.569: Total time for which application threads were stopped: 0.0003685 seconds, Stopping threads took: 0.0001027 seconds
2026-04-20T14:42:43.596+0530: 1246.504: [GC (CMS Initial Mark) [1 CMS-initial-mark: 57K(64K)] 284568K(471872K), 0.0325844 secs] [Times: user=0.12 sys=0.02, real=0.03 secs] 
2026-04-20T14:42:43.629+0530: 1246.537: Total time for which application threads were stopped: 0.0330763 seconds, Stopping threads took: 0.0000981 seconds
2026-04-20T14:42:43.630+0530: 1246.537: [CMS-concurrent-mark-start]
2026-04-20T14:42:43.630+0530: 1246.538: [CMS-concurrent-mark: 0.000/0.000 secs] [Times: user=0.00 sys=0.00, real=0.00 secs] 
2026-04-20T14:42:43.630+0530: 1246.538: [CMS-concurrent-preclean-start]
2026-04-20T14:42:43.631+0530: 1246.538: [CMS-concurrent-preclean: 0.001/0.001 secs] [Times: user=0.00 sys=0.00, real=0.00 secs] 
2026-04-20T14:42:43.631+0530: 1246.539: [CMS-concurrent-abortable-preclean-start]
2026-04-20T14:42:43.631+0530: 1246.539: [CMS-concurrent-abortable-preclean: 0.000/0.000 secs] [Times: user=0.00 sys=0.00, real=0.00 secs] 
2026-04-20T14:42:43.631+0530: 1246.539: [GC (CMS Final Remark) [YG occupancy: 284510 K (471808 K)]2026-04-20T14:42:43.631+0530: 1246.539: [Rescan (parallel) , 0.0355015 secs]2026-04-20T14:42:43.667+0530: 1246.575: [weak refs processing, 0.0000519 secs]2026-04-20T14:42:43.667+0530: 1246.575: [class unloading, 0.0092074 secs]2026-04-20T14:42:43.676+0530: 1246.584: [scrub symbol table, 0.0043471 secs]2026-04-20T14:42:43.680+0530: 1246.588: [scrub string table, 0.0025270 secs][1 CMS-remark: 57K(64K)] 284568K(471872K), 0.0536747 secs] [Times: user=0.25 sys=0.00, real=0.05 secs] 
2026-04-20T14:42:43.685+0530: 1246.593: Total time for which application threads were stopped: 0.0539863 seconds, Stopping threads took: 0.0000395 seconds
2026-04-20T14:42:43.686+0530: 1246.593: [CMS-concurrent-sweep-start]
2026-04-20T14:42:43.686+0530: 1246.593: [CMS-concurrent-sweep: 0.000/0.000 secs] [Times: user=0.00 sys=0.00, real=0.00 secs] 
2026-04-20T14:42:43.686+0530: 1246.593: [CMS-concurrent-reset-start]
2026-04-20T14:42:43.686+0530: 1246.593: [CMS-concurrent-reset: 0.000/0.000 secs] [Times: user=0.00 sys=0.00, real=0.00 secs] 
2026-04-20T14:42:53.691+0530: 1256.598: [GC (CMS Initial Mark) [1 CMS-initial-mark: 57K(64K)] 284568K(471872K), 0.0333249 secs] [Times: user=0.14 sys=0.00, real=0.03 secs] 
2026-04-20T14:42:53.725+0530: 1256.632: Total time for which application threads were stopped: 0.0337015 seconds, Stopping threads took: 0.0000701 seconds
2026-04-20T14:42:53.725+0530: 1256.632: [CMS-concurrent-mark-start]
2026-04-20T14:42:53.725+0530: 1256.632: [CMS-concurrent-mark: 0.000/0.000 secs] [Times: user=0.00 sys=0.00, real=0.00 secs] 
2026-04-20T14:42:53.725+0530: 1256.632: [CMS-concurrent-preclean-start]
2026-04-20T14:42:53.725+0530: 1256.633: [CMS-concurrent-preclean: 0.001/0.001 secs] [Times: user=0.00 sys=0.00, real=0.00 secs] 
2026-04-20T14:42:53.726+0530: 1256.633: [CMS-concurrent-abortable-preclean-start]
2026-04-20T14:42:53.726+0530: 1256.633: [CMS-concurrent-abortable-preclean: 0.000/0.000 secs] [Times: user=0.00 sys=0.00, real=0.00 secs] 
2026-04-20T14:42:53.726+0530: 1256.634: [GC (CMS Final Remark) [YG occupancy: 284510 K (471808 K)]2026-04-20T14:42:53.726+0530: 1256.634: [Rescan (parallel) , 0.0329714 secs]2026-04-20T14:42:53.760+0530: 1256.667: [weak refs processing, 0.0000565 secs]2026-04-20T14:42:53.760+0530: 1256.667: [class unloading, 0.0121115 secs]2026-04-20T14:42:53.772+0530: 1256.679: [scrub symbol table, 0.0057686 secs]2026-04-20T14:42:53.777+0530: 1256.685: [scrub string table, 0.0028805 secs][1 CMS-remark: 57K(64K)] 284568K(471872K), 0.0560438 secs] [Times: user=0.20 sys=0.06, real=0.05 secs] 
2026-04-20T14:42:53.783+0530: 1256.690: Total time for which application threads were stopped: 0.0563165 seconds, Stopping threads took: 0.0000368 seconds
2026-04-20T14:42:53.783+0530: 1256.690: [CMS-concurrent-sweep-start]
2026-04-20T14:42:53.783+0530: 1256.690: [CMS-concurrent-sweep: 0.000/0.000 secs] [Times: user=0.00 sys=0.00, real=0.00 secs] 
2026-04-20T14:42:53.783+0530: 1256.690: [CMS-concurrent-reset-start]
2026-04-20T14:42:53.783+0530: 1256.690: [CMS-concurrent-reset: 0.000/0.000 secs] [Times: user=0.00 sys=0.00, real=0.00 secs] 
2026-04-20T14:43:03.786+0530: 1266.693: [GC (CMS Initial Mark) [1 CMS-initial-mark: 57K(64K)] 285774K(471872K), 0.0350201 secs] [Times: user=0.14 sys=0.00, real=0.04 secs] 
2026-04-20T14:43:03.821+0530: 1266.728: Total time for which application threads were stopped: 0.0354370 seconds, Stopping threads took: 0.0000894 seconds
2026-04-20T14:43:03.821+0530: 1266.729: [CMS-concurrent-mark-start]
2026-04-20T14:43:03.821+0530: 1266.729: [CMS-concurrent-mark: 0.000/0.000 secs] [Times: user=0.00 sys=0.00, real=0.00 secs] 
2026-04-20T14:43:03.822+0530: 1266.729: [CMS-concurrent-preclean-start]
2026-04-20T14:43:03.822+0530: 1266.730: [CMS-concurrent-preclean: 0.001/0.001 secs] [Times: user=0.00 sys=0.00, real=0.00 secs] 
2026-04-20T14:43:03.823+0530: 1266.730: [CMS-concurrent-abortable-preclean-start]
2026-04-20T14:43:03.823+0530: 1266.730: [CMS-concurrent-abortable-preclean: 0.000/0.000 secs] [Times: user=0.00 sys=0.00, real=0.00 secs] 
2026-04-20T14:43:03.823+0530: 1266.731: [GC (CMS Final Remark) [YG occupancy: 285716 K (471808 K)]2026-04-20T14:43:03.824+0530: 1266.731: [Rescan (parallel) , 0.0413029 secs]2026-04-20T14:43:03.865+0530: 1266.772: [weak refs processing, 0.0000816 secs]2026-04-20T14:43:03.865+0530: 1266.772: [class unloading, 0.0115988 secs]2026-04-20T14:43:03.876+0530: 1266.784: [scrub symbol table, 0.0080374 secs]2026-04-20T14:43:03.885+0530: 1266.792: [scrub string table, 0.0034305 secs][1 CMS-remark: 57K(64K)] 285774K(471872K), 0.0670451 secs] [Times: user=0.39 sys=0.00, real=0.07 secs] 
2026-04-20T14:43:03.890+0530: 1266.798: Total time for which application threads were stopped: 0.0674121 seconds, Stopping threads took: 0.0000596 seconds
2026-04-20T14:43:03.891+0530: 1266.798: [CMS-concurrent-sweep-start]
2026-04-20T14:43:03.891+0530: 1266.798: [CMS-concurrent-sweep: 0.000/0.000 secs] [Times: user=0.00 sys=0.00, real=0.00 secs] 
2026-04-20T14:43:03.891+0530: 1266.798: [CMS-concurrent-reset-start]
2026-04-20T14:43:03.891+0530: 1266.798: [CMS-concurrent-reset: 0.000/0.000 secs] [Times: user=0.00 sys=0.00, real=0.00 secs] 
2026-04-20T14:43:06.921+0530: 1269.828: Total time for which application threads were stopped: 0.0002355 seconds, Stopping threads took: 0.0000757 seconds
2026-04-20T14:43:13.905+0530: 1276.812: [GC (CMS Initial Mark) [1 CMS-initial-mark: 57K(64K)] 287187K(471872K), 0.0380833 secs] [Times: user=0.26 sys=0.00, real=0.04 secs] 
2026-04-20T14:43:13.944+0530: 1276.851: Total time for which application threads were stopped: 0.0385782 seconds, Stopping threads took: 0.0000649 seconds
2026-04-20T14:43:13.944+0530: 1276.851: [CMS-concurrent-mark-start]
2026-04-20T14:43:13.944+0530: 1276.852: [CMS-concurrent-mark: 0.001/0.001 secs] [Times: user=0.00 sys=0.00, real=0.00 secs] 
2026-04-20T14:43:13.945+0530: 1276.852: [CMS-concurrent-preclean-start]
2026-04-20T14:43:13.946+0530: 1276.853: [CMS-concurrent-preclean: 0.002/0.002 secs] [Times: user=0.00 sys=0.00, real=0.00 secs] 
2026-04-20T14:43:13.946+0530: 1276.854: [CMS-concurrent-abortable-preclean-start]
2026-04-20T14:43:13.946+0530: 1276.854: [CMS-concurrent-abortable-preclean: 0.000/0.000 secs] [Times: user=0.00 sys=0.00, real=0.00 secs] 
2026-04-20T14:43:13.947+0530: 1276.854: [GC (CMS Final Remark) [YG occupancy: 287130 K (471808 K)]2026-04-20T14:43:13.947+0530: 1276.854: [Rescan (parallel) , 0.0373469 secs]2026-04-20T14:43:13.984+0530: 1276.892: [weak refs processing, 0.0000607 secs]2026-04-20T14:43:13.985+0530: 1276.892: [class unloading, 0.0129633 secs]2026-04-20T14:43:13.997+0530: 1276.905: [scrub symbol table, 0.0087055 secs]2026-04-20T14:43:14.006+0530: 1276.914: [scrub string table, 0.0046998 secs][1 CMS-remark: 57K(64K)] 287187K(471872K), 0.0668559 secs] [Times: user=0.24 sys=0.00, real=0.07 secs] 
2026-04-20T14:43:14.013+0530: 1276.921: Total time for which application threads were stopped: 0.0673009 seconds, Stopping threads took: 0.0000925 seconds
2026-04-20T14:43:14.014+0530: 1276.921: [CMS-concurrent-sweep-start]
2026-04-20T14:43:14.014+0530: 1276.922: [CMS-concurrent-sweep: 0.000/0.000 secs] [Times: user=0.00 sys=0.00, real=0.00 secs] 
2026-04-20T14:43:14.014+0530: 1276.922: [CMS-concurrent-reset-start]
2026-04-20T14:43:14.014+0530: 1276.922: [CMS-concurrent-reset: 0.000/0.000 secs] [Times: user=0.00 sys=0.00, real=0.00 secs] 
2026-04-20T14:43:23.102+0530: 1286.010: Total time for which application threads were stopped: 0.0002998 seconds, Stopping threads took: 0.0001039 seconds
2026-04-20T14:43:24.022+0530: 1286.929: [GC (CMS Initial Mark) [1 CMS-initial-mark: 57K(64K)] 287187K(471872K), 0.0311943 secs] [Times: user=0.12 sys=0.02, real=0.03 secs] 
2026-04-20T14:43:24.053+0530: 1286.961: Total time for which application threads were stopped: 0.0316093 seconds, Stopping threads took: 0.0000673 seconds
2026-04-20T14:43:24.053+0530: 1286.961: [CMS-concurrent-mark-start]
2026-04-20T14:43:24.053+0530: 1286.961: [CMS-concurrent-mark: 0.000/0.000 secs] [Times: user=0.00 sys=0.00, real=0.00 secs] 
2026-04-20T14:43:24.053+0530: 1286.961: [CMS-concurrent-preclean-start]
2026-04-20T14:43:24.053+0530: 1286.962: [CMS-concurrent-preclean: 0.001/0.001 secs] [Times: user=0.00 sys=0.00, real=0.00 secs] 
2026-04-20T14:43:24.053+0530: 1286.962: [CMS-concurrent-abortable-preclean-start]
2026-04-20T14:43:24.053+0530: 1286.962: [CMS-concurrent-abortable-preclean: 0.000/0.000 secs] [Times: user=0.00 sys=0.00, real=0.00 secs] 
2026-04-20T14:43:24.055+0530: 1286.962: [GC (CMS Final Remark) [YG occupancy: 287130 K (471808 K)]2026-04-20T14:43:24.055+0530: 1286.962: [Rescan (parallel) , 0.0330981 secs]2026-04-20T14:43:24.088+0530: 1286.995: [weak refs processing, 0.0000428 secs]2026-04-20T14:43:24.088+0530: 1286.996: [class unloading, 0.0094250 secs]2026-04-20T14:43:24.098+0530: 1287.005: [scrub symbol table, 0.0048856 secs]2026-04-20T14:43:24.102+0530: 1287.010: [scrub string table, 0.0026372 secs][1 CMS-remark: 57K(64K)] 287187K(471872K), 0.0523961 secs] [Times: user=0.20 sys=0.02, real=0.05 secs] 
2026-04-20T14:43:24.107+0530: 1287.015: Total time for which application threads were stopped: 0.0526649 seconds, Stopping threads took: 0.0000449 seconds
2026-04-20T14:43:24.107+0530: 1287.015: [CMS-concurrent-sweep-start]
2026-04-20T14:43:24.107+0530: 1287.015: [CMS-concurrent-sweep: 0.000/0.000 secs] [Times: user=0.00 sys=0.00, real=0.00 secs] 
2026-04-20T14:43:24.107+0530: 1287.015: [CMS-concurrent-reset-start]
2026-04-20T14:43:24.107+0530: 1287.015: [CMS-concurrent-reset: 0.000/0.000 secs] [Times: user=0.00 sys=0.00, real=0.00 secs] 
2026-04-20T14:43:34.108+0530: 1297.015: [GC (CMS Initial Mark) [1 CMS-initial-mark: 57K(64K)] 287886K(471872K), 0.0308815 secs] [Times: user=0.25 sys=0.00, real=0.03 secs] 
2026-04-20T14:43:34.138+0530: 1297.046: Total time for which application threads were stopped: 0.0312541 seconds, Stopping threads took: 0.0000549 seconds
2026-04-20T14:43:34.139+0530: 1297.046: [CMS-concurrent-mark-start]
2026-04-20T14:43:34.139+0530: 1297.047: [CMS-concurrent-mark: 0.000/0.000 secs] [Times: user=0.00 sys=0.00, real=0.00 secs] 
2026-04-20T14:43:34.139+0530: 1297.047: [CMS-concurrent-preclean-start]
2026-04-20T14:43:34.140+0530: 1297.048: [CMS-concurrent-preclean: 0.001/0.001 secs] [Times: user=0.00 sys=0.00, real=0.00 secs] 
2026-04-20T14:43:34.140+0530: 1297.048: [CMS-concurrent-abortable-preclean-start]
2026-04-20T14:43:34.140+0530: 1297.048: [CMS-concurrent-abortable-preclean: 0.000/0.000 secs] [Times: user=0.00 sys=0.00, real=0.00 secs] 
2026-04-20T14:43:34.140+0530: 1297.048: [GC (CMS Final Remark) [YG occupancy: 287829 K (471808 K)]2026-04-20T14:43:34.140+0530: 1297.048: [Rescan (parallel) , 0.0337965 secs]2026-04-20T14:43:34.175+0530: 1297.082: [weak refs processing, 0.0000692 secs]2026-04-20T14:43:34.175+0530: 1297.082: [class unloading, 0.0089199 secs]2026-04-20T14:43:34.183+0530: 1297.091: [scrub symbol table, 0.0047980 secs]2026-04-20T14:43:34.188+0530: 1297.096: [scrub string table, 0.0025300 secs][1 CMS-remark: 57K(64K)] 287886K(471872K), 0.0522031 secs] [Times: user=0.34 sys=0.03, real=0.05 secs] 
2026-04-20T14:43:34.193+0530: 1297.100: Total time for which application threads were stopped: 0.0524422 seconds, Stopping threads took: 0.0000359 seconds
2026-04-20T14:43:34.193+0530: 1297.100: [CMS-concurrent-sweep-start]
2026-04-20T14:43:34.193+0530: 1297.100: [CMS-concurrent-sweep: 0.000/0.000 secs] [Times: user=0.00 sys=0.00, real=0.00 secs] 
2026-04-20T14:43:34.193+0530: 1297.101: [CMS-concurrent-reset-start]
2026-04-20T14:43:34.193+0530: 1297.101: [CMS-concurrent-reset: 0.000/0.000 secs] [Times: user=0.00 sys=0.00, real=0.00 secs] 
2026-04-20T14:43:44.193+0530: 1307.100: [GC (CMS Initial Mark) [1 CMS-initial-mark: 57K(64K)] 287886K(471872K), 0.0334943 secs] [Times: user=0.11 sys=0.03, real=0.03 secs] 
2026-04-20T14:43:44.226+0530: 1307.134: Total time for which application threads were stopped: 0.0339723 seconds, Stopping threads took: 0.0000957 seconds
2026-04-20T14:43:44.226+0530: 1307.134: [CMS-concurrent-mark-start]
2026-04-20T14:43:44.226+0530: 1307.134: [CMS-concurrent-mark: 0.000/0.000 secs] [Times: user=0.00 sys=0.00, real=0.00 secs] 
2026-04-20T14:43:44.227+0530: 1307.134: [CMS-concurrent-preclean-start]
2026-04-20T14:43:44.227+0530: 1307.135: [CMS-concurrent-preclean: 0.001/0.001 secs] [Times: user=0.00 sys=0.00, real=0.00 secs] 
2026-04-20T14:43:44.227+0530: 1307.135: [CMS-concurrent-abortable-preclean-start]
2026-04-20T14:43:44.227+0530: 1307.135: [CMS-concurrent-abortable-preclean: 0.000/0.000 secs] [Times: user=0.00 sys=0.00, real=0.00 secs] 
2026-04-20T14:43:44.228+0530: 1307.136: [GC (CMS Final Remark) [YG occupancy: 287829 K (471808 K)]2026-04-20T14:43:44.228+0530: 1307.136: [Rescan (parallel) , 0.0326383 secs]2026-04-20T14:43:44.261+0530: 1307.168: [weak refs processing, 0.0000537 secs]2026-04-20T14:43:44.261+0530: 1307.168: [class unloading, 0.0090510 secs]2026-04-20T14:43:44.269+0530: 1307.177: [scrub symbol table, 0.0044966 secs]2026-04-20T14:43:44.275+0530: 1307.182: [scrub string table, 0.0025399 secs][1 CMS-remark: 57K(64K)] 287886K(471872K), 0.0508172 secs] [Times: user=0.24 sys=0.03, real=0.05 secs] 
2026-04-20T14:43:44.279+0530: 1307.186: Total time for which application threads were stopped: 0.0510709 seconds, Stopping threads took: 0.0000378 seconds
2026-04-20T14:43:44.280+0530: 1307.187: [CMS-concurrent-sweep-start]
2026-04-20T14:43:44.280+0530: 1307.187: [CMS-concurrent-sweep: 0.000/0.000 secs] [Times: user=0.00 sys=0.00, real=0.00 secs] 
2026-04-20T14:43:44.280+0530: 1307.187: [CMS-concurrent-reset-start]
2026-04-20T14:43:44.280+0530: 1307.187: [CMS-concurrent-reset: 0.000/0.000 secs] [Times: user=0.00 sys=0.00, real=0.00 secs] 
2026-04-20T14:43:51.353+0530: 1314.260: Total time for which application threads were stopped: 0.0002497 seconds, Stopping threads took: 0.0000484 seconds
2026-04-20T14:43:53.382+0530: 1316.289: Total time for which application threads were stopped: 0.0002464 seconds, Stopping threads took: 0.0000579 seconds
2026-04-20T14:43:54.289+0530: 1317.197: [GC (CMS Initial Mark) [1 CMS-initial-mark: 57K(64K)] 287886K(471872K), 0.0310643 secs] [Times: user=0.14 sys=0.00, real=0.03 secs] 
2026-04-20T14:43:54.320+0530: 1317.228: Total time for which application threads were stopped: 0.0314753 seconds, Stopping threads took: 0.0000601 seconds
2026-04-20T14:43:54.320+0530: 1317.228: [CMS-concurrent-mark-start]
2026-04-20T14:43:54.321+0530: 1317.228: [CMS-concurrent-mark: 0.000/0.000 secs] [Times: user=0.00 sys=0.00, real=0.00 secs] 
2026-04-20T14:43:54.321+0530: 1317.228: [CMS-concurrent-preclean-start]
2026-04-20T14:43:54.322+0530: 1317.229: [CMS-concurrent-preclean: 0.001/0.001 secs] [Times: user=0.00 sys=0.00, real=0.00 secs] 
2026-04-20T14:43:54.322+0530: 1317.229: [CMS-concurrent-abortable-preclean-start]
2026-04-20T14:43:54.322+0530: 1317.229: [CMS-concurrent-abortable-preclean: 0.000/0.000 secs] [Times: user=0.00 sys=0.00, real=0.00 secs] 
2026-04-20T14:43:54.322+0530: 1317.230: [GC (CMS Final Remark) [YG occupancy: 287829 K (471808 K)]2026-04-20T14:43:54.322+0530: 1317.230: [Rescan (parallel) , 0.0340250 secs]2026-04-20T14:43:54.356+0530: 1317.264: [weak refs processing, 0.0000622 secs]2026-04-20T14:43:54.356+0530: 1317.264: [class unloading, 0.0117957 secs]2026-04-20T14:43:54.368+0530: 1317.276: [scrub symbol table, 0.0049901 secs]2026-04-20T14:43:54.373+0530: 1317.281: [scrub string table, 0.0026162 secs][1 CMS-remark: 57K(64K)] 287886K(471872K), 0.0555186 secs] [Times: user=0.27 sys=0.02, real=0.06 secs] 
2026-04-20T14:43:54.378+0530: 1317.285: Total time for which application threads were stopped: 0.0558809 seconds, Stopping threads took: 0.0000343 seconds
2026-04-20T14:43:54.378+0530: 1317.286: [CMS-concurrent-sweep-start]
2026-04-20T14:43:54.378+0530: 1317.286: [CMS-concurrent-sweep: 0.000/0.000 secs] [Times: user=0.00 sys=0.00, real=0.00 secs] 
2026-04-20T14:43:54.378+0530: 1317.286: [CMS-concurrent-reset-start]
2026-04-20T14:43:54.378+0530: 1317.286: [CMS-concurrent-reset: 0.000/0.000 secs] [Times: user=0.00 sys=0.00, real=0.00 secs] 
2026-04-20T14:44:02.450+0530: 1325.358: Total time for which application threads were stopped: 0.0003073 seconds, Stopping threads took: 0.0000805 seconds
2026-04-20T14:44:04.387+0530: 1327.294: [GC (CMS Initial Mark) [1 CMS-initial-mark: 57K(64K)] 287886K(471872K), 0.0338582 secs] [Times: user=0.24 sys=0.02, real=0.03 secs] 
2026-04-20T14:44:04.420+0530: 1327.328: Total time for which application threads were stopped: 0.0344804 seconds, Stopping threads took: 0.0001329 seconds
2026-04-20T14:44:04.421+0530: 1327.328: [CMS-concurrent-mark-start]
2026-04-20T14:44:04.422+0530: 1327.329: [CMS-concurrent-mark: 0.000/0.000 secs] [Times: user=0.00 sys=0.00, real=0.00 secs] 
2026-04-20T14:44:04.422+0530: 1327.329: [CMS-concurrent-preclean-start]
2026-04-20T14:44:04.422+0530: 1327.330: [CMS-concurrent-preclean: 0.001/0.001 secs] [Times: user=0.00 sys=0.00, real=0.00 secs] 
2026-04-20T14:44:04.422+0530: 1327.330: [CMS-concurrent-abortable-preclean-start]
2026-04-20T14:44:04.422+0530: 1327.330: [CMS-concurrent-abortable-preclean: 0.000/0.000 secs] [Times: user=0.00 sys=0.00, real=0.00 secs] 
2026-04-20T14:44:04.422+0530: 1327.330: [GC (CMS Final Remark) [YG occupancy: 287829 K (471808 K)]2026-04-20T14:44:04.423+0530: 1327.330: [Rescan (parallel) , 0.0344613 secs]2026-04-20T14:44:04.457+0530: 1327.365: [weak refs processing, 0.0000898 secs]2026-04-20T14:44:04.457+0530: 1327.365: [class unloading, 0.0102777 secs]2026-04-20T14:44:04.467+0530: 1327.375: [scrub symbol table, 0.0052305 secs]2026-04-20T14:44:04.473+0530: 1327.380: [scrub string table, 0.0026621 secs][1 CMS-remark: 57K(64K)] 287886K(471872K), 0.0548033 secs] [Times: user=0.33 sys=0.05, real=0.06 secs] 
2026-04-20T14:44:04.478+0530: 1327.385: Total time for which application threads were stopped: 0.0550389 seconds, Stopping threads took: 0.0000363 seconds
2026-04-20T14:44:04.478+0530: 1327.385: [CMS-concurrent-sweep-start]
2026-04-20T14:44:04.478+0530: 1327.385: [CMS-concurrent-sweep: 0.000/0.000 secs] [Times: user=0.00 sys=0.00, real=0.00 secs] 
2026-04-20T14:44:04.478+0530: 1327.385: [CMS-concurrent-reset-start]
2026-04-20T14:44:04.478+0530: 1327.385: [CMS-concurrent-reset: 0.000/0.000 secs] [Times: user=0.00 sys=0.00, real=0.00 secs] 
2026-04-20T14:44:12.515+0530: 1335.422: Total time for which application threads were stopped: 0.0009032 seconds, Stopping threads took: 0.0001448 seconds
2026-04-20T14:44:14.480+0530: 1337.388: [GC (CMS Initial Mark) [1 CMS-initial-mark: 57K(64K)] 287886K(471872K), 0.0336210 secs] [Times: user=0.20 sys=0.05, real=0.03 secs] 
2026-04-20T14:44:14.514+0530: 1337.421: Total time for which application threads were stopped: 0.0341907 seconds, Stopping threads took: 0.0001343 seconds
2026-04-20T14:44:14.514+0530: 1337.421: [CMS-concurrent-mark-start]
2026-04-20T14:44:14.514+0530: 1337.422: [CMS-concurrent-mark: 0.000/0.000 secs] [Times: user=0.00 sys=0.00, real=0.00 secs] 
2026-04-20T14:44:14.514+0530: 1337.422: [CMS-concurrent-preclean-start]
2026-04-20T14:44:14.514+0530: 1337.423: [CMS-concurrent-preclean: 0.001/0.001 secs] [Times: user=0.00 sys=0.00, real=0.00 secs] 
2026-04-20T14:44:14.514+0530: 1337.423: [CMS-concurrent-abortable-preclean-start]
2026-04-20T14:44:14.514+0530: 1337.423: [CMS-concurrent-abortable-preclean: 0.000/0.000 secs] [Times: user=0.00 sys=0.00, real=0.00 secs] 
2026-04-20T14:44:14.516+0530: 1337.423: [GC (CMS Final Remark) [YG occupancy: 287829 K (471808 K)]2026-04-20T14:44:14.516+0530: 1337.423: [Rescan (parallel) , 0.0334004 secs]2026-04-20T14:44:14.549+0530: 1337.457: [weak refs processing, 0.0000461 secs]2026-04-20T14:44:14.549+0530: 1337.457: [class unloading, 0.0095915 secs]2026-04-20T14:44:14.559+0530: 1337.467: [scrub symbol table, 0.0049289 secs]2026-04-20T14:44:14.564+0530: 1337.472: [scrub string table, 0.0027896 secs][1 CMS-remark: 57K(64K)] 287886K(471872K), 0.0529844 secs] [Times: user=0.33 sys=0.03, real=0.05 secs] 
2026-04-20T14:44:14.569+0530: 1337.476: Total time for which application threads were stopped: 0.0533042 seconds, Stopping threads took: 0.0000693 seconds
2026-04-20T14:44:14.569+0530: 1337.477: [CMS-concurrent-sweep-start]
2026-04-20T14:44:14.569+0530: 1337.477: [CMS-concurrent-sweep: 0.000/0.000 secs] [Times: user=0.00 sys=0.00, real=0.00 secs] 
2026-04-20T14:44:14.569+0530: 1337.477: [CMS-concurrent-reset-start]
2026-04-20T14:44:14.569+0530: 1337.477: [CMS-concurrent-reset: 0.000/0.000 secs] [Times: user=0.00 sys=0.00, real=0.00 secs] 
2026-04-20T14:44:24.573+0530: 1347.480: [GC (CMS Initial Mark) [1 CMS-initial-mark: 57K(64K)] 288587K(471872K), 0.0333015 secs] [Times: user=0.22 sys=0.03, real=0.03 secs] 
2026-04-20T14:44:24.605+0530: 1347.513: Total time for which application threads were stopped: 0.0337657 seconds, Stopping threads took: 0.0000954 seconds
2026-04-20T14:44:24.605+0530: 1347.513: [CMS-concurrent-mark-start]
2026-04-20T14:44:24.607+0530: 1347.514: [CMS-concurrent-mark: 0.000/0.000 secs] [Times: user=0.00 sys=0.00, real=0.00 secs] 
2026-04-20T14:44:24.607+0530: 1347.514: [CMS-concurrent-preclean-start]
2026-04-20T14:44:24.607+0530: 1347.515: [CMS-concurrent-preclean: 0.001/0.001 secs] [Times: user=0.00 sys=0.00, real=0.00 secs] 
2026-04-20T14:44:24.607+0530: 1347.515: [CMS-concurrent-abortable-preclean-start]
2026-04-20T14:44:24.607+0530: 1347.515: [CMS-concurrent-abortable-preclean: 0.000/0.000 secs] [Times: user=0.00 sys=0.00, real=0.00 secs] 
2026-04-20T14:44:24.608+0530: 1347.515: [GC (CMS Final Remark) [YG occupancy: 288529 K (471808 K)]2026-04-20T14:44:24.608+0530: 1347.515: [Rescan (parallel) , 0.0333809 secs]2026-04-20T14:44:24.641+0530: 1347.549: [weak refs processing, 0.0000482 secs]2026-04-20T14:44:24.642+0530: 1347.549: [class unloading, 0.0101586 secs]2026-04-20T14:44:24.651+0530: 1347.559: [scrub symbol table, 0.0049869 secs]2026-04-20T14:44:24.657+0530: 1347.564: [scrub string table, 0.0039492 secs][1 CMS-remark: 57K(64K)] 288587K(471872K), 0.0545466 secs] [Times: user=0.28 sys=0.00, real=0.05 secs] 
2026-04-20T14:44:24.663+0530: 1347.570: Total time for which application threads were stopped: 0.0548258 seconds, Stopping threads took: 0.0000645 seconds
2026-04-20T14:44:24.663+0530: 1347.570: [CMS-concurrent-sweep-start]
2026-04-20T14:44:24.663+0530: 1347.570: [CMS-concurrent-sweep: 0.000/0.000 secs] [Times: user=0.00 sys=0.00, real=0.00 secs] 
2026-04-20T14:44:24.663+0530: 1347.570: [CMS-concurrent-reset-start]
2026-04-20T14:44:24.663+0530: 1347.570: [CMS-concurrent-reset: 0.000/0.000 secs] [Times: user=0.00 sys=0.00, real=0.00 secs] 
2026-04-20T14:44:30.713+0530: 1353.620: Total time for which application threads were stopped: 0.0003666 seconds, Stopping threads took: 0.0000976 seconds
2026-04-20T14:44:34.672+0530: 1357.579: [GC (CMS Initial Mark) [1 CMS-initial-mark: 57K(64K)] 288587K(471872K), 0.0345229 secs] [Times: user=0.20 sys=0.01, real=0.03 secs] 
2026-04-20T14:44:34.706+0530: 1357.614: Total time for which application threads were stopped: 0.0350796 seconds, Stopping threads took: 0.0001866 seconds
2026-04-20T14:44:34.706+0530: 1357.614: [CMS-concurrent-mark-start]
2026-04-20T14:44:34.706+0530: 1357.614: [CMS-concurrent-mark: 0.000/0.000 secs] [Times: user=0.00 sys=0.00, real=0.00 secs] 
2026-04-20T14:44:34.707+0530: 1357.615: [CMS-concurrent-preclean-start]
2026-04-20T14:44:34.707+0530: 1357.615: [CMS-concurrent-preclean: 0.001/0.001 secs] [Times: user=0.00 sys=0.00, real=0.00 secs] 
2026-04-20T14:44:34.707+0530: 1357.615: [CMS-concurrent-abortable-preclean-start]
2026-04-20T14:44:34.707+0530: 1357.615: [CMS-concurrent-abortable-preclean: 0.000/0.000 secs] [Times: user=0.00 sys=0.00, real=0.00 secs] 
2026-04-20T14:44:34.707+0530: 1357.615: [GC (CMS Final Remark) [YG occupancy: 288529 K (471808 K)]2026-04-20T14:44:34.707+0530: 1357.616: [Rescan (parallel) , 0.0320192 secs]2026-04-20T14:44:34.741+0530: 1357.648: [weak refs processing, 0.0000463 secs]2026-04-20T14:44:34.741+0530: 1357.648: [class unloading, 0.0121384 secs]2026-04-20T14:44:34.753+0530: 1357.660: [scrub symbol table, 0.0053375 secs]2026-04-20T14:44:34.757+0530: 1357.666: [scrub string table, 0.0034075 secs][1 CMS-remark: 57K(64K)] 288587K(471872K), 0.0562812 secs] [Times: user=0.17 sys=0.03, real=0.06 secs] 
2026-04-20T14:44:34.764+0530: 1357.672: Total time for which application threads were stopped: 0.0565652 seconds, Stopping threads took: 0.0000364 seconds
2026-04-20T14:44:34.764+0530: 1357.672: [CMS-concurrent-sweep-start]
2026-04-20T14:44:34.764+0530: 1357.672: [CMS-concurrent-sweep: 0.000/0.000 secs] [Times: user=0.00 sys=0.00, real=0.00 secs] 
2026-04-20T14:44:34.764+0530: 1357.672: [CMS-concurrent-reset-start]
2026-04-20T14:44:34.764+0530: 1357.672: [CMS-concurrent-reset: 0.000/0.000 secs] [Times: user=0.00 sys=0.00, real=0.00 secs] 
2026-04-20T14:44:39.805+0530: 1362.713: Total time for which application threads were stopped: 0.0003110 seconds, Stopping threads took: 0.0000880 seconds
2026-04-20T14:44:44.769+0530: 1367.677: [GC (CMS Initial Mark) [1 CMS-initial-mark: 57K(64K)] 288587K(471872K), 0.0329510 secs] [Times: user=0.14 sys=0.00, real=0.03 secs] 
2026-04-20T14:44:44.802+0530: 1367.710: Total time for which application threads were stopped: 0.0334979 seconds, Stopping threads took: 0.0001351 seconds
2026-04-20T14:44:44.803+0530: 1367.710: [CMS-concurrent-mark-start]
2026-04-20T14:44:44.803+0530: 1367.710: [CMS-concurrent-mark: 0.000/0.000 secs] [Times: user=0.00 sys=0.00, real=0.00 secs] 
2026-04-20T14:44:44.803+0530: 1367.710: [CMS-concurrent-preclean-start]
2026-04-20T14:44:44.803+0530: 1367.711: [CMS-concurrent-preclean: 0.001/0.001 secs] [Times: user=0.00 sys=0.00, real=0.00 secs] 
2026-04-20T14:44:44.803+0530: 1367.711: [CMS-concurrent-abortable-preclean-start]
2026-04-20T14:44:44.803+0530: 1367.711: [CMS-concurrent-abortable-preclean: 0.000/0.000 secs] [Times: user=0.00 sys=0.00, real=0.00 secs] 
2026-04-20T14:44:44.804+0530: 1367.711: [GC (CMS Final Remark) [YG occupancy: 288529 K (471808 K)]2026-04-20T14:44:44.804+0530: 1367.711: [Rescan (parallel) , 0.0334569 secs]2026-04-20T14:44:44.838+0530: 1367.745: [weak refs processing, 0.0000709 secs]2026-04-20T14:44:44.838+0530: 1367.745: [class unloading, 0.0107714 secs]2026-04-20T14:44:44.848+0530: 1367.756: [scrub symbol table, 0.0049456 secs]2026-04-20T14:44:44.853+0530: 1367.761: [scrub string table, 0.0025184 secs][1 CMS-remark: 57K(64K)] 288587K(471872K), 0.0538529 secs] [Times: user=0.19 sys=0.00, real=0.05 secs] 
2026-04-20T14:44:44.857+0530: 1367.765: Total time for which application threads were stopped: 0.0541304 seconds, Stopping threads took: 0.0000374 seconds
2026-04-20T14:44:44.858+0530: 1367.766: [CMS-concurrent-sweep-start]
2026-04-20T14:44:44.858+0530: 1367.766: [CMS-concurrent-sweep: 0.000/0.000 secs] [Times: user=0.00 sys=0.00, real=0.00 secs] 
2026-04-20T14:44:44.858+0530: 1367.766: [CMS-concurrent-reset-start]
2026-04-20T14:44:44.858+0530: 1367.766: [CMS-concurrent-reset: 0.000/0.000 secs] [Times: user=0.00 sys=0.00, real=0.00 secs] 
2026-04-20T14:44:46.874+0530: 1369.781: Total time for which application threads were stopped: 0.0003537 seconds, Stopping threads took: 0.0001185 seconds
2026-04-20T14:44:54.859+0530: 1377.767: [GC (CMS Initial Mark) [1 CMS-initial-mark: 57K(64K)] 289999K(471872K), 0.0353903 secs] [Times: user=0.17 sys=0.01, real=0.04 secs] 
2026-04-20T14:44:54.894+0530: 1377.802: Total time for which application threads were stopped: 0.0358161 seconds, Stopping threads took: 0.0000991 seconds
2026-04-20T14:44:54.895+0530: 1377.803: [CMS-concurrent-mark-start]
2026-04-20T14:44:54.895+0530: 1377.803: [CMS-concurrent-mark: 0.000/0.000 secs] [Times: user=0.00 sys=0.00, real=0.00 secs] 
2026-04-20T14:44:54.895+0530: 1377.803: [CMS-concurrent-preclean-start]
2026-04-20T14:44:54.897+0530: 1377.804: [CMS-concurrent-preclean: 0.001/0.001 secs] [Times: user=0.00 sys=0.00, real=0.00 secs] 
2026-04-20T14:44:54.897+0530: 1377.804: [CMS-concurrent-abortable-preclean-start]
2026-04-20T14:44:54.897+0530: 1377.804: [CMS-concurrent-abortable-preclean: 0.000/0.000 secs] [Times: user=0.00 sys=0.00, real=0.00 secs] 
2026-04-20T14:44:54.897+0530: 1377.804: [GC (CMS Final Remark) [YG occupancy: 289941 K (471808 K)]2026-04-20T14:44:54.897+0530: 1377.804: [Rescan (parallel) , 0.0336912 secs]2026-04-20T14:44:54.931+0530: 1377.838: [weak refs processing, 0.0000590 secs]2026-04-20T14:44:54.931+0530: 1377.838: [class unloading, 0.0093869 secs]2026-04-20T14:44:54.940+0530: 1377.847: [scrub symbol table, 0.0041130 secs]2026-04-20T14:44:54.944+0530: 1377.852: [scrub string table, 0.0025818 secs][1 CMS-remark: 57K(64K)] 289999K(471872K), 0.0521290 secs] [Times: user=0.20 sys=0.03, real=0.05 secs] 
2026-04-20T14:44:54.948+0530: 1377.856: Total time for which application threads were stopped: 0.0523741 seconds, Stopping threads took: 0.0000375 seconds
2026-04-20T14:44:54.948+0530: 1377.857: [CMS-concurrent-sweep-start]
2026-04-20T14:44:54.948+0530: 1377.857: [CMS-concurrent-sweep: 0.000/0.000 secs] [Times: user=0.00 sys=0.00, real=0.00 secs] 
2026-04-20T14:44:54.948+0530: 1377.857: [CMS-concurrent-reset-start]
2026-04-20T14:44:54.948+0530: 1377.857: [CMS-concurrent-reset: 0.000/0.000 secs] [Times: user=0.00 sys=0.00, real=0.00 secs] 
2026-04-20T14:45:03.007+0530: 1385.915: Total time for which application threads were stopped: 0.0002094 seconds, Stopping threads took: 0.0000579 seconds
2026-04-20T14:45:04.960+0530: 1387.867: [GC (CMS Initial Mark) [1 CMS-initial-mark: 57K(64K)] 291397K(471872K), 0.0330594 secs] [Times: user=0.12 sys=0.01, real=0.03 secs] 
2026-04-20T14:45:04.993+0530: 1387.900: Total time for which application threads were stopped: 0.0337722 seconds, Stopping threads took: 0.0001391 seconds
2026-04-20T14:45:04.993+0530: 1387.901: [CMS-concurrent-mark-start]
2026-04-20T14:45:04.994+0530: 1387.901: [CMS-concurrent-mark: 0.000/0.000 secs] [Times: user=0.00 sys=0.00, real=0.00 secs] 
2026-04-20T14:45:04.994+0530: 1387.901: [CMS-concurrent-preclean-start]
2026-04-20T14:45:04.994+0530: 1387.902: [CMS-concurrent-preclean: 0.001/0.001 secs] [Times: user=0.00 sys=0.00, real=0.00 secs] 
2026-04-20T14:45:04.994+0530: 1387.902: [CMS-concurrent-abortable-preclean-start]
2026-04-20T14:45:04.994+0530: 1387.902: [CMS-concurrent-abortable-preclean: 0.000/0.000 secs] [Times: user=0.00 sys=0.00, real=0.00 secs] 
2026-04-20T14:45:04.994+0530: 1387.902: [GC (CMS Final Remark) [YG occupancy: 291339 K (471808 K)]2026-04-20T14:45:04.994+0530: 1387.902: [Rescan (parallel) , 0.0342774 secs]2026-04-20T14:45:05.029+0530: 1387.936: [weak refs processing, 0.0000558 secs]2026-04-20T14:45:05.029+0530: 1387.937: [class unloading, 0.0102649 secs]2026-04-20T14:45:05.040+0530: 1387.947: [scrub symbol table, 0.0033250 secs]2026-04-20T14:45:05.042+0530: 1387.950: [scrub string table, 0.0024432 secs][1 CMS-remark: 57K(64K)] 291397K(471872K), 0.0525138 secs] [Times: user=0.22 sys=0.00, real=0.05 secs] 
2026-04-20T14:45:05.047+0530: 1387.955: Total time for which application threads were stopped: 0.0527793 seconds, Stopping threads took: 0.0000369 seconds
2026-04-20T14:45:05.047+0530: 1387.955: [CMS-concurrent-sweep-start]
2026-04-20T14:45:05.047+0530: 1387.955: [CMS-concurrent-sweep: 0.000/0.000 secs] [Times: user=0.00 sys=0.00, real=0.00 secs] 
2026-04-20T14:45:05.047+0530: 1387.955: [CMS-concurrent-reset-start]
2026-04-20T14:45:05.047+0530: 1387.955: [CMS-concurrent-reset: 0.000/0.000 secs] [Times: user=0.00 sys=0.00, real=0.00 secs] 
2026-04-20T14:45:12.124+0530: 1395.032: Total time for which application threads were stopped: 0.0004454 seconds, Stopping threads took: 0.0000888 seconds
2026-04-20T14:45:13.139+0530: 1396.046: Total time for which application threads were stopped: 0.0003158 seconds, Stopping threads took: 0.0000871 seconds
2026-04-20T14:45:15.052+0530: 1397.960: [GC (CMS Initial Mark) [1 CMS-initial-mark: 57K(64K)] 291397K(471872K), 0.0346521 secs] [Times: user=0.14 sys=0.00, real=0.03 secs] 
2026-04-20T14:45:15.087+0530: 1397.994: Total time for which application threads were stopped: 0.0351457 seconds, Stopping threads took: 0.0001170 seconds
2026-04-20T14:45:15.087+0530: 1397.995: [CMS-concurrent-mark-start]
2026-04-20T14:45:15.087+0530: 1397.995: [CMS-concurrent-mark: 0.000/0.000 secs] [Times: user=0.00 sys=0.00, real=0.00 secs] 
2026-04-20T14:45:15.087+0530: 1397.995: [CMS-concurrent-preclean-start]
2026-04-20T14:45:15.088+0530: 1397.996: [CMS-concurrent-preclean: 0.001/0.001 secs] [Times: user=0.00 sys=0.00, real=0.00 secs] 
2026-04-20T14:45:15.088+0530: 1397.996: [CMS-concurrent-abortable-preclean-start]
2026-04-20T14:45:15.088+0530: 1397.996: [CMS-concurrent-abortable-preclean: 0.000/0.000 secs] [Times: user=0.00 sys=0.00, real=0.00 secs] 
2026-04-20T14:45:15.088+0530: 1397.996: [GC (CMS Final Remark) [YG occupancy: 291339 K (471808 K)]2026-04-20T14:45:15.088+0530: 1397.996: [Rescan (parallel) , 0.0337616 secs]2026-04-20T14:45:15.122+0530: 1398.030: [weak refs processing, 0.0000471 secs]2026-04-20T14:45:15.122+0530: 1398.030: [class unloading, 0.0092139 secs]2026-04-20T14:45:15.131+0530: 1398.039: [scrub symbol table, 0.0045367 secs]2026-04-20T14:45:15.136+0530: 1398.044: [scrub string table, 0.0027643 secs][1 CMS-remark: 57K(64K)] 291397K(471872K), 0.0523745 secs] [Times: user=0.22 sys=0.03, real=0.05 secs] 
2026-04-20T14:45:15.140+0530: 1398.048: Total time for which application threads were stopped: 0.0526224 seconds, Stopping threads took: 0.0000369 seconds
2026-04-20T14:45:15.142+0530: 1398.049: [CMS-concurrent-sweep-start]
2026-04-20T14:45:15.142+0530: 1398.049: [CMS-concurrent-sweep: 0.000/0.000 secs] [Times: user=0.00 sys=0.00, real=0.00 secs] 
2026-04-20T14:45:15.142+0530: 1398.049: [CMS-concurrent-reset-start]
2026-04-20T14:45:15.142+0530: 1398.049: [CMS-concurrent-reset: 0.000/0.000 secs] [Times: user=0.00 sys=0.00, real=0.00 secs] 
2026-04-20T14:45:19.181+0530: 1402.089: Total time for which application threads were stopped: 0.0003020 seconds, Stopping threads took: 0.0001021 seconds
2026-04-20T14:45:25.144+0530: 1408.051: [GC (CMS Initial Mark) [1 CMS-initial-mark: 57K(64K)] 291397K(471872K), 0.0357889 secs] [Times: user=0.12 sys=0.02, real=0.04 secs] 
2026-04-20T14:45:25.180+0530: 1408.087: Total time for which application threads were stopped: 0.0363074 seconds, Stopping threads took: 0.0001242 seconds
2026-04-20T14:45:25.180+0530: 1408.087: [CMS-concurrent-mark-start]
2026-04-20T14:45:25.181+0530: 1408.088: [CMS-concurrent-mark: 0.000/0.000 secs] [Times: user=0.00 sys=0.00, real=0.00 secs] 
2026-04-20T14:45:25.181+0530: 1408.088: [CMS-concurrent-preclean-start]
2026-04-20T14:45:25.181+0530: 1408.088: [CMS-concurrent-preclean: 0.001/0.001 secs] [Times: user=0.00 sys=0.00, real=0.00 secs] 
2026-04-20T14:45:25.181+0530: 1408.088: [CMS-concurrent-abortable-preclean-start]
2026-04-20T14:45:25.181+0530: 1408.088: [CMS-concurrent-abortable-preclean: 0.000/0.000 secs] [Times: user=0.00 sys=0.00, real=0.00 secs] 
2026-04-20T14:45:25.182+0530: 1408.089: [GC (CMS Final Remark) [YG occupancy: 291339 K (471808 K)]2026-04-20T14:45:25.182+0530: 1408.089: [Rescan (parallel) , 0.0336348 secs]2026-04-20T14:45:25.215+0530: 1408.122: [weak refs processing, 0.0000485 secs]2026-04-20T14:45:25.215+0530: 1408.123: [class unloading, 0.0095333 secs]2026-04-20T14:45:25.225+0530: 1408.132: [scrub symbol table, 0.0049872 secs]2026-04-20T14:45:25.230+0530: 1408.137: [scrub string table, 0.0025393 secs][1 CMS-remark: 57K(64K)] 291397K(471872K), 0.0529064 secs] [Times: user=0.23 sys=0.00, real=0.05 secs] 
2026-04-20T14:45:25.234+0530: 1408.142: Total time for which application threads were stopped: 0.0531620 seconds, Stopping threads took: 0.0000360 seconds
2026-04-20T14:45:25.234+0530: 1408.142: [CMS-concurrent-sweep-start]
2026-04-20T14:45:25.235+0530: 1408.142: [CMS-concurrent-sweep: 0.000/0.000 secs] [Times: user=0.00 sys=0.00, real=0.00 secs] 
2026-04-20T14:45:25.235+0530: 1408.142: [CMS-concurrent-reset-start]
2026-04-20T14:45:25.235+0530: 1408.142: [CMS-concurrent-reset: 0.000/0.000 secs] [Times: user=0.00 sys=0.00, real=0.00 secs] 
2026-04-20T14:45:35.238+0530: 1418.145: [GC (CMS Initial Mark) [1 CMS-initial-mark: 57K(64K)] 292097K(471872K), 0.0341322 secs] [Times: user=0.14 sys=0.00, real=0.03 secs] 
2026-04-20T14:45:35.272+0530: 1418.180: Total time for which application threads were stopped: 0.0346869 seconds, Stopping threads took: 0.0001616 seconds
2026-04-20T14:45:35.272+0530: 1418.180: [CMS-concurrent-mark-start]
2026-04-20T14:45:35.273+0530: 1418.180: [CMS-concurrent-mark: 0.000/0.000 secs] [Times: user=0.00 sys=0.00, real=0.00 secs] 
2026-04-20T14:45:35.273+0530: 1418.180: [CMS-concurrent-preclean-start]
2026-04-20T14:45:35.274+0530: 1418.181: [CMS-concurrent-preclean: 0.001/0.001 secs] [Times: user=0.00 sys=0.00, real=0.00 secs] 
2026-04-20T14:45:35.274+0530: 1418.181: [CMS-concurrent-abortable-preclean-start]
2026-04-20T14:45:35.274+0530: 1418.181: [CMS-concurrent-abortable-preclean: 0.000/0.000 secs] [Times: user=0.00 sys=0.00, real=0.00 secs] 
2026-04-20T14:45:35.274+0530: 1418.181: [GC (CMS Final Remark) [YG occupancy: 292039 K (471808 K)]2026-04-20T14:45:35.274+0530: 1418.182: [Rescan (parallel) , 0.0363768 secs]2026-04-20T14:45:35.310+0530: 1418.218: [weak refs processing, 0.0000711 secs]2026-04-20T14:45:35.310+0530: 1418.218: [class unloading, 0.0090302 secs]2026-04-20T14:45:35.320+0530: 1418.227: [scrub symbol table, 0.0050768 secs]2026-04-20T14:45:35.325+0530: 1418.232: [scrub string table, 0.0025517 secs][1 CMS-remark: 57K(64K)] 292097K(471872K), 0.0553126 secs] [Times: user=0.23 sys=0.03, real=0.06 secs] 
2026-04-20T14:45:35.329+0530: 1418.237: Total time for which application threads were stopped: 0.0555776 seconds, Stopping threads took: 0.0000417 seconds
2026-04-20T14:45:35.330+0530: 1418.237: [CMS-concurrent-sweep-start]
2026-04-20T14:45:35.330+0530: 1418.237: [CMS-concurrent-sweep: 0.000/0.000 secs] [Times: user=0.00 sys=0.00, real=0.00 secs] 
2026-04-20T14:45:35.330+0530: 1418.237: [CMS-concurrent-reset-start]
2026-04-20T14:45:35.330+0530: 1418.237: [CMS-concurrent-reset: 0.000/0.000 secs] [Times: user=0.00 sys=0.00, real=0.00 secs] 
2026-04-20T14:45:45.334+0530: 1428.242: [GC (CMS Initial Mark) [1 CMS-initial-mark: 57K(64K)] 292097K(471872K), 0.0332783 secs] [Times: user=0.14 sys=0.02, real=0.03 secs] 
2026-04-20T14:45:45.368+0530: 1428.275: Total time for which application threads were stopped: 0.0337515 seconds, Stopping threads took: 0.0000887 seconds
2026-04-20T14:45:45.368+0530: 1428.276: [CMS-concurrent-mark-start]
2026-04-20T14:45:45.368+0530: 1428.276: [CMS-concurrent-mark: 0.000/0.000 secs] [Times: user=0.00 sys=0.00, real=0.00 secs] 
2026-04-20T14:45:45.368+0530: 1428.276: [CMS-concurrent-preclean-start]
2026-04-20T14:45:45.369+0530: 1428.277: [CMS-concurrent-preclean: 0.001/0.001 secs] [Times: user=0.00 sys=0.00, real=0.00 secs] 
2026-04-20T14:45:45.369+0530: 1428.277: [CMS-concurrent-abortable-preclean-start]
2026-04-20T14:45:45.369+0530: 1428.277: [CMS-concurrent-abortable-preclean: 0.000/0.000 secs] [Times: user=0.00 sys=0.00, real=0.00 secs] 
2026-04-20T14:45:45.369+0530: 1428.277: [GC (CMS Final Remark) [YG occupancy: 292039 K (471808 K)]2026-04-20T14:45:45.369+0530: 1428.277: [Rescan (parallel) , 0.0334671 secs]2026-04-20T14:45:45.403+0530: 1428.311: [weak refs processing, 0.0000462 secs]2026-04-20T14:45:45.403+0530: 1428.311: [class unloading, 0.0090856 secs]2026-04-20T14:45:45.412+0530: 1428.320: [scrub symbol table, 0.0056099 secs]2026-04-20T14:45:45.418+0530: 1428.325: [scrub string table, 0.0024960 secs][1 CMS-remark: 57K(64K)] 292097K(471872K), 0.0528181 secs] [Times: user=0.25 sys=0.02, real=0.05 secs] 
2026-04-20T14:45:45.422+0530: 1428.330: Total time for which application threads were stopped: 0.0530664 seconds, Stopping threads took: 0.0000362 seconds
2026-04-20T14:45:45.423+0530: 1428.330: [CMS-concurrent-sweep-start]
2026-04-20T14:45:45.423+0530: 1428.330: [CMS-concurrent-sweep: 0.000/0.000 secs] [Times: user=0.00 sys=0.00, real=0.00 secs] 
2026-04-20T14:45:45.423+0530: 1428.330: [CMS-concurrent-reset-start]
2026-04-20T14:45:45.423+0530: 1428.330: [CMS-concurrent-reset: 0.000/0.000 secs] [Times: user=0.00 sys=0.00, real=0.00 secs] 
2026-04-20T14:45:46.437+0530: 1429.345: Total time for which application threads were stopped: 0.0003810 seconds, Stopping threads took: 0.0001079 seconds
2026-04-20T14:45:55.425+0530: 1438.332: [GC (CMS Initial Mark) [1 CMS-initial-mark: 57K(64K)] 292097K(471872K), 0.0328008 secs] [Times: user=0.12 sys=0.00, real=0.03 secs] 
2026-04-20T14:45:55.457+0530: 1438.365: Total time for which application threads were stopped: 0.0332673 seconds, Stopping threads took: 0.0000951 seconds
2026-04-20T14:45:55.457+0530: 1438.365: [CMS-concurrent-mark-start]
2026-04-20T14:45:55.458+0530: 1438.366: [CMS-concurrent-mark: 0.000/0.000 secs] [Times: user=0.00 sys=0.00, real=0.00 secs] 
2026-04-20T14:45:55.458+0530: 1438.366: [CMS-concurrent-preclean-start]
2026-04-20T14:45:55.458+0530: 1438.366: [CMS-concurrent-preclean: 0.001/0.001 secs] [Times: user=0.00 sys=0.00, real=0.00 secs] 
2026-04-20T14:45:55.458+0530: 1438.366: [CMS-concurrent-abortable-preclean-start]
2026-04-20T14:45:55.458+0530: 1438.366: [CMS-concurrent-abortable-preclean: 0.000/0.000 secs] [Times: user=0.00 sys=0.00, real=0.00 secs] 
2026-04-20T14:45:55.458+0530: 1438.367: [GC (CMS Final Remark) [YG occupancy: 292039 K (471808 K)]2026-04-20T14:45:55.458+0530: 1438.367: [Rescan (parallel) , 0.0334450 secs]2026-04-20T14:45:55.493+0530: 1438.400: [weak refs processing, 0.0000453 secs]2026-04-20T14:45:55.493+0530: 1438.400: [class unloading, 0.0089123 secs]2026-04-20T14:45:55.501+0530: 1438.409: [scrub symbol table, 0.0046011 secs]2026-04-20T14:45:55.507+0530: 1438.414: [scrub string table, 0.0026126 secs][1 CMS-remark: 57K(64K)] 292097K(471872K), 0.0516949 secs] [Times: user=0.23 sys=0.02, real=0.05 secs] 
2026-04-20T14:45:55.511+0530: 1438.418: Total time for which application threads were stopped: 0.0519445 seconds, Stopping threads took: 0.0000397 seconds
2026-04-20T14:45:55.511+0530: 1438.419: [CMS-concurrent-sweep-start]
2026-04-20T14:45:55.511+0530: 1438.419: [CMS-concurrent-sweep: 0.000/0.000 secs] [Times: user=0.00 sys=0.00, real=0.00 secs] 
2026-04-20T14:45:55.511+0530: 1438.419: [CMS-concurrent-reset-start]
2026-04-20T14:45:55.511+0530: 1438.419: [CMS-concurrent-reset: 0.000/0.000 secs] [Times: user=0.00 sys=0.00, real=0.00 secs] 
2026-04-20T14:46:05.519+0530: 1448.427: [GC (CMS Initial Mark) [1 CMS-initial-mark: 57K(64K)] 292097K(471872K), 0.0325772 secs] [Times: user=0.09 sys=0.03, real=0.03 secs] 
2026-04-20T14:46:05.552+0530: 1448.459: Total time for which application threads were stopped: 0.0330618 seconds, Stopping threads took: 0.0001041 seconds
2026-04-20T14:46:05.552+0530: 1448.459: [CMS-concurrent-mark-start]
2026-04-20T14:46:05.552+0530: 1448.460: [CMS-concurrent-mark: 0.000/0.000 secs] [Times: user=0.00 sys=0.00, real=0.00 secs] 
2026-04-20T14:46:05.552+0530: 1448.460: [CMS-concurrent-preclean-start]
2026-04-20T14:46:05.553+0530: 1448.460: [CMS-concurrent-preclean: 0.001/0.001 secs] [Times: user=0.00 sys=0.00, real=0.00 secs] 
2026-04-20T14:46:05.553+0530: 1448.460: [CMS-concurrent-abortable-preclean-start]
2026-04-20T14:46:05.553+0530: 1448.460: [CMS-concurrent-abortable-preclean: 0.000/0.000 secs] [Times: user=0.00 sys=0.00, real=0.00 secs] 
2026-04-20T14:46:05.553+0530: 1448.461: [GC (CMS Final Remark) [YG occupancy: 292039 K (471808 K)]2026-04-20T14:46:05.553+0530: 1448.461: [Rescan (parallel) , 0.0339933 secs]2026-04-20T14:46:05.587+0530: 1448.495: [weak refs processing, 0.0000605 secs]2026-04-20T14:46:05.587+0530: 1448.495: [class unloading, 0.0098048 secs]2026-04-20T14:46:05.597+0530: 1448.505: [scrub symbol table, 0.0046058 secs]2026-04-20T14:46:05.602+0530: 1448.509: [scrub string table, 0.0025203 secs][1 CMS-remark: 57K(64K)] 292097K(471872K), 0.0530240 secs] [Times: user=0.25 sys=0.02, real=0.05 secs] 
2026-04-20T14:46:05.607+0530: 1448.514: Total time for which application threads were stopped: 0.0532703 seconds, Stopping threads took: 0.0000356 seconds
2026-04-20T14:46:05.607+0530: 1448.514: [CMS-concurrent-sweep-start]
2026-04-20T14:46:05.607+0530: 1448.514: [CMS-concurrent-sweep: 0.000/0.000 secs] [Times: user=0.00 sys=0.00, real=0.00 secs] 
2026-04-20T14:46:05.607+0530: 1448.514: [CMS-concurrent-reset-start]
2026-04-20T14:46:05.607+0530: 1448.514: [CMS-concurrent-reset: 0.000/0.000 secs] [Times: user=0.00 sys=0.00, real=0.00 secs] 
2026-04-20T14:46:12.647+0530: 1455.555: Total time for which application threads were stopped: 0.0001798 seconds, Stopping threads took: 0.0000520 seconds
2026-04-20T14:46:15.614+0530: 1458.521: [GC (CMS Initial Mark) [1 CMS-initial-mark: 57K(64K)] 292097K(471872K), 0.0339008 secs] [Times: user=0.14 sys=0.00, real=0.03 secs] 
2026-04-20T14:46:15.648+0530: 1458.555: Total time for which application threads were stopped: 0.0344080 seconds, Stopping threads took: 0.0000726 seconds
2026-04-20T14:46:15.648+0530: 1458.555: [CMS-concurrent-mark-start]
2026-04-20T14:46:15.648+0530: 1458.556: [CMS-concurrent-mark: 0.000/0.000 secs] [Times: user=0.00 sys=0.00, real=0.00 secs] 
2026-04-20T14:46:15.648+0530: 1458.556: [CMS-concurrent-preclean-start]
2026-04-20T14:46:15.649+0530: 1458.557: [CMS-concurrent-preclean: 0.001/0.001 secs] [Times: user=0.00 sys=0.00, real=0.00 secs] 
2026-04-20T14:46:15.649+0530: 1458.557: [CMS-concurrent-abortable-preclean-start]
2026-04-20T14:46:15.649+0530: 1458.557: [CMS-concurrent-abortable-preclean: 0.000/0.000 secs] [Times: user=0.00 sys=0.00, real=0.00 secs] 
2026-04-20T14:46:15.650+0530: 1458.557: [GC (CMS Final Remark) [YG occupancy: 292039 K (471808 K)]2026-04-20T14:46:15.650+0530: 1458.557: [Rescan (parallel) , 0.0353062 secs]2026-04-20T14:46:15.685+0530: 1458.592: [weak refs processing, 0.0000306 secs]2026-04-20T14:46:15.685+0530: 1458.593: [class unloading, 0.0102933 secs]2026-04-20T14:46:15.696+0530: 1458.603: [scrub symbol table, 0.0046062 secs]2026-04-20T14:46:15.700+0530: 1458.608: [scrub string table, 0.0024923 secs][1 CMS-remark: 57K(64K)] 292097K(471872K), 0.0548450 secs] [Times: user=0.22 sys=0.00, real=0.05 secs] 
2026-04-20T14:46:15.705+0530: 1458.612: Total time for which application threads were stopped: 0.0550963 seconds, Stopping threads took: 0.0000364 seconds
2026-04-20T14:46:15.705+0530: 1458.612: [CMS-concurrent-sweep-start]
2026-04-20T14:46:15.705+0530: 1458.613: [CMS-concurrent-sweep: 0.000/0.000 secs] [Times: user=0.00 sys=0.00, real=0.00 secs] 
2026-04-20T14:46:15.705+0530: 1458.613: [CMS-concurrent-reset-start]
2026-04-20T14:46:15.705+0530: 1458.613: [CMS-concurrent-reset: 0.000/0.000 secs] [Times: user=0.00 sys=0.00, real=0.00 secs] 
2026-04-20T14:46:25.705+0530: 1468.613: [GC (CMS Initial Mark) [1 CMS-initial-mark: 57K(64K)] 292097K(471872K), 0.0332160 secs] [Times: user=0.14 sys=0.00, real=0.03 secs] 
2026-04-20T14:46:25.739+0530: 1468.646: Total time for which application threads were stopped: 0.0336554 seconds, Stopping threads took: 0.0000854 seconds
2026-04-20T14:46:25.739+0530: 1468.646: [CMS-concurrent-mark-start]
2026-04-20T14:46:25.739+0530: 1468.646: [CMS-concurrent-mark: 0.000/0.000 secs] [Times: user=0.00 sys=0.00, real=0.00 secs] 
2026-04-20T14:46:25.739+0530: 1468.647: [CMS-concurrent-preclean-start]
2026-04-20T14:46:25.740+0530: 1468.647: [CMS-concurrent-preclean: 0.001/0.001 secs] [Times: user=0.00 sys=0.00, real=0.00 secs] 
2026-04-20T14:46:25.740+0530: 1468.647: [CMS-concurrent-abortable-preclean-start]
2026-04-20T14:46:25.740+0530: 1468.647: [CMS-concurrent-abortable-preclean: 0.000/0.000 secs] [Times: user=0.00 sys=0.00, real=0.00 secs] 
2026-04-20T14:46:25.740+0530: 1468.648: [GC (CMS Final Remark) [YG occupancy: 292039 K (471808 K)]2026-04-20T14:46:25.740+0530: 1468.648: [Rescan (parallel) , 0.0341709 secs]2026-04-20T14:46:25.775+0530: 1468.682: [weak refs processing, 0.0000599 secs]2026-04-20T14:46:25.775+0530: 1468.682: [class unloading, 0.0114096 secs]2026-04-20T14:46:25.786+0530: 1468.693: [scrub symbol table, 0.0058860 secs]2026-04-20T14:46:25.792+0530: 1468.699: [scrub string table, 0.0034022 secs][1 CMS-remark: 57K(64K)] 292097K(471872K), 0.0574529 secs] [Times: user=0.24 sys=0.00, real=0.06 secs] 
2026-04-20T14:46:25.798+0530: 1468.705: Total time for which application threads were stopped: 0.0577390 seconds, Stopping threads took: 0.0000379 seconds
2026-04-20T14:46:25.798+0530: 1468.705: [CMS-concurrent-sweep-start]
2026-04-20T14:46:25.798+0530: 1468.705: [CMS-concurrent-sweep: 0.000/0.000 secs] [Times: user=0.00 sys=0.00, real=0.00 secs] 
2026-04-20T14:46:25.798+0530: 1468.705: [CMS-concurrent-reset-start]
2026-04-20T14:46:25.798+0530: 1468.705: [CMS-concurrent-reset: 0.000/0.000 secs] [Times: user=0.00 sys=0.00, real=0.00 secs] 
2026-04-20T14:46:35.799+0530: 1478.707: [GC (CMS Initial Mark) [1 CMS-initial-mark: 57K(64K)] 292097K(471872K), 0.0332552 secs] [Times: user=0.12 sys=0.02, real=0.03 secs] 
2026-04-20T14:46:35.833+0530: 1478.740: Total time for which application threads were stopped: 0.0336684 seconds, Stopping threads took: 0.0001141 seconds
2026-04-20T14:46:35.833+0530: 1478.740: [CMS-concurrent-mark-start]
2026-04-20T14:46:35.833+0530: 1478.741: [CMS-concurrent-mark: 0.000/0.000 secs] [Times: user=0.00 sys=0.00, real=0.00 secs] 
2026-04-20T14:46:35.833+0530: 1478.741: [CMS-concurrent-preclean-start]
2026-04-20T14:46:35.834+0530: 1478.741: [CMS-concurrent-preclean: 0.001/0.001 secs] [Times: user=0.00 sys=0.00, real=0.00 secs] 
2026-04-20T14:46:35.834+0530: 1478.741: [CMS-concurrent-abortable-preclean-start]
2026-04-20T14:46:35.834+0530: 1478.741: [CMS-concurrent-abortable-preclean: 0.000/0.000 secs] [Times: user=0.00 sys=0.00, real=0.00 secs] 
2026-04-20T14:46:35.834+0530: 1478.742: [GC (CMS Final Remark) [YG occupancy: 292039 K (471808 K)]2026-04-20T14:46:35.834+0530: 1478.742: [Rescan (parallel) , 0.0333882 secs]2026-04-20T14:46:35.868+0530: 1478.775: [weak refs processing, 0.0000387 secs]2026-04-20T14:46:35.868+0530: 1478.775: [class unloading, 0.0097027 secs]2026-04-20T14:46:35.878+0530: 1478.785: [scrub symbol table, 0.0066053 secs]2026-04-20T14:46:35.885+0530: 1478.792: [scrub string table, 0.0033279 secs][1 CMS-remark: 57K(64K)] 292097K(471872K), 0.0559201 secs] [Times: user=0.25 sys=0.02, real=0.06 secs] 
2026-04-20T14:46:35.890+0530: 1478.798: Total time for which application threads were stopped: 0.0562914 seconds, Stopping threads took: 0.0000432 seconds
2026-04-20T14:46:35.890+0530: 1478.798: [CMS-concurrent-sweep-start]
2026-04-20T14:46:35.890+0530: 1478.798: [CMS-concurrent-sweep: 0.000/0.000 secs] [Times: user=0.00 sys=0.00, real=0.00 secs] 
2026-04-20T14:46:35.890+0530: 1478.798: [CMS-concurrent-reset-start]
2026-04-20T14:46:35.890+0530: 1478.798: [CMS-concurrent-reset: 0.000/0.000 secs] [Times: user=0.00 sys=0.00, real=0.00 secs] 
2026-04-20T14:46:43.950+0530: 1486.858: Total time for which application threads were stopped: 0.0004162 seconds, Stopping threads took: 0.0000772 seconds
2026-04-20T14:46:44.960+0530: 1487.867: Total time for which application threads were stopped: 0.0003828 seconds, Stopping threads took: 0.0001106 seconds
2026-04-20T14:46:45.897+0530: 1488.805: [GC (CMS Initial Mark) [1 CMS-initial-mark: 57K(64K)] 293510K(471872K), 0.0361747 secs] [Times: user=0.23 sys=0.02, real=0.04 secs] 
2026-04-20T14:46:45.934+0530: 1488.841: Total time for which application threads were stopped: 0.0371179 seconds, Stopping threads took: 0.0001191 seconds
2026-04-20T14:46:45.934+0530: 1488.841: [CMS-concurrent-mark-start]
2026-04-20T14:46:45.934+0530: 1488.842: [CMS-concurrent-mark: 0.000/0.000 secs] [Times: user=0.00 sys=0.00, real=0.00 secs] 
2026-04-20T14:46:45.934+0530: 1488.842: [CMS-concurrent-preclean-start]
2026-04-20T14:46:45.936+0530: 1488.843: [CMS-concurrent-preclean: 0.001/0.001 secs] [Times: user=0.00 sys=0.00, real=0.00 secs] 
2026-04-20T14:46:45.936+0530: 1488.843: [CMS-concurrent-abortable-preclean-start]
2026-04-20T14:46:45.936+0530: 1488.843: [CMS-concurrent-abortable-preclean: 0.000/0.000 secs] [Times: user=0.00 sys=0.00, real=0.00 secs] 
2026-04-20T14:46:45.936+0530: 1488.843: [GC (CMS Final Remark) [YG occupancy: 293452 K (471808 K)]2026-04-20T14:46:45.936+0530: 1488.843: [Rescan (parallel) , 0.0345516 secs]2026-04-20T14:46:45.971+0530: 1488.878: [weak refs processing, 0.0000551 secs]2026-04-20T14:46:45.971+0530: 1488.878: [class unloading, 0.0099664 secs]2026-04-20T14:46:45.981+0530: 1488.888: [scrub symbol table, 0.0049468 secs]2026-04-20T14:46:45.986+0530: 1488.893: [scrub string table, 0.0025883 secs][1 CMS-remark: 57K(64K)] 293510K(471872K), 0.0544661 secs] [Times: user=0.27 sys=0.01, real=0.05 secs] 
2026-04-20T14:46:45.991+0530: 1488.898: Total time for which application threads were stopped: 0.0547836 seconds, Stopping threads took: 0.0000428 seconds
2026-04-20T14:46:45.991+0530: 1488.898: [CMS-concurrent-sweep-start]
2026-04-20T14:46:45.991+0530: 1488.898: [CMS-concurrent-sweep: 0.000/0.000 secs] [Times: user=0.00 sys=0.00, real=0.00 secs] 
2026-04-20T14:46:45.991+0530: 1488.898: [CMS-concurrent-reset-start]
2026-04-20T14:46:45.991+0530: 1488.898: [CMS-concurrent-reset: 0.000/0.000 secs] [Times: user=0.00 sys=0.00, real=0.00 secs] 
2026-04-20T14:46:56.002+0530: 1498.910: [GC (CMS Initial Mark) [1 CMS-initial-mark: 57K(64K)] 293510K(471872K), 0.0283821 secs] [Times: user=0.11 sys=0.00, real=0.03 secs] 
2026-04-20T14:46:56.030+0530: 1498.938: Total time for which application threads were stopped: 0.0287396 seconds, Stopping threads took: 0.0000620 seconds
2026-04-20T14:46:56.030+0530: 1498.938: [CMS-concurrent-mark-start]
2026-04-20T14:46:56.030+0530: 1498.938: [CMS-concurrent-mark: 0.000/0.000 secs] [Times: user=0.00 sys=0.00, real=0.00 secs] 
2026-04-20T14:46:56.032+0530: 1498.939: [CMS-concurrent-preclean-start]
2026-04-20T14:46:56.032+0530: 1498.939: [CMS-concurrent-preclean: 0.001/0.001 secs] [Times: user=0.00 sys=0.00, real=0.00 secs] 
2026-04-20T14:46:56.032+0530: 1498.940: [CMS-concurrent-abortable-preclean-start]
2026-04-20T14:46:56.032+0530: 1498.940: [CMS-concurrent-abortable-preclean: 0.000/0.000 secs] [Times: user=0.00 sys=0.00, real=0.00 secs] 
2026-04-20T14:46:56.032+0530: 1498.940: [GC (CMS Final Remark) [YG occupancy: 293452 K (471808 K)]2026-04-20T14:46:56.032+0530: 1498.940: [Rescan (parallel) , 0.0307987 secs]2026-04-20T14:46:56.064+0530: 1498.971: [weak refs processing, 0.0000575 secs]2026-04-20T14:46:56.064+0530: 1498.971: [class unloading, 0.0108129 secs]2026-04-20T14:46:56.074+0530: 1498.982: [scrub symbol table, 0.0071146 secs]2026-04-20T14:46:56.081+0530: 1498.989: [scrub string table, 0.0026023 secs][1 CMS-remark: 57K(64K)] 293510K(471872K), 0.0535406 secs] [Times: user=0.25 sys=0.03, real=0.05 secs] 
2026-04-20T14:46:56.086+0530: 1498.994: Total time for which application threads were stopped: 0.0538431 seconds, Stopping threads took: 0.0000572 seconds
2026-04-20T14:46:56.086+0530: 1498.994: [CMS-concurrent-sweep-start]
2026-04-20T14:46:56.086+0530: 1498.994: [CMS-concurrent-sweep: 0.000/0.000 secs] [Times: user=0.00 sys=0.00, real=0.00 secs] 
2026-04-20T14:46:56.086+0530: 1498.994: [CMS-concurrent-reset-start]
2026-04-20T14:46:56.086+0530: 1498.994: [CMS-concurrent-reset: 0.000/0.000 secs] [Times: user=0.00 sys=0.00, real=0.00 secs] 
2026-04-20T14:47:06.094+0530: 1509.001: [GC (CMS Initial Mark) [1 CMS-initial-mark: 57K(64K)] 294004K(471872K), 0.0292617 secs] [Times: user=0.25 sys=0.00, real=0.03 secs] 
2026-04-20T14:47:06.123+0530: 1509.031: Total time for which application threads were stopped: 0.0295562 seconds, Stopping threads took: 0.0000652 seconds
2026-04-20T14:47:06.123+0530: 1509.031: [CMS-concurrent-mark-start]
2026-04-20T14:47:06.124+0530: 1509.031: [CMS-concurrent-mark: 0.000/0.000 secs] [Times: user=0.00 sys=0.00, real=0.00 secs] 
2026-04-20T14:47:06.124+0530: 1509.031: [CMS-concurrent-preclean-start]
2026-04-20T14:47:06.124+0530: 1509.032: [CMS-concurrent-preclean: 0.001/0.001 secs] [Times: user=0.00 sys=0.00, real=0.00 secs] 
2026-04-20T14:47:06.124+0530: 1509.032: [CMS-concurrent-abortable-preclean-start]
2026-04-20T14:47:06.124+0530: 1509.032: [CMS-concurrent-abortable-preclean: 0.000/0.000 secs] [Times: user=0.00 sys=0.00, real=0.00 secs] 
2026-04-20T14:47:06.124+0530: 1509.032: [GC (CMS Final Remark) [YG occupancy: 293946 K (471808 K)]2026-04-20T14:47:06.124+0530: 1509.032: [Rescan (parallel) , 0.0292563 secs]2026-04-20T14:47:06.154+0530: 1509.061: [weak refs processing, 0.0000644 secs]2026-04-20T14:47:06.154+0530: 1509.061: [class unloading, 0.0094109 secs]2026-04-20T14:47:06.162+0530: 1509.071: [scrub symbol table, 0.0047048 secs]2026-04-20T14:47:06.167+0530: 1509.075: [scrub string table, 0.0029523 secs][1 CMS-remark: 57K(64K)] 294004K(471872K), 0.0485892 secs] [Times: user=0.26 sys=0.00, real=0.05 secs] 
2026-04-20T14:47:06.173+0530: 1509.080: Total time for which application threads were stopped: 0.0488404 seconds, Stopping threads took: 0.0000408 seconds
2026-04-20T14:47:06.173+0530: 1509.081: [CMS-concurrent-sweep-start]
2026-04-20T14:47:06.173+0530: 1509.081: [CMS-concurrent-sweep: 0.000/0.000 secs] [Times: user=0.00 sys=0.00, real=0.00 secs] 
2026-04-20T14:47:06.174+0530: 1509.081: [CMS-concurrent-reset-start]
2026-04-20T14:47:06.174+0530: 1509.081: [CMS-concurrent-reset: 0.000/0.000 secs] [Times: user=0.00 sys=0.00, real=0.00 secs] 
2026-04-20T14:47:16.188+0530: 1519.095: [GC (CMS Initial Mark) [1 CMS-initial-mark: 57K(64K)] 294004K(471872K), 0.0344588 secs] [Times: user=0.17 sys=0.00, real=0.03 secs] 
2026-04-20T14:47:16.222+0530: 1519.129: Total time for which application threads were stopped: 0.0352408 seconds, Stopping threads took: 0.0000598 seconds
2026-04-20T14:47:16.222+0530: 1519.129: [CMS-concurrent-mark-start]
2026-04-20T14:47:16.222+0530: 1519.130: [CMS-concurrent-mark: 0.000/0.000 secs] [Times: user=0.00 sys=0.00, real=0.00 secs] 
2026-04-20T14:47:16.222+0530: 1519.130: [CMS-concurrent-preclean-start]
2026-04-20T14:47:16.223+0530: 1519.130: [CMS-concurrent-preclean: 0.001/0.001 secs] [Times: user=0.00 sys=0.00, real=0.00 secs] 
2026-04-20T14:47:16.223+0530: 1519.131: [CMS-concurrent-abortable-preclean-start]
2026-04-20T14:47:16.223+0530: 1519.131: [CMS-concurrent-abortable-preclean: 0.000/0.000 secs] [Times: user=0.00 sys=0.00, real=0.00 secs] 
2026-04-20T14:47:16.224+0530: 1519.131: [GC (CMS Final Remark) [YG occupancy: 293946 K (471808 K)]2026-04-20T14:47:16.224+0530: 1519.131: [Rescan (parallel) , 0.0338295 secs]2026-04-20T14:47:16.258+0530: 1519.165: [weak refs processing, 0.0000627 secs]2026-04-20T14:47:16.258+0530: 1519.165: [class unloading, 0.0092368 secs]2026-04-20T14:47:16.267+0530: 1519.174: [scrub symbol table, 0.0041541 secs]2026-04-20T14:47:16.271+0530: 1519.178: [scrub string table, 0.0025929 secs][1 CMS-remark: 57K(64K)] 294004K(471872K), 0.0519566 secs] [Times: user=0.27 sys=0.00, real=0.05 secs] 
2026-04-20T14:47:16.275+0530: 1519.183: Total time for which application threads were stopped: 0.0522036 seconds, Stopping threads took: 0.0000410 seconds
2026-04-20T14:47:16.276+0530: 1519.183: [CMS-concurrent-sweep-start]
2026-04-20T14:47:16.276+0530: 1519.183: [CMS-concurrent-sweep: 0.000/0.000 secs] [Times: user=0.00 sys=0.00, real=0.00 secs] 
2026-04-20T14:47:16.276+0530: 1519.183: [CMS-concurrent-reset-start]
2026-04-20T14:47:16.276+0530: 1519.183: [CMS-concurrent-reset: 0.000/0.000 secs] [Times: user=0.00 sys=0.00, real=0.00 secs] 
2026-04-20T14:47:23.329+0530: 1526.236: Total time for which application threads were stopped: 0.0003475 seconds, Stopping threads took: 0.0001000 seconds
2026-04-20T14:47:26.282+0530: 1529.189: [GC (CMS Initial Mark) [1 CMS-initial-mark: 57K(64K)] 294004K(471872K), 0.0467786 secs] [Times: user=0.22 sys=0.02, real=0.05 secs] 
2026-04-20T14:47:26.328+0530: 1529.236: Total time for which application threads were stopped: 0.0471196 seconds, Stopping threads took: 0.0000569 seconds
2026-04-20T14:47:26.329+0530: 1529.236: [CMS-concurrent-mark-start]
2026-04-20T14:47:26.331+0530: 1529.239: [CMS-concurrent-mark: 0.002/0.002 secs] [Times: user=0.00 sys=0.00, real=0.00 secs] 
2026-04-20T14:47:26.331+0530: 1529.239: [CMS-concurrent-preclean-start]
2026-04-20T14:47:26.332+0530: 1529.240: [CMS-concurrent-preclean: 0.001/0.001 secs] [Times: user=0.00 sys=0.00, real=0.00 secs] 
2026-04-20T14:47:26.332+0530: 1529.240: [CMS-concurrent-abortable-preclean-start]
2026-04-20T14:47:26.332+0530: 1529.240: [CMS-concurrent-abortable-preclean: 0.000/0.000 secs] [Times: user=0.00 sys=0.00, real=0.00 secs] 
2026-04-20T14:47:26.375+0530: 1529.282: [GC (CMS Final Remark) [YG occupancy: 293946 K (471808 K)]2026-04-20T14:47:26.375+0530: 1529.282: [Rescan (parallel) , 0.0347410 secs]2026-04-20T14:47:26.409+0530: 1529.317: [weak refs processing, 0.0000544 secs]2026-04-20T14:47:26.410+0530: 1529.317: [class unloading, 0.0114194 secs]2026-04-20T14:47:26.421+0530: 1529.328: [scrub symbol table, 0.0060644 secs]2026-04-20T14:47:26.427+0530: 1529.335: [scrub string table, 0.0031171 secs][1 CMS-remark: 57K(64K)] 294004K(471872K), 0.0575634 secs] [Times: user=0.31 sys=0.05, real=0.06 secs] 
2026-04-20T14:47:26.433+0530: 1529.340: Total time for which application threads were stopped: 0.0578876 seconds, Stopping threads took: 0.0000562 seconds
2026-04-20T14:47:26.433+0530: 1529.340: [CMS-concurrent-sweep-start]
2026-04-20T14:47:26.433+0530: 1529.340: [CMS-concurrent-sweep: 0.000/0.000 secs] [Times: user=0.00 sys=0.00, real=0.00 secs] 
2026-04-20T14:47:26.433+0530: 1529.340: [CMS-concurrent-reset-start]
2026-04-20T14:47:26.433+0530: 1529.340: [CMS-concurrent-reset: 0.000/0.000 secs] [Times: user=0.00 sys=0.00, real=0.00 secs] 
2026-04-20T14:47:36.445+0530: 1539.353: [GC (CMS Initial Mark) [1 CMS-initial-mark: 57K(64K)] 294004K(471872K), 0.0688700 secs] [Times: user=0.12 sys=0.02, real=0.07 secs] 
2026-04-20T14:47:36.514+0530: 1539.422: Total time for which application threads were stopped: 0.0692291 seconds, Stopping threads took: 0.0000624 seconds
2026-04-20T14:47:36.514+0530: 1539.422: [CMS-concurrent-mark-start]
2026-04-20T14:47:36.514+0530: 1539.422: [CMS-concurrent-mark: 0.000/0.000 secs] [Times: user=0.00 sys=0.00, real=0.00 secs] 
2026-04-20T14:47:36.514+0530: 1539.422: [CMS-concurrent-preclean-start]
2026-04-20T14:47:36.516+0530: 1539.423: [CMS-concurrent-preclean: 0.001/0.001 secs] [Times: user=0.00 sys=0.00, real=0.00 secs] 
2026-04-20T14:47:36.516+0530: 1539.423: [CMS-concurrent-abortable-preclean-start]
2026-04-20T14:47:36.516+0530: 1539.423: [CMS-concurrent-abortable-preclean: 0.000/0.000 secs] [Times: user=0.00 sys=0.00, real=0.00 secs] 
2026-04-20T14:47:36.516+0530: 1539.424: [GC (CMS Final Remark) [YG occupancy: 293946 K (471808 K)]2026-04-20T14:47:36.516+0530: 1539.424: [Rescan (parallel) , 0.0367799 secs]2026-04-20T14:47:36.553+0530: 1539.460: [weak refs processing, 0.0000573 secs]2026-04-20T14:47:36.553+0530: 1539.460: [class unloading, 0.0206099 secs]2026-04-20T14:47:36.574+0530: 1539.481: [scrub symbol table, 0.0118861 secs]2026-04-20T14:47:36.586+0530: 1539.493: [scrub string table, 0.0068430 secs][1 CMS-remark: 57K(64K)] 294004K(471872K), 0.0805800 secs] [Times: user=0.33 sys=0.02, real=0.08 secs] 
2026-04-20T14:47:36.597+0530: 1539.504: Total time for which application threads were stopped: 0.0809578 seconds, Stopping threads took: 0.0000636 seconds
2026-04-20T14:47:36.627+0530: 1539.534: [CMS-concurrent-sweep-start]
2026-04-20T14:47:36.627+0530: 1539.534: [CMS-concurrent-sweep: 0.000/0.000 secs] [Times: user=0.00 sys=0.00, real=0.00 secs] 
2026-04-20T14:47:36.627+0530: 1539.534: [CMS-concurrent-reset-start]
2026-04-20T14:47:36.627+0530: 1539.534: [CMS-concurrent-reset: 0.000/0.000 secs] [Times: user=0.00 sys=0.00, real=0.00 secs] 
2026-04-20T14:47:40.617+0530: 1543.524: Total time for which application threads were stopped: 0.0003493 seconds, Stopping threads took: 0.0000992 seconds
2026-04-20T14:47:43.636+0530: 1546.543: Total time for which application threads were stopped: 0.0003301 seconds, Stopping threads took: 0.0001166 seconds
2026-04-20T14:47:46.638+0530: 1549.545: [GC (CMS Initial Mark) [1 CMS-initial-mark: 57K(64K)] 305887K(471872K), 0.0409579 secs] [Times: user=0.23 sys=0.03, real=0.04 secs] 
2026-04-20T14:47:46.679+0530: 1549.586: Total time for which application threads were stopped: 0.0413872 seconds, Stopping threads took: 0.0000759 seconds
2026-04-20T14:47:46.679+0530: 1549.587: [CMS-concurrent-mark-start]
2026-04-20T14:47:46.682+0530: 1549.589: [CMS-concurrent-mark: 0.002/0.002 secs] [Times: user=0.00 sys=0.00, real=0.00 secs] 
2026-04-20T14:47:46.682+0530: 1549.589: [CMS-concurrent-preclean-start]
2026-04-20T14:47:46.683+0530: 1549.590: [CMS-concurrent-preclean: 0.001/0.001 secs] [Times: user=0.00 sys=0.00, real=0.00 secs] 
2026-04-20T14:47:46.683+0530: 1549.590: [CMS-concurrent-abortable-preclean-start]
2026-04-20T14:47:46.683+0530: 1549.590: [CMS-concurrent-abortable-preclean: 0.000/0.000 secs] [Times: user=0.00 sys=0.00, real=0.00 secs] 
2026-04-20T14:47:46.723+0530: 1549.630: [GC (CMS Final Remark) [YG occupancy: 305830 K (471808 K)]2026-04-20T14:47:46.723+0530: 1549.630: [Rescan (parallel) , 0.0366040 secs]2026-04-20T14:47:46.759+0530: 1549.666: [weak refs processing, 0.0000559 secs]2026-04-20T14:47:46.759+0530: 1549.666: [class unloading, 0.0198137 secs]2026-04-20T14:47:46.779+0530: 1549.686: [scrub symbol table, 0.0099289 secs]2026-04-20T14:47:46.789+0530: 1549.696: [scrub string table, 0.0080283 secs][1 CMS-remark: 57K(64K)] 305887K(471872K), 0.0786307 secs] [Times: user=0.25 sys=0.00, real=0.08 secs] 
2026-04-20T14:47:46.801+0530: 1549.708: Total time for which application threads were stopped: 0.0789983 seconds, Stopping threads took: 0.0000611 seconds
2026-04-20T14:47:46.828+0530: 1549.735: [CMS-concurrent-sweep-start]
2026-04-20T14:47:46.828+0530: 1549.735: [CMS-concurrent-sweep: 0.000/0.000 secs] [Times: user=0.00 sys=0.00, real=0.00 secs] 
2026-04-20T14:47:46.828+0530: 1549.736: [CMS-concurrent-reset-start]
2026-04-20T14:47:46.828+0530: 1549.736: [CMS-concurrent-reset: 0.000/0.000 secs] [Times: user=0.00 sys=0.00, real=0.00 secs] 
2026-04-20T14:47:56.839+0530: 1559.747: [GC (CMS Initial Mark) [1 CMS-initial-mark: 57K(64K)] 305887K(471872K), 0.0544692 secs] [Times: user=0.16 sys=0.02, real=0.05 secs] 
2026-04-20T14:47:56.893+0530: 1559.801: Total time for which application threads were stopped: 0.0549873 seconds, Stopping threads took: 0.0000835 seconds
2026-04-20T14:47:56.893+0530: 1559.801: [CMS-concurrent-mark-start]
2026-04-20T14:47:56.896+0530: 1559.804: [CMS-concurrent-mark: 0.003/0.003 secs] [Times: user=0.00 sys=0.00, real=0.00 secs] 
2026-04-20T14:47:56.896+0530: 1559.804: [CMS-concurrent-preclean-start]
2026-04-20T14:47:56.897+0530: 1559.805: [CMS-concurrent-preclean: 0.001/0.001 secs] [Times: user=0.00 sys=0.00, real=0.00 secs] 
2026-04-20T14:47:56.897+0530: 1559.805: [CMS-concurrent-abortable-preclean-start]
2026-04-20T14:47:56.897+0530: 1559.805: [CMS-concurrent-abortable-preclean: 0.000/0.000 secs] [Times: user=0.00 sys=0.00, real=0.00 secs] 
2026-04-20T14:47:56.928+0530: 1559.836: [GC (CMS Final Remark) [YG occupancy: 305830 K (471808 K)]2026-04-20T14:47:56.928+0530: 1559.836: [Rescan (parallel) , 0.0386632 secs]2026-04-20T14:47:56.967+0530: 1559.874: [weak refs processing, 0.0000558 secs]2026-04-20T14:47:56.967+0530: 1559.874: [class unloading, 0.0218570 secs]2026-04-20T14:47:56.989+0530: 1559.896: [scrub symbol table, 0.0138640 secs]2026-04-20T14:47:57.003+0530: 1559.910: [scrub string table, 0.0077206 secs][1 CMS-remark: 57K(64K)] 305887K(471872K), 0.0871470 secs] [Times: user=0.23 sys=0.02, real=0.09 secs] 
2026-04-20T14:47:57.015+0530: 1559.923: Total time for which application threads were stopped: 0.0875701 seconds, Stopping threads took: 0.0000908 seconds
2026-04-20T14:47:57.043+0530: 1559.951: [CMS-concurrent-sweep-start]
2026-04-20T14:47:57.043+0530: 1559.951: [CMS-concurrent-sweep: 0.000/0.000 secs] [Times: user=0.00 sys=0.00, real=0.00 secs] 
2026-04-20T14:47:57.043+0530: 1559.951: [CMS-concurrent-reset-start]
2026-04-20T14:47:57.043+0530: 1559.951: [CMS-concurrent-reset: 0.000/0.000 secs] [Times: user=0.00 sys=0.00, real=0.00 secs] 
2026-04-20T14:47:58.024+0530: 1560.931: Total time for which application threads were stopped: 0.0003193 seconds, Stopping threads took: 0.0001078 seconds
2026-04-20T14:48:07.047+0530: 1569.955: [GC (CMS Initial Mark) [1 CMS-initial-mark: 57K(64K)] 306588K(471872K), 0.0489236 secs] [Times: user=0.20 sys=0.00, real=0.05 secs] 
2026-04-20T14:48:07.096+0530: 1570.004: Total time for which application threads were stopped: 0.0496450 seconds, Stopping threads took: 0.0001214 seconds
2026-04-20T14:48:07.096+0530: 1570.004: [CMS-concurrent-mark-start]
2026-04-20T14:48:07.098+0530: 1570.006: [CMS-concurrent-mark: 0.002/0.002 secs] [Times: user=0.00 sys=0.00, real=0.00 secs] 
2026-04-20T14:48:07.098+0530: 1570.006: [CMS-concurrent-preclean-start]
2026-04-20T14:48:07.099+0530: 1570.007: [CMS-concurrent-preclean: 0.001/0.001 secs] [Times: user=0.00 sys=0.00, real=0.00 secs] 
2026-04-20T14:48:07.099+0530: 1570.007: [CMS-concurrent-abortable-preclean-start]
2026-04-20T14:48:07.099+0530: 1570.007: [CMS-concurrent-abortable-preclean: 0.000/0.000 secs] [Times: user=0.00 sys=0.00, real=0.00 secs] 
2026-04-20T14:48:07.131+0530: 1570.039: [GC (CMS Final Remark) [YG occupancy: 306530 K (471808 K)]2026-04-20T14:48:07.131+0530: 1570.039: [Rescan (parallel) , 0.0374125 secs]2026-04-20T14:48:07.169+0530: 1570.076: [weak refs processing, 0.0000522 secs]2026-04-20T14:48:07.169+0530: 1570.077: [class unloading, 0.0200712 secs]2026-04-20T14:48:07.189+0530: 1570.097: [scrub symbol table, 0.0106717 secs]2026-04-20T14:48:07.200+0530: 1570.107: [scrub string table, 0.0078715 secs][1 CMS-remark: 57K(64K)] 306588K(471872K), 0.0822374 secs] [Times: user=0.25 sys=0.00, real=0.08 secs] 
2026-04-20T14:48:07.214+0530: 1570.121: Total time for which application threads were stopped: 0.0826981 seconds, Stopping threads took: 0.0001278 seconds
2026-04-20T14:48:07.243+0530: 1570.150: [CMS-concurrent-sweep-start]
2026-04-20T14:48:07.243+0530: 1570.150: [CMS-concurrent-sweep: 0.000/0.000 secs] [Times: user=0.00 sys=0.00, real=0.00 secs] 
2026-04-20T14:48:07.243+0530: 1570.151: [CMS-concurrent-reset-start]
2026-04-20T14:48:07.243+0530: 1570.151: [CMS-concurrent-reset: 0.000/0.000 secs] [Times: user=0.00 sys=0.00, real=0.00 secs] 
2026-04-20T14:48:17.245+0530: 1580.153: [GC (CMS Initial Mark) [1 CMS-initial-mark: 57K(64K)] 306588K(471872K), 0.0362726 secs] [Times: user=0.20 sys=0.00, real=0.04 secs] 
2026-04-20T14:48:17.282+0530: 1580.189: Total time for which application threads were stopped: 0.0368878 seconds, Stopping threads took: 0.0001215 seconds
2026-04-20T14:48:17.282+0530: 1580.189: [CMS-concurrent-mark-start]
2026-04-20T14:48:17.282+0530: 1580.190: [CMS-concurrent-mark: 0.000/0.000 secs] [Times: user=0.00 sys=0.00, real=0.00 secs] 
2026-04-20T14:48:17.282+0530: 1580.190: [CMS-concurrent-preclean-start]
2026-04-20T14:48:17.283+0530: 1580.191: [CMS-concurrent-preclean: 0.001/0.001 secs] [Times: user=0.00 sys=0.00, real=0.00 secs] 
2026-04-20T14:48:17.283+0530: 1580.191: [CMS-concurrent-abortable-preclean-start]
2026-04-20T14:48:17.283+0530: 1580.191: [CMS-concurrent-abortable-preclean: 0.000/0.000 secs] [Times: user=0.00 sys=0.00, real=0.00 secs] 
2026-04-20T14:48:17.283+0530: 1580.191: [GC (CMS Final Remark) [YG occupancy: 306530 K (471808 K)]2026-04-20T14:48:17.283+0530: 1580.191: [Rescan (parallel) , 0.0667738 secs]2026-04-20T14:48:17.350+0530: 1580.258: [weak refs processing, 0.0000361 secs]2026-04-20T14:48:17.350+0530: 1580.258: [class unloading, 0.0165573 secs]2026-04-20T14:48:17.366+0530: 1580.275: [scrub symbol table, 0.0052852 secs]2026-04-20T14:48:17.372+0530: 1580.280: [scrub string table, 0.0036746 secs][1 CMS-remark: 57K(64K)] 306588K(471872K), 0.0953162 secs] [Times: user=0.20 sys=0.00, real=0.10 secs] 
2026-04-20T14:48:17.379+0530: 1580.286: Total time for which application threads were stopped: 0.0955905 seconds, Stopping threads took: 0.0000391 seconds
2026-04-20T14:48:17.379+0530: 1580.287: [CMS-concurrent-sweep-start]
2026-04-20T14:48:17.379+0530: 1580.287: [CMS-concurrent-sweep: 0.000/0.000 secs] [Times: user=0.00 sys=0.00, real=0.00 secs] 
2026-04-20T14:48:17.379+0530: 1580.287: [CMS-concurrent-reset-start]
2026-04-20T14:48:17.379+0530: 1580.287: [CMS-concurrent-reset: 0.000/0.000 secs] [Times: user=0.00 sys=0.00, real=0.00 secs] 
2026-04-20T14:48:27.383+0530: 1590.290: [GC (CMS Initial Mark) [1 CMS-initial-mark: 57K(64K)] 307301K(471872K), 0.0365330 secs] [Times: user=0.23 sys=0.02, real=0.04 secs] 
2026-04-20T14:48:27.419+0530: 1590.327: Total time for which application threads were stopped: 0.0372240 seconds, Stopping threads took: 0.0000999 seconds
2026-04-20T14:48:27.419+0530: 1590.327: [CMS-concurrent-mark-start]
2026-04-20T14:48:27.420+0530: 1590.327: [CMS-concurrent-mark: 0.000/0.000 secs] [Times: user=0.00 sys=0.00, real=0.00 secs] 
2026-04-20T14:48:27.420+0530: 1590.327: [CMS-concurrent-preclean-start]
2026-04-20T14:48:27.420+0530: 1590.328: [CMS-concurrent-preclean: 0.001/0.001 secs] [Times: user=0.00 sys=0.00, real=0.00 secs] 
2026-04-20T14:48:27.420+0530: 1590.328: [CMS-concurrent-abortable-preclean-start]
2026-04-20T14:48:27.420+0530: 1590.328: [CMS-concurrent-abortable-preclean: 0.000/0.000 secs] [Times: user=0.00 sys=0.00, real=0.00 secs] 
2026-04-20T14:48:27.421+0530: 1590.329: [GC (CMS Final Remark) [YG occupancy: 307243 K (471808 K)]2026-04-20T14:48:27.421+0530: 1590.329: [Rescan (parallel) , 0.0351927 secs]2026-04-20T14:48:27.457+0530: 1590.364: [weak refs processing, 0.0000587 secs]2026-04-20T14:48:27.457+0530: 1590.364: [class unloading, 0.0111706 secs]2026-04-20T14:48:27.467+0530: 1590.375: [scrub symbol table, 0.0044688 secs]2026-04-20T14:48:27.472+0530: 1590.380: [scrub string table, 0.0027652 secs][1 CMS-remark: 57K(64K)] 307301K(471872K), 0.0557561 secs] [Times: user=0.36 sys=0.02, real=0.06 secs] 
2026-04-20T14:48:27.477+0530: 1590.384: Total time for which application threads were stopped: 0.0560455 seconds, Stopping threads took: 0.0000414 seconds
2026-04-20T14:48:27.477+0530: 1590.385: [CMS-concurrent-sweep-start]
2026-04-20T14:48:27.477+0530: 1590.385: [CMS-concurrent-sweep: 0.000/0.000 secs] [Times: user=0.00 sys=0.00, real=0.00 secs] 
2026-04-20T14:48:27.477+0530: 1590.385: [CMS-concurrent-reset-start]
2026-04-20T14:48:27.477+0530: 1590.385: [CMS-concurrent-reset: 0.000/0.000 secs] [Times: user=0.00 sys=0.00, real=0.00 secs] 
2026-04-20T14:48:32.539+0530: 1595.446: Total time for which application threads were stopped: 0.0003505 seconds, Stopping threads took: 0.0000998 seconds
2026-04-20T14:48:37.478+0530: 1600.385: [GC (CMS Initial Mark) [1 CMS-initial-mark: 57K(64K)] 308014K(471872K), 0.0344942 secs] [Times: user=0.25 sys=0.00, real=0.04 secs] 
2026-04-20T14:48:37.513+0530: 1600.420: Total time for which application threads were stopped: 0.0349248 seconds, Stopping threads took: 0.0001029 seconds
2026-04-20T14:48:37.513+0530: 1600.420: [CMS-concurrent-mark-start]
2026-04-20T14:48:37.513+0530: 1600.421: [CMS-concurrent-mark: 0.000/0.000 secs] [Times: user=0.00 sys=0.00, real=0.00 secs] 
2026-04-20T14:48:37.513+0530: 1600.421: [CMS-concurrent-preclean-start]
2026-04-20T14:48:37.513+0530: 1600.421: [CMS-concurrent-preclean: 0.001/0.001 secs] [Times: user=0.00 sys=0.00, real=0.00 secs] 
2026-04-20T14:48:37.513+0530: 1600.422: [CMS-concurrent-abortable-preclean-start]
2026-04-20T14:48:37.513+0530: 1600.422: [CMS-concurrent-abortable-preclean: 0.000/0.000 secs] [Times: user=0.00 sys=0.00, real=0.00 secs] 
2026-04-20T14:48:37.515+0530: 1600.422: [GC (CMS Final Remark) [YG occupancy: 307956 K (471808 K)]2026-04-20T14:48:37.515+0530: 1600.422: [Rescan (parallel) , 0.0358548 secs]2026-04-20T14:48:37.550+0530: 1600.458: [weak refs processing, 0.0000591 secs]2026-04-20T14:48:37.550+0530: 1600.458: [class unloading, 0.0103621 secs]2026-04-20T14:48:37.561+0530: 1600.468: [scrub symbol table, 0.0045961 secs]2026-04-20T14:48:37.566+0530: 1600.473: [scrub string table, 0.0025533 secs][1 CMS-remark: 57K(64K)] 308014K(471872K), 0.0555070 secs] [Times: user=0.36 sys=0.03, real=0.05 secs] 
2026-04-20T14:48:37.570+0530: 1600.478: Total time for which application threads were stopped: 0.0557851 seconds, Stopping threads took: 0.0000469 seconds
2026-04-20T14:48:37.570+0530: 1600.478: [CMS-concurrent-sweep-start]
2026-04-20T14:48:37.570+0530: 1600.478: [CMS-concurrent-sweep: 0.000/0.000 secs] [Times: user=0.00 sys=0.00, real=0.00 secs] 
2026-04-20T14:48:37.570+0530: 1600.478: [CMS-concurrent-reset-start]
2026-04-20T14:48:37.570+0530: 1600.478: [CMS-concurrent-reset: 0.000/0.000 secs] [Times: user=0.00 sys=0.00, real=0.00 secs] 
2026-04-20T14:48:38.573+0530: 1601.481: Total time for which application threads were stopped: 0.0003892 seconds, Stopping threads took: 0.0001080 seconds
2026-04-20T14:48:47.575+0530: 1610.482: [GC (CMS Initial Mark) [1 CMS-initial-mark: 57K(64K)] 308014K(471872K), 0.0338292 secs] [Times: user=0.25 sys=0.00, real=0.03 secs] 
2026-04-20T14:48:47.609+0530: 1610.516: Total time for which application threads were stopped: 0.0341509 seconds, Stopping threads took: 0.0000449 seconds
2026-04-20T14:48:47.609+0530: 1610.516: [CMS-concurrent-mark-start]
2026-04-20T14:48:47.609+0530: 1610.517: [CMS-concurrent-mark: 0.000/0.000 secs] [Times: user=0.00 sys=0.00, real=0.00 secs] 
2026-04-20T14:48:47.609+0530: 1610.517: [CMS-concurrent-preclean-start]
2026-04-20T14:48:47.610+0530: 1610.517: [CMS-concurrent-preclean: 0.001/0.001 secs] [Times: user=0.00 sys=0.00, real=0.00 secs] 
2026-04-20T14:48:47.610+0530: 1610.518: [CMS-concurrent-abortable-preclean-start]
2026-04-20T14:48:47.610+0530: 1610.518: [CMS-concurrent-abortable-preclean: 0.000/0.000 secs] [Times: user=0.00 sys=0.00, real=0.00 secs] 
2026-04-20T14:48:47.611+0530: 1610.518: [GC (CMS Final Remark) [YG occupancy: 307956 K (471808 K)]2026-04-20T14:48:47.611+0530: 1610.518: [Rescan (parallel) , 0.0349192 secs]2026-04-20T14:48:47.645+0530: 1610.553: [weak refs processing, 0.0000455 secs]2026-04-20T14:48:47.645+0530: 1610.553: [class unloading, 0.0090826 secs]2026-04-20T14:48:47.655+0530: 1610.562: [scrub symbol table, 0.0049872 secs]2026-04-20T14:48:47.660+0530: 1610.567: [scrub string table, 0.0026461 secs][1 CMS-remark: 57K(64K)] 308014K(471872K), 0.0538909 secs] [Times: user=0.30 sys=0.03, real=0.05 secs] 
2026-04-20T14:48:47.665+0530: 1610.572: Total time for which application threads were stopped: 0.0541449 seconds, Stopping threads took: 0.0000398 seconds
2026-04-20T14:48:47.665+0530: 1610.572: [CMS-concurrent-sweep-start]
2026-04-20T14:48:47.665+0530: 1610.572: [CMS-concurrent-sweep: 0.000/0.000 secs] [Times: user=0.00 sys=0.00, real=0.00 secs] 
2026-04-20T14:48:47.665+0530: 1610.572: [CMS-concurrent-reset-start]
2026-04-20T14:48:47.665+0530: 1610.572: [CMS-concurrent-reset: 0.000/0.000 secs] [Times: user=0.00 sys=0.00, real=0.00 secs] 
2026-04-20T14:48:57.674+0530: 1620.581: [GC (CMS Initial Mark) [1 CMS-initial-mark: 57K(64K)] 308014K(471872K), 0.0341104 secs] [Times: user=0.16 sys=0.00, real=0.03 secs] 
2026-04-20T14:48:57.707+0530: 1620.615: Total time for which application threads were stopped: 0.0345351 seconds, Stopping threads took: 0.0000710 seconds
2026-04-20T14:48:57.707+0530: 1620.615: [CMS-concurrent-mark-start]
2026-04-20T14:48:57.707+0530: 1620.616: [CMS-concurrent-mark: 0.000/0.000 secs] [Times: user=0.00 sys=0.00, real=0.00 secs] 
2026-04-20T14:48:57.707+0530: 1620.616: [CMS-concurrent-preclean-start]
2026-04-20T14:48:57.709+0530: 1620.616: [CMS-concurrent-preclean: 0.001/0.001 secs] [Times: user=0.00 sys=0.00, real=0.00 secs] 
2026-04-20T14:48:57.709+0530: 1620.616: [CMS-concurrent-abortable-preclean-start]
2026-04-20T14:48:57.709+0530: 1620.616: [CMS-concurrent-abortable-preclean: 0.000/0.000 secs] [Times: user=0.00 sys=0.00, real=0.00 secs] 
2026-04-20T14:48:57.709+0530: 1620.617: [GC (CMS Final Remark) [YG occupancy: 307956 K (471808 K)]2026-04-20T14:48:57.709+0530: 1620.617: [Rescan (parallel) , 0.0354100 secs]2026-04-20T14:48:57.745+0530: 1620.652: [weak refs processing, 0.0000581 secs]2026-04-20T14:48:57.745+0530: 1620.652: [class unloading, 0.0102897 secs]2026-04-20T14:48:57.755+0530: 1620.663: [scrub symbol table, 0.0047486 secs]2026-04-20T14:48:57.760+0530: 1620.667: [scrub string table, 0.0025802 secs][1 CMS-remark: 57K(64K)] 308014K(471872K), 0.0551637 secs] [Times: user=0.25 sys=0.00, real=0.05 secs] 
2026-04-20T14:48:57.764+0530: 1620.672: Total time for which application threads were stopped: 0.0554227 seconds, Stopping threads took: 0.0000351 seconds
2026-04-20T14:48:57.764+0530: 1620.672: [CMS-concurrent-sweep-start]
2026-04-20T14:48:57.764+0530: 1620.672: [CMS-concurrent-sweep: 0.000/0.000 secs] [Times: user=0.00 sys=0.00, real=0.00 secs] 
2026-04-20T14:48:57.764+0530: 1620.673: [CMS-concurrent-reset-start]
2026-04-20T14:48:57.764+0530: 1620.673: [CMS-concurrent-reset: 0.000/0.000 secs] [Times: user=0.00 sys=0.00, real=0.00 secs] 
2026-04-20T14:49:07.772+0530: 1630.680: [GC (CMS Initial Mark) [1 CMS-initial-mark: 57K(64K)] 308014K(471872K), 0.0344383 secs] [Times: user=0.22 sys=0.01, real=0.03 secs] 
2026-04-20T14:49:07.807+0530: 1630.714: Total time for which application threads were stopped: 0.0347860 seconds, Stopping threads took: 0.0000506 seconds
2026-04-20T14:49:07.807+0530: 1630.714: [CMS-concurrent-mark-start]
2026-04-20T14:49:07.807+0530: 1630.715: [CMS-concurrent-mark: 0.000/0.000 secs] [Times: user=0.00 sys=0.00, real=0.00 secs] 
2026-04-20T14:49:07.807+0530: 1630.715: [CMS-concurrent-preclean-start]
2026-04-20T14:49:07.808+0530: 1630.715: [CMS-concurrent-preclean: 0.001/0.001 secs] [Times: user=0.00 sys=0.00, real=0.00 secs] 
2026-04-20T14:49:07.808+0530: 1630.715: [CMS-concurrent-abortable-preclean-start]
2026-04-20T14:49:07.808+0530: 1630.715: [CMS-concurrent-abortable-preclean: 0.000/0.000 secs] [Times: user=0.00 sys=0.00, real=0.00 secs] 
2026-04-20T14:49:07.808+0530: 1630.716: [GC (CMS Final Remark) [YG occupancy: 307956 K (471808 K)]2026-04-20T14:49:07.808+0530: 1630.716: [Rescan (parallel) , 0.0371311 secs]2026-04-20T14:49:07.846+0530: 1630.753: [weak refs processing, 0.0000591 secs]2026-04-20T14:49:07.846+0530: 1630.753: [class unloading, 0.0096250 secs]2026-04-20T14:49:07.855+0530: 1630.763: [scrub symbol table, 0.0041276 secs]2026-04-20T14:49:07.860+0530: 1630.767: [scrub string table, 0.0022702 secs][1 CMS-remark: 57K(64K)] 308014K(471872K), 0.0553802 secs] [Times: user=0.25 sys=0.03, real=0.06 secs] 
2026-04-20T14:49:07.864+0530: 1630.771: Total time for which application threads were stopped: 0.0556597 seconds, Stopping threads took: 0.0000543 seconds
2026-04-20T14:49:07.864+0530: 1630.771: [CMS-concurrent-sweep-start]
2026-04-20T14:49:07.864+0530: 1630.771: [CMS-concurrent-sweep: 0.000/0.000 secs] [Times: user=0.00 sys=0.00, real=0.00 secs] 
2026-04-20T14:49:07.864+0530: 1630.771: [CMS-concurrent-reset-start]
2026-04-20T14:49:07.864+0530: 1630.772: [CMS-concurrent-reset: 0.000/0.000 secs] [Times: user=0.00 sys=0.00, real=0.00 secs] 
2026-04-20T14:49:17.878+0530: 1640.785: [GC (CMS Initial Mark) [1 CMS-initial-mark: 57K(64K)] 308714K(471872K), 0.0367786 secs] [Times: user=0.17 sys=0.00, real=0.04 secs] 
2026-04-20T14:49:17.914+0530: 1640.822: Total time for which application threads were stopped: 0.0372488 seconds, Stopping threads took: 0.0001024 seconds
2026-04-20T14:49:17.914+0530: 1640.822: [CMS-concurrent-mark-start]
2026-04-20T14:49:17.916+0530: 1640.823: [CMS-concurrent-mark: 0.000/0.000 secs] [Times: user=0.00 sys=0.00, real=0.00 secs] 
2026-04-20T14:49:17.916+0530: 1640.823: [CMS-concurrent-preclean-start]
2026-04-20T14:49:17.917+0530: 1640.824: [CMS-concurrent-preclean: 0.001/0.001 secs] [Times: user=0.00 sys=0.00, real=0.00 secs] 
2026-04-20T14:49:17.917+0530: 1640.824: [CMS-concurrent-abortable-preclean-start]
2026-04-20T14:49:17.917+0530: 1640.824: [CMS-concurrent-abortable-preclean: 0.000/0.000 secs] [Times: user=0.00 sys=0.00, real=0.00 secs] 
2026-04-20T14:49:17.917+0530: 1640.824: [GC (CMS Final Remark) [YG occupancy: 308656 K (471808 K)]2026-04-20T14:49:17.917+0530: 1640.824: [Rescan (parallel) , 0.0356023 secs]2026-04-20T14:49:17.952+0530: 1640.860: [weak refs processing, 0.0000759 secs]2026-04-20T14:49:17.952+0530: 1640.860: [class unloading, 0.0095602 secs]2026-04-20T14:49:17.962+0530: 1640.870: [scrub symbol table, 0.0053648 secs]2026-04-20T14:49:17.967+0530: 1640.875: [scrub string table, 0.0025090 secs][1 CMS-remark: 57K(64K)] 308714K(471872K), 0.0555745 secs] [Times: user=0.27 sys=0.00, real=0.06 secs] 
2026-04-20T14:49:17.973+0530: 1640.880: Total time for which application threads were stopped: 0.0559064 seconds, Stopping threads took: 0.0000718 seconds
2026-04-20T14:49:17.973+0530: 1640.880: [CMS-concurrent-sweep-start]
2026-04-20T14:49:17.973+0530: 1640.880: [CMS-concurrent-sweep: 0.000/0.000 secs] [Times: user=0.00 sys=0.00, real=0.00 secs] 
2026-04-20T14:49:17.973+0530: 1640.880: [CMS-concurrent-reset-start]
2026-04-20T14:49:17.973+0530: 1640.880: [CMS-concurrent-reset: 0.000/0.000 secs] [Times: user=0.00 sys=0.00, real=0.00 secs] 
2026-04-20T14:49:18.984+0530: 1641.891: Total time for which application threads were stopped: 0.0004594 seconds, Stopping threads took: 0.0001180 seconds
2026-04-20T14:49:23.026+0530: 1645.934: Total time for which application threads were stopped: 0.0004604 seconds, Stopping threads took: 0.0001459 seconds
2026-04-20T14:49:27.062+0530: 1649.970: Total time for which application threads were stopped: 0.0002301 seconds, Stopping threads took: 0.0000638 seconds
2026-04-20T14:49:27.982+0530: 1650.890: [GC (CMS Initial Mark) [1 CMS-initial-mark: 57K(64K)] 308714K(471872K), 0.0388875 secs] [Times: user=0.23 sys=0.00, real=0.04 secs] 
2026-04-20T14:49:28.021+0530: 1650.929: Total time for which application threads were stopped: 0.0393633 seconds, Stopping threads took: 0.0000621 seconds
2026-04-20T14:49:28.021+0530: 1650.929: [CMS-concurrent-mark-start]
2026-04-20T14:49:28.022+0530: 1650.929: [CMS-concurrent-mark: 0.000/0.000 secs] [Times: user=0.00 sys=0.00, real=0.00 secs] 
2026-04-20T14:49:28.022+0530: 1650.929: [CMS-concurrent-preclean-start]
2026-04-20T14:49:28.023+0530: 1650.930: [CMS-concurrent-preclean: 0.001/0.001 secs] [Times: user=0.00 sys=0.00, real=0.00 secs] 
2026-04-20T14:49:28.023+0530: 1650.930: [CMS-concurrent-abortable-preclean-start]
2026-04-20T14:49:28.023+0530: 1650.930: [CMS-concurrent-abortable-preclean: 0.000/0.000 secs] [Times: user=0.00 sys=0.00, real=0.00 secs] 
2026-04-20T14:49:28.023+0530: 1650.931: [GC (CMS Final Remark) [YG occupancy: 308656 K (471808 K)]2026-04-20T14:49:28.023+0530: 1650.931: [Rescan (parallel) , 0.0290604 secs]2026-04-20T14:49:28.053+0530: 1650.960: [weak refs processing, 0.0000603 secs]2026-04-20T14:49:28.053+0530: 1650.960: [class unloading, 0.0106175 secs]2026-04-20T14:49:28.063+0530: 1650.971: [scrub symbol table, 0.0046355 secs]2026-04-20T14:49:28.068+0530: 1650.975: [scrub string table, 0.0024234 secs][1 CMS-remark: 57K(64K)] 308714K(471872K), 0.0489963 secs] [Times: user=0.23 sys=0.00, real=0.05 secs] 
2026-04-20T14:49:28.072+0530: 1650.980: Total time for which application threads were stopped: 0.0492910 seconds, Stopping threads took: 0.0000673 seconds
2026-04-20T14:49:28.072+0530: 1650.980: [CMS-concurrent-sweep-start]
2026-04-20T14:49:28.072+0530: 1650.980: [CMS-concurrent-sweep: 0.000/0.000 secs] [Times: user=0.00 sys=0.00, real=0.00 secs] 
2026-04-20T14:49:28.072+0530: 1650.980: [CMS-concurrent-reset-start]
2026-04-20T14:49:28.072+0530: 1650.980: [CMS-concurrent-reset: 0.000/0.000 secs] [Times: user=0.00 sys=0.00, real=0.00 secs] 
